[0.000000] (-) TimerEvent: {}
[0.000426] (-) JobUnselected: {'identifier': 'ackermann_msgs'}
[0.001020] (-) JobUnselected: {'identifier': 'bno055'}
[0.002073] (-) JobUnselected: {'identifier': 'line_follower_pkg'}
[0.002805] (-) JobUnselected: {'identifier': 'lslidar_driver'}
[0.003555] (-) JobUnselected: {'identifier': 'lslidar_msgs'}
[0.003784] (-) JobUnselected: {'identifier': 'origincar_base'}
[0.003984] (-) JobUnselected: {'identifier': 'origincar_bringup'}
[0.004177] (-) JobUnselected: {'identifier': 'origincar_description'}
[0.004435] (-) JobUnselected: {'identifier': 'origincar_msg'}
[0.004622] (-) JobUnselected: {'identifier': 'qr_scanner'}
[0.004836] (-) JobUnselected: {'identifier': 'racing_bringup'}
[0.005098] (-) JobUnselected: {'identifier': 'racing_stage1'}
[0.005520] (-) JobUnselected: {'identifier': 'racing_stage2'}
[0.005701] (-) JobUnselected: {'identifier': 'racing_stage3'}
[0.006066] (-) JobUnselected: {'identifier': 'racing_stage3_param_test'}
[0.006289] (-) JobUnselected: {'identifier': 'racing_vision_ai'}
[0.006432] (-) JobUnselected: {'identifier': 'serial'}
[0.006550] (-) JobUnselected: {'identifier': 'simple_avoidance'}
[0.006669] (-) JobUnselected: {'identifier': 'utils'}
[0.006834] (-) JobUnselected: {'identifier': 'voice_driver'}
[0.007057] (racing_stage2_param_test) JobQueued: {'identifier': 'racing_stage2_param_test', 'dependencies': OrderedDict([('ackermann_msgs', '/home/sunrise/dev_ws/install/ackermann_msgs'), ('bno055', '/home/sunrise/dev_ws/install/bno055'), ('lslidar_msgs', '/home/sunrise/dev_ws/install/lslidar_msgs'), ('origincar_bringup', '/home/sunrise/dev_ws/install/origincar_bringup'), ('origincar_description', '/home/sunrise/dev_ws/install/origincar_description'), ('origincar_msg', '/home/sunrise/dev_ws/install/origincar_msg'), ('qr_scanner', '/home/sunrise/dev_ws/install/qr_scanner'), ('serial', '/home/sunrise/dev_ws/install/serial'), ('lslidar_driver', '/home/sunrise/dev_ws/install/lslidar_driver'), ('origincar_base', '/home/sunrise/dev_ws/install/origincar_base'), ('racing_stage1', '/home/sunrise/dev_ws/install/racing_stage1'), ('racing_stage2', '/home/sunrise/dev_ws/install/racing_stage2')])}
[0.007525] (racing_stage2_param_test) JobStarted: {'identifier': 'racing_stage2_param_test'}
[0.098675] (-) TimerEvent: {}
[0.199192] (-) TimerEvent: {}
[0.299677] (-) TimerEvent: {}
[0.400107] (-) TimerEvent: {}
[0.500539] (-) TimerEvent: {}
[0.600979] (-) TimerEvent: {}
[0.701405] (-) TimerEvent: {}
[0.801837] (-) TimerEvent: {}
[0.902260] (-) TimerEvent: {}
[1.002678] (-) TimerEvent: {}
[1.103086] (-) TimerEvent: {}
[1.203508] (-) TimerEvent: {}
[1.303926] (-) TimerEvent: {}
[1.404345] (-) TimerEvent: {}
[1.504771] (-) TimerEvent: {}
[1.605190] (-) TimerEvent: {}
[1.705661] (-) TimerEvent: {}
[1.806152] (-) TimerEvent: {}
[1.906673] (-) TimerEvent: {}
[2.007204] (-) TimerEvent: {}
[2.107661] (-) TimerEvent: {}
[2.208115] (-) TimerEvent: {}
[2.308565] (-) TimerEvent: {}
[2.408997] (-) TimerEvent: {}
[2.509449] (-) TimerEvent: {}
[2.609864] (-) TimerEvent: {}
[2.710270] (-) TimerEvent: {}
[2.810694] (-) TimerEvent: {}
[2.911137] (-) TimerEvent: {}
[3.011597] (-) TimerEvent: {}
[3.112032] (-) TimerEvent: {}
[3.212488] (-) TimerEvent: {}
[3.312940] (-) TimerEvent: {}
[3.413398] (-) TimerEvent: {}
[3.513866] (-) TimerEvent: {}
[3.614341] (-) TimerEvent: {}
[3.714823] (-) TimerEvent: {}
[3.815291] (-) TimerEvent: {}
[3.915794] (-) TimerEvent: {}
[4.016335] (-) TimerEvent: {}
[4.116881] (-) TimerEvent: {}
[4.217420] (-) TimerEvent: {}
[4.302730] (racing_stage2_param_test) Command: {'cmd': ['/usr/bin/python3', '-W', 'ignore:setup.py install is deprecated', '-W', 'ignore:easy_install command is deprecated', 'setup.py', 'develop', '--editable', '--build-directory', '/home/sunrise/dev_ws/build/racing_stage2_param_test/build', '--no-deps', 'symlink_data'], 'cwd': '/home/sunrise/dev_ws/build/racing_stage2_param_test', 'env': {'LANGUAGE': 'en_US.UTF-8', 'USER': 'sunrise', 'SSH_CLIENT': '10.147.109.1 12068 22', 'XDG_SESSION_TYPE': 'tty', 'SHLVL': '1', 'LD_LIBRARY_PATH': '/home/sunrise/dev_ws/install/origincar_base/lib:/home/sunrise/dev_ws/install/serial/lib:/home/sunrise/dev_ws/install/origincar_msg/lib:/home/sunrise/dev_ws/install/lslidar_msgs/lib:/home/sunrise/dev_ws/install/ackermann_msgs/lib:/opt/ros/humble/opt/rviz_ogre_vendor/lib:/opt/ros/humble/lib/aarch64-linux-gnu:/opt/ros/humble/lib', 'MOTD_SHOWN': 'pam', 'HOME': '/home/sunrise', 'OLDPWD': '/home/sunrise', 'ROS_PYTHON_VERSION': '3', 'DBUS_SESSION_BUS_ADDRESS': 'unix:path=/run/user/1000/bus', 'ROS_DISTRO': 'humble', 'LOGNAME': 'sunrise', '_': '/usr/bin/colcon', 'ROS_VERSION': '2', 'XDG_SESSION_CLASS': 'user', 'XDG_SESSION_ID': '67', 'ROS_LOCALHOST_ONLY': '0', 'PATH': '/opt/ros/humble/bin:/usr/local/sbin:/usr/local/bin:/usr/sbin:/usr/bin:/sbin:/bin:/usr/games:/usr/local/games:/snap/bin', 'XDG_RUNTIME_DIR': '/run/user/1000', 'LANG': 'en_US.UTF-8', 'AMENT_PREFIX_PATH': '/home/sunrise/dev_ws/install/racing_stage2:/home/sunrise/dev_ws/install/racing_stage1:/home/sunrise/dev_ws/install/origincar_base:/home/sunrise/dev_ws/install/lslidar_driver:/home/sunrise/dev_ws/install/serial:/home/sunrise/dev_ws/install/qr_scanner:/home/sunrise/dev_ws/install/origincar_msg:/home/sunrise/dev_ws/install/origincar_description:/home/sunrise/dev_ws/install/origincar_bringup:/home/sunrise/dev_ws/install/lslidar_msgs:/home/sunrise/dev_ws/install/bno055:/home/sunrise/dev_ws/install/ackermann_msgs:/opt/ros/humble', 'SHELL': '/bin/bash', 'PWD': '/home/sunrise/dev_ws/build/racing_stage2_param_test', 'SSH_CONNECTION': '10.147.109.1 12068 10.147.109.8 22', 'PYTHONPATH': '/home/sunrise/dev_ws/build/racing_stage2_param_test/prefix_override:/usr/lib/python3/dist-packages/colcon_core/task/python/colcon_distutils_commands:/home/sunrise/dev_ws/install/racing_stage2_param_test/lib/python3.10/site-packages:/home/sunrise/dev_ws/build/racing_stage2:/home/sunrise/dev_ws/install/racing_stage2/lib/python3.10/site-packages:/home/sunrise/dev_ws/build/racing_stage1:/home/sunrise/dev_ws/install/racing_stage1/lib/python3.10/site-packages:/home/sunrise/dev_ws/install/origincar_base/local/lib/python3.10/dist-packages:/home/sunrise/dev_ws/build/qr_scanner:/home/sunrise/dev_ws/install/qr_scanner/lib/python3.10/site-packages:/home/sunrise/dev_ws/install/origincar_msg/local/lib/python3.10/dist-packages:/home/sunrise/dev_ws/install/lslidar_msgs/local/lib/python3.10/dist-packages:/home/sunrise/dev_ws/build/bno055:/home/sunrise/dev_ws/install/bno055/lib/python3.10/site-packages:/home/sunrise/dev_ws/install/ackermann_msgs/local/lib/python3.10/dist-packages:/opt/ros/humble/lib/python3.10/site-packages:/opt/ros/humble/local/lib/python3.10/dist-packages', 'COLCON': '1', 'CMAKE_PREFIX_PATH': '/home/sunrise/dev_ws/install/origincar_base:/home/sunrise/dev_ws/install/lslidar_driver:/home/sunrise/dev_ws/install/serial:/home/sunrise/dev_ws/install/origincar_msg:/home/sunrise/dev_ws/install/origincar_description:/home/sunrise/dev_ws/install/origincar_bringup:/home/sunrise/dev_ws/install/lslidar_msgs:/home/sunrise/dev_ws/install/ackermann_msgs'}, 'shell': False}
[4.317580] (-) TimerEvent: {}
[4.418079] (-) TimerEvent: {}
[4.518576] (-) TimerEvent: {}
[4.619057] (-) TimerEvent: {}
[4.719527] (-) TimerEvent: {}
[4.819999] (-) TimerEvent: {}
[4.920472] (-) TimerEvent: {}
[5.020940] (-) TimerEvent: {}
[5.121398] (-) TimerEvent: {}
[5.221861] (-) TimerEvent: {}
[5.322323] (-) TimerEvent: {}
[5.422782] (-) TimerEvent: {}
[5.523211] (-) TimerEvent: {}
[5.623657] (-) TimerEvent: {}
[5.724123] (-) TimerEvent: {}
[5.824594] (-) TimerEvent: {}
[5.925064] (-) TimerEvent: {}
[6.025536] (-) TimerEvent: {}
[6.056781] (racing_stage2_param_test) StdoutLine: {'line': b'running develop\n'}
[6.125722] (-) TimerEvent: {}
[6.226189] (-) TimerEvent: {}
[6.326646] (-) TimerEvent: {}
[6.427118] (-) TimerEvent: {}
[6.527584] (-) TimerEvent: {}
[6.628022] (-) TimerEvent: {}
[6.728451] (-) TimerEvent: {}
[6.828901] (-) TimerEvent: {}
[6.929362] (-) TimerEvent: {}
[7.029930] (-) TimerEvent: {}
[7.130399] (-) TimerEvent: {}
[7.171024] (racing_stage2_param_test) StdoutLine: {'line': b'running egg_info\n'}
[7.171743] (racing_stage2_param_test) StdoutLine: {'line': b'creating racing_stage2_param_test.egg-info\n'}
[7.172583] (racing_stage2_param_test) StdoutLine: {'line': b'writing racing_stage2_param_test.egg-info/PKG-INFO\n'}
[7.173572] (racing_stage2_param_test) StdoutLine: {'line': b'writing dependency_links to racing_stage2_param_test.egg-info/dependency_links.txt\n'}
[7.174612] (racing_stage2_param_test) StdoutLine: {'line': b'writing entry points to racing_stage2_param_test.egg-info/entry_points.txt\n'}
[7.175604] (racing_stage2_param_test) StdoutLine: {'line': b'writing requirements to racing_stage2_param_test.egg-info/requires.txt\n'}
[7.176077] (racing_stage2_param_test) StdoutLine: {'line': b'writing top-level names to racing_stage2_param_test.egg-info/top_level.txt\n'}
[7.176875] (racing_stage2_param_test) StdoutLine: {'line': b"writing manifest file 'racing_stage2_param_test.egg-info/SOURCES.txt'\n"}
[7.187724] (racing_stage2_param_test) StdoutLine: {'line': b"reading manifest file 'racing_stage2_param_test.egg-info/SOURCES.txt'\n"}
[7.191971] (racing_stage2_param_test) StdoutLine: {'line': b"writing manifest file 'racing_stage2_param_test.egg-info/SOURCES.txt'\n"}
[7.201525] (racing_stage2_param_test) StdoutLine: {'line': b'running build_ext\n'}
[7.202827] (racing_stage2_param_test) StdoutLine: {'line': b'Creating /home/sunrise/dev_ws/install/racing_stage2_param_test/lib/python3.10/site-packages/racing-stage2-param-test.egg-link (link to .)\n'}
[7.207622] (racing_stage2_param_test) StdoutLine: {'line': b'Installing avoidance_straight_tester script to /home/sunrise/dev_ws/install/racing_stage2_param_test/lib/racing_stage2_param_test\n'}
[7.208554] (racing_stage2_param_test) StdoutLine: {'line': b'Installing camera_video_recorder script to /home/sunrise/dev_ws/install/racing_stage2_param_test/lib/racing_stage2_param_test\n'}
[7.209354] (racing_stage2_param_test) StdoutLine: {'line': b'Installing data_recorder script to /home/sunrise/dev_ws/install/racing_stage2_param_test/lib/racing_stage2_param_test\n'}
[7.210383] (racing_stage2_param_test) StdoutLine: {'line': b'Installing direct_inertial_tester script to /home/sunrise/dev_ws/install/racing_stage2_param_test/lib/racing_stage2_param_test\n'}
[7.211130] (racing_stage2_param_test) StdoutLine: {'line': b'Installing lane_follow script to /home/sunrise/dev_ws/install/racing_stage2_param_test/lib/racing_stage2_param_test\n'}
[7.211868] (racing_stage2_param_test) StdoutLine: {'line': b'Installing twist_cmd_relay script to /home/sunrise/dev_ws/install/racing_stage2_param_test/lib/racing_stage2_param_test\n'}
[7.212391] (racing_stage2_param_test) StdoutLine: {'line': b'Installing vision_inertial_tester script to /home/sunrise/dev_ws/install/racing_stage2_param_test/lib/racing_stage2_param_test\n'}
[7.214099] (racing_stage2_param_test) StdoutLine: {'line': b'\n'}
[7.215341] (racing_stage2_param_test) StdoutLine: {'line': b'Installed /home/sunrise/dev_ws/build/racing_stage2_param_test\n'}
[7.216615] (racing_stage2_param_test) StdoutLine: {'line': b'running symlink_data\n'}
[7.218088] (racing_stage2_param_test) StdoutLine: {'line': b'creating /home/sunrise/dev_ws/install/racing_stage2_param_test/share/ament_index\n'}
[7.219141] (racing_stage2_param_test) StdoutLine: {'line': b'creating /home/sunrise/dev_ws/install/racing_stage2_param_test/share/ament_index/resource_index\n'}
[7.219753] (racing_stage2_param_test) StdoutLine: {'line': b'creating /home/sunrise/dev_ws/install/racing_stage2_param_test/share/ament_index/resource_index/packages\n'}
[7.220293] (racing_stage2_param_test) StdoutLine: {'line': b'symbolically linking /home/sunrise/dev_ws/build/racing_stage2_param_test/resource/racing_stage2_param_test -> /home/sunrise/dev_ws/install/racing_stage2_param_test/share/ament_index/resource_index/packages\n'}
[7.220822] (racing_stage2_param_test) StdoutLine: {'line': b'symbolically linking /home/sunrise/dev_ws/build/racing_stage2_param_test/package.xml -> /home/sunrise/dev_ws/install/racing_stage2_param_test/share/racing_stage2_param_test\n'}
[7.221326] (racing_stage2_param_test) StdoutLine: {'line': b'creating /home/sunrise/dev_ws/install/racing_stage2_param_test/share/racing_stage2_param_test/launch\n'}
[7.221875] (racing_stage2_param_test) StdoutLine: {'line': b'symbolically linking /home/sunrise/dev_ws/build/racing_stage2_param_test/launch/vision_inertial_test.launch.py -> /home/sunrise/dev_ws/install/racing_stage2_param_test/share/racing_stage2_param_test/launch\n'}
[7.222370] (racing_stage2_param_test) StdoutLine: {'line': b'symbolically linking /home/sunrise/dev_ws/build/racing_stage2_param_test/launch/direct_inertial_test.launch.py -> /home/sunrise/dev_ws/install/racing_stage2_param_test/share/racing_stage2_param_test/launch\n'}
[7.222855] (racing_stage2_param_test) StdoutLine: {'line': b'symbolically linking /home/sunrise/dev_ws/build/racing_stage2_param_test/launch/record.launch.py -> /home/sunrise/dev_ws/install/racing_stage2_param_test/share/racing_stage2_param_test/launch\n'}
[7.223334] (racing_stage2_param_test) StdoutLine: {'line': b'symbolically linking /home/sunrise/dev_ws/build/racing_stage2_param_test/launch/avoidance_straight_test.launch.py -> /home/sunrise/dev_ws/install/racing_stage2_param_test/share/racing_stage2_param_test/launch\n'}
[7.223808] (racing_stage2_param_test) StdoutLine: {'line': b'symbolically linking /home/sunrise/dev_ws/build/racing_stage2_param_test/launch/lane_follow_test.launch.py -> /home/sunrise/dev_ws/install/racing_stage2_param_test/share/racing_stage2_param_test/launch\n'}
[7.224280] (racing_stage2_param_test) StdoutLine: {'line': b'symbolically linking /home/sunrise/dev_ws/build/racing_stage2_param_test/launch/direct_inertial_camera_record_test.launch.py -> /home/sunrise/dev_ws/install/racing_stage2_param_test/share/racing_stage2_param_test/launch\n'}
[7.224752] (racing_stage2_param_test) StdoutLine: {'line': b'creating /home/sunrise/dev_ws/install/racing_stage2_param_test/share/racing_stage2_param_test/config\n'}
[7.225218] (racing_stage2_param_test) StdoutLine: {'line': b'symbolically linking /home/sunrise/dev_ws/build/racing_stage2_param_test/config/avoidance_straight_test.yaml -> /home/sunrise/dev_ws/install/racing_stage2_param_test/share/racing_stage2_param_test/config\n'}
[7.225680] (racing_stage2_param_test) StdoutLine: {'line': b'symbolically linking /home/sunrise/dev_ws/build/racing_stage2_param_test/config/direct_inertial_test.yaml -> /home/sunrise/dev_ws/install/racing_stage2_param_test/share/racing_stage2_param_test/config\n'}
[7.230598] (-) TimerEvent: {}
[7.331125] (-) TimerEvent: {}
[7.431702] (-) TimerEvent: {}
[7.460231] (racing_stage2_param_test) CommandEnded: {'returncode': 0}
[7.535950] (-) TimerEvent: {}
[7.557599] (racing_stage2_param_test) JobEnded: {'identifier': 'racing_stage2_param_test', 'rc': 0}
[7.560121] (-) EventReactorShutdown: {}
