[0.000000] (-) TimerEvent: {}
[0.000412] (-) JobUnselected: {'identifier': 'ackermann_msgs'}
[0.000990] (-) JobUnselected: {'identifier': 'bno055'}
[0.001942] (-) JobUnselected: {'identifier': 'line_follower_pkg'}
[0.002631] (-) JobUnselected: {'identifier': 'lslidar_driver'}
[0.003372] (-) JobUnselected: {'identifier': 'lslidar_msgs'}
[0.003597] (-) JobUnselected: {'identifier': 'origincar_base'}
[0.003785] (-) JobUnselected: {'identifier': 'origincar_bringup'}
[0.003974] (-) JobUnselected: {'identifier': 'origincar_description'}
[0.004160] (-) JobUnselected: {'identifier': 'origincar_msg'}
[0.004346] (-) JobUnselected: {'identifier': 'qr_scanner'}
[0.004532] (-) JobUnselected: {'identifier': 'racing_bringup'}
[0.004745] (-) JobUnselected: {'identifier': 'racing_stage1'}
[0.005002] (-) JobUnselected: {'identifier': 'racing_stage2'}
[0.005408] (-) JobUnselected: {'identifier': 'racing_stage3'}
[0.005583] (-) JobUnselected: {'identifier': 'racing_stage3_param_test'}
[0.005705] (-) JobUnselected: {'identifier': 'racing_vision_ai'}
[0.005845] (-) JobUnselected: {'identifier': 'serial'}
[0.006169] (-) JobUnselected: {'identifier': 'simple_avoidance'}
[0.006397] (-) JobUnselected: {'identifier': 'utils'}
[0.006542] (-) JobUnselected: {'identifier': 'voice_driver'}
[0.006676] (racing_stage2_param_test) JobQueued: {'identifier': 'racing_stage2_param_test', 'dependencies': OrderedDict([('ackermann_msgs', '/home/sunrise/dev_ws/install/ackermann_msgs'), ('bno055', '/home/sunrise/dev_ws/install/bno055'), ('lslidar_msgs', '/home/sunrise/dev_ws/install/lslidar_msgs'), ('origincar_bringup', '/home/sunrise/dev_ws/install/origincar_bringup'), ('origincar_description', '/home/sunrise/dev_ws/install/origincar_description'), ('origincar_msg', '/home/sunrise/dev_ws/install/origincar_msg'), ('qr_scanner', '/home/sunrise/dev_ws/install/qr_scanner'), ('serial', '/home/sunrise/dev_ws/install/serial'), ('lslidar_driver', '/home/sunrise/dev_ws/install/lslidar_driver'), ('origincar_base', '/home/sunrise/dev_ws/install/origincar_base'), ('racing_stage1', '/home/sunrise/dev_ws/install/racing_stage1'), ('racing_stage2', '/home/sunrise/dev_ws/install/racing_stage2')])}
[0.006897] (racing_stage2_param_test) JobStarted: {'identifier': 'racing_stage2_param_test'}
[0.098806] (-) TimerEvent: {}
[0.199294] (-) TimerEvent: {}
[0.299735] (-) TimerEvent: {}
[0.400183] (-) TimerEvent: {}
[0.500627] (-) TimerEvent: {}
[0.601073] (-) TimerEvent: {}
[0.701539] (-) TimerEvent: {}
[0.802007] (-) TimerEvent: {}
[0.902460] (-) TimerEvent: {}
[1.002900] (-) TimerEvent: {}
[1.103347] (-) TimerEvent: {}
[1.203787] (-) TimerEvent: {}
[1.304216] (-) TimerEvent: {}
[1.404650] (-) TimerEvent: {}
[1.505094] (-) TimerEvent: {}
[1.605545] (-) TimerEvent: {}
[1.706030] (-) TimerEvent: {}
[1.806570] (-) TimerEvent: {}
[1.907107] (-) TimerEvent: {}
[2.007693] (-) TimerEvent: {}
[2.108155] (-) TimerEvent: {}
[2.208611] (-) TimerEvent: {}
[2.309073] (-) TimerEvent: {}
[2.409530] (-) TimerEvent: {}
[2.510014] (-) TimerEvent: {}
[2.610473] (-) TimerEvent: {}
[2.710918] (-) TimerEvent: {}
[2.811383] (-) TimerEvent: {}
[2.911839] (-) TimerEvent: {}
[3.012271] (-) TimerEvent: {}
[3.112707] (-) TimerEvent: {}
[3.213145] (-) TimerEvent: {}
[3.313582] (-) TimerEvent: {}
[3.414026] (-) TimerEvent: {}
[3.514473] (-) TimerEvent: {}
[3.614950] (-) TimerEvent: {}
[3.715418] (-) TimerEvent: {}
[3.815890] (-) TimerEvent: {}
[3.916338] (-) TimerEvent: {}
[4.016773] (-) TimerEvent: {}
[4.117264] (-) TimerEvent: {}
[4.217898] (-) TimerEvent: {}
[4.318412] (-) TimerEvent: {}
[4.340410] (racing_stage2_param_test) Command: {'cmd': ['/usr/bin/python3', '-W', 'ignore:setup.py install is deprecated', '-W', 'ignore:easy_install command is deprecated', 'setup.py', 'develop', '--editable', '--build-directory', '/home/sunrise/dev_ws/build/racing_stage2_param_test/build', '--no-deps', 'symlink_data'], 'cwd': '/home/sunrise/dev_ws/build/racing_stage2_param_test', 'env': {'LANGUAGE': 'en_US.UTF-8', 'USER': 'sunrise', 'SSH_CLIENT': '10.147.109.1 41031 22', 'XDG_SESSION_TYPE': 'tty', 'SHLVL': '0', 'LD_LIBRARY_PATH': '/home/sunrise/dev_ws/install/origincar_base/lib:/home/sunrise/dev_ws/install/serial/lib:/home/sunrise/dev_ws/install/origincar_msg/lib:/home/sunrise/dev_ws/install/lslidar_msgs/lib:/home/sunrise/dev_ws/install/ackermann_msgs/lib:/opt/ros/humble/opt/rviz_ogre_vendor/lib:/opt/ros/humble/lib/aarch64-linux-gnu:/opt/ros/humble/lib', 'MOTD_SHOWN': 'pam', 'HOME': '/home/sunrise', 'OLDPWD': '/home/sunrise', 'ROS_PYTHON_VERSION': '3', 'DBUS_SESSION_BUS_ADDRESS': 'unix:path=/run/user/1000/bus', 'ROS_DISTRO': 'humble', 'LOGNAME': 'sunrise', '_': '/usr/bin/colcon', 'ROS_VERSION': '2', 'XDG_SESSION_CLASS': 'user', 'XDG_SESSION_ID': '78', 'ROS_LOCALHOST_ONLY': '0', 'PATH': '/opt/ros/humble/bin:/usr/local/sbin:/usr/local/bin:/usr/sbin:/usr/bin:/sbin:/bin:/usr/games:/usr/local/games:/snap/bin', 'XDG_RUNTIME_DIR': '/run/user/1000', 'LANG': 'en_US.UTF-8', 'AMENT_PREFIX_PATH': '/home/sunrise/dev_ws/install/racing_stage2:/home/sunrise/dev_ws/install/racing_stage1:/home/sunrise/dev_ws/install/origincar_base:/home/sunrise/dev_ws/install/lslidar_driver:/home/sunrise/dev_ws/install/serial:/home/sunrise/dev_ws/install/qr_scanner:/home/sunrise/dev_ws/install/origincar_msg:/home/sunrise/dev_ws/install/origincar_description:/home/sunrise/dev_ws/install/origincar_bringup:/home/sunrise/dev_ws/install/lslidar_msgs:/home/sunrise/dev_ws/install/bno055:/home/sunrise/dev_ws/install/ackermann_msgs:/opt/ros/humble', 'SHELL': '/bin/bash', 'PWD': '/home/sunrise/dev_ws/build/racing_stage2_param_test', 'SSH_CONNECTION': '10.147.109.1 41031 10.147.109.8 22', 'PYTHONPATH': '/home/sunrise/dev_ws/build/racing_stage2_param_test/prefix_override:/usr/lib/python3/dist-packages/colcon_core/task/python/colcon_distutils_commands:/home/sunrise/dev_ws/install/racing_stage2_param_test/lib/python3.10/site-packages:/home/sunrise/dev_ws/build/racing_stage2:/home/sunrise/dev_ws/install/racing_stage2/lib/python3.10/site-packages:/home/sunrise/dev_ws/build/racing_stage1:/home/sunrise/dev_ws/install/racing_stage1/lib/python3.10/site-packages:/home/sunrise/dev_ws/install/origincar_base/local/lib/python3.10/dist-packages:/home/sunrise/dev_ws/build/qr_scanner:/home/sunrise/dev_ws/install/qr_scanner/lib/python3.10/site-packages:/home/sunrise/dev_ws/install/origincar_msg/local/lib/python3.10/dist-packages:/home/sunrise/dev_ws/install/lslidar_msgs/local/lib/python3.10/dist-packages:/home/sunrise/dev_ws/build/bno055:/home/sunrise/dev_ws/install/bno055/lib/python3.10/site-packages:/home/sunrise/dev_ws/install/ackermann_msgs/local/lib/python3.10/dist-packages:/opt/ros/humble/lib/python3.10/site-packages:/opt/ros/humble/local/lib/python3.10/dist-packages', 'COLCON': '1', 'CMAKE_PREFIX_PATH': '/home/sunrise/dev_ws/install/origincar_base:/home/sunrise/dev_ws/install/lslidar_driver:/home/sunrise/dev_ws/install/serial:/home/sunrise/dev_ws/install/origincar_msg:/home/sunrise/dev_ws/install/origincar_description:/home/sunrise/dev_ws/install/origincar_bringup:/home/sunrise/dev_ws/install/lslidar_msgs:/home/sunrise/dev_ws/install/ackermann_msgs'}, 'shell': False}
[4.418569] (-) TimerEvent: {}
[4.519017] (-) TimerEvent: {}
[4.619463] (-) TimerEvent: {}
[4.719920] (-) TimerEvent: {}
[4.820380] (-) TimerEvent: {}
[4.920829] (-) TimerEvent: {}
[5.021292] (-) TimerEvent: {}
[5.121739] (-) TimerEvent: {}
[5.222153] (-) TimerEvent: {}
[5.322588] (-) TimerEvent: {}
[5.423035] (-) TimerEvent: {}
[5.523483] (-) TimerEvent: {}
[5.623949] (-) TimerEvent: {}
[5.724409] (-) TimerEvent: {}
[5.824862] (-) TimerEvent: {}
[5.925319] (-) TimerEvent: {}
[6.025800] (-) TimerEvent: {}
[6.086141] (racing_stage2_param_test) StdoutLine: {'line': b'running develop\n'}
[6.125962] (-) TimerEvent: {}
[6.226382] (-) TimerEvent: {}
[6.326835] (-) TimerEvent: {}
[6.427266] (-) TimerEvent: {}
[6.527723] (-) TimerEvent: {}
[6.628127] (-) TimerEvent: {}
[6.728556] (-) TimerEvent: {}
[6.828976] (-) TimerEvent: {}
[6.929430] (-) TimerEvent: {}
[7.029874] (-) TimerEvent: {}
[7.130313] (-) TimerEvent: {}
[7.230721] (-) TimerEvent: {}
[7.292580] (racing_stage2_param_test) StdoutLine: {'line': b'running egg_info\n'}
[7.293825] (racing_stage2_param_test) StdoutLine: {'line': b'writing racing_stage2_param_test.egg-info/PKG-INFO\n'}
[7.295314] (racing_stage2_param_test) StdoutLine: {'line': b'writing dependency_links to racing_stage2_param_test.egg-info/dependency_links.txt\n'}
[7.296757] (racing_stage2_param_test) StdoutLine: {'line': b'writing entry points to racing_stage2_param_test.egg-info/entry_points.txt\n'}
[7.297803] (racing_stage2_param_test) StdoutLine: {'line': b'writing requirements to racing_stage2_param_test.egg-info/requires.txt\n'}
[7.298738] (racing_stage2_param_test) StdoutLine: {'line': b'writing top-level names to racing_stage2_param_test.egg-info/top_level.txt\n'}
[7.311646] (racing_stage2_param_test) StdoutLine: {'line': b"reading manifest file 'racing_stage2_param_test.egg-info/SOURCES.txt'\n"}
[7.318143] (racing_stage2_param_test) StdoutLine: {'line': b"writing manifest file 'racing_stage2_param_test.egg-info/SOURCES.txt'\n"}
[7.328099] (racing_stage2_param_test) StdoutLine: {'line': b'running build_ext\n'}
[7.329375] (racing_stage2_param_test) StdoutLine: {'line': b'Creating /home/sunrise/dev_ws/install/racing_stage2_param_test/lib/python3.10/site-packages/racing-stage2-param-test.egg-link (link to .)\n'}
[7.330845] (-) TimerEvent: {}
[7.334355] (racing_stage2_param_test) StdoutLine: {'line': b'Installing avoidance_straight_tester script to /home/sunrise/dev_ws/install/racing_stage2_param_test/lib/racing_stage2_param_test\n'}
[7.335598] (racing_stage2_param_test) StdoutLine: {'line': b'Installing camera_video_recorder script to /home/sunrise/dev_ws/install/racing_stage2_param_test/lib/racing_stage2_param_test\n'}
[7.336898] (racing_stage2_param_test) StdoutLine: {'line': b'Installing data_recorder script to /home/sunrise/dev_ws/install/racing_stage2_param_test/lib/racing_stage2_param_test\n'}
[7.337906] (racing_stage2_param_test) StdoutLine: {'line': b'Installing direct_inertial_tester script to /home/sunrise/dev_ws/install/racing_stage2_param_test/lib/racing_stage2_param_test\n'}
[7.339174] (racing_stage2_param_test) StdoutLine: {'line': b'Installing lane_follow script to /home/sunrise/dev_ws/install/racing_stage2_param_test/lib/racing_stage2_param_test\n'}
[7.339774] (racing_stage2_param_test) StdoutLine: {'line': b'Installing twist_cmd_relay script to /home/sunrise/dev_ws/install/racing_stage2_param_test/lib/racing_stage2_param_test\n'}
[7.340934] (racing_stage2_param_test) StdoutLine: {'line': b'Installing vision_inertial_tester script to /home/sunrise/dev_ws/install/racing_stage2_param_test/lib/racing_stage2_param_test\n'}
[7.341566] (racing_stage2_param_test) StdoutLine: {'line': b'\n'}
[7.342112] (racing_stage2_param_test) StdoutLine: {'line': b'Installed /home/sunrise/dev_ws/build/racing_stage2_param_test\n'}
[7.342632] (racing_stage2_param_test) StdoutLine: {'line': b'running symlink_data\n'}
[7.431071] (-) TimerEvent: {}
[7.531596] (-) TimerEvent: {}
[7.602609] (racing_stage2_param_test) CommandEnded: {'returncode': 0}
[7.631760] (-) TimerEvent: {}
[7.677117] (racing_stage2_param_test) JobEnded: {'identifier': 'racing_stage2_param_test', 'rc': 0}
[7.680279] (-) EventReactorShutdown: {}
