[0.000000] (-) TimerEvent: {}
[0.000465] (-) JobUnselected: {'identifier': 'ackermann_msgs'}
[0.001152] (-) JobUnselected: {'identifier': 'bno055'}
[0.002340] (-) JobUnselected: {'identifier': 'line_follower_pkg'}
[0.003182] (-) JobUnselected: {'identifier': 'lslidar_driver'}
[0.003991] (-) JobUnselected: {'identifier': 'lslidar_msgs'}
[0.004267] (-) JobUnselected: {'identifier': 'origincar_base'}
[0.004493] (-) JobUnselected: {'identifier': 'origincar_bringup'}
[0.004701] (-) JobUnselected: {'identifier': 'origincar_description'}
[0.004894] (-) JobUnselected: {'identifier': 'origincar_msg'}
[0.005083] (-) JobUnselected: {'identifier': 'qr_scanner'}
[0.005271] (-) JobUnselected: {'identifier': 'racing_bringup'}
[0.005488] (-) JobUnselected: {'identifier': 'racing_stage1'}
[0.005756] (-) JobUnselected: {'identifier': 'racing_stage2'}
[0.006130] (-) JobUnselected: {'identifier': 'racing_stage3'}
[0.006312] (-) JobUnselected: {'identifier': 'racing_stage3_param_test'}
[0.006499] (-) JobUnselected: {'identifier': 'racing_vision_ai'}
[0.006645] (-) JobUnselected: {'identifier': 'serial'}
[0.007024] (-) JobUnselected: {'identifier': 'simple_avoidance'}
[0.007259] (-) JobUnselected: {'identifier': 'utils'}
[0.007408] (-) JobUnselected: {'identifier': 'voice_driver'}
[0.007540] (racing_stage2_param_test) JobQueued: {'identifier': 'racing_stage2_param_test', 'dependencies': OrderedDict([('ackermann_msgs', '/home/sunrise/dev_ws/install/ackermann_msgs'), ('bno055', '/home/sunrise/dev_ws/install/bno055'), ('lslidar_msgs', '/home/sunrise/dev_ws/install/lslidar_msgs'), ('origincar_bringup', '/home/sunrise/dev_ws/install/origincar_bringup'), ('origincar_description', '/home/sunrise/dev_ws/install/origincar_description'), ('origincar_msg', '/home/sunrise/dev_ws/install/origincar_msg'), ('qr_scanner', '/home/sunrise/dev_ws/install/qr_scanner'), ('serial', '/home/sunrise/dev_ws/install/serial'), ('lslidar_driver', '/home/sunrise/dev_ws/install/lslidar_driver'), ('origincar_base', '/home/sunrise/dev_ws/install/origincar_base'), ('racing_stage1', '/home/sunrise/dev_ws/install/racing_stage1'), ('racing_stage2', '/home/sunrise/dev_ws/install/racing_stage2')])}
[0.007775] (racing_stage2_param_test) JobStarted: {'identifier': 'racing_stage2_param_test'}
[0.098584] (-) TimerEvent: {}
[0.199112] (-) TimerEvent: {}
[0.299607] (-) TimerEvent: {}
[0.400088] (-) TimerEvent: {}
[0.500619] (-) TimerEvent: {}
[0.601152] (-) TimerEvent: {}
[0.701657] (-) TimerEvent: {}
[0.802140] (-) TimerEvent: {}
[0.902615] (-) TimerEvent: {}
[1.003085] (-) TimerEvent: {}
[1.103562] (-) TimerEvent: {}
[1.204023] (-) TimerEvent: {}
[1.304518] (-) TimerEvent: {}
[1.404997] (-) TimerEvent: {}
[1.505474] (-) TimerEvent: {}
[1.605940] (-) TimerEvent: {}
[1.706410] (-) TimerEvent: {}
[1.806916] (-) TimerEvent: {}
[1.907449] (-) TimerEvent: {}
[2.008004] (-) TimerEvent: {}
[2.108561] (-) TimerEvent: {}
[2.209079] (-) TimerEvent: {}
[2.309562] (-) TimerEvent: {}
[2.410037] (-) TimerEvent: {}
[2.510519] (-) TimerEvent: {}
[2.611006] (-) TimerEvent: {}
[2.711506] (-) TimerEvent: {}
[2.811962] (-) TimerEvent: {}
[2.912450] (-) TimerEvent: {}
[3.012928] (-) TimerEvent: {}
[3.113414] (-) TimerEvent: {}
[3.213893] (-) TimerEvent: {}
[3.314384] (-) TimerEvent: {}
[3.414839] (-) TimerEvent: {}
[3.515296] (-) TimerEvent: {}
[3.615760] (-) TimerEvent: {}
[3.716234] (-) TimerEvent: {}
[3.816706] (-) TimerEvent: {}
[3.917162] (-) TimerEvent: {}
[4.017608] (-) TimerEvent: {}
[4.118048] (-) TimerEvent: {}
[4.218550] (-) TimerEvent: {}
[4.319094] (-) TimerEvent: {}
[4.419633] (-) TimerEvent: {}
[4.443462] (racing_stage2_param_test) Command: {'cmd': ['/usr/bin/python3', '-W', 'ignore:setup.py install is deprecated', '-W', 'ignore:easy_install command is deprecated', 'setup.py', 'develop', '--editable', '--build-directory', '/home/sunrise/dev_ws/build/racing_stage2_param_test/build', '--no-deps', 'symlink_data'], 'cwd': '/home/sunrise/dev_ws/build/racing_stage2_param_test', 'env': {'LANGUAGE': 'en_US.UTF-8', 'USER': 'sunrise', 'SSH_CLIENT': '10.147.109.1 39921 22', 'XDG_SESSION_TYPE': 'tty', 'SHLVL': '0', 'LD_LIBRARY_PATH': '/home/sunrise/dev_ws/install/origincar_base/lib:/home/sunrise/dev_ws/install/serial/lib:/home/sunrise/dev_ws/install/origincar_msg/lib:/home/sunrise/dev_ws/install/lslidar_msgs/lib:/home/sunrise/dev_ws/install/ackermann_msgs/lib:/opt/ros/humble/opt/rviz_ogre_vendor/lib:/opt/ros/humble/lib/aarch64-linux-gnu:/opt/ros/humble/lib', 'MOTD_SHOWN': 'pam', 'HOME': '/home/sunrise', 'OLDPWD': '/home/sunrise', 'ROS_PYTHON_VERSION': '3', 'DBUS_SESSION_BUS_ADDRESS': 'unix:path=/run/user/1000/bus', 'ROS_DISTRO': 'humble', 'LOGNAME': 'sunrise', '_': '/usr/bin/colcon', 'ROS_VERSION': '2', 'XDG_SESSION_CLASS': 'user', 'XDG_SESSION_ID': '151', 'ROS_LOCALHOST_ONLY': '0', 'PATH': '/opt/ros/humble/bin:/usr/local/sbin:/usr/local/bin:/usr/sbin:/usr/bin:/sbin:/bin:/usr/games:/usr/local/games:/snap/bin', 'XDG_RUNTIME_DIR': '/run/user/1000', 'LANG': 'en_US.UTF-8', 'AMENT_PREFIX_PATH': '/home/sunrise/dev_ws/install/racing_stage2:/home/sunrise/dev_ws/install/racing_stage1:/home/sunrise/dev_ws/install/origincar_base:/home/sunrise/dev_ws/install/lslidar_driver:/home/sunrise/dev_ws/install/serial:/home/sunrise/dev_ws/install/qr_scanner:/home/sunrise/dev_ws/install/origincar_msg:/home/sunrise/dev_ws/install/origincar_description:/home/sunrise/dev_ws/install/origincar_bringup:/home/sunrise/dev_ws/install/lslidar_msgs:/home/sunrise/dev_ws/install/bno055:/home/sunrise/dev_ws/install/ackermann_msgs:/opt/ros/humble', 'SHELL': '/bin/bash', 'PWD': '/home/sunrise/dev_ws/build/racing_stage2_param_test', 'SSH_CONNECTION': '10.147.109.1 39921 10.147.109.8 22', 'PYTHONPATH': '/home/sunrise/dev_ws/build/racing_stage2_param_test/prefix_override:/usr/lib/python3/dist-packages/colcon_core/task/python/colcon_distutils_commands:/home/sunrise/dev_ws/install/racing_stage2_param_test/lib/python3.10/site-packages:/home/sunrise/dev_ws/build/racing_stage2:/home/sunrise/dev_ws/install/racing_stage2/lib/python3.10/site-packages:/home/sunrise/dev_ws/build/racing_stage1:/home/sunrise/dev_ws/install/racing_stage1/lib/python3.10/site-packages:/home/sunrise/dev_ws/install/origincar_base/local/lib/python3.10/dist-packages:/home/sunrise/dev_ws/build/qr_scanner:/home/sunrise/dev_ws/install/qr_scanner/lib/python3.10/site-packages:/home/sunrise/dev_ws/install/origincar_msg/local/lib/python3.10/dist-packages:/home/sunrise/dev_ws/install/lslidar_msgs/local/lib/python3.10/dist-packages:/home/sunrise/dev_ws/build/bno055:/home/sunrise/dev_ws/install/bno055/lib/python3.10/site-packages:/home/sunrise/dev_ws/install/ackermann_msgs/local/lib/python3.10/dist-packages:/opt/ros/humble/lib/python3.10/site-packages:/opt/ros/humble/local/lib/python3.10/dist-packages', 'COLCON': '1', 'CMAKE_PREFIX_PATH': '/home/sunrise/dev_ws/install/origincar_base:/home/sunrise/dev_ws/install/lslidar_driver:/home/sunrise/dev_ws/install/serial:/home/sunrise/dev_ws/install/origincar_msg:/home/sunrise/dev_ws/install/origincar_description:/home/sunrise/dev_ws/install/origincar_bringup:/home/sunrise/dev_ws/install/lslidar_msgs:/home/sunrise/dev_ws/install/ackermann_msgs'}, 'shell': False}
[4.519842] (-) TimerEvent: {}
[4.620315] (-) TimerEvent: {}
[4.720752] (-) TimerEvent: {}
[4.821209] (-) TimerEvent: {}
[4.921654] (-) TimerEvent: {}
[5.022103] (-) TimerEvent: {}
[5.122546] (-) TimerEvent: {}
[5.222991] (-) TimerEvent: {}
[5.323441] (-) TimerEvent: {}
[5.423902] (-) TimerEvent: {}
[5.524351] (-) TimerEvent: {}
[5.624810] (-) TimerEvent: {}
[5.725263] (-) TimerEvent: {}
[5.825710] (-) TimerEvent: {}
[5.926159] (-) TimerEvent: {}
[6.026609] (-) TimerEvent: {}
[6.127068] (-) TimerEvent: {}
[6.164106] (racing_stage2_param_test) StdoutLine: {'line': b'running develop\n'}
[6.227240] (-) TimerEvent: {}
[6.327668] (-) TimerEvent: {}
[6.428106] (-) TimerEvent: {}
[6.528548] (-) TimerEvent: {}
[6.629004] (-) TimerEvent: {}
[6.729471] (-) TimerEvent: {}
[6.829937] (-) TimerEvent: {}
[6.930393] (-) TimerEvent: {}
[7.030830] (-) TimerEvent: {}
[7.131275] (-) TimerEvent: {}
[7.231725] (-) TimerEvent: {}
[7.274876] (racing_stage2_param_test) StdoutLine: {'line': b'running egg_info\n'}
[7.276101] (racing_stage2_param_test) StdoutLine: {'line': b'writing racing_stage2_param_test.egg-info/PKG-INFO\n'}
[7.277514] (racing_stage2_param_test) StdoutLine: {'line': b'writing dependency_links to racing_stage2_param_test.egg-info/dependency_links.txt\n'}
[7.278909] (racing_stage2_param_test) StdoutLine: {'line': b'writing entry points to racing_stage2_param_test.egg-info/entry_points.txt\n'}
[7.279907] (racing_stage2_param_test) StdoutLine: {'line': b'writing requirements to racing_stage2_param_test.egg-info/requires.txt\n'}
[7.280856] (racing_stage2_param_test) StdoutLine: {'line': b'writing top-level names to racing_stage2_param_test.egg-info/top_level.txt\n'}
[7.292513] (racing_stage2_param_test) StdoutLine: {'line': b"reading manifest file 'racing_stage2_param_test.egg-info/SOURCES.txt'\n"}
[7.298972] (racing_stage2_param_test) StdoutLine: {'line': b"writing manifest file 'racing_stage2_param_test.egg-info/SOURCES.txt'\n"}
[7.308539] (racing_stage2_param_test) StdoutLine: {'line': b'running build_ext\n'}
[7.309786] (racing_stage2_param_test) StdoutLine: {'line': b'Creating /home/sunrise/dev_ws/install/racing_stage2_param_test/lib/python3.10/site-packages/racing-stage2-param-test.egg-link (link to .)\n'}
[7.314936] (racing_stage2_param_test) StdoutLine: {'line': b'Installing avoidance_straight_tester script to /home/sunrise/dev_ws/install/racing_stage2_param_test/lib/racing_stage2_param_test\n'}
[7.316035] (racing_stage2_param_test) StdoutLine: {'line': b'Installing camera_video_recorder script to /home/sunrise/dev_ws/install/racing_stage2_param_test/lib/racing_stage2_param_test\n'}
[7.316980] (racing_stage2_param_test) StdoutLine: {'line': b'Installing data_recorder script to /home/sunrise/dev_ws/install/racing_stage2_param_test/lib/racing_stage2_param_test\n'}
[7.318196] (racing_stage2_param_test) StdoutLine: {'line': b'Installing direct_inertial_tester script to /home/sunrise/dev_ws/install/racing_stage2_param_test/lib/racing_stage2_param_test\n'}
[7.319096] (racing_stage2_param_test) StdoutLine: {'line': b'Installing lane_follow script to /home/sunrise/dev_ws/install/racing_stage2_param_test/lib/racing_stage2_param_test\n'}
[7.320382] (racing_stage2_param_test) StdoutLine: {'line': b'Installing pure_vision_controller script to /home/sunrise/dev_ws/install/racing_stage2_param_test/lib/racing_stage2_param_test\n'}
[7.320977] (racing_stage2_param_test) StdoutLine: {'line': b'Installing twist_cmd_relay script to /home/sunrise/dev_ws/install/racing_stage2_param_test/lib/racing_stage2_param_test\n'}
[7.322284] (racing_stage2_param_test) StdoutLine: {'line': b'Installing vision_inertial_tester script to /home/sunrise/dev_ws/install/racing_stage2_param_test/lib/racing_stage2_param_test\n'}
[7.322823] (racing_stage2_param_test) StdoutLine: {'line': b'\n'}
[7.323304] (racing_stage2_param_test) StdoutLine: {'line': b'Installed /home/sunrise/dev_ws/build/racing_stage2_param_test\n'}
[7.323766] (racing_stage2_param_test) StdoutLine: {'line': b'running symlink_data\n'}
[7.331910] (-) TimerEvent: {}
[7.432426] (-) TimerEvent: {}
[7.532958] (-) TimerEvent: {}
[7.566573] (racing_stage2_param_test) CommandEnded: {'returncode': 0}
[7.637191] (-) TimerEvent: {}
[7.661081] (racing_stage2_param_test) JobEnded: {'identifier': 'racing_stage2_param_test', 'rc': 0}
[7.664127] (-) EventReactorShutdown: {}
