[0.000000] (-) TimerEvent: {}
[0.000517] (-) JobUnselected: {'identifier': 'ackermann_msgs'}
[0.001323] (-) JobUnselected: {'identifier': 'bno055'}
[0.002780] (-) JobUnselected: {'identifier': 'line_follower_pkg'}
[0.003792] (-) JobUnselected: {'identifier': 'lslidar_driver'}
[0.004719] (-) JobUnselected: {'identifier': 'lslidar_msgs'}
[0.005000] (-) JobUnselected: {'identifier': 'origincar_base'}
[0.005239] (-) JobUnselected: {'identifier': 'origincar_bringup'}
[0.005456] (-) JobUnselected: {'identifier': 'origincar_description'}
[0.005666] (-) JobUnselected: {'identifier': 'origincar_msg'}
[0.005871] (-) JobUnselected: {'identifier': 'qr_scanner'}
[0.006078] (-) JobUnselected: {'identifier': 'racing_bringup'}
[0.006279] (-) JobUnselected: {'identifier': 'racing_stage1'}
[0.006481] (-) JobUnselected: {'identifier': 'racing_stage2'}
[0.006687] (-) JobUnselected: {'identifier': 'racing_stage3'}
[0.006886] (-) JobUnselected: {'identifier': 'racing_stage3_param_test'}
[0.007089] (-) JobUnselected: {'identifier': 'racing_vision_ai'}
[0.007285] (-) JobUnselected: {'identifier': 'serial'}
[0.007480] (-) JobUnselected: {'identifier': 'simple_avoidance'}
[0.007675] (-) JobUnselected: {'identifier': 'utils'}
[0.007878] (-) JobUnselected: {'identifier': 'voice_driver'}
[0.008087] (racing_stage2_param_test) JobQueued: {'identifier': 'racing_stage2_param_test', 'dependencies': OrderedDict([('ackermann_msgs', '/home/sunrise/dev_ws/install/ackermann_msgs'), ('bno055', '/home/sunrise/dev_ws/install/bno055'), ('lslidar_msgs', '/home/sunrise/dev_ws/install/lslidar_msgs'), ('origincar_bringup', '/home/sunrise/dev_ws/install/origincar_bringup'), ('origincar_description', '/home/sunrise/dev_ws/install/origincar_description'), ('origincar_msg', '/home/sunrise/dev_ws/install/origincar_msg'), ('qr_scanner', '/home/sunrise/dev_ws/install/qr_scanner'), ('serial', '/home/sunrise/dev_ws/install/serial'), ('lslidar_driver', '/home/sunrise/dev_ws/install/lslidar_driver'), ('origincar_base', '/home/sunrise/dev_ws/install/origincar_base'), ('racing_stage1', '/home/sunrise/dev_ws/install/racing_stage1'), ('racing_stage2', '/home/sunrise/dev_ws/install/racing_stage2')])}
[0.008397] (racing_stage2_param_test) JobStarted: {'identifier': 'racing_stage2_param_test'}
[0.098487] (-) TimerEvent: {}
[0.198995] (-) TimerEvent: {}
[0.299478] (-) TimerEvent: {}
[0.399942] (-) TimerEvent: {}
[0.500454] (-) TimerEvent: {}
[0.600982] (-) TimerEvent: {}
[0.701516] (-) TimerEvent: {}
[0.802009] (-) TimerEvent: {}
[0.902498] (-) TimerEvent: {}
[1.002983] (-) TimerEvent: {}
[1.103468] (-) TimerEvent: {}
[1.203949] (-) TimerEvent: {}
[1.304438] (-) TimerEvent: {}
[1.404908] (-) TimerEvent: {}
[1.505400] (-) TimerEvent: {}
[1.605895] (-) TimerEvent: {}
[1.706379] (-) TimerEvent: {}
[1.806862] (-) TimerEvent: {}
[1.907339] (-) TimerEvent: {}
[2.007875] (-) TimerEvent: {}
[2.108469] (-) TimerEvent: {}
[2.209040] (-) TimerEvent: {}
[2.309551] (-) TimerEvent: {}
[2.410103] (-) TimerEvent: {}
[2.510610] (-) TimerEvent: {}
[2.611109] (-) TimerEvent: {}
[2.711702] (-) TimerEvent: {}
[2.812241] (-) TimerEvent: {}
[2.912759] (-) TimerEvent: {}
[3.013271] (-) TimerEvent: {}
[3.113784] (-) TimerEvent: {}
[3.214292] (-) TimerEvent: {}
[3.314774] (-) TimerEvent: {}
[3.415275] (-) TimerEvent: {}
[3.515767] (-) TimerEvent: {}
[3.616242] (-) TimerEvent: {}
[3.716916] (-) TimerEvent: {}
[3.817402] (-) TimerEvent: {}
[3.917894] (-) TimerEvent: {}
[4.018390] (-) TimerEvent: {}
[4.118873] (-) TimerEvent: {}
[4.219368] (-) TimerEvent: {}
[4.319874] (-) TimerEvent: {}
[4.420376] (-) TimerEvent: {}
[4.520894] (-) TimerEvent: {}
[4.621413] (-) TimerEvent: {}
[4.722074] (-) TimerEvent: {}
[4.822678] (-) TimerEvent: {}
[4.923335] (-) TimerEvent: {}
[4.954231] (racing_stage2_param_test) Command: {'cmd': ['/usr/bin/python3', '-W', 'ignore:setup.py install is deprecated', '-W', 'ignore:easy_install command is deprecated', 'setup.py', 'egg_info', '--egg-base', '../../../build/racing_stage2_param_test', 'build', '--build-base', '/home/sunrise/dev_ws/build/racing_stage2_param_test/build', 'install', '--record', '/home/sunrise/dev_ws/build/racing_stage2_param_test/install.log', '--single-version-externally-managed', 'install_data'], 'cwd': '/home/sunrise/dev_ws/src/racing/racing_stage2_param_test', 'env': {'VSCODE_CWD': '/home/sunrise', 'VSCODE_ESM_ENTRYPOINT': 'vs/workbench/api/node/extensionHostProcess', 'LANGUAGE': 'en_US.UTF-8', 'USER': 'sunrise', 'SSH_CLIENT': '10.147.109.1 44581 22', 'VSCODE_NLS_CONFIG': '{"userLocale":"en","osLocale":"en","resolvedLanguage":"en","defaultMessagesFile":"/home/sunrise/.cursor-server/bin/linux-arm64/81fcf2931d7687b4ff3f3017858d0c6dee7e2a60/out/nls.messages.json","locale":"en","availableLanguages":{}}', 'VSCODE_HANDLES_UNCAUGHT_ERRORS': 'true', 'XDG_SESSION_TYPE': 'tty', 'SHLVL': '0', 'LD_LIBRARY_PATH': '/home/sunrise/dev_ws/install/origincar_base/lib:/home/sunrise/dev_ws/install/origincar_msg/lib:/home/sunrise/dev_ws/install/lslidar_msgs/lib:/home/sunrise/dev_ws/install/ackermann_msgs/lib:/usr/hobot/lib:/app/lib:/app/pub/lib:/middleware/lib:/middleware/pub/lib:/usr/hobot/lib/sensor:/system/lib:/system/usr/lib:/lib:/home/sunrise/dev_ws/install/voice_driver/lib:/home/sunrise/dev_ws/install/serial/lib:/opt/tros/humble/lib/aarch64-linux-gnu:/opt/tros/humble/lib:/opt/ros/humble/opt/rviz_ogre_vendor/lib:/opt/ros/humble/lib/aarch64-linux-gnu:/opt/ros/humble/lib:/usr/hobot/lib:/app/lib:/app/pub/lib:/middleware/lib:/middleware/pub/lib:/usr/hobot/lib/sensor:/system/lib:/system/usr/lib:/lib:/usr/hobot/lib:/app/lib:/app/pub/lib:/middleware/lib:/middleware/pub/lib:/usr/hobot/lib/sensor:/system/lib:/system/usr/lib:/lib', 'BROWSER': '/home/sunrise/.cursor-server/bin/linux-arm64/81fcf2931d7687b4ff3f3017858d0c6dee7e2a60/bin/helpers/browser.sh', 'MOTD_SHOWN': 'pam', 'HOME': '/home/sunrise', 'OLDPWD': '/home/sunrise/dev_ws', 'VSCODE_IPC_HOOK_CLI': '/run/user/1000/vscode-ipc-bb0cc402-08e7-4aa0-865c-b9502a3ee45f.sock', 'ROS_PYTHON_VERSION': '3', 'NO_COLOR': '1', 'DBUS_SESSION_BUS_ADDRESS': 'unix:path=/run/user/1000/bus', 'TROS_DISTRO': 'humble', 'VSCODE_L10N_BUNDLE_LOCATION': '', 'COLCON_PREFIX_PATH': '/home/sunrise/dev_ws/install', 'ROS_DISTRO': 'humble', 'OVSX_REGISTRY_URL': 'https://open-vsx.org', 'LOGNAME': 'sunrise', 'FORCE_COLOR': '0', 'VSCODE_HANDLES_SIGPIPE': 'true', '_': '/usr/bin/colcon', 'ROS_VERSION': '2', 'CURSOR_LAYOUT': 'unifiedAgent', 'XDG_SESSION_CLASS': 'user', 'TERM': 'dumb', 'XDG_SESSION_ID': '13', 'ROS_LOCALHOST_ONLY': '0', 'PATH': '/home/sunrise/.local/bin:/usr/hobot/bin/:/home/sunrise/.cursor-server/bin/linux-arm64/81fcf2931d7687b4ff3f3017858d0c6dee7e2a60:/home/sunrise/.cursor-server/bin/linux-arm64/81fcf2931d7687b4ff3f3017858d0c6dee7e2a60/bin/remote-cli:/home/sunrise/.local/bin:/opt/tros/humble/bin:/opt/ros/humble/bin:/usr/hobot/bin/:/home/sunrise/.cursor-server/bin/linux-arm64/81fcf2931d7687b4ff3f3017858d0c6dee7e2a60/bin/remote-cli:/home/sunrise/.local/bin:/usr/hobot/bin/:/usr/local/sbin:/usr/local/bin:/usr/sbin:/usr/bin:/sbin:/bin:/usr/games:/usr/local/games:/snap/bin', 'VSCODE_AGENT_FOLDER': '/home/sunrise/.cursor-server', 'XDG_RUNTIME_DIR': '/run/user/1000', 'CURSOR_AGENT': '1', 'LANG': 'en_US.UTF-8', 'LS_COLORS': '', 'AMENT_PREFIX_PATH': '/home/sunrise/dev_ws/install/racing_stage2:/home/sunrise/dev_ws/install/racing_stage1:/home/sunrise/dev_ws/install/qr_scanner:/home/sunrise/dev_ws/install/bno055:/home/sunrise/dev_ws/install/voice_driver:/home/sunrise/dev_ws/install/utils:/home/sunrise/dev_ws/install/simple_avoidance:/home/sunrise/dev_ws/install/racing_stage2_param_test:/home/sunrise/dev_ws/install/origincar_base:/home/sunrise/dev_ws/install/serial:/home/sunrise/dev_ws/install/racing_vision_ai:/home/sunrise/dev_ws/install/racing_stage3_param_test:/home/sunrise/dev_ws/install/racing_bringup:/home/sunrise/dev_ws/install/racing_stage3:/home/sunrise/dev_ws/install/origincar_msg:/home/sunrise/dev_ws/install/origincar_description:/home/sunrise/dev_ws/install/origincar_bringup:/home/sunrise/dev_ws/install/lslidar_driver:/home/sunrise/dev_ws/install/lslidar_msgs:/home/sunrise/dev_ws/install/line_follower_pkg:/home/sunrise/dev_ws/install/ackermann_msgs:/opt/tros/humble:/opt/ros/humble', 'SHELL': '/bin/bash', 'VSCODE_SERVER_SHUTDOWN_TIMEOUT': '300', 'PWD': '/home/sunrise/dev_ws/build/racing_stage2_param_test', 'SSH_CONNECTION': '10.147.109.1 44581 10.147.109.8 22', 'PYTHONPATH': '/home/sunrise/dev_ws/build/racing_stage2_param_test/prefix_override:/usr/lib/python3/dist-packages/colcon_core/task/python/colcon_distutils_commands:/home/sunrise/dev_ws/install/racing_stage2_param_test/lib/python3.10/site-packages:/home/sunrise/dev_ws/build/racing_stage2:/home/sunrise/dev_ws/install/racing_stage2/lib/python3.10/site-packages:/home/sunrise/dev_ws/build/racing_stage1:/home/sunrise/dev_ws/install/racing_stage1/lib/python3.10/site-packages:/home/sunrise/dev_ws/build/qr_scanner:/home/sunrise/dev_ws/install/qr_scanner/lib/python3.10/site-packages:/home/sunrise/dev_ws/build/bno055:/home/sunrise/dev_ws/install/bno055/lib/python3.10/site-packages:/home/sunrise/dev_ws/install/voice_driver/local/lib/python3.10/dist-packages:/home/sunrise/dev_ws/build/simple_avoidance:/home/sunrise/dev_ws/install/simple_avoidance/lib/python3.10/site-packages:/home/sunrise/dev_ws/install/racing_stage2_param_test/lib/python3.10/site-packages:/home/sunrise/dev_ws/install/origincar_base/local/lib/python3.10/dist-packages:/home/sunrise/dev_ws/build/racing_vision_ai:/home/sunrise/dev_ws/install/racing_vision_ai/lib/python3.10/site-packages:/home/sunrise/dev_ws/build/racing_stage3_param_test:/home/sunrise/dev_ws/install/racing_stage3_param_test/lib/python3.10/site-packages:/home/sunrise/dev_ws/build/racing_bringup:/home/sunrise/dev_ws/install/racing_bringup/lib/python3.10/site-packages:/home/sunrise/dev_ws/build/racing_stage3:/home/sunrise/dev_ws/install/racing_stage3/lib/python3.10/site-packages:/home/sunrise/dev_ws/install/origincar_msg/local/lib/python3.10/dist-packages:/home/sunrise/dev_ws/install/lslidar_msgs/local/lib/python3.10/dist-packages:/home/sunrise/dev_ws/build/line_follower_pkg:/home/sunrise/dev_ws/install/line_follower_pkg/lib/python3.10/site-packages:/home/sunrise/dev_ws/install/ackermann_msgs/local/lib/python3.10/dist-packages:/opt/tros/humble/lib/python3.10/site-packages:/opt/tros/humble/local/lib/python3.10/dist-packages:/opt/ros/humble/lib/python3.10/site-packages:/opt/ros/humble/local/lib/python3.10/dist-packages', 'COLCON': '1', '_ZO_DOCTOR': '0', 'CMAKE_PREFIX_PATH': '/home/sunrise/dev_ws/install/origincar_base:/home/sunrise/dev_ws/install/lslidar_driver:/home/sunrise/dev_ws/install/serial:/home/sunrise/dev_ws/install/origincar_msg:/home/sunrise/dev_ws/install/origincar_description:/home/sunrise/dev_ws/install/origincar_bringup:/home/sunrise/dev_ws/install/lslidar_msgs:/home/sunrise/dev_ws/install/ackermann_msgs:/home/sunrise/dev_ws/install/voice_driver:/home/sunrise/dev_ws/install/utils'}, 'shell': False}
[5.023510] (-) TimerEvent: {}
[5.124008] (-) TimerEvent: {}
[5.224507] (-) TimerEvent: {}
[5.325022] (-) TimerEvent: {}
[5.425550] (-) TimerEvent: {}
[5.526062] (-) TimerEvent: {}
[5.626560] (-) TimerEvent: {}
[5.727081] (-) TimerEvent: {}
[5.827574] (-) TimerEvent: {}
[5.928089] (-) TimerEvent: {}
[6.028604] (-) TimerEvent: {}
[6.129114] (-) TimerEvent: {}
[6.229614] (-) TimerEvent: {}
[6.330106] (-) TimerEvent: {}
[6.430610] (-) TimerEvent: {}
[6.531122] (-) TimerEvent: {}
[6.631634] (-) TimerEvent: {}
[6.732150] (-) TimerEvent: {}
[6.785056] (racing_stage2_param_test) StdoutLine: {'line': b'running egg_info\n'}
[6.790143] (racing_stage2_param_test) StdoutLine: {'line': b'writing ../../../build/racing_stage2_param_test/racing_stage2_param_test.egg-info/PKG-INFO\n'}
[6.791646] (racing_stage2_param_test) StdoutLine: {'line': b'writing dependency_links to ../../../build/racing_stage2_param_test/racing_stage2_param_test.egg-info/dependency_links.txt\n'}
[6.792920] (racing_stage2_param_test) StdoutLine: {'line': b'writing entry points to ../../../build/racing_stage2_param_test/racing_stage2_param_test.egg-info/entry_points.txt\n'}
[6.793964] (racing_stage2_param_test) StdoutLine: {'line': b'writing requirements to ../../../build/racing_stage2_param_test/racing_stage2_param_test.egg-info/requires.txt\n'}
[6.794873] (racing_stage2_param_test) StdoutLine: {'line': b'writing top-level names to ../../../build/racing_stage2_param_test/racing_stage2_param_test.egg-info/top_level.txt\n'}
[6.806618] (racing_stage2_param_test) StdoutLine: {'line': b"reading manifest file '../../../build/racing_stage2_param_test/racing_stage2_param_test.egg-info/SOURCES.txt'\n"}
[6.812337] (racing_stage2_param_test) StdoutLine: {'line': b"writing manifest file '../../../build/racing_stage2_param_test/racing_stage2_param_test.egg-info/SOURCES.txt'\n"}
[6.813379] (racing_stage2_param_test) StdoutLine: {'line': b'running build\n'}
[6.813920] (racing_stage2_param_test) StdoutLine: {'line': b'running build_py\n'}
[6.814740] (racing_stage2_param_test) StdoutLine: {'line': b'copying racing_stage2_param_test/direct_inertial_tester.py -> /home/sunrise/dev_ws/build/racing_stage2_param_test/build/lib/racing_stage2_param_test\n'}
[6.818555] (racing_stage2_param_test) StdoutLine: {'line': b'running install\n'}
[6.820305] (racing_stage2_param_test) StdoutLine: {'line': b'running install_lib\n'}
[6.824873] (racing_stage2_param_test) StdoutLine: {'line': b'copying /home/sunrise/dev_ws/build/racing_stage2_param_test/build/lib/racing_stage2_param_test/direct_inertial_tester.py -> /home/sunrise/dev_ws/install/racing_stage2_param_test/lib/python3.10/site-packages/racing_stage2_param_test\n'}
[6.831536] (racing_stage2_param_test) StdoutLine: {'line': b'byte-compiling /home/sunrise/dev_ws/install/racing_stage2_param_test/lib/python3.10/site-packages/racing_stage2_param_test/direct_inertial_tester.py to direct_inertial_tester.cpython-310.pyc\n'}
[6.832269] (-) TimerEvent: {}
[6.904439] (racing_stage2_param_test) StdoutLine: {'line': b'running install_data\n'}
[6.905649] (racing_stage2_param_test) StdoutLine: {'line': b'running install_egg_info\n'}
[6.916800] (racing_stage2_param_test) StdoutLine: {'line': b"removing '/home/sunrise/dev_ws/install/racing_stage2_param_test/lib/python3.10/site-packages/racing_stage2_param_test-0.0.1-py3.10.egg-info' (and everything under it)\n"}
[6.918537] (racing_stage2_param_test) StdoutLine: {'line': b'Copying ../../../build/racing_stage2_param_test/racing_stage2_param_test.egg-info to /home/sunrise/dev_ws/install/racing_stage2_param_test/lib/python3.10/site-packages/racing_stage2_param_test-0.0.1-py3.10.egg-info\n'}
[6.923328] (racing_stage2_param_test) StdoutLine: {'line': b'running install_scripts\n'}
[6.932424] (-) TimerEvent: {}
[7.032861] (-) TimerEvent: {}
[7.048301] (racing_stage2_param_test) StdoutLine: {'line': b'Installing avoidance_straight_tester script to /home/sunrise/dev_ws/install/racing_stage2_param_test/lib/racing_stage2_param_test\n'}
[7.049405] (racing_stage2_param_test) StdoutLine: {'line': b'Installing camera_video_recorder script to /home/sunrise/dev_ws/install/racing_stage2_param_test/lib/racing_stage2_param_test\n'}
[7.050357] (racing_stage2_param_test) StdoutLine: {'line': b'Installing direct_inertial_tester script to /home/sunrise/dev_ws/install/racing_stage2_param_test/lib/racing_stage2_param_test\n'}
[7.051309] (racing_stage2_param_test) StdoutLine: {'line': b'Installing twist_cmd_relay script to /home/sunrise/dev_ws/install/racing_stage2_param_test/lib/racing_stage2_param_test\n'}
[7.053654] (racing_stage2_param_test) StdoutLine: {'line': b"writing list of installed files to '/home/sunrise/dev_ws/build/racing_stage2_param_test/install.log'\n"}
[7.133085] (-) TimerEvent: {}
[7.233687] (-) TimerEvent: {}
[7.268030] (racing_stage2_param_test) CommandEnded: {'returncode': 0}
[7.334925] (-) TimerEvent: {}
[7.379724] (racing_stage2_param_test) JobEnded: {'identifier': 'racing_stage2_param_test', 'rc': 0}
[7.382677] (-) EventReactorShutdown: {}
