[0.000000] (-) TimerEvent: {}
[0.000658] (-) JobUnselected: {'identifier': 'ackermann_msgs'}
[0.001739] (-) JobUnselected: {'identifier': 'bno055'}
[0.002483] (-) JobUnselected: {'identifier': 'line_follower_pkg'}
[0.003224] (-) JobUnselected: {'identifier': 'lslidar_driver'}
[0.003451] (-) JobUnselected: {'identifier': 'lslidar_msgs'}
[0.003650] (-) JobUnselected: {'identifier': 'origincar_base'}
[0.003842] (-) JobUnselected: {'identifier': 'origincar_bringup'}
[0.004028] (-) JobUnselected: {'identifier': 'origincar_description'}
[0.004214] (-) JobUnselected: {'identifier': 'origincar_msg'}
[0.004402] (-) JobUnselected: {'identifier': 'qr_scanner'}
[0.004585] (-) JobUnselected: {'identifier': 'racing_bringup'}
[0.004772] (-) JobUnselected: {'identifier': 'racing_stage1'}
[0.004955] (-) JobUnselected: {'identifier': 'racing_stage2'}
[0.005138] (-) JobUnselected: {'identifier': 'racing_stage3'}
[0.005319] (-) JobUnselected: {'identifier': 'racing_stage3_param_test'}
[0.005537] (-) JobUnselected: {'identifier': 'racing_vision_ai'}
[0.005722] (-) JobUnselected: {'identifier': 'serial'}
[0.005906] (-) JobUnselected: {'identifier': 'simple_avoidance'}
[0.006090] (-) JobUnselected: {'identifier': 'utils'}
[0.006278] (-) JobUnselected: {'identifier': 'voice_driver'}
[0.006474] (racing_stage2_param_test) JobQueued: {'identifier': 'racing_stage2_param_test', 'dependencies': OrderedDict([('ackermann_msgs', '/home/sunrise/dev_ws/install/ackermann_msgs'), ('bno055', '/home/sunrise/dev_ws/install/bno055'), ('lslidar_msgs', '/home/sunrise/dev_ws/install/lslidar_msgs'), ('origincar_bringup', '/home/sunrise/dev_ws/install/origincar_bringup'), ('origincar_description', '/home/sunrise/dev_ws/install/origincar_description'), ('origincar_msg', '/home/sunrise/dev_ws/install/origincar_msg'), ('qr_scanner', '/home/sunrise/dev_ws/install/qr_scanner'), ('serial', '/home/sunrise/dev_ws/install/serial'), ('lslidar_driver', '/home/sunrise/dev_ws/install/lslidar_driver'), ('origincar_base', '/home/sunrise/dev_ws/install/origincar_base'), ('racing_stage1', '/home/sunrise/dev_ws/install/racing_stage1'), ('racing_stage2', '/home/sunrise/dev_ws/install/racing_stage2')])}
[0.006751] (racing_stage2_param_test) JobStarted: {'identifier': 'racing_stage2_param_test'}
[0.098530] (-) TimerEvent: {}
[0.199045] (-) TimerEvent: {}
[0.299522] (-) TimerEvent: {}
[0.399972] (-) TimerEvent: {}
[0.500442] (-) TimerEvent: {}
[0.600923] (-) TimerEvent: {}
[0.701387] (-) TimerEvent: {}
[0.801897] (-) TimerEvent: {}
[0.902429] (-) TimerEvent: {}
[1.002908] (-) TimerEvent: {}
[1.103388] (-) TimerEvent: {}
[1.203885] (-) TimerEvent: {}
[1.304390] (-) TimerEvent: {}
[1.404896] (-) TimerEvent: {}
[1.505372] (-) TimerEvent: {}
[1.605894] (-) TimerEvent: {}
[1.706376] (-) TimerEvent: {}
[1.806862] (-) TimerEvent: {}
[1.907370] (-) TimerEvent: {}
[2.007865] (-) TimerEvent: {}
[2.108388] (-) TimerEvent: {}
[2.208932] (-) TimerEvent: {}
[2.309451] (-) TimerEvent: {}
[2.409937] (-) TimerEvent: {}
[2.510417] (-) TimerEvent: {}
[2.610893] (-) TimerEvent: {}
[2.711354] (-) TimerEvent: {}
[2.811825] (-) TimerEvent: {}
[2.912313] (-) TimerEvent: {}
[3.012792] (-) TimerEvent: {}
[3.113273] (-) TimerEvent: {}
[3.213749] (-) TimerEvent: {}
[3.314234] (-) TimerEvent: {}
[3.414708] (-) TimerEvent: {}
[3.515188] (-) TimerEvent: {}
[3.615671] (-) TimerEvent: {}
[3.716142] (-) TimerEvent: {}
[3.816617] (-) TimerEvent: {}
[3.917139] (-) TimerEvent: {}
[4.017643] (-) TimerEvent: {}
[4.118160] (-) TimerEvent: {}
[4.218655] (-) TimerEvent: {}
[4.319214] (-) TimerEvent: {}
[4.419714] (-) TimerEvent: {}
[4.520211] (-) TimerEvent: {}
[4.620671] (-) TimerEvent: {}
[4.721133] (-) TimerEvent: {}
[4.821920] (-) TimerEvent: {}
[4.922449] (-) TimerEvent: {}
[5.022981] (-) TimerEvent: {}
[5.123509] (-) TimerEvent: {}
[5.182357] (racing_stage2_param_test) Command: {'cmd': ['/usr/bin/python3', '-W', 'ignore:setup.py install is deprecated', '-W', 'ignore:easy_install command is deprecated', 'setup.py', 'develop', '--editable', '--build-directory', '/home/sunrise/dev_ws/build/racing_stage2_param_test/build', '--no-deps', 'symlink_data'], 'cwd': '/home/sunrise/dev_ws/build/racing_stage2_param_test', 'env': {'VSCODE_CWD': '/home/sunrise', 'VSCODE_ESM_ENTRYPOINT': 'vs/workbench/api/node/extensionHostProcess', 'LANGUAGE': 'en_US.UTF-8', 'USER': 'sunrise', 'SSH_CLIENT': '10.147.109.1 50078 22', 'VSCODE_NLS_CONFIG': '{"userLocale":"en","osLocale":"en","resolvedLanguage":"en","defaultMessagesFile":"/home/sunrise/.cursor-server/bin/linux-arm64/81fcf2931d7687b4ff3f3017858d0c6dee7e2a60/out/nls.messages.json","locale":"en","availableLanguages":{}}', 'VSCODE_HANDLES_UNCAUGHT_ERRORS': 'true', 'XDG_SESSION_TYPE': 'tty', 'SHLVL': '1', 'LD_LIBRARY_PATH': '/home/sunrise/dev_ws/install/origincar_base/lib:/home/sunrise/dev_ws/install/origincar_msg/lib:/home/sunrise/dev_ws/install/lslidar_msgs/lib:/home/sunrise/dev_ws/install/ackermann_msgs/lib:/usr/hobot/lib:/app/lib:/app/pub/lib:/middleware/lib:/middleware/pub/lib:/usr/hobot/lib/sensor:/system/lib:/system/usr/lib:/lib:/home/sunrise/dev_ws/install/voice_driver/lib:/home/sunrise/dev_ws/install/serial/lib:/opt/tros/humble/lib/aarch64-linux-gnu:/opt/tros/humble/lib:/opt/ros/humble/opt/rviz_ogre_vendor/lib:/opt/ros/humble/lib/aarch64-linux-gnu:/opt/ros/humble/lib:/usr/hobot/lib:/app/lib:/app/pub/lib:/middleware/lib:/middleware/pub/lib:/usr/hobot/lib/sensor:/system/lib:/system/usr/lib:/lib:/usr/hobot/lib:/app/lib:/app/pub/lib:/middleware/lib:/middleware/pub/lib:/usr/hobot/lib/sensor:/system/lib:/system/usr/lib:/lib', 'BROWSER': '/home/sunrise/.cursor-server/bin/linux-arm64/81fcf2931d7687b4ff3f3017858d0c6dee7e2a60/bin/helpers/browser.sh', 'MOTD_SHOWN': 'pam', 'HOME': '/home/sunrise', 'OLDPWD': '/home/sunrise/dev_ws', 'VSCODE_IPC_HOOK_CLI': '/run/user/1000/vscode-ipc-f7290d0b-d8d6-46da-ac5f-da415eb5acfb.sock', 'ROS_PYTHON_VERSION': '3', 'NO_COLOR': '1', 'DBUS_SESSION_BUS_ADDRESS': 'unix:path=/run/user/1000/bus', 'TROS_DISTRO': 'humble', 'COLCON_PREFIX_PATH': '/home/sunrise/dev_ws/install', 'ROS_DISTRO': 'humble', 'OVSX_REGISTRY_URL': 'https://open-vsx.org', 'LOGNAME': 'sunrise', 'FORCE_COLOR': '0', 'VSCODE_HANDLES_SIGPIPE': 'true', '_': '/usr/bin/colcon', 'ROS_VERSION': '2', 'CURSOR_LAYOUT': 'unifiedAgent', 'XDG_SESSION_CLASS': 'user', 'TERM': 'dumb', 'XDG_SESSION_ID': '2', 'ROS_LOCALHOST_ONLY': '0', 'PATH': '/home/sunrise/.local/bin:/usr/hobot/bin/:/home/sunrise/.cursor-server/bin/linux-arm64/81fcf2931d7687b4ff3f3017858d0c6dee7e2a60:/home/sunrise/.cursor-server/bin/linux-arm64/81fcf2931d7687b4ff3f3017858d0c6dee7e2a60/bin/remote-cli:/home/sunrise/.local/bin:/opt/tros/humble/bin:/opt/ros/humble/bin:/usr/hobot/bin/:/home/sunrise/.cursor-server/bin/linux-arm64/81fcf2931d7687b4ff3f3017858d0c6dee7e2a60/bin/remote-cli:/home/sunrise/.local/bin:/usr/hobot/bin/:/usr/local/sbin:/usr/local/bin:/usr/sbin:/usr/bin:/sbin:/bin:/usr/games:/usr/local/games:/snap/bin', 'VSCODE_AGENT_FOLDER': '/home/sunrise/.cursor-server', 'XDG_RUNTIME_DIR': '/run/user/1000', 'CURSOR_AGENT': '1', 'LANG': 'en_US.UTF-8', 'LS_COLORS': '', 'AMENT_PREFIX_PATH': '/home/sunrise/dev_ws/install/racing_stage2:/home/sunrise/dev_ws/install/racing_stage1:/home/sunrise/dev_ws/install/qr_scanner:/home/sunrise/dev_ws/install/bno055:/home/sunrise/dev_ws/install/voice_driver:/home/sunrise/dev_ws/install/utils:/home/sunrise/dev_ws/install/simple_avoidance:/home/sunrise/dev_ws/install/racing_stage2_param_test:/home/sunrise/dev_ws/install/origincar_base:/home/sunrise/dev_ws/install/serial:/home/sunrise/dev_ws/install/racing_vision_ai:/home/sunrise/dev_ws/install/racing_stage3_param_test:/home/sunrise/dev_ws/install/racing_bringup:/home/sunrise/dev_ws/install/racing_stage3:/home/sunrise/dev_ws/install/origincar_msg:/home/sunrise/dev_ws/install/origincar_description:/home/sunrise/dev_ws/install/origincar_bringup:/home/sunrise/dev_ws/install/lslidar_driver:/home/sunrise/dev_ws/install/lslidar_msgs:/home/sunrise/dev_ws/install/line_follower_pkg:/home/sunrise/dev_ws/install/ackermann_msgs:/opt/tros/humble:/opt/ros/humble', 'SHELL': '/bin/bash', 'VSCODE_SERVER_SHUTDOWN_TIMEOUT': '300', 'PWD': '/home/sunrise/dev_ws/build/racing_stage2_param_test', 'SSH_CONNECTION': '10.147.109.1 50078 10.147.109.8 22', 'PYTHONPATH': '/home/sunrise/dev_ws/build/racing_stage2_param_test/prefix_override:/usr/lib/python3/dist-packages/colcon_core/task/python/colcon_distutils_commands:/home/sunrise/dev_ws/install/racing_stage2_param_test/lib/python3.10/site-packages:/home/sunrise/dev_ws/build/racing_stage2:/home/sunrise/dev_ws/install/racing_stage2/lib/python3.10/site-packages:/home/sunrise/dev_ws/build/racing_stage1:/home/sunrise/dev_ws/install/racing_stage1/lib/python3.10/site-packages:/home/sunrise/dev_ws/build/qr_scanner:/home/sunrise/dev_ws/install/qr_scanner/lib/python3.10/site-packages:/home/sunrise/dev_ws/build/bno055:/home/sunrise/dev_ws/install/bno055/lib/python3.10/site-packages:/home/sunrise/dev_ws/install/voice_driver/local/lib/python3.10/dist-packages:/home/sunrise/dev_ws/build/simple_avoidance:/home/sunrise/dev_ws/install/simple_avoidance/lib/python3.10/site-packages:/home/sunrise/dev_ws/build/racing_stage2_param_test:/home/sunrise/dev_ws/install/racing_stage2_param_test/lib/python3.10/site-packages:/home/sunrise/dev_ws/install/origincar_base/local/lib/python3.10/dist-packages:/home/sunrise/dev_ws/build/racing_vision_ai:/home/sunrise/dev_ws/install/racing_vision_ai/lib/python3.10/site-packages:/home/sunrise/dev_ws/build/racing_stage3_param_test:/home/sunrise/dev_ws/install/racing_stage3_param_test/lib/python3.10/site-packages:/home/sunrise/dev_ws/build/racing_bringup:/home/sunrise/dev_ws/install/racing_bringup/lib/python3.10/site-packages:/home/sunrise/dev_ws/build/racing_stage3:/home/sunrise/dev_ws/install/racing_stage3/lib/python3.10/site-packages:/home/sunrise/dev_ws/install/origincar_msg/local/lib/python3.10/dist-packages:/home/sunrise/dev_ws/install/lslidar_msgs/local/lib/python3.10/dist-packages:/home/sunrise/dev_ws/build/line_follower_pkg:/home/sunrise/dev_ws/install/line_follower_pkg/lib/python3.10/site-packages:/home/sunrise/dev_ws/install/ackermann_msgs/local/lib/python3.10/dist-packages:/opt/tros/humble/lib/python3.10/site-packages:/opt/tros/humble/local/lib/python3.10/dist-packages:/opt/ros/humble/lib/python3.10/site-packages:/opt/ros/humble/local/lib/python3.10/dist-packages', 'COLCON': '1', '_ZO_DOCTOR': '0', 'CMAKE_PREFIX_PATH': '/home/sunrise/dev_ws/install/origincar_base:/home/sunrise/dev_ws/install/lslidar_driver:/home/sunrise/dev_ws/install/serial:/home/sunrise/dev_ws/install/origincar_msg:/home/sunrise/dev_ws/install/origincar_description:/home/sunrise/dev_ws/install/origincar_bringup:/home/sunrise/dev_ws/install/lslidar_msgs:/home/sunrise/dev_ws/install/ackermann_msgs:/home/sunrise/dev_ws/install/voice_driver:/home/sunrise/dev_ws/install/utils'}, 'shell': False}
[5.223712] (-) TimerEvent: {}
[5.324191] (-) TimerEvent: {}
[5.424638] (-) TimerEvent: {}
[5.525075] (-) TimerEvent: {}
[5.625525] (-) TimerEvent: {}
[5.725964] (-) TimerEvent: {}
[5.826433] (-) TimerEvent: {}
[5.926914] (-) TimerEvent: {}
[6.027377] (-) TimerEvent: {}
[6.127822] (-) TimerEvent: {}
[6.228279] (-) TimerEvent: {}
[6.328734] (-) TimerEvent: {}
[6.429168] (-) TimerEvent: {}
[6.529598] (-) TimerEvent: {}
[6.630025] (-) TimerEvent: {}
[6.730493] (-) TimerEvent: {}
[6.830954] (-) TimerEvent: {}
[6.931448] (-) TimerEvent: {}
[7.031921] (-) TimerEvent: {}
[7.132377] (-) TimerEvent: {}
[7.168439] (racing_stage2_param_test) StdoutLine: {'line': b'running develop\n'}
[7.232554] (-) TimerEvent: {}
[7.333006] (-) TimerEvent: {}
[7.433452] (-) TimerEvent: {}
[7.533888] (-) TimerEvent: {}
[7.634324] (-) TimerEvent: {}
[7.734768] (-) TimerEvent: {}
[7.835218] (-) TimerEvent: {}
[7.935704] (-) TimerEvent: {}
[8.036139] (-) TimerEvent: {}
[8.136574] (-) TimerEvent: {}
[8.237005] (-) TimerEvent: {}
[8.337467] (-) TimerEvent: {}
[8.376513] (racing_stage2_param_test) StdoutLine: {'line': b'running egg_info\n'}
[8.377696] (racing_stage2_param_test) StdoutLine: {'line': b'writing racing_stage2_param_test.egg-info/PKG-INFO\n'}
[8.378959] (racing_stage2_param_test) StdoutLine: {'line': b'writing dependency_links to racing_stage2_param_test.egg-info/dependency_links.txt\n'}
[8.380442] (racing_stage2_param_test) StdoutLine: {'line': b'writing entry points to racing_stage2_param_test.egg-info/entry_points.txt\n'}
[8.381914] (racing_stage2_param_test) StdoutLine: {'line': b'writing requirements to racing_stage2_param_test.egg-info/requires.txt\n'}
[8.382473] (racing_stage2_param_test) StdoutLine: {'line': b'writing top-level names to racing_stage2_param_test.egg-info/top_level.txt\n'}
[8.393051] (racing_stage2_param_test) StdoutLine: {'line': b"reading manifest file 'racing_stage2_param_test.egg-info/SOURCES.txt'\n"}
[8.397970] (racing_stage2_param_test) StdoutLine: {'line': b"writing manifest file 'racing_stage2_param_test.egg-info/SOURCES.txt'\n"}
[8.409111] (racing_stage2_param_test) StdoutLine: {'line': b'running build_ext\n'}
[8.410387] (racing_stage2_param_test) StdoutLine: {'line': b'Creating /home/sunrise/dev_ws/install/racing_stage2_param_test/lib/python3.10/site-packages/racing-stage2-param-test.egg-link (link to .)\n'}
[8.414885] (racing_stage2_param_test) StdoutLine: {'line': b'Installing avoidance_straight_tester script to /home/sunrise/dev_ws/install/racing_stage2_param_test/lib/racing_stage2_param_test\n'}
[8.415906] (racing_stage2_param_test) StdoutLine: {'line': b'Installing camera_video_recorder script to /home/sunrise/dev_ws/install/racing_stage2_param_test/lib/racing_stage2_param_test\n'}
[8.416761] (racing_stage2_param_test) StdoutLine: {'line': b'Installing direct_inertial_tester script to /home/sunrise/dev_ws/install/racing_stage2_param_test/lib/racing_stage2_param_test\n'}
[8.417569] (racing_stage2_param_test) StdoutLine: {'line': b'Installing twist_cmd_relay script to /home/sunrise/dev_ws/install/racing_stage2_param_test/lib/racing_stage2_param_test\n'}
[8.418643] (racing_stage2_param_test) StdoutLine: {'line': b'\n'}
[8.419139] (racing_stage2_param_test) StdoutLine: {'line': b'Installed /home/sunrise/dev_ws/build/racing_stage2_param_test\n'}
[8.419591] (racing_stage2_param_test) StdoutLine: {'line': b'running symlink_data\n'}
[8.437646] (-) TimerEvent: {}
[8.538110] (-) TimerEvent: {}
[8.638541] (-) TimerEvent: {}
[8.665320] (racing_stage2_param_test) CommandEnded: {'returncode': 0}
[8.740218] (-) TimerEvent: {}
[8.758571] (racing_stage2_param_test) JobEnded: {'identifier': 'racing_stage2_param_test', 'rc': 0}
[8.761691] (-) EventReactorShutdown: {}
