[0.000000] (-) TimerEvent: {}
[0.000659] (-) JobUnselected: {'identifier': 'ackermann_msgs'}
[0.001719] (-) JobUnselected: {'identifier': 'bno055'}
[0.002438] (-) JobUnselected: {'identifier': 'line_follower_pkg'}
[0.003187] (-) JobUnselected: {'identifier': 'lslidar_driver'}
[0.003420] (-) JobUnselected: {'identifier': 'lslidar_msgs'}
[0.003619] (-) JobUnselected: {'identifier': 'origincar_base'}
[0.003813] (-) JobUnselected: {'identifier': 'origincar_bringup'}
[0.004001] (-) JobUnselected: {'identifier': 'origincar_description'}
[0.004186] (-) JobUnselected: {'identifier': 'origincar_msg'}
[0.004372] (-) JobUnselected: {'identifier': 'qr_scanner'}
[0.004586] (-) JobUnselected: {'identifier': 'racing_bringup'}
[0.004843] (-) JobUnselected: {'identifier': 'racing_stage1'}
[0.005197] (-) JobUnselected: {'identifier': 'racing_stage2'}
[0.005377] (-) JobUnselected: {'identifier': 'racing_stage3'}
[0.005557] (-) JobUnselected: {'identifier': 'racing_stage3_param_test'}
[0.005699] (-) JobUnselected: {'identifier': 'racing_vision_ai'}
[0.006031] (-) JobUnselected: {'identifier': 'serial'}
[0.006253] (-) JobUnselected: {'identifier': 'simple_avoidance'}
[0.006395] (-) JobUnselected: {'identifier': 'utils'}
[0.006516] (-) JobUnselected: {'identifier': 'voice_driver'}
[0.006644] (racing_stage2_param_test) JobQueued: {'identifier': 'racing_stage2_param_test', 'dependencies': OrderedDict([('ackermann_msgs', '/home/sunrise/dev_ws/install/ackermann_msgs'), ('bno055', '/home/sunrise/dev_ws/install/bno055'), ('lslidar_msgs', '/home/sunrise/dev_ws/install/lslidar_msgs'), ('origincar_bringup', '/home/sunrise/dev_ws/install/origincar_bringup'), ('origincar_description', '/home/sunrise/dev_ws/install/origincar_description'), ('origincar_msg', '/home/sunrise/dev_ws/install/origincar_msg'), ('qr_scanner', '/home/sunrise/dev_ws/install/qr_scanner'), ('serial', '/home/sunrise/dev_ws/install/serial'), ('lslidar_driver', '/home/sunrise/dev_ws/install/lslidar_driver'), ('origincar_base', '/home/sunrise/dev_ws/install/origincar_base'), ('racing_stage1', '/home/sunrise/dev_ws/install/racing_stage1'), ('racing_stage2', '/home/sunrise/dev_ws/install/racing_stage2')])}
[0.006989] (racing_stage2_param_test) JobStarted: {'identifier': 'racing_stage2_param_test'}
[0.098509] (-) TimerEvent: {}
[0.198995] (-) TimerEvent: {}
[0.299472] (-) TimerEvent: {}
[0.399945] (-) TimerEvent: {}
[0.500405] (-) TimerEvent: {}
[0.600865] (-) TimerEvent: {}
[0.701324] (-) TimerEvent: {}
[0.801780] (-) TimerEvent: {}
[0.902229] (-) TimerEvent: {}
[1.002679] (-) TimerEvent: {}
[1.103133] (-) TimerEvent: {}
[1.203593] (-) TimerEvent: {}
[1.304044] (-) TimerEvent: {}
[1.404496] (-) TimerEvent: {}
[1.504957] (-) TimerEvent: {}
[1.605406] (-) TimerEvent: {}
[1.705905] (-) TimerEvent: {}
[1.806442] (-) TimerEvent: {}
[1.906993] (-) TimerEvent: {}
[2.007523] (-) TimerEvent: {}
[2.108015] (-) TimerEvent: {}
[2.208487] (-) TimerEvent: {}
[2.308934] (-) TimerEvent: {}
[2.409389] (-) TimerEvent: {}
[2.509858] (-) TimerEvent: {}
[2.610326] (-) TimerEvent: {}
[2.710771] (-) TimerEvent: {}
[2.811223] (-) TimerEvent: {}
[2.911675] (-) TimerEvent: {}
[3.012127] (-) TimerEvent: {}
[3.112570] (-) TimerEvent: {}
[3.213027] (-) TimerEvent: {}
[3.313478] (-) TimerEvent: {}
[3.413924] (-) TimerEvent: {}
[3.514368] (-) TimerEvent: {}
[3.614807] (-) TimerEvent: {}
[3.715257] (-) TimerEvent: {}
[3.815705] (-) TimerEvent: {}
[3.916142] (-) TimerEvent: {}
[4.016629] (-) TimerEvent: {}
[4.117173] (-) TimerEvent: {}
[4.217698] (-) TimerEvent: {}
[4.282182] (racing_stage2_param_test) Command: {'cmd': ['/usr/bin/python3', '-W', 'ignore:setup.py install is deprecated', '-W', 'ignore:easy_install command is deprecated', 'setup.py', 'develop', '--editable', '--build-directory', '/home/sunrise/dev_ws/build/racing_stage2_param_test/build', '--no-deps', 'symlink_data'], 'cwd': '/home/sunrise/dev_ws/build/racing_stage2_param_test', 'env': {'LANGUAGE': 'en_US.UTF-8', 'USER': 'sunrise', 'SSH_CLIENT': '10.147.109.1 29338 22', 'XDG_SESSION_TYPE': 'tty', 'SHLVL': '1', 'LD_LIBRARY_PATH': '/home/sunrise/dev_ws/install/origincar_base/lib:/home/sunrise/dev_ws/install/serial/lib:/home/sunrise/dev_ws/install/origincar_msg/lib:/home/sunrise/dev_ws/install/lslidar_msgs/lib:/home/sunrise/dev_ws/install/ackermann_msgs/lib:/opt/ros/humble/opt/rviz_ogre_vendor/lib:/opt/ros/humble/lib/aarch64-linux-gnu:/opt/ros/humble/lib', 'MOTD_SHOWN': 'pam', 'HOME': '/home/sunrise', 'OLDPWD': '/home/sunrise', 'ROS_PYTHON_VERSION': '3', 'DBUS_SESSION_BUS_ADDRESS': 'unix:path=/run/user/1000/bus', 'ROS_DISTRO': 'humble', 'LOGNAME': 'sunrise', '_': '/usr/bin/colcon', 'ROS_VERSION': '2', 'XDG_SESSION_CLASS': 'user', 'XDG_SESSION_ID': '141', 'ROS_LOCALHOST_ONLY': '0', 'PATH': '/opt/ros/humble/bin:/usr/local/sbin:/usr/local/bin:/usr/sbin:/usr/bin:/sbin:/bin:/usr/games:/usr/local/games:/snap/bin', 'XDG_RUNTIME_DIR': '/run/user/1000', 'LANG': 'en_US.UTF-8', 'AMENT_PREFIX_PATH': '/home/sunrise/dev_ws/install/racing_stage2:/home/sunrise/dev_ws/install/racing_stage1:/home/sunrise/dev_ws/install/origincar_base:/home/sunrise/dev_ws/install/lslidar_driver:/home/sunrise/dev_ws/install/serial:/home/sunrise/dev_ws/install/qr_scanner:/home/sunrise/dev_ws/install/origincar_msg:/home/sunrise/dev_ws/install/origincar_description:/home/sunrise/dev_ws/install/origincar_bringup:/home/sunrise/dev_ws/install/lslidar_msgs:/home/sunrise/dev_ws/install/bno055:/home/sunrise/dev_ws/install/ackermann_msgs:/opt/ros/humble', 'SHELL': '/bin/bash', 'PWD': '/home/sunrise/dev_ws/build/racing_stage2_param_test', 'SSH_CONNECTION': '10.147.109.1 29338 10.147.109.8 22', 'PYTHONPATH': '/home/sunrise/dev_ws/build/racing_stage2_param_test/prefix_override:/usr/lib/python3/dist-packages/colcon_core/task/python/colcon_distutils_commands:/home/sunrise/dev_ws/install/racing_stage2_param_test/lib/python3.10/site-packages:/home/sunrise/dev_ws/build/racing_stage2:/home/sunrise/dev_ws/install/racing_stage2/lib/python3.10/site-packages:/home/sunrise/dev_ws/build/racing_stage1:/home/sunrise/dev_ws/install/racing_stage1/lib/python3.10/site-packages:/home/sunrise/dev_ws/install/origincar_base/local/lib/python3.10/dist-packages:/home/sunrise/dev_ws/build/qr_scanner:/home/sunrise/dev_ws/install/qr_scanner/lib/python3.10/site-packages:/home/sunrise/dev_ws/install/origincar_msg/local/lib/python3.10/dist-packages:/home/sunrise/dev_ws/install/lslidar_msgs/local/lib/python3.10/dist-packages:/home/sunrise/dev_ws/build/bno055:/home/sunrise/dev_ws/install/bno055/lib/python3.10/site-packages:/home/sunrise/dev_ws/install/ackermann_msgs/local/lib/python3.10/dist-packages:/opt/ros/humble/lib/python3.10/site-packages:/opt/ros/humble/local/lib/python3.10/dist-packages', 'COLCON': '1', 'CMAKE_PREFIX_PATH': '/home/sunrise/dev_ws/install/origincar_base:/home/sunrise/dev_ws/install/lslidar_driver:/home/sunrise/dev_ws/install/serial:/home/sunrise/dev_ws/install/origincar_msg:/home/sunrise/dev_ws/install/origincar_description:/home/sunrise/dev_ws/install/origincar_bringup:/home/sunrise/dev_ws/install/lslidar_msgs:/home/sunrise/dev_ws/install/ackermann_msgs'}, 'shell': False}
[4.317830] (-) TimerEvent: {}
[4.418271] (-) TimerEvent: {}
[4.518747] (-) TimerEvent: {}
[4.619283] (-) TimerEvent: {}
[4.719748] (-) TimerEvent: {}
[4.820227] (-) TimerEvent: {}
[4.920686] (-) TimerEvent: {}
[5.021143] (-) TimerEvent: {}
[5.121620] (-) TimerEvent: {}
[5.222095] (-) TimerEvent: {}
[5.322559] (-) TimerEvent: {}
[5.423028] (-) TimerEvent: {}
[5.523492] (-) TimerEvent: {}
[5.623976] (-) TimerEvent: {}
[5.724437] (-) TimerEvent: {}
[5.824891] (-) TimerEvent: {}
[5.925355] (-) TimerEvent: {}
[5.998953] (racing_stage2_param_test) StdoutLine: {'line': b'running develop\n'}
[6.025495] (-) TimerEvent: {}
[6.125930] (-) TimerEvent: {}
[6.226408] (-) TimerEvent: {}
[6.326875] (-) TimerEvent: {}
[6.427343] (-) TimerEvent: {}
[6.527800] (-) TimerEvent: {}
[6.628287] (-) TimerEvent: {}
[6.728790] (-) TimerEvent: {}
[6.829247] (-) TimerEvent: {}
[6.929695] (-) TimerEvent: {}
[7.030149] (-) TimerEvent: {}
[7.108819] (racing_stage2_param_test) StdoutLine: {'line': b'running egg_info\n'}
[7.109531] (racing_stage2_param_test) StdoutLine: {'line': b'creating racing_stage2_param_test.egg-info\n'}
[7.110370] (racing_stage2_param_test) StdoutLine: {'line': b'writing racing_stage2_param_test.egg-info/PKG-INFO\n'}
[7.111401] (racing_stage2_param_test) StdoutLine: {'line': b'writing dependency_links to racing_stage2_param_test.egg-info/dependency_links.txt\n'}
[7.112386] (racing_stage2_param_test) StdoutLine: {'line': b'writing entry points to racing_stage2_param_test.egg-info/entry_points.txt\n'}
[7.113435] (racing_stage2_param_test) StdoutLine: {'line': b'writing requirements to racing_stage2_param_test.egg-info/requires.txt\n'}
[7.113916] (racing_stage2_param_test) StdoutLine: {'line': b'writing top-level names to racing_stage2_param_test.egg-info/top_level.txt\n'}
[7.114680] (racing_stage2_param_test) StdoutLine: {'line': b"writing manifest file 'racing_stage2_param_test.egg-info/SOURCES.txt'\n"}
[7.125385] (racing_stage2_param_test) StdoutLine: {'line': b"reading manifest file 'racing_stage2_param_test.egg-info/SOURCES.txt'\n"}
[7.129638] (racing_stage2_param_test) StdoutLine: {'line': b"writing manifest file 'racing_stage2_param_test.egg-info/SOURCES.txt'\n"}
[7.130250] (-) TimerEvent: {}
[7.139107] (racing_stage2_param_test) StdoutLine: {'line': b'running build_ext\n'}
[7.140313] (racing_stage2_param_test) StdoutLine: {'line': b'Creating /home/sunrise/dev_ws/install/racing_stage2_param_test/lib/python3.10/site-packages/racing-stage2-param-test.egg-link (link to .)\n'}
[7.144890] (racing_stage2_param_test) StdoutLine: {'line': b'Installing avoidance_straight_tester script to /home/sunrise/dev_ws/install/racing_stage2_param_test/lib/racing_stage2_param_test\n'}
[7.145871] (racing_stage2_param_test) StdoutLine: {'line': b'Installing camera_video_recorder script to /home/sunrise/dev_ws/install/racing_stage2_param_test/lib/racing_stage2_param_test\n'}
[7.146967] (racing_stage2_param_test) StdoutLine: {'line': b'Installing data_recorder script to /home/sunrise/dev_ws/install/racing_stage2_param_test/lib/racing_stage2_param_test\n'}
[7.148311] (racing_stage2_param_test) StdoutLine: {'line': b'Installing direct_inertial_tester script to /home/sunrise/dev_ws/install/racing_stage2_param_test/lib/racing_stage2_param_test\n'}
[7.149175] (racing_stage2_param_test) StdoutLine: {'line': b'Installing lane_follow script to /home/sunrise/dev_ws/install/racing_stage2_param_test/lib/racing_stage2_param_test\n'}
[7.150263] (racing_stage2_param_test) StdoutLine: {'line': b'Installing pure_vision_controller script to /home/sunrise/dev_ws/install/racing_stage2_param_test/lib/racing_stage2_param_test\n'}
[7.151727] (racing_stage2_param_test) StdoutLine: {'line': b'Installing twist_cmd_relay script to /home/sunrise/dev_ws/install/racing_stage2_param_test/lib/racing_stage2_param_test\n'}
[7.153256] (racing_stage2_param_test) StdoutLine: {'line': b'Installing vision_inertial_tester script to /home/sunrise/dev_ws/install/racing_stage2_param_test/lib/racing_stage2_param_test\n'}
[7.154768] (racing_stage2_param_test) StdoutLine: {'line': b'\n'}
[7.156358] (racing_stage2_param_test) StdoutLine: {'line': b'Installed /home/sunrise/dev_ws/build/racing_stage2_param_test\n'}
[7.156972] (racing_stage2_param_test) StdoutLine: {'line': b'running symlink_data\n'}
[7.157499] (racing_stage2_param_test) StdoutLine: {'line': b'creating /home/sunrise/dev_ws/install/racing_stage2_param_test/share/ament_index\n'}
[7.157990] (racing_stage2_param_test) StdoutLine: {'line': b'creating /home/sunrise/dev_ws/install/racing_stage2_param_test/share/ament_index/resource_index\n'}
[7.158531] (racing_stage2_param_test) StdoutLine: {'line': b'creating /home/sunrise/dev_ws/install/racing_stage2_param_test/share/ament_index/resource_index/packages\n'}
[7.159044] (racing_stage2_param_test) StdoutLine: {'line': b'symbolically linking /home/sunrise/dev_ws/build/racing_stage2_param_test/resource/racing_stage2_param_test -> /home/sunrise/dev_ws/install/racing_stage2_param_test/share/ament_index/resource_index/packages\n'}
[7.159532] (racing_stage2_param_test) StdoutLine: {'line': b'symbolically linking /home/sunrise/dev_ws/build/racing_stage2_param_test/package.xml -> /home/sunrise/dev_ws/install/racing_stage2_param_test/share/racing_stage2_param_test\n'}
[7.160071] (racing_stage2_param_test) StdoutLine: {'line': b'creating /home/sunrise/dev_ws/install/racing_stage2_param_test/share/racing_stage2_param_test/launch\n'}
[7.160525] (racing_stage2_param_test) StdoutLine: {'line': b'symbolically linking /home/sunrise/dev_ws/build/racing_stage2_param_test/launch/vision_inertial_test.launch.py -> /home/sunrise/dev_ws/install/racing_stage2_param_test/share/racing_stage2_param_test/launch\n'}
[7.160970] (racing_stage2_param_test) StdoutLine: {'line': b'symbolically linking /home/sunrise/dev_ws/build/racing_stage2_param_test/launch/pure_vision_test.launch.py -> /home/sunrise/dev_ws/install/racing_stage2_param_test/share/racing_stage2_param_test/launch\n'}
[7.161417] (racing_stage2_param_test) StdoutLine: {'line': b'symbolically linking /home/sunrise/dev_ws/build/racing_stage2_param_test/launch/direct_inertial_test.launch.py -> /home/sunrise/dev_ws/install/racing_stage2_param_test/share/racing_stage2_param_test/launch\n'}
[7.161861] (racing_stage2_param_test) StdoutLine: {'line': b'symbolically linking /home/sunrise/dev_ws/build/racing_stage2_param_test/launch/record.launch.py -> /home/sunrise/dev_ws/install/racing_stage2_param_test/share/racing_stage2_param_test/launch\n'}
[7.162301] (racing_stage2_param_test) StdoutLine: {'line': b'symbolically linking /home/sunrise/dev_ws/build/racing_stage2_param_test/launch/avoidance_straight_test.launch.py -> /home/sunrise/dev_ws/install/racing_stage2_param_test/share/racing_stage2_param_test/launch\n'}
[7.162742] (racing_stage2_param_test) StdoutLine: {'line': b'symbolically linking /home/sunrise/dev_ws/build/racing_stage2_param_test/launch/lane_follow_test.launch.py -> /home/sunrise/dev_ws/install/racing_stage2_param_test/share/racing_stage2_param_test/launch\n'}
[7.163182] (racing_stage2_param_test) StdoutLine: {'line': b'symbolically linking /home/sunrise/dev_ws/build/racing_stage2_param_test/launch/direct_inertial_camera_record_test.launch.py -> /home/sunrise/dev_ws/install/racing_stage2_param_test/share/racing_stage2_param_test/launch\n'}
[7.163626] (racing_stage2_param_test) StdoutLine: {'line': b'creating /home/sunrise/dev_ws/install/racing_stage2_param_test/share/racing_stage2_param_test/config\n'}
[7.164161] (racing_stage2_param_test) StdoutLine: {'line': b'symbolically linking /home/sunrise/dev_ws/build/racing_stage2_param_test/config/avoidance_straight_test.yaml -> /home/sunrise/dev_ws/install/racing_stage2_param_test/share/racing_stage2_param_test/config\n'}
[7.164607] (racing_stage2_param_test) StdoutLine: {'line': b'symbolically linking /home/sunrise/dev_ws/build/racing_stage2_param_test/config/direct_inertial_test.yaml -> /home/sunrise/dev_ws/install/racing_stage2_param_test/share/racing_stage2_param_test/config\n'}
[7.230515] (-) TimerEvent: {}
[7.331058] (-) TimerEvent: {}
[7.398822] (racing_stage2_param_test) CommandEnded: {'returncode': 0}
[7.431352] (-) TimerEvent: {}
[7.499914] (racing_stage2_param_test) JobEnded: {'identifier': 'racing_stage2_param_test', 'rc': 0}
[7.502695] (-) EventReactorShutdown: {}
