-- The C compiler identification is GNU 11.2.0
-- The CXX compiler identification is GNU 11.2.0
-- Detecting C compiler ABI info
-- Detecting C compiler ABI info - done
-- Check for working C compiler: /usr/bin/cc - skipped
-- Detecting C compile features
-- Detecting C compile features - done
-- Detecting CXX compiler ABI info
-- Detecting CXX compiler ABI info - done
-- Check for working CXX compiler: /usr/bin/c++ - skipped
-- Detecting CXX compile features
-- Detecting CXX compile features - done
-- Found ament_cmake: 1.3.14 (/opt/ros/humble/share/ament_cmake/cmake)
-- Found Python3: /usr/bin/python3 (found version "3.10.12") found components: Interpreter 
-- Override CMake install command with custom implementation using symlinks instead of copying resources
-- Found rclcpp: 16.0.19 (/opt/ros/humble/share/rclcpp/cmake)
-- Found rosidl_generator_c: 3.1.8 (/opt/ros/humble/share/rosidl_generator_c/cmake)
-- Found rosidl_adapter: 3.1.8 (/opt/ros/humble/share/rosidl_adapter/cmake)
-- Found rosidl_generator_cpp: 3.1.8 (/opt/ros/humble/share/rosidl_generator_cpp/cmake)
-- Using all available rosidl_typesupport_c: rosidl_typesupport_fastrtps_c;rosidl_typesupport_introspection_c
-- Using all available rosidl_typesupport_cpp: rosidl_typesupport_fastrtps_cpp;rosidl_typesupport_introspection_cpp
-- Found rmw_implementation_cmake: 6.1.2 (/opt/ros/humble/share/rmw_implementation_cmake/cmake)
-- Found rmw_fastrtps_cpp: 6.2.10 (/opt/ros/humble/share/rmw_fastrtps_cpp/cmake)
-- Found OpenSSL: /usr/lib/aarch64-linux-gnu/libcrypto.so (found version "3.0.2")  
-- Found FastRTPS: /opt/ros/humble/include  
-- Using RMW implementation 'rmw_fastrtps_cpp' as default
-- Looking for pthread.h
-- Looking for pthread.h - found
-- Performing Test CMAKE_HAVE_LIBC_PTHREAD
-- Performing Test CMAKE_HAVE_LIBC_PTHREAD - Success
-- Found Threads: TRUE  
-- Found cv_bridge: 3.2.1 (/opt/ros/humble/share/cv_bridge/cmake)
-- Configuring done
-- Generating done
-- Build files have been written to: /home/sunrise/dev_ws/build/utils
[ 50%] [32mBuilding CXX object CMakeFiles/image_transport_node.dir/src/image_transport_node.cpp.o[0m
[100%] [32m[1mLinking CXX executable image_transport_node[0m
[100%] Built target image_transport_node
-- Install configuration: ""
-- Execute custom install script
-- Symlinking: /home/sunrise/dev_ws/install/utils/lib/utils/image_transport_node
-- Symlinking: /home/sunrise/dev_ws/install/utils/share/ament_index/resource_index/package_run_dependencies/utils
-- Symlinking: /home/sunrise/dev_ws/install/utils/share/ament_index/resource_index/parent_prefix_path/utils
-- Symlinking: /home/sunrise/dev_ws/install/utils/share/utils/environment/ament_prefix_path.sh
-- Symlinking: /home/sunrise/dev_ws/install/utils/share/utils/environment/ament_prefix_path.dsv
-- Symlinking: /home/sunrise/dev_ws/install/utils/share/utils/environment/path.sh
-- Symlinking: /home/sunrise/dev_ws/install/utils/share/utils/environment/path.dsv
-- Symlinking: /home/sunrise/dev_ws/install/utils/share/utils/local_setup.bash
-- Symlinking: /home/sunrise/dev_ws/install/utils/share/utils/local_setup.sh
-- Symlinking: /home/sunrise/dev_ws/install/utils/share/utils/local_setup.zsh
-- Symlinking: /home/sunrise/dev_ws/install/utils/share/utils/local_setup.dsv
-- Symlinking: /home/sunrise/dev_ws/install/utils/share/utils/package.dsv
-- Symlinking: /home/sunrise/dev_ws/install/utils/share/ament_index/resource_index/packages/utils
-- Symlinking: /home/sunrise/dev_ws/install/utils/share/utils/cmake/utilsConfig.cmake
-- Symlinking: /home/sunrise/dev_ws/install/utils/share/utils/cmake/utilsConfig-version.cmake
-- Symlinking: /home/sunrise/dev_ws/install/utils/share/utils/package.xml
