[0.119s] Invoking command in '/home/sunrise/dev_ws/build/utils': CMAKE_PREFIX_PATH=${CMAKE_PREFIX_PATH}:/home/sunrise/dev_ws/install/racing_stage2:/home/sunrise/dev_ws/install/racing_stage1:/home/sunrise/dev_ws/install/qr_scanner:/home/sunrise/dev_ws/install/bno055:/opt/tros/humble:/opt/ros/humble /usr/bin/cmake /home/sunrise/dev_ws/src/origincar/utils -DAMENT_CMAKE_SYMLINK_INSTALL=1 -DCMAKE_INSTALL_PREFIX=/home/sunrise/dev_ws/install/utils
[0.851s] -- The C compiler identification is GNU 11.2.0
[1.622s] -- The CXX compiler identification is GNU 11.2.0
[1.708s] -- Detecting C compiler ABI info
[2.416s] -- Detecting C compiler ABI info - done
[2.482s] -- Check for working C compiler: /usr/bin/cc - skipped
[2.485s] -- Detecting C compile features
[2.489s] -- Detecting C compile features - done
[2.511s] -- Detecting CXX compiler ABI info
[3.241s] -- Detecting CXX compiler ABI info - done
[3.300s] -- Check for working CXX compiler: /usr/bin/c++ - skipped
[3.302s] -- Detecting CXX compile features
[3.305s] -- Detecting CXX compile features - done
[3.323s] -- Found ament_cmake: 1.3.14 (/opt/ros/humble/share/ament_cmake/cmake)
[4.995s] -- Found Python3: /usr/bin/python3 (found version "3.10.12") found components: Interpreter 
[5.816s] -- Override CMake install command with custom implementation using symlinks instead of copying resources
[6.032s] -- Found rclcpp: 16.0.19 (/opt/ros/humble/share/rclcpp/cmake)
[6.404s] -- Found rosidl_generator_c: 3.1.8 (/opt/ros/humble/share/rosidl_generator_c/cmake)
[6.441s] -- Found rosidl_adapter: 3.1.8 (/opt/ros/humble/share/rosidl_adapter/cmake)
[6.504s] -- Found rosidl_generator_cpp: 3.1.8 (/opt/ros/humble/share/rosidl_generator_cpp/cmake)
[6.596s] -- Using all available rosidl_typesupport_c: rosidl_typesupport_fastrtps_c;rosidl_typesupport_introspection_c
[6.717s] -- Using all available rosidl_typesupport_cpp: rosidl_typesupport_fastrtps_cpp;rosidl_typesupport_introspection_cpp
[7.341s] -- Found rmw_implementation_cmake: 6.1.2 (/opt/ros/humble/share/rmw_implementation_cmake/cmake)
[7.380s] -- Found rmw_fastrtps_cpp: 6.2.10 (/opt/ros/humble/share/rmw_fastrtps_cpp/cmake)
[8.438s] -- Found OpenSSL: /usr/lib/aarch64-linux-gnu/libcrypto.so (found version "3.0.2")  
[8.628s] -- Found FastRTPS: /opt/ros/humble/include  
[8.979s] -- Using RMW implementation 'rmw_fastrtps_cpp' as default
[9.145s] -- Looking for pthread.h
[9.683s] -- Looking for pthread.h - found
[9.687s] -- Performing Test CMAKE_HAVE_LIBC_PTHREAD
[10.475s] -- Performing Test CMAKE_HAVE_LIBC_PTHREAD - Success
[10.480s] -- Found Threads: TRUE  
[10.942s] -- Found cv_bridge: 3.2.1 (/opt/ros/humble/share/cv_bridge/cmake)
[12.115s] -- Configuring done
[12.202s] -- Generating done
[12.231s] -- Build files have been written to: /home/sunrise/dev_ws/build/utils
[12.340s] Invoked command in '/home/sunrise/dev_ws/build/utils' returned '0': CMAKE_PREFIX_PATH=${CMAKE_PREFIX_PATH}:/home/sunrise/dev_ws/install/racing_stage2:/home/sunrise/dev_ws/install/racing_stage1:/home/sunrise/dev_ws/install/qr_scanner:/home/sunrise/dev_ws/install/bno055:/opt/tros/humble:/opt/ros/humble /usr/bin/cmake /home/sunrise/dev_ws/src/origincar/utils -DAMENT_CMAKE_SYMLINK_INSTALL=1 -DCMAKE_INSTALL_PREFIX=/home/sunrise/dev_ws/install/utils
[12.343s] Invoking command in '/home/sunrise/dev_ws/build/utils': CMAKE_PREFIX_PATH=${CMAKE_PREFIX_PATH}:/home/sunrise/dev_ws/install/racing_stage2:/home/sunrise/dev_ws/install/racing_stage1:/home/sunrise/dev_ws/install/qr_scanner:/home/sunrise/dev_ws/install/bno055:/opt/tros/humble:/opt/ros/humble /usr/bin/cmake --build /home/sunrise/dev_ws/build/utils -- -j8 -l8
[12.631s] [ 50%] [32mBuilding CXX object CMakeFiles/image_transport_node.dir/src/image_transport_node.cpp.o[0m
[79.430s] [100%] [32m[1mLinking CXX executable image_transport_node[0m
[85.967s] [100%] Built target image_transport_node
[86.027s] Invoked command in '/home/sunrise/dev_ws/build/utils' returned '0': CMAKE_PREFIX_PATH=${CMAKE_PREFIX_PATH}:/home/sunrise/dev_ws/install/racing_stage2:/home/sunrise/dev_ws/install/racing_stage1:/home/sunrise/dev_ws/install/qr_scanner:/home/sunrise/dev_ws/install/bno055:/opt/tros/humble:/opt/ros/humble /usr/bin/cmake --build /home/sunrise/dev_ws/build/utils -- -j8 -l8
[86.036s] Invoking command in '/home/sunrise/dev_ws/build/utils': CMAKE_PREFIX_PATH=${CMAKE_PREFIX_PATH}:/home/sunrise/dev_ws/install/racing_stage2:/home/sunrise/dev_ws/install/racing_stage1:/home/sunrise/dev_ws/install/qr_scanner:/home/sunrise/dev_ws/install/bno055:/opt/tros/humble:/opt/ros/humble /usr/bin/cmake --install /home/sunrise/dev_ws/build/utils
[86.073s] -- Install configuration: ""
[86.076s] -- Execute custom install script
[86.078s] -- Symlinking: /home/sunrise/dev_ws/install/utils/lib/utils/image_transport_node
[86.123s] -- Symlinking: /home/sunrise/dev_ws/install/utils/share/ament_index/resource_index/package_run_dependencies/utils
[86.171s] -- Symlinking: /home/sunrise/dev_ws/install/utils/share/ament_index/resource_index/parent_prefix_path/utils
[86.219s] -- Symlinking: /home/sunrise/dev_ws/install/utils/share/utils/environment/ament_prefix_path.sh
[86.269s] -- Symlinking: /home/sunrise/dev_ws/install/utils/share/utils/environment/ament_prefix_path.dsv
[86.329s] -- Symlinking: /home/sunrise/dev_ws/install/utils/share/utils/environment/path.sh
[86.381s] -- Symlinking: /home/sunrise/dev_ws/install/utils/share/utils/environment/path.dsv
[86.430s] -- Symlinking: /home/sunrise/dev_ws/install/utils/share/utils/local_setup.bash
[86.480s] -- Symlinking: /home/sunrise/dev_ws/install/utils/share/utils/local_setup.sh
[86.527s] -- Symlinking: /home/sunrise/dev_ws/install/utils/share/utils/local_setup.zsh
[86.575s] -- Symlinking: /home/sunrise/dev_ws/install/utils/share/utils/local_setup.dsv
[86.621s] -- Symlinking: /home/sunrise/dev_ws/install/utils/share/utils/package.dsv
[86.667s] -- Symlinking: /home/sunrise/dev_ws/install/utils/share/ament_index/resource_index/packages/utils
[86.713s] -- Symlinking: /home/sunrise/dev_ws/install/utils/share/utils/cmake/utilsConfig.cmake
[86.763s] -- Symlinking: /home/sunrise/dev_ws/install/utils/share/utils/cmake/utilsConfig-version.cmake
[86.811s] -- Symlinking: /home/sunrise/dev_ws/install/utils/share/utils/package.xml
[86.871s] Invoked command in '/home/sunrise/dev_ws/build/utils' returned '0': CMAKE_PREFIX_PATH=${CMAKE_PREFIX_PATH}:/home/sunrise/dev_ws/install/racing_stage2:/home/sunrise/dev_ws/install/racing_stage1:/home/sunrise/dev_ws/install/qr_scanner:/home/sunrise/dev_ws/install/bno055:/opt/tros/humble:/opt/ros/humble /usr/bin/cmake --install /home/sunrise/dev_ws/build/utils
