[7.973s] Invoking command in '/home/sunrise/dev_ws/build/racing_stage2': AMENT_PREFIX_PATH=/home/sunrise/dev_ws/install/racing_stage1:/home/sunrise/dev_ws/install/qr_scanner:/home/sunrise/dev_ws/install/origincar_base:/home/sunrise/dev_ws/install/serial:/home/sunrise/dev_ws/install/racing_stage2:/home/sunrise/dev_ws/install/origincar_msg:/home/sunrise/dev_ws/install/origincar_description:/home/sunrise/dev_ws/install/origincar_bringup:/home/sunrise/dev_ws/install/lslidar_driver:/home/sunrise/dev_ws/install/lslidar_msgs:/home/sunrise/dev_ws/install/bno055:/home/sunrise/dev_ws/install/ackermann_msgs:/opt/tros/humble:/opt/ros/humble CMAKE_PREFIX_PATH=/home/sunrise/dev_ws/install/origincar_bringup:/home/sunrise/dev_ws/install/origincar_base:/home/sunrise/dev_ws/install/serial:/home/sunrise/dev_ws/install/origincar_msg:/home/sunrise/dev_ws/install/origincar_description:/home/sunrise/dev_ws/install/lslidar_driver:/home/sunrise/dev_ws/install/lslidar_msgs:/home/sunrise/dev_ws/install/ackermann_msgs PYTHONPATH=/home/sunrise/dev_ws/build/racing_stage2/prefix_override:/usr/lib/python3/dist-packages/colcon_core/task/python/colcon_distutils_commands:/home/sunrise/dev_ws/install/racing_stage2/lib/python3.10/site-packages:/home/sunrise/dev_ws/build/racing_stage1:/home/sunrise/dev_ws/install/racing_stage1/lib/python3.10/site-packages:/home/sunrise/dev_ws/build/qr_scanner:/home/sunrise/dev_ws/install/qr_scanner/lib/python3.10/site-packages:/home/sunrise/dev_ws/install/origincar_base/local/lib/python3.10/dist-packages:/home/sunrise/dev_ws/build/racing_stage2_param_test:/home/sunrise/dev_ws/install/racing_stage2_param_test/lib/python3.10/site-packages:/home/sunrise/dev_ws/build/racing_stage2:/home/sunrise/dev_ws/install/racing_stage2/lib/python3.10/site-packages:/home/sunrise/dev_ws/install/origincar_msg/local/lib/python3.10/dist-packages:/home/sunrise/dev_ws/install/lslidar_msgs/local/lib/python3.10/dist-packages:/home/sunrise/dev_ws/build/bno055:/home/sunrise/dev_ws/install/bno055/lib/python3.10/site-packages:/home/sunrise/dev_ws/install/ackermann_msgs/local/lib/python3.10/dist-packages:/opt/tros/humble/lib/python3.10/site-packages:/opt/tros/humble/local/lib/python3.10/dist-packages:/opt/ros/humble/lib/python3.10/site-packages:/opt/ros/humble/local/lib/python3.10/dist-packages /usr/bin/python3 -W ignore:setup.py install is deprecated -W ignore:easy_install command is deprecated setup.py develop --editable --build-directory /home/sunrise/dev_ws/build/racing_stage2/build --no-deps symlink_data
[10.966s] running develop
[13.046s] running egg_info
[13.047s] creating racing_stage2.egg-info
[13.048s] writing racing_stage2.egg-info/PKG-INFO
[13.050s] writing dependency_links to racing_stage2.egg-info/dependency_links.txt
[13.051s] writing entry points to racing_stage2.egg-info/entry_points.txt
[13.052s] writing requirements to racing_stage2.egg-info/requires.txt
[13.052s] writing top-level names to racing_stage2.egg-info/top_level.txt
[13.054s] writing manifest file 'racing_stage2.egg-info/SOURCES.txt'
[13.067s] reading manifest file 'racing_stage2.egg-info/SOURCES.txt'
[13.070s] writing manifest file 'racing_stage2.egg-info/SOURCES.txt'
[13.081s] running build_ext
[13.083s] Creating /home/sunrise/dev_ws/install/racing_stage2/lib/python3.10/site-packages/racing-stage2.egg-link (link to .)
[13.112s] Installing lidar_obstacle_circle_markers script to /home/sunrise/dev_ws/install/racing_stage2/lib/racing_stage2
[13.113s] Installing stage2_inertial_navigator script to /home/sunrise/dev_ws/install/racing_stage2/lib/racing_stage2
[13.114s] 
[13.115s] Installed /home/sunrise/dev_ws/build/racing_stage2
[13.116s] running symlink_data
[13.116s] creating /home/sunrise/dev_ws/install/racing_stage2/share/ament_index
[13.117s] creating /home/sunrise/dev_ws/install/racing_stage2/share/ament_index/resource_index
[13.118s] creating /home/sunrise/dev_ws/install/racing_stage2/share/ament_index/resource_index/packages
[13.118s] symbolically linking /home/sunrise/dev_ws/build/racing_stage2/resource/racing_stage2 -> /home/sunrise/dev_ws/install/racing_stage2/share/ament_index/resource_index/packages
[13.119s] symbolically linking /home/sunrise/dev_ws/build/racing_stage2/package.xml -> /home/sunrise/dev_ws/install/racing_stage2/share/racing_stage2
[13.119s] creating /home/sunrise/dev_ws/install/racing_stage2/share/racing_stage2/launch
[13.120s] symbolically linking /home/sunrise/dev_ws/build/racing_stage2/launch/competition_stage2.launch.py -> /home/sunrise/dev_ws/install/racing_stage2/share/racing_stage2/launch
[13.121s] symbolically linking /home/sunrise/dev_ws/build/racing_stage2/launch/competition_support.launch.py -> /home/sunrise/dev_ws/install/racing_stage2/share/racing_stage2/launch
[13.121s] symbolically linking /home/sunrise/dev_ws/build/racing_stage2/launch/competition_inertial.launch.py -> /home/sunrise/dev_ws/install/racing_stage2/share/racing_stage2/launch
[13.122s] creating /home/sunrise/dev_ws/install/racing_stage2/share/racing_stage2/config
[13.123s] symbolically linking /home/sunrise/dev_ws/build/racing_stage2/config/inertial_stage2.yaml -> /home/sunrise/dev_ws/install/racing_stage2/share/racing_stage2/config
[13.123s] symbolically linking /home/sunrise/dev_ws/build/racing_stage2/config/obstacle_circle_markers.yaml -> /home/sunrise/dev_ws/install/racing_stage2/share/racing_stage2/config
[13.466s] Invoked command in '/home/sunrise/dev_ws/build/racing_stage2' returned '0': AMENT_PREFIX_PATH=/home/sunrise/dev_ws/install/racing_stage1:/home/sunrise/dev_ws/install/qr_scanner:/home/sunrise/dev_ws/install/origincar_base:/home/sunrise/dev_ws/install/serial:/home/sunrise/dev_ws/install/racing_stage2:/home/sunrise/dev_ws/install/origincar_msg:/home/sunrise/dev_ws/install/origincar_description:/home/sunrise/dev_ws/install/origincar_bringup:/home/sunrise/dev_ws/install/lslidar_driver:/home/sunrise/dev_ws/install/lslidar_msgs:/home/sunrise/dev_ws/install/bno055:/home/sunrise/dev_ws/install/ackermann_msgs:/opt/tros/humble:/opt/ros/humble CMAKE_PREFIX_PATH=/home/sunrise/dev_ws/install/origincar_bringup:/home/sunrise/dev_ws/install/origincar_base:/home/sunrise/dev_ws/install/serial:/home/sunrise/dev_ws/install/origincar_msg:/home/sunrise/dev_ws/install/origincar_description:/home/sunrise/dev_ws/install/lslidar_driver:/home/sunrise/dev_ws/install/lslidar_msgs:/home/sunrise/dev_ws/install/ackermann_msgs PYTHONPATH=/home/sunrise/dev_ws/build/racing_stage2/prefix_override:/usr/lib/python3/dist-packages/colcon_core/task/python/colcon_distutils_commands:/home/sunrise/dev_ws/install/racing_stage2/lib/python3.10/site-packages:/home/sunrise/dev_ws/build/racing_stage1:/home/sunrise/dev_ws/install/racing_stage1/lib/python3.10/site-packages:/home/sunrise/dev_ws/build/qr_scanner:/home/sunrise/dev_ws/install/qr_scanner/lib/python3.10/site-packages:/home/sunrise/dev_ws/install/origincar_base/local/lib/python3.10/dist-packages:/home/sunrise/dev_ws/build/racing_stage2_param_test:/home/sunrise/dev_ws/install/racing_stage2_param_test/lib/python3.10/site-packages:/home/sunrise/dev_ws/build/racing_stage2:/home/sunrise/dev_ws/install/racing_stage2/lib/python3.10/site-packages:/home/sunrise/dev_ws/install/origincar_msg/local/lib/python3.10/dist-packages:/home/sunrise/dev_ws/install/lslidar_msgs/local/lib/python3.10/dist-packages:/home/sunrise/dev_ws/build/bno055:/home/sunrise/dev_ws/install/bno055/lib/python3.10/site-packages:/home/sunrise/dev_ws/install/ackermann_msgs/local/lib/python3.10/dist-packages:/opt/tros/humble/lib/python3.10/site-packages:/opt/tros/humble/local/lib/python3.10/dist-packages:/opt/ros/humble/lib/python3.10/site-packages:/opt/ros/humble/local/lib/python3.10/dist-packages /usr/bin/python3 -W ignore:setup.py install is deprecated -W ignore:easy_install command is deprecated setup.py develop --editable --build-directory /home/sunrise/dev_ws/build/racing_stage2/build --no-deps symlink_data
