[0.000000] (-) TimerEvent: {}
[0.000419] (-) JobUnselected: {'identifier': 'ackermann_msgs'}
[0.000999] (-) JobUnselected: {'identifier': 'bno055'}
[0.001936] (-) JobUnselected: {'identifier': 'line_follower_pkg'}
[0.002624] (-) JobUnselected: {'identifier': 'lslidar_driver'}
[0.003375] (-) JobUnselected: {'identifier': 'lslidar_msgs'}
[0.003629] (-) JobUnselected: {'identifier': 'origincar_base'}
[0.003823] (-) JobUnselected: {'identifier': 'origincar_bringup'}
[0.004014] (-) JobUnselected: {'identifier': 'origincar_description'}
[0.004205] (-) JobUnselected: {'identifier': 'origincar_msg'}
[0.004396] (-) JobUnselected: {'identifier': 'qr_scanner'}
[0.004583] (-) JobUnselected: {'identifier': 'racing_bringup'}
[0.004799] (-) JobUnselected: {'identifier': 'racing_stage1'}
[0.005062] (-) JobUnselected: {'identifier': 'racing_stage2'}
[0.005475] (-) JobUnselected: {'identifier': 'racing_stage3'}
[0.005654] (-) JobUnselected: {'identifier': 'racing_stage3_param_test'}
[0.005798] (-) JobUnselected: {'identifier': 'racing_vision_ai'}
[0.006124] (-) JobUnselected: {'identifier': 'serial'}
[0.006349] (-) JobUnselected: {'identifier': 'simple_avoidance'}
[0.006491] (-) JobUnselected: {'identifier': 'utils'}
[0.006614] (-) JobUnselected: {'identifier': 'voice_driver'}
[0.006744] (racing_stage2_param_test) JobQueued: {'identifier': 'racing_stage2_param_test', 'dependencies': OrderedDict([('ackermann_msgs', '/home/sunrise/dev_ws/install/ackermann_msgs'), ('bno055', '/home/sunrise/dev_ws/install/bno055'), ('lslidar_msgs', '/home/sunrise/dev_ws/install/lslidar_msgs'), ('origincar_bringup', '/home/sunrise/dev_ws/install/origincar_bringup'), ('origincar_description', '/home/sunrise/dev_ws/install/origincar_description'), ('origincar_msg', '/home/sunrise/dev_ws/install/origincar_msg'), ('qr_scanner', '/home/sunrise/dev_ws/install/qr_scanner'), ('serial', '/home/sunrise/dev_ws/install/serial'), ('lslidar_driver', '/home/sunrise/dev_ws/install/lslidar_driver'), ('origincar_base', '/home/sunrise/dev_ws/install/origincar_base'), ('racing_stage1', '/home/sunrise/dev_ws/install/racing_stage1'), ('racing_stage2', '/home/sunrise/dev_ws/install/racing_stage2')])}
[0.006997] (racing_stage2_param_test) JobStarted: {'identifier': 'racing_stage2_param_test'}
[0.098742] (-) TimerEvent: {}
[0.199245] (-) TimerEvent: {}
[0.299681] (-) TimerEvent: {}
[0.400075] (-) TimerEvent: {}
[0.500445] (-) TimerEvent: {}
[0.600869] (-) TimerEvent: {}
[0.701284] (-) TimerEvent: {}
[0.801677] (-) TimerEvent: {}
[0.902062] (-) TimerEvent: {}
[1.002463] (-) TimerEvent: {}
[1.102876] (-) TimerEvent: {}
[1.203250] (-) TimerEvent: {}
[1.303643] (-) TimerEvent: {}
[1.404015] (-) TimerEvent: {}
[1.504375] (-) TimerEvent: {}
[1.604730] (-) TimerEvent: {}
[1.705140] (-) TimerEvent: {}
[1.805580] (-) TimerEvent: {}
[1.906089] (-) TimerEvent: {}
[2.006596] (-) TimerEvent: {}
[2.107049] (-) TimerEvent: {}
[2.207445] (-) TimerEvent: {}
[2.307866] (-) TimerEvent: {}
[2.408329] (-) TimerEvent: {}
[2.508781] (-) TimerEvent: {}
[2.609194] (-) TimerEvent: {}
[2.709587] (-) TimerEvent: {}
[2.809958] (-) TimerEvent: {}
[2.910339] (-) TimerEvent: {}
[3.010738] (-) TimerEvent: {}
[3.111157] (-) TimerEvent: {}
[3.211579] (-) TimerEvent: {}
[3.311976] (-) TimerEvent: {}
[3.412368] (-) TimerEvent: {}
[3.512799] (-) TimerEvent: {}
[3.613250] (-) TimerEvent: {}
[3.713682] (-) TimerEvent: {}
[3.814084] (-) TimerEvent: {}
[3.914460] (-) TimerEvent: {}
[4.014877] (-) TimerEvent: {}
[4.115354] (-) TimerEvent: {}
[4.215834] (-) TimerEvent: {}
[4.315727] (racing_stage2_param_test) Command: {'cmd': ['/usr/bin/python3', '-W', 'ignore:setup.py install is deprecated', '-W', 'ignore:easy_install command is deprecated', 'setup.py', 'develop', '--editable', '--build-directory', '/home/sunrise/dev_ws/build/racing_stage2_param_test/build', '--no-deps', 'symlink_data'], 'cwd': '/home/sunrise/dev_ws/build/racing_stage2_param_test', 'env': {'LANGUAGE': 'en_US.UTF-8', 'USER': 'sunrise', 'SSH_CLIENT': '10.147.109.1 3006 22', 'XDG_SESSION_TYPE': 'tty', 'SHLVL': '0', 'LD_LIBRARY_PATH': '/home/sunrise/dev_ws/install/origincar_base/lib:/home/sunrise/dev_ws/install/serial/lib:/home/sunrise/dev_ws/install/origincar_msg/lib:/home/sunrise/dev_ws/install/lslidar_msgs/lib:/home/sunrise/dev_ws/install/ackermann_msgs/lib:/opt/ros/humble/opt/rviz_ogre_vendor/lib:/opt/ros/humble/lib/aarch64-linux-gnu:/opt/ros/humble/lib', 'MOTD_SHOWN': 'pam', 'HOME': '/home/sunrise', 'OLDPWD': '/home/sunrise', 'ROS_PYTHON_VERSION': '3', 'DBUS_SESSION_BUS_ADDRESS': 'unix:path=/run/user/1000/bus', 'ROS_DISTRO': 'humble', 'LOGNAME': 'sunrise', '_': '/usr/bin/colcon', 'ROS_VERSION': '2', 'XDG_SESSION_CLASS': 'user', 'XDG_SESSION_ID': '48', 'ROS_LOCALHOST_ONLY': '0', 'PATH': '/opt/ros/humble/bin:/usr/local/sbin:/usr/local/bin:/usr/sbin:/usr/bin:/sbin:/bin:/usr/games:/usr/local/games:/snap/bin', 'XDG_RUNTIME_DIR': '/run/user/1000', 'LANG': 'en_US.UTF-8', 'AMENT_PREFIX_PATH': '/home/sunrise/dev_ws/install/racing_stage2:/home/sunrise/dev_ws/install/racing_stage1:/home/sunrise/dev_ws/install/origincar_base:/home/sunrise/dev_ws/install/lslidar_driver:/home/sunrise/dev_ws/install/serial:/home/sunrise/dev_ws/install/qr_scanner:/home/sunrise/dev_ws/install/origincar_msg:/home/sunrise/dev_ws/install/origincar_description:/home/sunrise/dev_ws/install/origincar_bringup:/home/sunrise/dev_ws/install/lslidar_msgs:/home/sunrise/dev_ws/install/bno055:/home/sunrise/dev_ws/install/ackermann_msgs:/opt/ros/humble', 'SHELL': '/bin/bash', 'PWD': '/home/sunrise/dev_ws/build/racing_stage2_param_test', 'SSH_CONNECTION': '10.147.109.1 3006 10.147.109.8 22', 'PYTHONPATH': '/home/sunrise/dev_ws/build/racing_stage2_param_test/prefix_override:/usr/lib/python3/dist-packages/colcon_core/task/python/colcon_distutils_commands:/home/sunrise/dev_ws/install/racing_stage2_param_test/lib/python3.10/site-packages:/home/sunrise/dev_ws/build/racing_stage2:/home/sunrise/dev_ws/install/racing_stage2/lib/python3.10/site-packages:/home/sunrise/dev_ws/build/racing_stage1:/home/sunrise/dev_ws/install/racing_stage1/lib/python3.10/site-packages:/home/sunrise/dev_ws/install/origincar_base/local/lib/python3.10/dist-packages:/home/sunrise/dev_ws/build/qr_scanner:/home/sunrise/dev_ws/install/qr_scanner/lib/python3.10/site-packages:/home/sunrise/dev_ws/install/origincar_msg/local/lib/python3.10/dist-packages:/home/sunrise/dev_ws/install/lslidar_msgs/local/lib/python3.10/dist-packages:/home/sunrise/dev_ws/build/bno055:/home/sunrise/dev_ws/install/bno055/lib/python3.10/site-packages:/home/sunrise/dev_ws/install/ackermann_msgs/local/lib/python3.10/dist-packages:/opt/ros/humble/lib/python3.10/site-packages:/opt/ros/humble/local/lib/python3.10/dist-packages', 'COLCON': '1', 'CMAKE_PREFIX_PATH': '/home/sunrise/dev_ws/install/origincar_base:/home/sunrise/dev_ws/install/lslidar_driver:/home/sunrise/dev_ws/install/serial:/home/sunrise/dev_ws/install/origincar_msg:/home/sunrise/dev_ws/install/origincar_description:/home/sunrise/dev_ws/install/origincar_bringup:/home/sunrise/dev_ws/install/lslidar_msgs:/home/sunrise/dev_ws/install/ackermann_msgs'}, 'shell': False}
[4.324389] (-) TimerEvent: {}
[4.424727] (-) TimerEvent: {}
[4.525140] (-) TimerEvent: {}
[4.625531] (-) TimerEvent: {}
[4.725903] (-) TimerEvent: {}
[4.826269] (-) TimerEvent: {}
[4.926635] (-) TimerEvent: {}
[5.027036] (-) TimerEvent: {}
[5.127465] (-) TimerEvent: {}
[5.227864] (-) TimerEvent: {}
[5.328239] (-) TimerEvent: {}
[5.428599] (-) TimerEvent: {}
[5.528987] (-) TimerEvent: {}
[5.629369] (-) TimerEvent: {}
[5.729741] (-) TimerEvent: {}
[5.830095] (-) TimerEvent: {}
[5.930451] (-) TimerEvent: {}
[6.030843] (-) TimerEvent: {}
[6.050443] (racing_stage2_param_test) StdoutLine: {'line': b'running develop\n'}
[6.131016] (-) TimerEvent: {}
[6.231410] (-) TimerEvent: {}
[6.331781] (-) TimerEvent: {}
[6.432152] (-) TimerEvent: {}
[6.532546] (-) TimerEvent: {}
[6.632949] (-) TimerEvent: {}
[6.733333] (-) TimerEvent: {}
[6.833775] (-) TimerEvent: {}
[6.934184] (-) TimerEvent: {}
[7.034594] (-) TimerEvent: {}
[7.135019] (-) TimerEvent: {}
[7.171516] (racing_stage2_param_test) StdoutLine: {'line': b'running egg_info\n'}
[7.172693] (racing_stage2_param_test) StdoutLine: {'line': b'writing racing_stage2_param_test.egg-info/PKG-INFO\n'}
[7.173979] (racing_stage2_param_test) StdoutLine: {'line': b'writing dependency_links to racing_stage2_param_test.egg-info/dependency_links.txt\n'}
[7.175146] (racing_stage2_param_test) StdoutLine: {'line': b'writing entry points to racing_stage2_param_test.egg-info/entry_points.txt\n'}
[7.176026] (racing_stage2_param_test) StdoutLine: {'line': b'writing requirements to racing_stage2_param_test.egg-info/requires.txt\n'}
[7.176869] (racing_stage2_param_test) StdoutLine: {'line': b'writing top-level names to racing_stage2_param_test.egg-info/top_level.txt\n'}
[7.187760] (racing_stage2_param_test) StdoutLine: {'line': b"reading manifest file 'racing_stage2_param_test.egg-info/SOURCES.txt'\n"}
[7.193603] (racing_stage2_param_test) StdoutLine: {'line': b"writing manifest file 'racing_stage2_param_test.egg-info/SOURCES.txt'\n"}
[7.202750] (racing_stage2_param_test) StdoutLine: {'line': b'running build_ext\n'}
[7.203977] (racing_stage2_param_test) StdoutLine: {'line': b'Creating /home/sunrise/dev_ws/install/racing_stage2_param_test/lib/python3.10/site-packages/racing-stage2-param-test.egg-link (link to .)\n'}
[7.208615] (racing_stage2_param_test) StdoutLine: {'line': b'Installing avoidance_straight_tester script to /home/sunrise/dev_ws/install/racing_stage2_param_test/lib/racing_stage2_param_test\n'}
[7.209573] (racing_stage2_param_test) StdoutLine: {'line': b'Installing camera_video_recorder script to /home/sunrise/dev_ws/install/racing_stage2_param_test/lib/racing_stage2_param_test\n'}
[7.210390] (racing_stage2_param_test) StdoutLine: {'line': b'Installing data_recorder script to /home/sunrise/dev_ws/install/racing_stage2_param_test/lib/racing_stage2_param_test\n'}
[7.211450] (racing_stage2_param_test) StdoutLine: {'line': b'Installing direct_inertial_tester script to /home/sunrise/dev_ws/install/racing_stage2_param_test/lib/racing_stage2_param_test\n'}
[7.212238] (racing_stage2_param_test) StdoutLine: {'line': b'Installing twist_cmd_relay script to /home/sunrise/dev_ws/install/racing_stage2_param_test/lib/racing_stage2_param_test\n'}
[7.212742] (racing_stage2_param_test) StdoutLine: {'line': b'Installing vision_inertial_tester script to /home/sunrise/dev_ws/install/racing_stage2_param_test/lib/racing_stage2_param_test\n'}
[7.213856] (racing_stage2_param_test) StdoutLine: {'line': b'\n'}
[7.214338] (racing_stage2_param_test) StdoutLine: {'line': b'Installed /home/sunrise/dev_ws/build/racing_stage2_param_test\n'}
[7.214833] (racing_stage2_param_test) StdoutLine: {'line': b'running symlink_data\n'}
[7.235196] (-) TimerEvent: {}
[7.335700] (-) TimerEvent: {}
[7.436251] (-) TimerEvent: {}
[7.457390] (racing_stage2_param_test) CommandEnded: {'returncode': 0}
[7.536668] (-) TimerEvent: {}
[7.538305] (racing_stage2_param_test) JobEnded: {'identifier': 'racing_stage2_param_test', 'rc': 0}
[7.540803] (-) EventReactorShutdown: {}
