[0.000000] (-) TimerEvent: {}
[0.000458] (-) JobUnselected: {'identifier': 'ackermann_msgs'}
[0.001237] (-) JobUnselected: {'identifier': 'bno055'}
[0.002465] (-) JobUnselected: {'identifier': 'line_follower_pkg'}
[0.003321] (-) JobUnselected: {'identifier': 'lslidar_driver'}
[0.003555] (-) JobUnselected: {'identifier': 'lslidar_msgs'}
[0.003748] (-) JobUnselected: {'identifier': 'origincar_base'}
[0.003938] (-) JobUnselected: {'identifier': 'origincar_bringup'}
[0.004123] (-) JobUnselected: {'identifier': 'origincar_description'}
[0.004307] (-) JobUnselected: {'identifier': 'origincar_msg'}
[0.004491] (-) JobUnselected: {'identifier': 'qr_scanner'}
[0.004674] (-) JobUnselected: {'identifier': 'racing_bringup'}
[0.004856] (-) JobUnselected: {'identifier': 'racing_stage1'}
[0.005038] (-) JobUnselected: {'identifier': 'racing_stage2'}
[0.005219] (-) JobUnselected: {'identifier': 'racing_stage3'}
[0.005400] (-) JobUnselected: {'identifier': 'racing_stage3_param_test'}
[0.005583] (-) JobUnselected: {'identifier': 'racing_vision_ai'}
[0.005765] (-) JobUnselected: {'identifier': 'serial'}
[0.005946] (-) JobUnselected: {'identifier': 'simple_avoidance'}
[0.006136] (-) JobUnselected: {'identifier': 'utils'}
[0.006322] (-) JobUnselected: {'identifier': 'voice_driver'}
[0.006518] (racing_stage2_param_test) JobQueued: {'identifier': 'racing_stage2_param_test', 'dependencies': OrderedDict()}
[0.006719] (racing_stage2_param_test) JobStarted: {'identifier': 'racing_stage2_param_test'}
[0.098390] (-) TimerEvent: {}
[0.198789] (-) TimerEvent: {}
[0.299205] (-) TimerEvent: {}
[0.399701] (-) TimerEvent: {}
[0.500127] (-) TimerEvent: {}
[0.600537] (-) TimerEvent: {}
[0.700936] (-) TimerEvent: {}
[0.801323] (-) TimerEvent: {}
[0.901692] (-) TimerEvent: {}
[1.002159] (-) TimerEvent: {}
[1.102686] (-) TimerEvent: {}
[1.203182] (-) TimerEvent: {}
[1.303705] (-) TimerEvent: {}
[1.404232] (-) TimerEvent: {}
[1.504674] (-) TimerEvent: {}
[1.605140] (-) TimerEvent: {}
[1.705623] (-) TimerEvent: {}
[1.806098] (-) TimerEvent: {}
[1.906580] (-) TimerEvent: {}
[2.007094] (-) TimerEvent: {}
[2.107669] (-) TimerEvent: {}
[2.208174] (-) TimerEvent: {}
[2.308648] (-) TimerEvent: {}
[2.409097] (-) TimerEvent: {}
[2.509589] (-) TimerEvent: {}
[2.610043] (-) TimerEvent: {}
[2.710498] (-) TimerEvent: {}
[2.810961] (-) TimerEvent: {}
[2.911450] (-) TimerEvent: {}
[3.011932] (-) TimerEvent: {}
[3.112406] (-) TimerEvent: {}
[3.212879] (-) TimerEvent: {}
[3.313336] (-) TimerEvent: {}
[3.413795] (-) TimerEvent: {}
[3.514246] (-) TimerEvent: {}
[3.614718] (-) TimerEvent: {}
[3.715192] (-) TimerEvent: {}
[3.815650] (-) TimerEvent: {}
[3.916126] (-) TimerEvent: {}
[4.016583] (-) TimerEvent: {}
[4.117043] (-) TimerEvent: {}
[4.217514] (-) TimerEvent: {}
[4.317966] (-) TimerEvent: {}
[4.418407] (-) TimerEvent: {}
[4.518905] (-) TimerEvent: {}
[4.619460] (-) TimerEvent: {}
[4.719998] (-) TimerEvent: {}
[4.764836] (racing_stage2_param_test) Command: {'cmd': ['/usr/bin/python3', '-W', 'ignore:setup.py install is deprecated', '-W', 'ignore:easy_install command is deprecated', 'setup.py', 'egg_info', '--egg-base', '../../../build/racing_stage2_param_test', 'build', '--build-base', '/home/sunrise/dev_ws/build/racing_stage2_param_test/build', 'install', '--record', '/home/sunrise/dev_ws/build/racing_stage2_param_test/install.log', '--single-version-externally-managed', 'install_data'], 'cwd': '/home/sunrise/dev_ws/src/racing/racing_stage2_param_test', 'env': {'VSCODE_CWD': '/home/sunrise', 'VSCODE_ESM_ENTRYPOINT': 'vs/workbench/api/node/extensionHostProcess', 'LANGUAGE': 'en_US.UTF-8', 'USER': 'sunrise', 'SSH_CLIENT': '10.119.156.1 35775 22', 'VSCODE_NLS_CONFIG': '{"userLocale":"en","osLocale":"en","resolvedLanguage":"en","defaultMessagesFile":"/home/sunrise/.cursor-server/bin/linux-arm64/aac81804b986d739acab348ed96b8bea6e83cc50/out/nls.messages.json","locale":"en","availableLanguages":{}}', 'VSCODE_HANDLES_UNCAUGHT_ERRORS': 'true', 'XDG_SESSION_TYPE': 'tty', 'SHLVL': '0', 'LD_LIBRARY_PATH': '/home/sunrise/dev_ws/install/voice_driver/lib:/usr/hobot/lib:/app/lib:/app/pub/lib:/middleware/lib:/middleware/pub/lib:/usr/hobot/lib/sensor:/system/lib:/system/usr/lib:/lib:/home/sunrise/dev_ws/install/origincar_base/lib:/home/sunrise/dev_ws/install/serial/lib:/home/sunrise/dev_ws/install/origincar_msg/lib:/home/sunrise/dev_ws/install/lslidar_msgs/lib:/home/sunrise/dev_ws/install/ackermann_msgs/lib:/opt/tros/humble/lib/aarch64-linux-gnu:/opt/tros/humble/lib:/opt/ros/humble/opt/rviz_ogre_vendor/lib:/opt/ros/humble/lib/aarch64-linux-gnu:/opt/ros/humble/lib:/usr/hobot/lib:/app/lib:/app/pub/lib:/middleware/lib:/middleware/pub/lib:/usr/hobot/lib/sensor:/system/lib:/system/usr/lib:/lib:/usr/hobot/lib:/app/lib:/app/pub/lib:/middleware/lib:/middleware/pub/lib:/usr/hobot/lib/sensor:/system/lib:/system/usr/lib:/lib:', 'BROWSER': '/home/sunrise/.cursor-server/bin/linux-arm64/aac81804b986d739acab348ed96b8bea6e83cc50/bin/helpers/browser.sh', 'MOTD_SHOWN': 'pam', 'HOME': '/home/sunrise', 'OLDPWD': '/home/sunrise/dev_ws/install', 'VSCODE_IPC_HOOK_CLI': '/run/user/1000/vscode-ipc-4d22c997-93ab-4d22-a85f-80a1014e6439.sock', 'ROS_PYTHON_VERSION': '3', 'NO_COLOR': '1', 'DBUS_SESSION_BUS_ADDRESS': 'unix:path=/run/user/1000/bus', 'TROS_DISTRO': 'humble', 'VSCODE_L10N_BUNDLE_LOCATION': '', 'COLCON_PREFIX_PATH': '/home/sunrise/dev_ws/install', 'ROS_DISTRO': 'humble', 'OVSX_REGISTRY_URL': 'https://open-vsx.org', 'LOGNAME': 'sunrise', 'FORCE_COLOR': '0', 'VSCODE_HANDLES_SIGPIPE': 'true', '_': '/usr/bin/colcon', 'ROS_VERSION': '2', 'CURSOR_LAYOUT': 'unifiedAgent', 'XDG_SESSION_CLASS': 'user', 'TERM': 'dumb', 'XDG_SESSION_ID': '3', 'ROS_LOCALHOST_ONLY': '0', 'PATH': '/home/sunrise/.local/bin:/usr/hobot/bin/:/home/sunrise/.cursor-server/bin/linux-arm64/aac81804b986d739acab348ed96b8bea6e83cc50:/home/sunrise/.cursor-server/bin/linux-arm64/aac81804b986d739acab348ed96b8bea6e83cc50/bin/remote-cli:/home/sunrise/.local/bin:/opt/tros/humble/bin:/opt/ros/humble/bin:/usr/hobot/bin/:/home/sunrise/.cursor-server/bin/linux-arm64/aac81804b986d739acab348ed96b8bea6e83cc50/bin/remote-cli:/home/sunrise/.local/bin:/usr/hobot/bin/:/usr/local/sbin:/usr/local/bin:/usr/sbin:/usr/bin:/sbin:/bin:/usr/games:/usr/local/games:/snap/bin', 'VSCODE_AGENT_FOLDER': '/home/sunrise/.cursor-server', 'XDG_RUNTIME_DIR': '/run/user/1000', 'CURSOR_AGENT': '1', 'LANG': 'en_US.UTF-8', 'LS_COLORS': '', 'AMENT_PREFIX_PATH': '/home/sunrise/dev_ws/install/voice_driver:/home/sunrise/dev_ws/install/utils:/home/sunrise/dev_ws/install/simple_avoidance:/home/sunrise/dev_ws/install/racing_vision_ai:/home/sunrise/dev_ws/install/racing_stage3_param_test:/home/sunrise/dev_ws/install/racing_bringup:/home/sunrise/dev_ws/install/racing_stage3:/home/sunrise/dev_ws/install/line_follower_pkg:/home/sunrise/dev_ws/install/origincar_base:/home/sunrise/dev_ws/install/serial:/home/sunrise/dev_ws/install/racing_stage2:/home/sunrise/dev_ws/install/racing_stage1:/home/sunrise/dev_ws/install/qr_scanner:/home/sunrise/dev_ws/install/origincar_msg:/home/sunrise/dev_ws/install/origincar_description:/home/sunrise/dev_ws/install/origincar_bringup:/home/sunrise/dev_ws/install/lslidar_driver:/home/sunrise/dev_ws/install/lslidar_msgs:/home/sunrise/dev_ws/install/bno055:/home/sunrise/dev_ws/install/ackermann_msgs:/opt/tros/humble:/opt/ros/humble', 'SHELL': '/bin/bash', 'VSCODE_SERVER_SHUTDOWN_TIMEOUT': '300', 'PWD': '/home/sunrise/dev_ws/build/racing_stage2_param_test', 'SSH_CONNECTION': '10.119.156.1 35775 10.119.156.8 22', 'PYTHONPATH': '/home/sunrise/dev_ws/build/racing_stage2_param_test/prefix_override:/usr/lib/python3/dist-packages/colcon_core/task/python/colcon_distutils_commands:/home/sunrise/dev_ws/install/racing_stage2_param_test/lib/python3.10/site-packages:/home/sunrise/dev_ws/install/voice_driver/local/lib/python3.10/dist-packages:/home/sunrise/dev_ws/build/simple_avoidance:/home/sunrise/dev_ws/install/simple_avoidance/lib/python3.10/site-packages:/home/sunrise/dev_ws/build/racing_vision_ai:/home/sunrise/dev_ws/install/racing_vision_ai/lib/python3.10/site-packages:/home/sunrise/dev_ws/build/racing_stage3_param_test:/home/sunrise/dev_ws/install/racing_stage3_param_test/lib/python3.10/site-packages:/home/sunrise/dev_ws/build/racing_bringup:/home/sunrise/dev_ws/install/racing_bringup/lib/python3.10/site-packages:/home/sunrise/dev_ws/build/racing_stage3:/home/sunrise/dev_ws/install/racing_stage3/lib/python3.10/site-packages:/home/sunrise/dev_ws/build/line_follower_pkg:/home/sunrise/dev_ws/install/line_follower_pkg/lib/python3.10/site-packages:/home/sunrise/dev_ws/install/origincar_base/local/lib/python3.10/dist-packages:/home/sunrise/dev_ws/build/racing_stage2_param_test:/home/sunrise/dev_ws/install/racing_stage2_param_test/lib/python3.10/site-packages:/home/sunrise/dev_ws/build/racing_stage2:/home/sunrise/dev_ws/install/racing_stage2/lib/python3.10/site-packages:/home/sunrise/dev_ws/build/racing_stage1:/home/sunrise/dev_ws/install/racing_stage1/lib/python3.10/site-packages:/home/sunrise/dev_ws/build/qr_scanner:/home/sunrise/dev_ws/install/qr_scanner/lib/python3.10/site-packages:/home/sunrise/dev_ws/install/origincar_msg/local/lib/python3.10/dist-packages:/home/sunrise/dev_ws/install/lslidar_msgs/local/lib/python3.10/dist-packages:/home/sunrise/dev_ws/build/bno055:/home/sunrise/dev_ws/install/bno055/lib/python3.10/site-packages:/home/sunrise/dev_ws/install/ackermann_msgs/local/lib/python3.10/dist-packages:/opt/tros/humble/lib/python3.10/site-packages:/opt/tros/humble/local/lib/python3.10/dist-packages:/opt/ros/humble/lib/python3.10/site-packages:/opt/ros/humble/local/lib/python3.10/dist-packages', 'COLCON': '1', '_ZO_DOCTOR': '0', 'CMAKE_PREFIX_PATH': '/home/sunrise/dev_ws/install/voice_driver:/home/sunrise/dev_ws/install/utils:/home/sunrise/dev_ws/install/origincar_base:/home/sunrise/dev_ws/install/serial:/home/sunrise/dev_ws/install/origincar_msg:/home/sunrise/dev_ws/install/origincar_description:/home/sunrise/dev_ws/install/origincar_bringup:/home/sunrise/dev_ws/install/lslidar_driver:/home/sunrise/dev_ws/install/lslidar_msgs:/home/sunrise/dev_ws/install/ackermann_msgs'}, 'shell': False}
[4.820165] (-) TimerEvent: {}
[4.920614] (-) TimerEvent: {}
[5.021072] (-) TimerEvent: {}
[5.121534] (-) TimerEvent: {}
[5.222020] (-) TimerEvent: {}
[5.322515] (-) TimerEvent: {}
[5.422990] (-) TimerEvent: {}
[5.523453] (-) TimerEvent: {}
[5.623911] (-) TimerEvent: {}
[5.724366] (-) TimerEvent: {}
[5.824829] (-) TimerEvent: {}
[5.925303] (-) TimerEvent: {}
[6.025752] (-) TimerEvent: {}
[6.126209] (-) TimerEvent: {}
[6.226662] (-) TimerEvent: {}
[6.327123] (-) TimerEvent: {}
[6.427585] (-) TimerEvent: {}
[6.528040] (-) TimerEvent: {}
[6.628497] (-) TimerEvent: {}
[6.633465] (racing_stage2_param_test) StdoutLine: {'line': b'running egg_info\n'}
[6.637166] (racing_stage2_param_test) StdoutLine: {'line': b'creating ../../../build/racing_stage2_param_test/racing_stage2_param_test.egg-info\n'}
[6.638537] (racing_stage2_param_test) StdoutLine: {'line': b'writing ../../../build/racing_stage2_param_test/racing_stage2_param_test.egg-info/PKG-INFO\n'}
[6.639828] (racing_stage2_param_test) StdoutLine: {'line': b'writing dependency_links to ../../../build/racing_stage2_param_test/racing_stage2_param_test.egg-info/dependency_links.txt\n'}
[6.640694] (racing_stage2_param_test) StdoutLine: {'line': b'writing entry points to ../../../build/racing_stage2_param_test/racing_stage2_param_test.egg-info/entry_points.txt\n'}
[6.641761] (racing_stage2_param_test) StdoutLine: {'line': b'writing requirements to ../../../build/racing_stage2_param_test/racing_stage2_param_test.egg-info/requires.txt\n'}
[6.642221] (racing_stage2_param_test) StdoutLine: {'line': b'writing top-level names to ../../../build/racing_stage2_param_test/racing_stage2_param_test.egg-info/top_level.txt\n'}
[6.642949] (racing_stage2_param_test) StdoutLine: {'line': b"writing manifest file '../../../build/racing_stage2_param_test/racing_stage2_param_test.egg-info/SOURCES.txt'\n"}
[6.654638] (racing_stage2_param_test) StdoutLine: {'line': b"reading manifest file '../../../build/racing_stage2_param_test/racing_stage2_param_test.egg-info/SOURCES.txt'\n"}
[6.659701] (racing_stage2_param_test) StdoutLine: {'line': b"writing manifest file '../../../build/racing_stage2_param_test/racing_stage2_param_test.egg-info/SOURCES.txt'\n"}
[6.660847] (racing_stage2_param_test) StdoutLine: {'line': b'running build\n'}
[6.662527] (racing_stage2_param_test) StdoutLine: {'line': b'running build_py\n'}
[6.663314] (racing_stage2_param_test) StdoutLine: {'line': b'creating /home/sunrise/dev_ws/build/racing_stage2_param_test/build\n'}
[6.663793] (racing_stage2_param_test) StdoutLine: {'line': b'creating /home/sunrise/dev_ws/build/racing_stage2_param_test/build/lib\n'}
[6.664818] (racing_stage2_param_test) StdoutLine: {'line': b'creating /home/sunrise/dev_ws/build/racing_stage2_param_test/build/lib/racing_stage2_param_test\n'}
[6.665576] (racing_stage2_param_test) StdoutLine: {'line': b'copying racing_stage2_param_test/twist_cmd_relay.py -> /home/sunrise/dev_ws/build/racing_stage2_param_test/build/lib/racing_stage2_param_test\n'}
[6.666039] (racing_stage2_param_test) StdoutLine: {'line': b'copying racing_stage2_param_test/direct_inertial_tester.py -> /home/sunrise/dev_ws/build/racing_stage2_param_test/build/lib/racing_stage2_param_test\n'}
[6.666482] (racing_stage2_param_test) StdoutLine: {'line': b'copying racing_stage2_param_test/__init__.py -> /home/sunrise/dev_ws/build/racing_stage2_param_test/build/lib/racing_stage2_param_test\n'}
[6.667220] (racing_stage2_param_test) StdoutLine: {'line': b'copying racing_stage2_param_test/cmd_vel_stop.py -> /home/sunrise/dev_ws/build/racing_stage2_param_test/build/lib/racing_stage2_param_test\n'}
[6.667655] (racing_stage2_param_test) StdoutLine: {'line': b'copying racing_stage2_param_test/avoidance_straight_tester.py -> /home/sunrise/dev_ws/build/racing_stage2_param_test/build/lib/racing_stage2_param_test\n'}
[6.668087] (racing_stage2_param_test) StdoutLine: {'line': b'running install\n'}
[6.668802] (racing_stage2_param_test) StdoutLine: {'line': b'running install_lib\n'}
[6.672900] (racing_stage2_param_test) StdoutLine: {'line': b'creating /home/sunrise/dev_ws/install/racing_stage2_param_test/lib/python3.10/site-packages/racing_stage2_param_test\n'}
[6.674081] (racing_stage2_param_test) StdoutLine: {'line': b'copying /home/sunrise/dev_ws/build/racing_stage2_param_test/build/lib/racing_stage2_param_test/twist_cmd_relay.py -> /home/sunrise/dev_ws/install/racing_stage2_param_test/lib/python3.10/site-packages/racing_stage2_param_test\n'}
[6.674594] (racing_stage2_param_test) StdoutLine: {'line': b'copying /home/sunrise/dev_ws/build/racing_stage2_param_test/build/lib/racing_stage2_param_test/direct_inertial_tester.py -> /home/sunrise/dev_ws/install/racing_stage2_param_test/lib/python3.10/site-packages/racing_stage2_param_test\n'}
[6.675370] (racing_stage2_param_test) StdoutLine: {'line': b'copying /home/sunrise/dev_ws/build/racing_stage2_param_test/build/lib/racing_stage2_param_test/__init__.py -> /home/sunrise/dev_ws/install/racing_stage2_param_test/lib/python3.10/site-packages/racing_stage2_param_test\n'}
[6.676384] (racing_stage2_param_test) StdoutLine: {'line': b'copying /home/sunrise/dev_ws/build/racing_stage2_param_test/build/lib/racing_stage2_param_test/cmd_vel_stop.py -> /home/sunrise/dev_ws/install/racing_stage2_param_test/lib/python3.10/site-packages/racing_stage2_param_test\n'}
[6.676848] (racing_stage2_param_test) StdoutLine: {'line': b'copying /home/sunrise/dev_ws/build/racing_stage2_param_test/build/lib/racing_stage2_param_test/avoidance_straight_tester.py -> /home/sunrise/dev_ws/install/racing_stage2_param_test/lib/python3.10/site-packages/racing_stage2_param_test\n'}
[6.680999] (racing_stage2_param_test) StdoutLine: {'line': b'byte-compiling /home/sunrise/dev_ws/install/racing_stage2_param_test/lib/python3.10/site-packages/racing_stage2_param_test/twist_cmd_relay.py to twist_cmd_relay.cpython-310.pyc\n'}
[6.684424] (racing_stage2_param_test) StdoutLine: {'line': b'byte-compiling /home/sunrise/dev_ws/install/racing_stage2_param_test/lib/python3.10/site-packages/racing_stage2_param_test/direct_inertial_tester.py to direct_inertial_tester.cpython-310.pyc\n'}
[6.728718] (-) TimerEvent: {}
[6.732190] (racing_stage2_param_test) StdoutLine: {'line': b'byte-compiling /home/sunrise/dev_ws/install/racing_stage2_param_test/lib/python3.10/site-packages/racing_stage2_param_test/__init__.py to __init__.cpython-310.pyc\n'}
[6.733404] (racing_stage2_param_test) StdoutLine: {'line': b'byte-compiling /home/sunrise/dev_ws/install/racing_stage2_param_test/lib/python3.10/site-packages/racing_stage2_param_test/cmd_vel_stop.py to cmd_vel_stop.cpython-310.pyc\n'}
[6.736482] (racing_stage2_param_test) StdoutLine: {'line': b'byte-compiling /home/sunrise/dev_ws/install/racing_stage2_param_test/lib/python3.10/site-packages/racing_stage2_param_test/avoidance_straight_tester.py to avoidance_straight_tester.cpython-310.pyc\n'}
[6.744103] (racing_stage2_param_test) StdoutLine: {'line': b'running install_data\n'}
[6.746154] (racing_stage2_param_test) StdoutLine: {'line': b'creating /home/sunrise/dev_ws/install/racing_stage2_param_test/share\n'}
[6.747505] (racing_stage2_param_test) StdoutLine: {'line': b'creating /home/sunrise/dev_ws/install/racing_stage2_param_test/share/ament_index\n'}
[6.749047] (racing_stage2_param_test) StdoutLine: {'line': b'creating /home/sunrise/dev_ws/install/racing_stage2_param_test/share/ament_index/resource_index\n'}
[6.749604] (racing_stage2_param_test) StdoutLine: {'line': b'creating /home/sunrise/dev_ws/install/racing_stage2_param_test/share/ament_index/resource_index/packages\n'}
[6.750071] (racing_stage2_param_test) StdoutLine: {'line': b'copying resource/racing_stage2_param_test -> /home/sunrise/dev_ws/install/racing_stage2_param_test/share/ament_index/resource_index/packages\n'}
[6.750510] (racing_stage2_param_test) StdoutLine: {'line': b'creating /home/sunrise/dev_ws/install/racing_stage2_param_test/share/racing_stage2_param_test\n'}
[6.750942] (racing_stage2_param_test) StdoutLine: {'line': b'copying package.xml -> /home/sunrise/dev_ws/install/racing_stage2_param_test/share/racing_stage2_param_test\n'}
[6.751374] (racing_stage2_param_test) StdoutLine: {'line': b'creating /home/sunrise/dev_ws/install/racing_stage2_param_test/share/racing_stage2_param_test/launch\n'}
[6.751802] (racing_stage2_param_test) StdoutLine: {'line': b'copying launch/direct_inertial_test.launch.py -> /home/sunrise/dev_ws/install/racing_stage2_param_test/share/racing_stage2_param_test/launch\n'}
[6.752233] (racing_stage2_param_test) StdoutLine: {'line': b'copying launch/avoidance_straight_test.launch.py -> /home/sunrise/dev_ws/install/racing_stage2_param_test/share/racing_stage2_param_test/launch\n'}
[6.752666] (racing_stage2_param_test) StdoutLine: {'line': b'creating /home/sunrise/dev_ws/install/racing_stage2_param_test/share/racing_stage2_param_test/config\n'}
[6.753094] (racing_stage2_param_test) StdoutLine: {'line': b'copying config/avoidance_straight_test.yaml -> /home/sunrise/dev_ws/install/racing_stage2_param_test/share/racing_stage2_param_test/config\n'}
[6.753524] (racing_stage2_param_test) StdoutLine: {'line': b'running install_egg_info\n'}
[6.760315] (racing_stage2_param_test) StdoutLine: {'line': b'Copying ../../../build/racing_stage2_param_test/racing_stage2_param_test.egg-info to /home/sunrise/dev_ws/install/racing_stage2_param_test/lib/python3.10/site-packages/racing_stage2_param_test-0.0.1-py3.10.egg-info\n'}
[6.764620] (racing_stage2_param_test) StdoutLine: {'line': b'running install_scripts\n'}
[6.828865] (-) TimerEvent: {}
[6.893840] (racing_stage2_param_test) StdoutLine: {'line': b'Installing avoidance_straight_tester script to /home/sunrise/dev_ws/install/racing_stage2_param_test/lib/racing_stage2_param_test\n'}
[6.895374] (racing_stage2_param_test) StdoutLine: {'line': b'Installing direct_inertial_tester script to /home/sunrise/dev_ws/install/racing_stage2_param_test/lib/racing_stage2_param_test\n'}
[6.895956] (racing_stage2_param_test) StdoutLine: {'line': b'Installing twist_cmd_relay script to /home/sunrise/dev_ws/install/racing_stage2_param_test/lib/racing_stage2_param_test\n'}
[6.897386] (racing_stage2_param_test) StdoutLine: {'line': b"writing list of installed files to '/home/sunrise/dev_ws/build/racing_stage2_param_test/install.log'\n"}
[6.929051] (-) TimerEvent: {}
[7.029546] (-) TimerEvent: {}
[7.108854] (racing_stage2_param_test) CommandEnded: {'returncode': 0}
[7.130167] (-) TimerEvent: {}
[7.221694] (racing_stage2_param_test) JobEnded: {'identifier': 'racing_stage2_param_test', 'rc': 0}
[7.224124] (-) EventReactorShutdown: {}
