[0.000000] (-) TimerEvent: {}
[0.000862] (-) JobUnselected: {'identifier': 'ackermann_msgs'}
[0.002159] (-) JobUnselected: {'identifier': 'bno055'}
[0.003025] (-) JobUnselected: {'identifier': 'line_follower_pkg'}
[0.003859] (-) JobUnselected: {'identifier': 'lslidar_driver'}
[0.004090] (-) JobUnselected: {'identifier': 'lslidar_msgs'}
[0.004281] (-) JobUnselected: {'identifier': 'origincar_base'}
[0.004587] (-) JobUnselected: {'identifier': 'origincar_bringup'}
[0.004776] (-) JobUnselected: {'identifier': 'origincar_description'}
[0.004965] (-) JobUnselected: {'identifier': 'origincar_msg'}
[0.005185] (-) JobUnselected: {'identifier': 'qr_scanner'}
[0.005448] (-) JobUnselected: {'identifier': 'racing_bringup'}
[0.005815] (-) JobUnselected: {'identifier': 'racing_stage1'}
[0.005993] (-) JobUnselected: {'identifier': 'racing_stage2'}
[0.006177] (-) JobUnselected: {'identifier': 'racing_stage3'}
[0.006321] (-) JobUnselected: {'identifier': 'racing_stage3_param_test'}
[0.006712] (-) JobUnselected: {'identifier': 'racing_vision_ai'}
[0.006893] (-) JobUnselected: {'identifier': 'serial'}
[0.007034] (-) JobUnselected: {'identifier': 'simple_avoidance'}
[0.007152] (-) JobUnselected: {'identifier': 'utils'}
[0.007274] (-) JobUnselected: {'identifier': 'voice_driver'}
[0.007451] (racing_stage2_param_test) JobQueued: {'identifier': 'racing_stage2_param_test', 'dependencies': OrderedDict([('ackermann_msgs', '/home/sunrise/dev_ws/install/ackermann_msgs'), ('bno055', '/home/sunrise/dev_ws/install/bno055'), ('lslidar_msgs', '/home/sunrise/dev_ws/install/lslidar_msgs'), ('origincar_bringup', '/home/sunrise/dev_ws/install/origincar_bringup'), ('origincar_description', '/home/sunrise/dev_ws/install/origincar_description'), ('origincar_msg', '/home/sunrise/dev_ws/install/origincar_msg'), ('qr_scanner', '/home/sunrise/dev_ws/install/qr_scanner'), ('serial', '/home/sunrise/dev_ws/install/serial'), ('lslidar_driver', '/home/sunrise/dev_ws/install/lslidar_driver'), ('origincar_base', '/home/sunrise/dev_ws/install/origincar_base'), ('racing_stage1', '/home/sunrise/dev_ws/install/racing_stage1'), ('racing_stage2', '/home/sunrise/dev_ws/install/racing_stage2')])}
[0.007757] (racing_stage2_param_test) JobStarted: {'identifier': 'racing_stage2_param_test'}
[0.098380] (-) TimerEvent: {}
[0.198935] (-) TimerEvent: {}
[0.299503] (-) TimerEvent: {}
[0.400016] (-) TimerEvent: {}
[0.500517] (-) TimerEvent: {}
[0.601040] (-) TimerEvent: {}
[0.701518] (-) TimerEvent: {}
[0.802006] (-) TimerEvent: {}
[0.902477] (-) TimerEvent: {}
[1.002956] (-) TimerEvent: {}
[1.103464] (-) TimerEvent: {}
[1.203944] (-) TimerEvent: {}
[1.304471] (-) TimerEvent: {}
[1.404961] (-) TimerEvent: {}
[1.505436] (-) TimerEvent: {}
[1.605920] (-) TimerEvent: {}
[1.706394] (-) TimerEvent: {}
[1.806880] (-) TimerEvent: {}
[1.907383] (-) TimerEvent: {}
[2.007879] (-) TimerEvent: {}
[2.108357] (-) TimerEvent: {}
[2.208846] (-) TimerEvent: {}
[2.309315] (-) TimerEvent: {}
[2.409791] (-) TimerEvent: {}
[2.510256] (-) TimerEvent: {}
[2.610727] (-) TimerEvent: {}
[2.711205] (-) TimerEvent: {}
[2.811662] (-) TimerEvent: {}
[2.912108] (-) TimerEvent: {}
[3.012571] (-) TimerEvent: {}
[3.113046] (-) TimerEvent: {}
[3.213533] (-) TimerEvent: {}
[3.314015] (-) TimerEvent: {}
[3.414534] (-) TimerEvent: {}
[3.515007] (-) TimerEvent: {}
[3.615485] (-) TimerEvent: {}
[3.715954] (-) TimerEvent: {}
[3.816429] (-) TimerEvent: {}
[3.916899] (-) TimerEvent: {}
[4.017355] (-) TimerEvent: {}
[4.117791] (-) TimerEvent: {}
[4.218228] (-) TimerEvent: {}
[4.318724] (-) TimerEvent: {}
[4.419279] (-) TimerEvent: {}
[4.519821] (-) TimerEvent: {}
[4.569246] (racing_stage2_param_test) Command: {'cmd': ['/usr/bin/python3', '-W', 'ignore:setup.py install is deprecated', '-W', 'ignore:easy_install command is deprecated', 'setup.py', 'develop', '--editable', '--build-directory', '/home/sunrise/dev_ws/build/racing_stage2_param_test/build', '--no-deps', 'symlink_data'], 'cwd': '/home/sunrise/dev_ws/build/racing_stage2_param_test', 'env': {'LANGUAGE': 'en_US.UTF-8', 'USER': 'sunrise', 'SSH_CLIENT': '10.147.109.1 4945 22', 'XDG_SESSION_TYPE': 'tty', 'SHLVL': '1', 'LD_LIBRARY_PATH': '/home/sunrise/dev_ws/install/origincar_base/lib:/home/sunrise/dev_ws/install/serial/lib:/home/sunrise/dev_ws/install/origincar_msg/lib:/home/sunrise/dev_ws/install/lslidar_msgs/lib:/home/sunrise/dev_ws/install/ackermann_msgs/lib:/opt/ros/humble/opt/rviz_ogre_vendor/lib:/opt/ros/humble/lib/aarch64-linux-gnu:/opt/ros/humble/lib', 'MOTD_SHOWN': 'pam', 'HOME': '/home/sunrise', 'OLDPWD': '/home/sunrise', 'ROS_PYTHON_VERSION': '3', 'DBUS_SESSION_BUS_ADDRESS': 'unix:path=/run/user/1000/bus', 'ROS_DISTRO': 'humble', 'LOGNAME': 'sunrise', '_': '/usr/bin/colcon', 'ROS_VERSION': '2', 'XDG_SESSION_CLASS': 'user', 'XDG_SESSION_ID': '249', 'ROS_LOCALHOST_ONLY': '0', 'PATH': '/opt/ros/humble/bin:/usr/local/sbin:/usr/local/bin:/usr/sbin:/usr/bin:/sbin:/bin:/usr/games:/usr/local/games:/snap/bin', 'XDG_RUNTIME_DIR': '/run/user/1000', 'LANG': 'en_US.UTF-8', 'AMENT_PREFIX_PATH': '/home/sunrise/dev_ws/install/racing_stage2:/home/sunrise/dev_ws/install/racing_stage1:/home/sunrise/dev_ws/install/origincar_base:/home/sunrise/dev_ws/install/lslidar_driver:/home/sunrise/dev_ws/install/serial:/home/sunrise/dev_ws/install/qr_scanner:/home/sunrise/dev_ws/install/origincar_msg:/home/sunrise/dev_ws/install/origincar_description:/home/sunrise/dev_ws/install/origincar_bringup:/home/sunrise/dev_ws/install/lslidar_msgs:/home/sunrise/dev_ws/install/bno055:/home/sunrise/dev_ws/install/ackermann_msgs:/opt/ros/humble', 'SHELL': '/bin/bash', 'PWD': '/home/sunrise/dev_ws/build/racing_stage2_param_test', 'SSH_CONNECTION': '10.147.109.1 4945 10.147.109.8 22', 'PYTHONPATH': '/home/sunrise/dev_ws/build/racing_stage2_param_test/prefix_override:/usr/lib/python3/dist-packages/colcon_core/task/python/colcon_distutils_commands:/home/sunrise/dev_ws/install/racing_stage2_param_test/lib/python3.10/site-packages:/home/sunrise/dev_ws/build/racing_stage2:/home/sunrise/dev_ws/install/racing_stage2/lib/python3.10/site-packages:/home/sunrise/dev_ws/build/racing_stage1:/home/sunrise/dev_ws/install/racing_stage1/lib/python3.10/site-packages:/home/sunrise/dev_ws/install/origincar_base/local/lib/python3.10/dist-packages:/home/sunrise/dev_ws/build/qr_scanner:/home/sunrise/dev_ws/install/qr_scanner/lib/python3.10/site-packages:/home/sunrise/dev_ws/install/origincar_msg/local/lib/python3.10/dist-packages:/home/sunrise/dev_ws/install/lslidar_msgs/local/lib/python3.10/dist-packages:/home/sunrise/dev_ws/build/bno055:/home/sunrise/dev_ws/install/bno055/lib/python3.10/site-packages:/home/sunrise/dev_ws/install/ackermann_msgs/local/lib/python3.10/dist-packages:/opt/ros/humble/lib/python3.10/site-packages:/opt/ros/humble/local/lib/python3.10/dist-packages', 'COLCON': '1', 'CMAKE_PREFIX_PATH': '/home/sunrise/dev_ws/install/origincar_base:/home/sunrise/dev_ws/install/lslidar_driver:/home/sunrise/dev_ws/install/serial:/home/sunrise/dev_ws/install/origincar_msg:/home/sunrise/dev_ws/install/origincar_description:/home/sunrise/dev_ws/install/origincar_bringup:/home/sunrise/dev_ws/install/lslidar_msgs:/home/sunrise/dev_ws/install/ackermann_msgs'}, 'shell': False}
[4.620012] (-) TimerEvent: {}
[4.720504] (-) TimerEvent: {}
[4.820986] (-) TimerEvent: {}
[4.921471] (-) TimerEvent: {}
[5.021961] (-) TimerEvent: {}
[5.122442] (-) TimerEvent: {}
[5.222929] (-) TimerEvent: {}
[5.323409] (-) TimerEvent: {}
[5.423880] (-) TimerEvent: {}
[5.524371] (-) TimerEvent: {}
[5.624895] (-) TimerEvent: {}
[5.725381] (-) TimerEvent: {}
[5.825866] (-) TimerEvent: {}
[5.926461] (-) TimerEvent: {}
[6.027039] (-) TimerEvent: {}
[6.127555] (-) TimerEvent: {}
[6.228074] (-) TimerEvent: {}
[6.328582] (-) TimerEvent: {}
[6.429095] (-) TimerEvent: {}
[6.444383] (racing_stage2_param_test) StdoutLine: {'line': b'running develop\n'}
[6.529289] (-) TimerEvent: {}
[6.629808] (-) TimerEvent: {}
[6.730287] (-) TimerEvent: {}
[6.830776] (-) TimerEvent: {}
[6.931267] (-) TimerEvent: {}
[7.031750] (-) TimerEvent: {}
[7.132244] (-) TimerEvent: {}
[7.232738] (-) TimerEvent: {}
[7.333213] (-) TimerEvent: {}
[7.433702] (-) TimerEvent: {}
[7.534186] (-) TimerEvent: {}
[7.596356] (racing_stage2_param_test) StdoutLine: {'line': b'running egg_info\n'}
[7.597148] (racing_stage2_param_test) StdoutLine: {'line': b'creating racing_stage2_param_test.egg-info\n'}
[7.597977] (racing_stage2_param_test) StdoutLine: {'line': b'writing racing_stage2_param_test.egg-info/PKG-INFO\n'}
[7.598909] (racing_stage2_param_test) StdoutLine: {'line': b'writing dependency_links to racing_stage2_param_test.egg-info/dependency_links.txt\n'}
[7.600071] (racing_stage2_param_test) StdoutLine: {'line': b'writing entry points to racing_stage2_param_test.egg-info/entry_points.txt\n'}
[7.601485] (racing_stage2_param_test) StdoutLine: {'line': b'writing requirements to racing_stage2_param_test.egg-info/requires.txt\n'}
[7.602063] (racing_stage2_param_test) StdoutLine: {'line': b'writing top-level names to racing_stage2_param_test.egg-info/top_level.txt\n'}
[7.602927] (racing_stage2_param_test) StdoutLine: {'line': b"writing manifest file 'racing_stage2_param_test.egg-info/SOURCES.txt'\n"}
[7.613841] (racing_stage2_param_test) StdoutLine: {'line': b"reading manifest file 'racing_stage2_param_test.egg-info/SOURCES.txt'\n"}
[7.618095] (racing_stage2_param_test) StdoutLine: {'line': b"writing manifest file 'racing_stage2_param_test.egg-info/SOURCES.txt'\n"}
[7.627749] (racing_stage2_param_test) StdoutLine: {'line': b'running build_ext\n'}
[7.629100] (racing_stage2_param_test) StdoutLine: {'line': b'Creating /home/sunrise/dev_ws/install/racing_stage2_param_test/lib/python3.10/site-packages/racing-stage2-param-test.egg-link (link to .)\n'}
[7.634059] (racing_stage2_param_test) StdoutLine: {'line': b'Installing avoidance_straight_tester script to /home/sunrise/dev_ws/install/racing_stage2_param_test/lib/racing_stage2_param_test\n'}
[7.634751] (-) TimerEvent: {}
[7.635282] (racing_stage2_param_test) StdoutLine: {'line': b'Installing camera_video_recorder script to /home/sunrise/dev_ws/install/racing_stage2_param_test/lib/racing_stage2_param_test\n'}
[7.636269] (racing_stage2_param_test) StdoutLine: {'line': b'Installing data_recorder script to /home/sunrise/dev_ws/install/racing_stage2_param_test/lib/racing_stage2_param_test\n'}
[7.637555] (racing_stage2_param_test) StdoutLine: {'line': b'Installing direct_inertial_tester script to /home/sunrise/dev_ws/install/racing_stage2_param_test/lib/racing_stage2_param_test\n'}
[7.638418] (racing_stage2_param_test) StdoutLine: {'line': b'Installing twist_cmd_relay script to /home/sunrise/dev_ws/install/racing_stage2_param_test/lib/racing_stage2_param_test\n'}
[7.638964] (racing_stage2_param_test) StdoutLine: {'line': b'Installing vision_inertial_tester script to /home/sunrise/dev_ws/install/racing_stage2_param_test/lib/racing_stage2_param_test\n'}
[7.640866] (racing_stage2_param_test) StdoutLine: {'line': b'\n'}
[7.642177] (racing_stage2_param_test) StdoutLine: {'line': b'Installed /home/sunrise/dev_ws/build/racing_stage2_param_test\n'}
[7.643509] (racing_stage2_param_test) StdoutLine: {'line': b'running symlink_data\n'}
[7.644825] (racing_stage2_param_test) StdoutLine: {'line': b'creating /home/sunrise/dev_ws/install/racing_stage2_param_test/share/ament_index\n'}
[7.646097] (racing_stage2_param_test) StdoutLine: {'line': b'creating /home/sunrise/dev_ws/install/racing_stage2_param_test/share/ament_index/resource_index\n'}
[7.646699] (racing_stage2_param_test) StdoutLine: {'line': b'creating /home/sunrise/dev_ws/install/racing_stage2_param_test/share/ament_index/resource_index/packages\n'}
[7.647253] (racing_stage2_param_test) StdoutLine: {'line': b'symbolically linking /home/sunrise/dev_ws/build/racing_stage2_param_test/resource/racing_stage2_param_test -> /home/sunrise/dev_ws/install/racing_stage2_param_test/share/ament_index/resource_index/packages\n'}
[7.647794] (racing_stage2_param_test) StdoutLine: {'line': b'symbolically linking /home/sunrise/dev_ws/build/racing_stage2_param_test/package.xml -> /home/sunrise/dev_ws/install/racing_stage2_param_test/share/racing_stage2_param_test\n'}
[7.648312] (racing_stage2_param_test) StdoutLine: {'line': b'creating /home/sunrise/dev_ws/install/racing_stage2_param_test/share/racing_stage2_param_test/launch\n'}
[7.648880] (racing_stage2_param_test) StdoutLine: {'line': b'symbolically linking /home/sunrise/dev_ws/build/racing_stage2_param_test/launch/vision_inertial_test.launch.py -> /home/sunrise/dev_ws/install/racing_stage2_param_test/share/racing_stage2_param_test/launch\n'}
[7.649416] (racing_stage2_param_test) StdoutLine: {'line': b'symbolically linking /home/sunrise/dev_ws/build/racing_stage2_param_test/launch/direct_inertial_test.launch.py -> /home/sunrise/dev_ws/install/racing_stage2_param_test/share/racing_stage2_param_test/launch\n'}
[7.649989] (racing_stage2_param_test) StdoutLine: {'line': b'symbolically linking /home/sunrise/dev_ws/build/racing_stage2_param_test/launch/record.launch.py -> /home/sunrise/dev_ws/install/racing_stage2_param_test/share/racing_stage2_param_test/launch\n'}
[7.650723] (racing_stage2_param_test) StdoutLine: {'line': b'symbolically linking /home/sunrise/dev_ws/build/racing_stage2_param_test/launch/avoidance_straight_test.launch.py -> /home/sunrise/dev_ws/install/racing_stage2_param_test/share/racing_stage2_param_test/launch\n'}
[7.651344] (racing_stage2_param_test) StdoutLine: {'line': b'symbolically linking /home/sunrise/dev_ws/build/racing_stage2_param_test/launch/direct_inertial_camera_record_test.launch.py -> /home/sunrise/dev_ws/install/racing_stage2_param_test/share/racing_stage2_param_test/launch\n'}
[7.651937] (racing_stage2_param_test) StdoutLine: {'line': b'creating /home/sunrise/dev_ws/install/racing_stage2_param_test/share/racing_stage2_param_test/config\n'}
[7.652511] (racing_stage2_param_test) StdoutLine: {'line': b'symbolically linking /home/sunrise/dev_ws/build/racing_stage2_param_test/config/avoidance_straight_test.yaml -> /home/sunrise/dev_ws/install/racing_stage2_param_test/share/racing_stage2_param_test/config\n'}
[7.653080] (racing_stage2_param_test) StdoutLine: {'line': b'symbolically linking /home/sunrise/dev_ws/build/racing_stage2_param_test/config/direct_inertial_test.yaml.bak.100224 -> /home/sunrise/dev_ws/install/racing_stage2_param_test/share/racing_stage2_param_test/config\n'}
[7.653661] (racing_stage2_param_test) StdoutLine: {'line': b'symbolically linking /home/sunrise/dev_ws/build/racing_stage2_param_test/config/direct_inertial_test.yaml -> /home/sunrise/dev_ws/install/racing_stage2_param_test/share/racing_stage2_param_test/config\n'}
[7.735024] (-) TimerEvent: {}
[7.835616] (-) TimerEvent: {}
[7.898200] (racing_stage2_param_test) CommandEnded: {'returncode': 0}
[7.935796] (-) TimerEvent: {}
[7.981303] (racing_stage2_param_test) JobEnded: {'identifier': 'racing_stage2_param_test', 'rc': 0}
[7.983882] (-) EventReactorShutdown: {}
