[2.405s] Invoking command in '/home/sunrise/dev_ws/build/ackermann_msgs': CMAKE_PREFIX_PATH=${CMAKE_PREFIX_PATH}:/home/sunrise/dev_ws/install/simple_avoidance:/home/sunrise/dev_ws/install/racing_stage2_param_test:/home/sunrise/dev_ws/install/racing_vision_ai:/home/sunrise/dev_ws/install/racing_stage3_param_test:/home/sunrise/dev_ws/install/racing_bringup:/home/sunrise/dev_ws/install/racing_stage3:/home/sunrise/dev_ws/install/racing_stage2:/home/sunrise/dev_ws/install/racing_stage1:/home/sunrise/dev_ws/install/qr_scanner:/home/sunrise/dev_ws/install/line_follower_pkg:/home/sunrise/dev_ws/install/bno055:/opt/tros/humble:/opt/ros/humble /usr/bin/cmake --build /home/sunrise/dev_ws/build/ackermann_msgs -- -j8 -l8
[5.433s] [  2%] Built target ackermann_msgs__rs
[5.439s] [ 12%] Built target ackermann_msgs__rosidl_generator_c
[5.441s] [ 15%] Built target ackermann_msgs__cpp
[5.442s] [ 15%] Built target ament_cmake_python_symlink_ackermann_msgs
[5.443s] [ 25%] Built target ackermann_msgs__rosidl_typesupport_introspection_cpp
[5.444s] [ 35%] Built target ackermann_msgs__rosidl_typesupport_cpp
[5.444s] [ 45%] Built target ackermann_msgs__rosidl_typesupport_fastrtps_cpp
[5.445s] [ 55%] Built target ackermann_msgs__rosidl_typesupport_introspection_c
[5.446s] [ 65%] Built target ackermann_msgs__rosidl_typesupport_fastrtps_c
[5.446s] [ 75%] Built target ackermann_msgs__rosidl_typesupport_c
[5.447s] [ 75%] Built target ackermann_msgs
[5.448s] [ 77%] Built target ackermann_msgs__py
[5.449s] [ 85%] Built target ackermann_msgs__rosidl_generator_py
[5.450s] [ 90%] Built target ackermann_msgs__rosidl_typesupport_introspection_c__pyext
[5.451s] [ 95%] Built target ackermann_msgs__rosidl_typesupport_fastrtps_c__pyext
[5.456s] [100%] Built target ackermann_msgs__rosidl_typesupport_c__pyext
[5.457s] running egg_info
[5.474s] writing ackermann_msgs.egg-info/PKG-INFO
[5.477s] writing dependency_links to ackermann_msgs.egg-info/dependency_links.txt
[5.479s] writing top-level names to ackermann_msgs.egg-info/top_level.txt
[5.482s] reading manifest file 'ackermann_msgs.egg-info/SOURCES.txt'
[5.513s] writing manifest file 'ackermann_msgs.egg-info/SOURCES.txt'
[5.774s] [100%] Built target ament_cmake_python_build_ackermann_msgs_egg
[6.117s] Invoked command in '/home/sunrise/dev_ws/build/ackermann_msgs' returned '0': CMAKE_PREFIX_PATH=${CMAKE_PREFIX_PATH}:/home/sunrise/dev_ws/install/simple_avoidance:/home/sunrise/dev_ws/install/racing_stage2_param_test:/home/sunrise/dev_ws/install/racing_vision_ai:/home/sunrise/dev_ws/install/racing_stage3_param_test:/home/sunrise/dev_ws/install/racing_bringup:/home/sunrise/dev_ws/install/racing_stage3:/home/sunrise/dev_ws/install/racing_stage2:/home/sunrise/dev_ws/install/racing_stage1:/home/sunrise/dev_ws/install/qr_scanner:/home/sunrise/dev_ws/install/line_follower_pkg:/home/sunrise/dev_ws/install/bno055:/opt/tros/humble:/opt/ros/humble /usr/bin/cmake --build /home/sunrise/dev_ws/build/ackermann_msgs -- -j8 -l8
[6.123s] Invoking command in '/home/sunrise/dev_ws/build/ackermann_msgs': CMAKE_PREFIX_PATH=${CMAKE_PREFIX_PATH}:/home/sunrise/dev_ws/install/simple_avoidance:/home/sunrise/dev_ws/install/racing_stage2_param_test:/home/sunrise/dev_ws/install/racing_vision_ai:/home/sunrise/dev_ws/install/racing_stage3_param_test:/home/sunrise/dev_ws/install/racing_bringup:/home/sunrise/dev_ws/install/racing_stage3:/home/sunrise/dev_ws/install/racing_stage2:/home/sunrise/dev_ws/install/racing_stage1:/home/sunrise/dev_ws/install/qr_scanner:/home/sunrise/dev_ws/install/line_follower_pkg:/home/sunrise/dev_ws/install/bno055:/opt/tros/humble:/opt/ros/humble /usr/bin/cmake --install /home/sunrise/dev_ws/build/ackermann_msgs
[6.164s] -- Install configuration: ""
[6.168s] -- Execute custom install script
[6.170s] -- Up-to-date symlink: /home/sunrise/dev_ws/install/ackermann_msgs/share/ament_index/resource_index/rosidl_interfaces/ackermann_msgs
[6.172s] -- Up-to-date symlink: /home/sunrise/dev_ws/install/ackermann_msgs/include/ackermann_msgs/ackermann_msgs/msg/ackermann_drive.h
[6.173s] -- Up-to-date symlink: /home/sunrise/dev_ws/install/ackermann_msgs/include/ackermann_msgs/ackermann_msgs/msg/ackermann_drive_stamped.h
[6.174s] -- Up-to-date symlink: /home/sunrise/dev_ws/install/ackermann_msgs/include/ackermann_msgs/ackermann_msgs/msg/detail/ackermann_drive__functions.h
[6.175s] -- Up-to-date symlink: /home/sunrise/dev_ws/install/ackermann_msgs/include/ackermann_msgs/ackermann_msgs/msg/detail/ackermann_drive__struct.h
[6.176s] -- Up-to-date symlink: /home/sunrise/dev_ws/install/ackermann_msgs/include/ackermann_msgs/ackermann_msgs/msg/detail/ackermann_drive__type_support.h
[6.177s] -- Up-to-date symlink: /home/sunrise/dev_ws/install/ackermann_msgs/include/ackermann_msgs/ackermann_msgs/msg/detail/ackermann_drive_stamped__functions.h
[6.178s] -- Up-to-date symlink: /home/sunrise/dev_ws/install/ackermann_msgs/include/ackermann_msgs/ackermann_msgs/msg/detail/ackermann_drive_stamped__struct.h
[6.179s] -- Up-to-date symlink: /home/sunrise/dev_ws/install/ackermann_msgs/include/ackermann_msgs/ackermann_msgs/msg/detail/ackermann_drive_stamped__type_support.h
[6.180s] -- Up-to-date symlink: /home/sunrise/dev_ws/install/ackermann_msgs/include/ackermann_msgs/ackermann_msgs/msg/rosidl_generator_c__visibility_control.h
[6.181s] -- Up-to-date symlink: /home/sunrise/dev_ws/install/ackermann_msgs/share/ackermann_msgs/environment/library_path.sh
[6.182s] -- Up-to-date symlink: /home/sunrise/dev_ws/install/ackermann_msgs/share/ackermann_msgs/environment/library_path.dsv
[6.183s] -- Up-to-date symlink: /home/sunrise/dev_ws/install/ackermann_msgs/include/ackermann_msgs/ackermann_msgs/msg/detail/ackermann_drive__rosidl_typesupport_fastrtps_c.h
[6.184s] -- Up-to-date symlink: /home/sunrise/dev_ws/install/ackermann_msgs/include/ackermann_msgs/ackermann_msgs/msg/detail/ackermann_drive_stamped__rosidl_typesupport_fastrtps_c.h
[6.185s] -- Up-to-date symlink: /home/sunrise/dev_ws/install/ackermann_msgs/include/ackermann_msgs/ackermann_msgs/msg/rosidl_typesupport_fastrtps_c__visibility_control.h
[6.187s] -- Up-to-date symlink: /home/sunrise/dev_ws/install/ackermann_msgs/include/ackermann_msgs/ackermann_msgs/msg/detail/ackermann_drive__rosidl_typesupport_introspection_c.h
[6.188s] -- Up-to-date symlink: /home/sunrise/dev_ws/install/ackermann_msgs/include/ackermann_msgs/ackermann_msgs/msg/detail/ackermann_drive_stamped__rosidl_typesupport_introspection_c.h
[6.189s] -- Up-to-date symlink: /home/sunrise/dev_ws/install/ackermann_msgs/include/ackermann_msgs/ackermann_msgs/msg/rosidl_typesupport_introspection_c__visibility_control.h
[6.191s] -- Up-to-date symlink: /home/sunrise/dev_ws/install/ackermann_msgs/include/ackermann_msgs/ackermann_msgs/msg/ackermann_drive.hpp
[6.192s] -- Up-to-date symlink: /home/sunrise/dev_ws/install/ackermann_msgs/include/ackermann_msgs/ackermann_msgs/msg/ackermann_drive_stamped.hpp
[6.196s] -- Up-to-date symlink: /home/sunrise/dev_ws/install/ackermann_msgs/include/ackermann_msgs/ackermann_msgs/msg/detail/ackermann_drive__builder.hpp
[6.197s] -- Up-to-date symlink: /home/sunrise/dev_ws/install/ackermann_msgs/include/ackermann_msgs/ackermann_msgs/msg/detail/ackermann_drive__struct.hpp
[6.199s] -- Up-to-date symlink: /home/sunrise/dev_ws/install/ackermann_msgs/include/ackermann_msgs/ackermann_msgs/msg/detail/ackermann_drive__traits.hpp
[6.201s] -- Up-to-date symlink: /home/sunrise/dev_ws/install/ackermann_msgs/include/ackermann_msgs/ackermann_msgs/msg/detail/ackermann_drive__type_support.hpp
[6.201s] -- Up-to-date symlink: /home/sunrise/dev_ws/install/ackermann_msgs/include/ackermann_msgs/ackermann_msgs/msg/detail/ackermann_drive_stamped__builder.hpp
[6.204s] -- Up-to-date symlink: /home/sunrise/dev_ws/install/ackermann_msgs/include/ackermann_msgs/ackermann_msgs/msg/detail/ackermann_drive_stamped__struct.hpp
[6.205s] -- Up-to-date symlink: /home/sunrise/dev_ws/install/ackermann_msgs/include/ackermann_msgs/ackermann_msgs/msg/detail/ackermann_drive_stamped__traits.hpp
[6.210s] -- Up-to-date symlink: /home/sunrise/dev_ws/install/ackermann_msgs/include/ackermann_msgs/ackermann_msgs/msg/detail/ackermann_drive_stamped__type_support.hpp
[6.211s] -- Up-to-date symlink: /home/sunrise/dev_ws/install/ackermann_msgs/include/ackermann_msgs/ackermann_msgs/msg/rosidl_generator_cpp__visibility_control.hpp
[6.219s] -- Up-to-date symlink: /home/sunrise/dev_ws/install/ackermann_msgs/include/ackermann_msgs/ackermann_msgs/msg/detail/ackermann_drive__rosidl_typesupport_fastrtps_cpp.hpp
[6.226s] -- Up-to-date symlink: /home/sunrise/dev_ws/install/ackermann_msgs/include/ackermann_msgs/ackermann_msgs/msg/detail/ackermann_drive_stamped__rosidl_typesupport_fastrtps_cpp.hpp
[6.229s] -- Up-to-date symlink: /home/sunrise/dev_ws/install/ackermann_msgs/include/ackermann_msgs/ackermann_msgs/msg/rosidl_typesupport_fastrtps_cpp__visibility_control.h
[6.240s] -- Up-to-date symlink: /home/sunrise/dev_ws/install/ackermann_msgs/include/ackermann_msgs/ackermann_msgs/msg/detail/ackermann_drive__rosidl_typesupport_introspection_cpp.hpp
[6.246s] -- Up-to-date symlink: /home/sunrise/dev_ws/install/ackermann_msgs/include/ackermann_msgs/ackermann_msgs/msg/detail/ackermann_drive_stamped__rosidl_typesupport_introspection_cpp.hpp
[6.250s] -- Up-to-date symlink: /home/sunrise/dev_ws/install/ackermann_msgs/share/ackermann_msgs/environment/pythonpath.sh
[6.255s] -- Up-to-date symlink: /home/sunrise/dev_ws/install/ackermann_msgs/share/ackermann_msgs/environment/pythonpath.dsv
[6.264s] -- Up-to-date symlink: /home/sunrise/dev_ws/install/ackermann_msgs/local/lib/python3.10/dist-packages/ackermann_msgs-2.0.2-py3.10.egg-info/PKG-INFO
[6.268s] -- Up-to-date symlink: /home/sunrise/dev_ws/install/ackermann_msgs/local/lib/python3.10/dist-packages/ackermann_msgs-2.0.2-py3.10.egg-info/SOURCES.txt
[6.271s] -- Up-to-date symlink: /home/sunrise/dev_ws/install/ackermann_msgs/local/lib/python3.10/dist-packages/ackermann_msgs-2.0.2-py3.10.egg-info/dependency_links.txt
[6.274s] -- Up-to-date symlink: /home/sunrise/dev_ws/install/ackermann_msgs/local/lib/python3.10/dist-packages/ackermann_msgs-2.0.2-py3.10.egg-info/top_level.txt
[6.285s] -- Up-to-date symlink: /home/sunrise/dev_ws/install/ackermann_msgs/local/lib/python3.10/dist-packages/ackermann_msgs/__init__.py
[6.286s] -- Up-to-date symlink: /home/sunrise/dev_ws/install/ackermann_msgs/local/lib/python3.10/dist-packages/ackermann_msgs/_ackermann_msgs_s.ep.rosidl_typesupport_c.c
[6.288s] -- Up-to-date symlink: /home/sunrise/dev_ws/install/ackermann_msgs/local/lib/python3.10/dist-packages/ackermann_msgs/_ackermann_msgs_s.ep.rosidl_typesupport_fastrtps_c.c
[6.291s] -- Up-to-date symlink: /home/sunrise/dev_ws/install/ackermann_msgs/local/lib/python3.10/dist-packages/ackermann_msgs/_ackermann_msgs_s.ep.rosidl_typesupport_introspection_c.c
[6.294s] -- Up-to-date symlink: /home/sunrise/dev_ws/install/ackermann_msgs/local/lib/python3.10/dist-packages/ackermann_msgs/ackermann_msgs_s__rosidl_typesupport_c.cpython-310-aarch64-linux-gnu.so
[6.298s] -- Up-to-date symlink: /home/sunrise/dev_ws/install/ackermann_msgs/local/lib/python3.10/dist-packages/ackermann_msgs/ackermann_msgs_s__rosidl_typesupport_fastrtps_c.cpython-310-aarch64-linux-gnu.so
[6.303s] -- Up-to-date symlink: /home/sunrise/dev_ws/install/ackermann_msgs/local/lib/python3.10/dist-packages/ackermann_msgs/ackermann_msgs_s__rosidl_typesupport_introspection_c.cpython-310-aarch64-linux-gnu.so
[6.305s] -- Up-to-date symlink: /home/sunrise/dev_ws/install/ackermann_msgs/local/lib/python3.10/dist-packages/ackermann_msgs/libackermann_msgs__rosidl_generator_py.so
[6.309s] -- Up-to-date symlink: /home/sunrise/dev_ws/install/ackermann_msgs/local/lib/python3.10/dist-packages/ackermann_msgs/msg/__init__.py
[6.310s] -- Up-to-date symlink: /home/sunrise/dev_ws/install/ackermann_msgs/local/lib/python3.10/dist-packages/ackermann_msgs/msg/_ackermann_drive.py
[6.312s] -- Up-to-date symlink: /home/sunrise/dev_ws/install/ackermann_msgs/local/lib/python3.10/dist-packages/ackermann_msgs/msg/_ackermann_drive_s.c
[6.313s] -- Up-to-date symlink: /home/sunrise/dev_ws/install/ackermann_msgs/local/lib/python3.10/dist-packages/ackermann_msgs/msg/_ackermann_drive_stamped.py
[6.316s] -- Up-to-date symlink: /home/sunrise/dev_ws/install/ackermann_msgs/local/lib/python3.10/dist-packages/ackermann_msgs/msg/_ackermann_drive_stamped_s.c
[6.319s] -- Up-to-date symlink: /home/sunrise/dev_ws/install/ackermann_msgs/local/lib/python3.10/dist-packages/ackermann_msgs/ackermann_msgs_s__rosidl_typesupport_fastrtps_c.cpython-310-aarch64-linux-gnu.so
[6.324s] -- Up-to-date symlink: /home/sunrise/dev_ws/install/ackermann_msgs/local/lib/python3.10/dist-packages/ackermann_msgs/ackermann_msgs_s__rosidl_typesupport_introspection_c.cpython-310-aarch64-linux-gnu.so
[6.326s] -- Up-to-date symlink: /home/sunrise/dev_ws/install/ackermann_msgs/local/lib/python3.10/dist-packages/ackermann_msgs/ackermann_msgs_s__rosidl_typesupport_c.cpython-310-aarch64-linux-gnu.so
[6.330s] -- Up-to-date symlink: /home/sunrise/dev_ws/install/ackermann_msgs/share/ament_index/resource_index/rust_packages/ackermann_msgs
[6.333s] -- Up-to-date symlink: /home/sunrise/dev_ws/install/ackermann_msgs/share/ackermann_msgs/rust/Cargo.toml
[6.336s] -- Up-to-date symlink: /home/sunrise/dev_ws/install/ackermann_msgs/share/ackermann_msgs/rust/build.rs
[6.338s] -- Up-to-date symlink: /home/sunrise/dev_ws/install/ackermann_msgs/share/ackermann_msgs/rust/src/lib.rs
[6.339s] -- Up-to-date symlink: /home/sunrise/dev_ws/install/ackermann_msgs/share/ackermann_msgs/rust/src/msg.rs
[6.342s] -- Up-to-date symlink: /home/sunrise/dev_ws/install/ackermann_msgs/share/ackermann_msgs/rust/src/msg/rmw.rs
[6.344s] -- Up-to-date symlink: /home/sunrise/dev_ws/install/ackermann_msgs/share/ackermann_msgs/msg/AckermannDrive.idl
[6.346s] -- Up-to-date symlink: /home/sunrise/dev_ws/install/ackermann_msgs/share/ackermann_msgs/msg/AckermannDriveStamped.idl
[6.349s] -- Up-to-date symlink: /home/sunrise/dev_ws/install/ackermann_msgs/share/ackermann_msgs/msg/AckermannDrive.msg
[6.351s] -- Up-to-date symlink: /home/sunrise/dev_ws/install/ackermann_msgs/share/ackermann_msgs/msg/AckermannDriveStamped.msg
[6.355s] -- Up-to-date symlink: /home/sunrise/dev_ws/install/ackermann_msgs/share/ament_index/resource_index/package_run_dependencies/ackermann_msgs
[6.358s] -- Up-to-date symlink: /home/sunrise/dev_ws/install/ackermann_msgs/share/ament_index/resource_index/parent_prefix_path/ackermann_msgs
[6.361s] -- Up-to-date symlink: /home/sunrise/dev_ws/install/ackermann_msgs/share/ackermann_msgs/environment/ament_prefix_path.sh
[6.361s] -- Up-to-date symlink: /home/sunrise/dev_ws/install/ackermann_msgs/share/ackermann_msgs/environment/ament_prefix_path.dsv
[6.362s] -- Up-to-date symlink: /home/sunrise/dev_ws/install/ackermann_msgs/share/ackermann_msgs/environment/path.sh
[6.363s] -- Up-to-date symlink: /home/sunrise/dev_ws/install/ackermann_msgs/share/ackermann_msgs/environment/path.dsv
[6.364s] -- Up-to-date symlink: /home/sunrise/dev_ws/install/ackermann_msgs/share/ackermann_msgs/local_setup.bash
[6.364s] -- Up-to-date symlink: /home/sunrise/dev_ws/install/ackermann_msgs/share/ackermann_msgs/local_setup.sh
[6.365s] -- Up-to-date symlink: /home/sunrise/dev_ws/install/ackermann_msgs/share/ackermann_msgs/local_setup.zsh
[6.371s] -- Up-to-date symlink: /home/sunrise/dev_ws/install/ackermann_msgs/share/ackermann_msgs/local_setup.dsv
[6.376s] -- Symlinking: /home/sunrise/dev_ws/install/ackermann_msgs/share/ackermann_msgs/package.dsv
[6.427s] -- Up-to-date symlink: /home/sunrise/dev_ws/install/ackermann_msgs/share/ament_index/resource_index/packages/ackermann_msgs
[6.428s] -- Up-to-date symlink: /home/sunrise/dev_ws/install/ackermann_msgs/share/ackermann_msgs/cmake/rosidl_cmake-extras.cmake
[6.429s] -- Up-to-date symlink: /home/sunrise/dev_ws/install/ackermann_msgs/share/ackermann_msgs/cmake/ament_cmake_export_dependencies-extras.cmake
[6.430s] -- Up-to-date symlink: /home/sunrise/dev_ws/install/ackermann_msgs/share/ackermann_msgs/cmake/ament_cmake_export_include_directories-extras.cmake
[6.431s] -- Up-to-date symlink: /home/sunrise/dev_ws/install/ackermann_msgs/share/ackermann_msgs/cmake/ament_cmake_export_libraries-extras.cmake
[6.433s] -- Up-to-date symlink: /home/sunrise/dev_ws/install/ackermann_msgs/share/ackermann_msgs/cmake/ament_cmake_export_targets-extras.cmake
[6.434s] -- Up-to-date symlink: /home/sunrise/dev_ws/install/ackermann_msgs/share/ackermann_msgs/cmake/rosidl_cmake_export_typesupport_targets-extras.cmake
[6.435s] -- Up-to-date symlink: /home/sunrise/dev_ws/install/ackermann_msgs/share/ackermann_msgs/cmake/rosidl_cmake_export_typesupport_libraries-extras.cmake
[6.437s] -- Up-to-date symlink: /home/sunrise/dev_ws/install/ackermann_msgs/share/ackermann_msgs/cmake/ackermann_msgsConfig.cmake
[6.438s] -- Up-to-date symlink: /home/sunrise/dev_ws/install/ackermann_msgs/share/ackermann_msgs/cmake/ackermann_msgsConfig-version.cmake
[6.440s] -- Up-to-date symlink: /home/sunrise/dev_ws/install/ackermann_msgs/share/ackermann_msgs/package.xml
[6.442s] -- Up-to-date: /home/sunrise/dev_ws/install/ackermann_msgs/lib/libackermann_msgs__rosidl_generator_c.so
[6.443s] -- Up-to-date: /home/sunrise/dev_ws/install/ackermann_msgs/lib/libackermann_msgs__rosidl_typesupport_fastrtps_c.so
[6.444s] -- Up-to-date: /home/sunrise/dev_ws/install/ackermann_msgs/lib/libackermann_msgs__rosidl_typesupport_introspection_c.so
[6.445s] -- Up-to-date: /home/sunrise/dev_ws/install/ackermann_msgs/lib/libackermann_msgs__rosidl_typesupport_c.so
[6.445s] -- Up-to-date: /home/sunrise/dev_ws/install/ackermann_msgs/lib/libackermann_msgs__rosidl_typesupport_fastrtps_cpp.so
[6.446s] -- Up-to-date: /home/sunrise/dev_ws/install/ackermann_msgs/lib/libackermann_msgs__rosidl_typesupport_introspection_cpp.so
[6.447s] -- Up-to-date: /home/sunrise/dev_ws/install/ackermann_msgs/lib/libackermann_msgs__rosidl_typesupport_cpp.so
[6.665s] Listing '/home/sunrise/dev_ws/install/ackermann_msgs/local/lib/python3.10/dist-packages/ackermann_msgs'...
[6.665s] Listing '/home/sunrise/dev_ws/install/ackermann_msgs/local/lib/python3.10/dist-packages/ackermann_msgs/msg'...
[6.719s] -- Up-to-date: /home/sunrise/dev_ws/install/ackermann_msgs/lib/libackermann_msgs__rosidl_generator_py.so
[6.721s] -- Up-to-date: /home/sunrise/dev_ws/install/ackermann_msgs/share/ackermann_msgs/cmake/export_ackermann_msgs__rosidl_generator_cExport.cmake
[6.723s] -- Up-to-date: /home/sunrise/dev_ws/install/ackermann_msgs/share/ackermann_msgs/cmake/export_ackermann_msgs__rosidl_generator_cExport-noconfig.cmake
[6.725s] -- Up-to-date: /home/sunrise/dev_ws/install/ackermann_msgs/share/ackermann_msgs/cmake/export_ackermann_msgs__rosidl_typesupport_fastrtps_cExport.cmake
[6.727s] -- Up-to-date: /home/sunrise/dev_ws/install/ackermann_msgs/share/ackermann_msgs/cmake/export_ackermann_msgs__rosidl_typesupport_fastrtps_cExport-noconfig.cmake
[6.728s] -- Up-to-date: /home/sunrise/dev_ws/install/ackermann_msgs/share/ackermann_msgs/cmake/ackermann_msgs__rosidl_typesupport_introspection_cExport.cmake
[6.729s] -- Up-to-date: /home/sunrise/dev_ws/install/ackermann_msgs/share/ackermann_msgs/cmake/ackermann_msgs__rosidl_typesupport_introspection_cExport-noconfig.cmake
[6.731s] -- Up-to-date: /home/sunrise/dev_ws/install/ackermann_msgs/share/ackermann_msgs/cmake/ackermann_msgs__rosidl_typesupport_cExport.cmake
[6.732s] -- Up-to-date: /home/sunrise/dev_ws/install/ackermann_msgs/share/ackermann_msgs/cmake/ackermann_msgs__rosidl_typesupport_cExport-noconfig.cmake
[6.734s] -- Up-to-date: /home/sunrise/dev_ws/install/ackermann_msgs/share/ackermann_msgs/cmake/export_ackermann_msgs__rosidl_generator_cppExport.cmake
[6.737s] -- Up-to-date: /home/sunrise/dev_ws/install/ackermann_msgs/share/ackermann_msgs/cmake/export_ackermann_msgs__rosidl_typesupport_fastrtps_cppExport.cmake
[6.742s] -- Up-to-date: /home/sunrise/dev_ws/install/ackermann_msgs/share/ackermann_msgs/cmake/export_ackermann_msgs__rosidl_typesupport_fastrtps_cppExport-noconfig.cmake
[6.744s] -- Up-to-date: /home/sunrise/dev_ws/install/ackermann_msgs/share/ackermann_msgs/cmake/ackermann_msgs__rosidl_typesupport_introspection_cppExport.cmake
[6.746s] -- Up-to-date: /home/sunrise/dev_ws/install/ackermann_msgs/share/ackermann_msgs/cmake/ackermann_msgs__rosidl_typesupport_introspection_cppExport-noconfig.cmake
[6.747s] -- Up-to-date: /home/sunrise/dev_ws/install/ackermann_msgs/share/ackermann_msgs/cmake/ackermann_msgs__rosidl_typesupport_cppExport.cmake
[6.750s] -- Up-to-date: /home/sunrise/dev_ws/install/ackermann_msgs/share/ackermann_msgs/cmake/ackermann_msgs__rosidl_typesupport_cppExport-noconfig.cmake
[6.752s] -- Up-to-date: /home/sunrise/dev_ws/install/ackermann_msgs/share/ackermann_msgs/cmake/export_ackermann_msgs__rosidl_generator_pyExport.cmake
[6.753s] -- Up-to-date: /home/sunrise/dev_ws/install/ackermann_msgs/share/ackermann_msgs/cmake/export_ackermann_msgs__rosidl_generator_pyExport-noconfig.cmake
[6.755s] Invoked command in '/home/sunrise/dev_ws/build/ackermann_msgs' returned '0': CMAKE_PREFIX_PATH=${CMAKE_PREFIX_PATH}:/home/sunrise/dev_ws/install/simple_avoidance:/home/sunrise/dev_ws/install/racing_stage2_param_test:/home/sunrise/dev_ws/install/racing_vision_ai:/home/sunrise/dev_ws/install/racing_stage3_param_test:/home/sunrise/dev_ws/install/racing_bringup:/home/sunrise/dev_ws/install/racing_stage3:/home/sunrise/dev_ws/install/racing_stage2:/home/sunrise/dev_ws/install/racing_stage1:/home/sunrise/dev_ws/install/qr_scanner:/home/sunrise/dev_ws/install/line_follower_pkg:/home/sunrise/dev_ws/install/bno055:/opt/tros/humble:/opt/ros/humble /usr/bin/cmake --install /home/sunrise/dev_ws/build/ackermann_msgs
