[0.000000] (-) TimerEvent: {}
[0.000429] (-) JobUnselected: {'identifier': 'ackermann_msgs'}
[0.001063] (-) JobUnselected: {'identifier': 'bno055'}
[0.002069] (-) JobUnselected: {'identifier': 'line_follower_pkg'}
[0.002792] (-) JobUnselected: {'identifier': 'lslidar_driver'}
[0.003572] (-) JobUnselected: {'identifier': 'lslidar_msgs'}
[0.003801] (-) JobUnselected: {'identifier': 'origincar_base'}
[0.003992] (-) JobUnselected: {'identifier': 'origincar_bringup'}
[0.004179] (-) JobUnselected: {'identifier': 'origincar_description'}
[0.004544] (-) JobUnselected: {'identifier': 'origincar_msg'}
[0.004732] (-) JobUnselected: {'identifier': 'qr_scanner'}
[0.004920] (-) JobUnselected: {'identifier': 'racing_bringup'}
[0.005108] (-) JobUnselected: {'identifier': 'racing_stage1'}
[0.005293] (-) JobUnselected: {'identifier': 'racing_stage2'}
[0.005482] (-) JobUnselected: {'identifier': 'racing_stage3'}
[0.005667] (-) JobUnselected: {'identifier': 'racing_stage3_param_test'}
[0.005854] (-) JobUnselected: {'identifier': 'racing_vision_ai'}
[0.006041] (-) JobUnselected: {'identifier': 'serial'}
[0.006227] (-) JobUnselected: {'identifier': 'simple_avoidance'}
[0.006413] (-) JobUnselected: {'identifier': 'utils'}
[0.006603] (-) JobUnselected: {'identifier': 'voice_driver'}
[0.006801] (racing_stage2_param_test) JobQueued: {'identifier': 'racing_stage2_param_test', 'dependencies': OrderedDict([('ackermann_msgs', '/home/sunrise/dev_ws/install/ackermann_msgs'), ('bno055', '/home/sunrise/dev_ws/install/bno055'), ('lslidar_msgs', '/home/sunrise/dev_ws/install/lslidar_msgs'), ('origincar_bringup', '/home/sunrise/dev_ws/install/origincar_bringup'), ('origincar_description', '/home/sunrise/dev_ws/install/origincar_description'), ('origincar_msg', '/home/sunrise/dev_ws/install/origincar_msg'), ('qr_scanner', '/home/sunrise/dev_ws/install/qr_scanner'), ('serial', '/home/sunrise/dev_ws/install/serial'), ('lslidar_driver', '/home/sunrise/dev_ws/install/lslidar_driver'), ('origincar_base', '/home/sunrise/dev_ws/install/origincar_base'), ('racing_stage1', '/home/sunrise/dev_ws/install/racing_stage1'), ('racing_stage2', '/home/sunrise/dev_ws/install/racing_stage2')])}
[0.007086] (racing_stage2_param_test) JobStarted: {'identifier': 'racing_stage2_param_test'}
[0.098708] (-) TimerEvent: {}
[0.199240] (-) TimerEvent: {}
[0.299774] (-) TimerEvent: {}
[0.400275] (-) TimerEvent: {}
[0.500788] (-) TimerEvent: {}
[0.601312] (-) TimerEvent: {}
[0.701814] (-) TimerEvent: {}
[0.802319] (-) TimerEvent: {}
[0.902804] (-) TimerEvent: {}
[1.003295] (-) TimerEvent: {}
[1.103775] (-) TimerEvent: {}
[1.204273] (-) TimerEvent: {}
[1.304822] (-) TimerEvent: {}
[1.405303] (-) TimerEvent: {}
[1.505790] (-) TimerEvent: {}
[1.606303] (-) TimerEvent: {}
[1.706787] (-) TimerEvent: {}
[1.807280] (-) TimerEvent: {}
[1.907768] (-) TimerEvent: {}
[2.008254] (-) TimerEvent: {}
[2.108745] (-) TimerEvent: {}
[2.209285] (-) TimerEvent: {}
[2.309845] (-) TimerEvent: {}
[2.410496] (-) TimerEvent: {}
[2.511052] (-) TimerEvent: {}
[2.611605] (-) TimerEvent: {}
[2.712123] (-) TimerEvent: {}
[2.812624] (-) TimerEvent: {}
[2.913125] (-) TimerEvent: {}
[3.013629] (-) TimerEvent: {}
[3.114146] (-) TimerEvent: {}
[3.214686] (-) TimerEvent: {}
[3.315187] (-) TimerEvent: {}
[3.415681] (-) TimerEvent: {}
[3.516171] (-) TimerEvent: {}
[3.616676] (-) TimerEvent: {}
[3.717223] (-) TimerEvent: {}
[3.817731] (-) TimerEvent: {}
[3.918219] (-) TimerEvent: {}
[4.018719] (-) TimerEvent: {}
[4.119215] (-) TimerEvent: {}
[4.219708] (-) TimerEvent: {}
[4.320233] (-) TimerEvent: {}
[4.420759] (-) TimerEvent: {}
[4.521257] (-) TimerEvent: {}
[4.621785] (-) TimerEvent: {}
[4.722349] (-) TimerEvent: {}
[4.822870] (-) TimerEvent: {}
[4.923367] (-) TimerEvent: {}
[5.023954] (-) TimerEvent: {}
[5.124567] (-) TimerEvent: {}
[5.225173] (-) TimerEvent: {}
[5.284278] (racing_stage2_param_test) Command: {'cmd': ['/usr/bin/python3', '-W', 'ignore:setup.py install is deprecated', '-W', 'ignore:easy_install command is deprecated', 'setup.py', 'egg_info', '--egg-base', '../../../build/racing_stage2_param_test', 'build', '--build-base', '/home/sunrise/dev_ws/build/racing_stage2_param_test/build', 'install', '--record', '/home/sunrise/dev_ws/build/racing_stage2_param_test/install.log', '--single-version-externally-managed', 'install_data'], 'cwd': '/home/sunrise/dev_ws/src/racing/racing_stage2_param_test', 'env': {'VSCODE_CWD': '/home/sunrise', 'VSCODE_ESM_ENTRYPOINT': 'vs/workbench/api/node/extensionHostProcess', 'LANGUAGE': 'en_US.UTF-8', 'USER': 'sunrise', 'SSH_CLIENT': '10.147.109.1 44581 22', 'VSCODE_NLS_CONFIG': '{"userLocale":"en","osLocale":"en","resolvedLanguage":"en","defaultMessagesFile":"/home/sunrise/.cursor-server/bin/linux-arm64/81fcf2931d7687b4ff3f3017858d0c6dee7e2a60/out/nls.messages.json","locale":"en","availableLanguages":{}}', 'VSCODE_HANDLES_UNCAUGHT_ERRORS': 'true', 'XDG_SESSION_TYPE': 'tty', 'SHLVL': '0', 'LD_LIBRARY_PATH': '/home/sunrise/dev_ws/install/origincar_base/lib:/home/sunrise/dev_ws/install/origincar_msg/lib:/home/sunrise/dev_ws/install/lslidar_msgs/lib:/home/sunrise/dev_ws/install/ackermann_msgs/lib:/usr/hobot/lib:/app/lib:/app/pub/lib:/middleware/lib:/middleware/pub/lib:/usr/hobot/lib/sensor:/system/lib:/system/usr/lib:/lib:/home/sunrise/dev_ws/install/voice_driver/lib:/home/sunrise/dev_ws/install/serial/lib:/opt/tros/humble/lib/aarch64-linux-gnu:/opt/tros/humble/lib:/opt/ros/humble/opt/rviz_ogre_vendor/lib:/opt/ros/humble/lib/aarch64-linux-gnu:/opt/ros/humble/lib:/usr/hobot/lib:/app/lib:/app/pub/lib:/middleware/lib:/middleware/pub/lib:/usr/hobot/lib/sensor:/system/lib:/system/usr/lib:/lib:/usr/hobot/lib:/app/lib:/app/pub/lib:/middleware/lib:/middleware/pub/lib:/usr/hobot/lib/sensor:/system/lib:/system/usr/lib:/lib', 'BROWSER': '/home/sunrise/.cursor-server/bin/linux-arm64/81fcf2931d7687b4ff3f3017858d0c6dee7e2a60/bin/helpers/browser.sh', 'MOTD_SHOWN': 'pam', 'HOME': '/home/sunrise', 'OLDPWD': '/home/sunrise/dev_ws', 'VSCODE_IPC_HOOK_CLI': '/run/user/1000/vscode-ipc-bb0cc402-08e7-4aa0-865c-b9502a3ee45f.sock', 'ROS_PYTHON_VERSION': '3', 'NO_COLOR': '1', 'DBUS_SESSION_BUS_ADDRESS': 'unix:path=/run/user/1000/bus', 'TROS_DISTRO': 'humble', 'VSCODE_L10N_BUNDLE_LOCATION': '', 'COLCON_PREFIX_PATH': '/home/sunrise/dev_ws/install', 'ROS_DISTRO': 'humble', 'OVSX_REGISTRY_URL': 'https://open-vsx.org', 'LOGNAME': 'sunrise', 'FORCE_COLOR': '0', 'VSCODE_HANDLES_SIGPIPE': 'true', '_': '/usr/bin/colcon', 'ROS_VERSION': '2', 'CURSOR_LAYOUT': 'unifiedAgent', 'XDG_SESSION_CLASS': 'user', 'TERM': 'dumb', 'XDG_SESSION_ID': '13', 'ROS_LOCALHOST_ONLY': '0', 'PATH': '/home/sunrise/.local/bin:/usr/hobot/bin/:/home/sunrise/.cursor-server/bin/linux-arm64/81fcf2931d7687b4ff3f3017858d0c6dee7e2a60:/home/sunrise/.cursor-server/bin/linux-arm64/81fcf2931d7687b4ff3f3017858d0c6dee7e2a60/bin/remote-cli:/home/sunrise/.local/bin:/opt/tros/humble/bin:/opt/ros/humble/bin:/usr/hobot/bin/:/home/sunrise/.cursor-server/bin/linux-arm64/81fcf2931d7687b4ff3f3017858d0c6dee7e2a60/bin/remote-cli:/home/sunrise/.local/bin:/usr/hobot/bin/:/usr/local/sbin:/usr/local/bin:/usr/sbin:/usr/bin:/sbin:/bin:/usr/games:/usr/local/games:/snap/bin', 'VSCODE_AGENT_FOLDER': '/home/sunrise/.cursor-server', 'XDG_RUNTIME_DIR': '/run/user/1000', 'CURSOR_AGENT': '1', 'LANG': 'en_US.UTF-8', 'LS_COLORS': '', 'AMENT_PREFIX_PATH': '/home/sunrise/dev_ws/install/racing_stage2:/home/sunrise/dev_ws/install/racing_stage1:/home/sunrise/dev_ws/install/qr_scanner:/home/sunrise/dev_ws/install/bno055:/home/sunrise/dev_ws/install/voice_driver:/home/sunrise/dev_ws/install/utils:/home/sunrise/dev_ws/install/simple_avoidance:/home/sunrise/dev_ws/install/racing_stage2_param_test:/home/sunrise/dev_ws/install/origincar_base:/home/sunrise/dev_ws/install/serial:/home/sunrise/dev_ws/install/racing_vision_ai:/home/sunrise/dev_ws/install/racing_stage3_param_test:/home/sunrise/dev_ws/install/racing_bringup:/home/sunrise/dev_ws/install/racing_stage3:/home/sunrise/dev_ws/install/origincar_msg:/home/sunrise/dev_ws/install/origincar_description:/home/sunrise/dev_ws/install/origincar_bringup:/home/sunrise/dev_ws/install/lslidar_driver:/home/sunrise/dev_ws/install/lslidar_msgs:/home/sunrise/dev_ws/install/line_follower_pkg:/home/sunrise/dev_ws/install/ackermann_msgs:/opt/tros/humble:/opt/ros/humble', 'SHELL': '/bin/bash', 'VSCODE_SERVER_SHUTDOWN_TIMEOUT': '300', 'PWD': '/home/sunrise/dev_ws/build/racing_stage2_param_test', 'SSH_CONNECTION': '10.147.109.1 44581 10.147.109.8 22', 'PYTHONPATH': '/home/sunrise/dev_ws/build/racing_stage2_param_test/prefix_override:/usr/lib/python3/dist-packages/colcon_core/task/python/colcon_distutils_commands:/home/sunrise/dev_ws/install/racing_stage2_param_test/lib/python3.10/site-packages:/home/sunrise/dev_ws/build/racing_stage2:/home/sunrise/dev_ws/install/racing_stage2/lib/python3.10/site-packages:/home/sunrise/dev_ws/build/racing_stage1:/home/sunrise/dev_ws/install/racing_stage1/lib/python3.10/site-packages:/home/sunrise/dev_ws/build/qr_scanner:/home/sunrise/dev_ws/install/qr_scanner/lib/python3.10/site-packages:/home/sunrise/dev_ws/build/bno055:/home/sunrise/dev_ws/install/bno055/lib/python3.10/site-packages:/home/sunrise/dev_ws/install/voice_driver/local/lib/python3.10/dist-packages:/home/sunrise/dev_ws/build/simple_avoidance:/home/sunrise/dev_ws/install/simple_avoidance/lib/python3.10/site-packages:/home/sunrise/dev_ws/install/racing_stage2_param_test/lib/python3.10/site-packages:/home/sunrise/dev_ws/install/origincar_base/local/lib/python3.10/dist-packages:/home/sunrise/dev_ws/build/racing_vision_ai:/home/sunrise/dev_ws/install/racing_vision_ai/lib/python3.10/site-packages:/home/sunrise/dev_ws/build/racing_stage3_param_test:/home/sunrise/dev_ws/install/racing_stage3_param_test/lib/python3.10/site-packages:/home/sunrise/dev_ws/build/racing_bringup:/home/sunrise/dev_ws/install/racing_bringup/lib/python3.10/site-packages:/home/sunrise/dev_ws/build/racing_stage3:/home/sunrise/dev_ws/install/racing_stage3/lib/python3.10/site-packages:/home/sunrise/dev_ws/install/origincar_msg/local/lib/python3.10/dist-packages:/home/sunrise/dev_ws/install/lslidar_msgs/local/lib/python3.10/dist-packages:/home/sunrise/dev_ws/build/line_follower_pkg:/home/sunrise/dev_ws/install/line_follower_pkg/lib/python3.10/site-packages:/home/sunrise/dev_ws/install/ackermann_msgs/local/lib/python3.10/dist-packages:/opt/tros/humble/lib/python3.10/site-packages:/opt/tros/humble/local/lib/python3.10/dist-packages:/opt/ros/humble/lib/python3.10/site-packages:/opt/ros/humble/local/lib/python3.10/dist-packages', 'COLCON': '1', '_ZO_DOCTOR': '0', 'CMAKE_PREFIX_PATH': '/home/sunrise/dev_ws/install/origincar_base:/home/sunrise/dev_ws/install/lslidar_driver:/home/sunrise/dev_ws/install/serial:/home/sunrise/dev_ws/install/origincar_msg:/home/sunrise/dev_ws/install/origincar_description:/home/sunrise/dev_ws/install/origincar_bringup:/home/sunrise/dev_ws/install/lslidar_msgs:/home/sunrise/dev_ws/install/ackermann_msgs:/home/sunrise/dev_ws/install/voice_driver:/home/sunrise/dev_ws/install/utils'}, 'shell': False}
[5.325350] (-) TimerEvent: {}
[5.425838] (-) TimerEvent: {}
[5.526331] (-) TimerEvent: {}
[5.626892] (-) TimerEvent: {}
[5.727449] (-) TimerEvent: {}
[5.827952] (-) TimerEvent: {}
[5.928547] (-) TimerEvent: {}
[6.029059] (-) TimerEvent: {}
[6.129546] (-) TimerEvent: {}
[6.230032] (-) TimerEvent: {}
[6.330561] (-) TimerEvent: {}
[6.431075] (-) TimerEvent: {}
[6.531567] (-) TimerEvent: {}
[6.632058] (-) TimerEvent: {}
[6.732558] (-) TimerEvent: {}
[6.833072] (-) TimerEvent: {}
[6.933571] (-) TimerEvent: {}
[7.034078] (-) TimerEvent: {}
[7.134640] (-) TimerEvent: {}
[7.235150] (-) TimerEvent: {}
[7.243571] (racing_stage2_param_test) StdoutLine: {'line': b'running egg_info\n'}
[7.248874] (racing_stage2_param_test) StdoutLine: {'line': b'writing ../../../build/racing_stage2_param_test/racing_stage2_param_test.egg-info/PKG-INFO\n'}
[7.250177] (racing_stage2_param_test) StdoutLine: {'line': b'writing dependency_links to ../../../build/racing_stage2_param_test/racing_stage2_param_test.egg-info/dependency_links.txt\n'}
[7.251511] (racing_stage2_param_test) StdoutLine: {'line': b'writing entry points to ../../../build/racing_stage2_param_test/racing_stage2_param_test.egg-info/entry_points.txt\n'}
[7.252580] (racing_stage2_param_test) StdoutLine: {'line': b'writing requirements to ../../../build/racing_stage2_param_test/racing_stage2_param_test.egg-info/requires.txt\n'}
[7.253840] (racing_stage2_param_test) StdoutLine: {'line': b'writing top-level names to ../../../build/racing_stage2_param_test/racing_stage2_param_test.egg-info/top_level.txt\n'}
[7.266483] (racing_stage2_param_test) StdoutLine: {'line': b"reading manifest file '../../../build/racing_stage2_param_test/racing_stage2_param_test.egg-info/SOURCES.txt'\n"}
[7.272206] (racing_stage2_param_test) StdoutLine: {'line': b"writing manifest file '../../../build/racing_stage2_param_test/racing_stage2_param_test.egg-info/SOURCES.txt'\n"}
[7.273503] (racing_stage2_param_test) StdoutLine: {'line': b'running build\n'}
[7.274517] (racing_stage2_param_test) StdoutLine: {'line': b'running build_py\n'}
[7.275520] (racing_stage2_param_test) StdoutLine: {'line': b'copying racing_stage2_param_test/session_file_log.py -> /home/sunrise/dev_ws/build/racing_stage2_param_test/build/lib/racing_stage2_param_test\n'}
[7.276205] (racing_stage2_param_test) StdoutLine: {'line': b'copying racing_stage2_param_test/direct_inertial_tester.py -> /home/sunrise/dev_ws/build/racing_stage2_param_test/build/lib/racing_stage2_param_test\n'}
[7.279791] (racing_stage2_param_test) StdoutLine: {'line': b'running install\n'}
[7.281887] (racing_stage2_param_test) StdoutLine: {'line': b'running install_lib\n'}
[7.286873] (racing_stage2_param_test) StdoutLine: {'line': b'copying /home/sunrise/dev_ws/build/racing_stage2_param_test/build/lib/racing_stage2_param_test/session_file_log.py -> /home/sunrise/dev_ws/install/racing_stage2_param_test/lib/python3.10/site-packages/racing_stage2_param_test\n'}
[7.288086] (racing_stage2_param_test) StdoutLine: {'line': b'copying /home/sunrise/dev_ws/build/racing_stage2_param_test/build/lib/racing_stage2_param_test/direct_inertial_tester.py -> /home/sunrise/dev_ws/install/racing_stage2_param_test/lib/python3.10/site-packages/racing_stage2_param_test\n'}
[7.294972] (racing_stage2_param_test) StdoutLine: {'line': b'byte-compiling /home/sunrise/dev_ws/install/racing_stage2_param_test/lib/python3.10/site-packages/racing_stage2_param_test/session_file_log.py to session_file_log.cpython-310.pyc\n'}
[7.298608] (racing_stage2_param_test) StdoutLine: {'line': b'byte-compiling /home/sunrise/dev_ws/install/racing_stage2_param_test/lib/python3.10/site-packages/racing_stage2_param_test/direct_inertial_tester.py to direct_inertial_tester.cpython-310.pyc\n'}
[7.335391] (-) TimerEvent: {}
[7.378264] (racing_stage2_param_test) StdoutLine: {'line': b'running install_data\n'}
[7.379915] (racing_stage2_param_test) StdoutLine: {'line': b'running install_egg_info\n'}
[7.394003] (racing_stage2_param_test) StdoutLine: {'line': b"removing '/home/sunrise/dev_ws/install/racing_stage2_param_test/lib/python3.10/site-packages/racing_stage2_param_test-0.0.1-py3.10.egg-info' (and everything under it)\n"}
[7.396340] (racing_stage2_param_test) StdoutLine: {'line': b'Copying ../../../build/racing_stage2_param_test/racing_stage2_param_test.egg-info to /home/sunrise/dev_ws/install/racing_stage2_param_test/lib/python3.10/site-packages/racing_stage2_param_test-0.0.1-py3.10.egg-info\n'}
[7.403652] (racing_stage2_param_test) StdoutLine: {'line': b'running install_scripts\n'}
[7.435592] (-) TimerEvent: {}
[7.536094] (-) TimerEvent: {}
[7.537754] (racing_stage2_param_test) StdoutLine: {'line': b'Installing avoidance_straight_tester script to /home/sunrise/dev_ws/install/racing_stage2_param_test/lib/racing_stage2_param_test\n'}
[7.539332] (racing_stage2_param_test) StdoutLine: {'line': b'Installing camera_video_recorder script to /home/sunrise/dev_ws/install/racing_stage2_param_test/lib/racing_stage2_param_test\n'}
[7.540788] (racing_stage2_param_test) StdoutLine: {'line': b'Installing direct_inertial_tester script to /home/sunrise/dev_ws/install/racing_stage2_param_test/lib/racing_stage2_param_test\n'}
[7.542014] (racing_stage2_param_test) StdoutLine: {'line': b'Installing twist_cmd_relay script to /home/sunrise/dev_ws/install/racing_stage2_param_test/lib/racing_stage2_param_test\n'}
[7.544071] (racing_stage2_param_test) StdoutLine: {'line': b"writing list of installed files to '/home/sunrise/dev_ws/build/racing_stage2_param_test/install.log'\n"}
[7.636345] (-) TimerEvent: {}
[7.736923] (-) TimerEvent: {}
[7.771450] (racing_stage2_param_test) CommandEnded: {'returncode': 0}
[7.837071] (-) TimerEvent: {}
[7.851059] (racing_stage2_param_test) JobEnded: {'identifier': 'racing_stage2_param_test', 'rc': 0}
[7.854243] (-) EventReactorShutdown: {}
