[0.000000] (-) TimerEvent: {}
[0.000780] (-) JobUnselected: {'identifier': 'ackermann_msgs'}
[0.001982] (-) JobUnselected: {'identifier': 'bno055'}
[0.002135] (-) JobUnselected: {'identifier': 'line_follower_pkg'}
[0.002262] (-) JobUnselected: {'identifier': 'lslidar_driver'}
[0.003263] (-) JobUnselected: {'identifier': 'lslidar_msgs'}
[0.004299] (-) JobUnselected: {'identifier': 'origincar_base'}
[0.004522] (-) JobUnselected: {'identifier': 'origincar_bringup'}
[0.004717] (-) JobUnselected: {'identifier': 'origincar_description'}
[0.004905] (-) JobUnselected: {'identifier': 'origincar_msg'}
[0.005093] (-) JobUnselected: {'identifier': 'qr_scanner'}
[0.005281] (-) JobUnselected: {'identifier': 'racing_bringup'}
[0.005495] (-) JobUnselected: {'identifier': 'racing_stage1'}
[0.005651] (-) JobUnselected: {'identifier': 'racing_stage2'}
[0.005913] (-) JobUnselected: {'identifier': 'racing_stage3'}
[0.006356] (-) JobUnselected: {'identifier': 'racing_stage3_param_test'}
[0.006470] (-) JobUnselected: {'identifier': 'racing_vision_ai'}
[0.006586] (-) JobUnselected: {'identifier': 'serial'}
[0.006746] (-) JobUnselected: {'identifier': 'simple_avoidance'}
[0.007115] (-) JobUnselected: {'identifier': 'utils'}
[0.007366] (-) JobUnselected: {'identifier': 'voice_driver'}
[0.007493] (racing_stage2_param_test) JobQueued: {'identifier': 'racing_stage2_param_test', 'dependencies': OrderedDict([('ackermann_msgs', '/home/sunrise/dev_ws/install/ackermann_msgs'), ('bno055', '/home/sunrise/dev_ws/install/bno055'), ('lslidar_msgs', '/home/sunrise/dev_ws/install/lslidar_msgs'), ('origincar_bringup', '/home/sunrise/dev_ws/install/origincar_bringup'), ('origincar_description', '/home/sunrise/dev_ws/install/origincar_description'), ('origincar_msg', '/home/sunrise/dev_ws/install/origincar_msg'), ('qr_scanner', '/home/sunrise/dev_ws/install/qr_scanner'), ('serial', '/home/sunrise/dev_ws/install/serial'), ('lslidar_driver', '/home/sunrise/dev_ws/install/lslidar_driver'), ('origincar_base', '/home/sunrise/dev_ws/install/origincar_base'), ('racing_stage1', '/home/sunrise/dev_ws/install/racing_stage1'), ('racing_stage2', '/home/sunrise/dev_ws/install/racing_stage2')])}
[0.007706] (racing_stage2_param_test) JobStarted: {'identifier': 'racing_stage2_param_test'}
[0.098101] (-) TimerEvent: {}
[0.198614] (-) TimerEvent: {}
[0.299109] (-) TimerEvent: {}
[0.399585] (-) TimerEvent: {}
[0.500049] (-) TimerEvent: {}
[0.600489] (-) TimerEvent: {}
[0.700892] (-) TimerEvent: {}
[0.801297] (-) TimerEvent: {}
[0.901715] (-) TimerEvent: {}
[1.002120] (-) TimerEvent: {}
[1.102517] (-) TimerEvent: {}
[1.202904] (-) TimerEvent: {}
[1.303289] (-) TimerEvent: {}
[1.403665] (-) TimerEvent: {}
[1.504038] (-) TimerEvent: {}
[1.604416] (-) TimerEvent: {}
[1.704777] (-) TimerEvent: {}
[1.805184] (-) TimerEvent: {}
[1.905617] (-) TimerEvent: {}
[2.006088] (-) TimerEvent: {}
[2.106537] (-) TimerEvent: {}
[2.206953] (-) TimerEvent: {}
[2.307336] (-) TimerEvent: {}
[2.407700] (-) TimerEvent: {}
[2.508055] (-) TimerEvent: {}
[2.608423] (-) TimerEvent: {}
[2.708785] (-) TimerEvent: {}
[2.809200] (-) TimerEvent: {}
[2.909638] (-) TimerEvent: {}
[3.010067] (-) TimerEvent: {}
[3.110505] (-) TimerEvent: {}
[3.210979] (-) TimerEvent: {}
[3.311459] (-) TimerEvent: {}
[3.411898] (-) TimerEvent: {}
[3.512338] (-) TimerEvent: {}
[3.612720] (-) TimerEvent: {}
[3.713038] (-) TimerEvent: {}
[3.813378] (-) TimerEvent: {}
[3.913763] (-) TimerEvent: {}
[4.014197] (-) TimerEvent: {}
[4.114627] (-) TimerEvent: {}
[4.215220] (-) TimerEvent: {}
[4.315633] (-) TimerEvent: {}
[4.416056] (-) TimerEvent: {}
[4.516432] (-) TimerEvent: {}
[4.616856] (-) TimerEvent: {}
[4.717299] (-) TimerEvent: {}
[4.766470] (racing_stage2_param_test) Command: {'cmd': ['/usr/bin/python3', '-W', 'ignore:setup.py install is deprecated', '-W', 'ignore:easy_install command is deprecated', 'setup.py', 'develop', '--editable', '--build-directory', '/home/sunrise/dev_ws/build/racing_stage2_param_test/build', '--no-deps', 'symlink_data', '--force'], 'cwd': '/home/sunrise/dev_ws/build/racing_stage2_param_test', 'env': {'LANGUAGE': 'en_US.UTF-8', 'USER': 'sunrise', 'SSH_CLIENT': '10.147.109.1 34698 22', 'XDG_SESSION_TYPE': 'tty', 'SHLVL': '1', 'LD_LIBRARY_PATH': '/home/sunrise/dev_ws/install/origincar_base/lib:/home/sunrise/dev_ws/install/serial/lib:/home/sunrise/dev_ws/install/origincar_msg/lib:/home/sunrise/dev_ws/install/lslidar_msgs/lib:/home/sunrise/dev_ws/install/ackermann_msgs/lib:/opt/ros/humble/opt/rviz_ogre_vendor/lib:/opt/ros/humble/lib/aarch64-linux-gnu:/opt/ros/humble/lib', 'MOTD_SHOWN': 'pam', 'HOME': '/home/sunrise', 'OLDPWD': '/home/sunrise', 'ROS_PYTHON_VERSION': '3', 'DBUS_SESSION_BUS_ADDRESS': 'unix:path=/run/user/1000/bus', 'ROS_DISTRO': 'humble', 'LOGNAME': 'sunrise', '_': '/usr/bin/colcon', 'ROS_VERSION': '2', 'XDG_SESSION_CLASS': 'user', 'XDG_SESSION_ID': '21', 'ROS_LOCALHOST_ONLY': '0', 'PATH': '/opt/ros/humble/bin:/usr/local/sbin:/usr/local/bin:/usr/sbin:/usr/bin:/sbin:/bin:/usr/games:/usr/local/games:/snap/bin', 'XDG_RUNTIME_DIR': '/run/user/1000', 'LANG': 'en_US.UTF-8', 'AMENT_PREFIX_PATH': '/home/sunrise/dev_ws/install/racing_stage2:/home/sunrise/dev_ws/install/racing_stage1:/home/sunrise/dev_ws/install/origincar_base:/home/sunrise/dev_ws/install/lslidar_driver:/home/sunrise/dev_ws/install/serial:/home/sunrise/dev_ws/install/qr_scanner:/home/sunrise/dev_ws/install/origincar_msg:/home/sunrise/dev_ws/install/origincar_description:/home/sunrise/dev_ws/install/origincar_bringup:/home/sunrise/dev_ws/install/lslidar_msgs:/home/sunrise/dev_ws/install/bno055:/home/sunrise/dev_ws/install/ackermann_msgs:/opt/ros/humble', 'SHELL': '/bin/bash', 'PWD': '/home/sunrise/dev_ws/build/racing_stage2_param_test', 'SSH_CONNECTION': '10.147.109.1 34698 10.147.109.8 22', 'PYTHONPATH': '/home/sunrise/dev_ws/build/racing_stage2_param_test/prefix_override:/usr/lib/python3/dist-packages/colcon_core/task/python/colcon_distutils_commands:/home/sunrise/dev_ws/install/racing_stage2_param_test/lib/python3.10/site-packages:/home/sunrise/dev_ws/build/racing_stage2:/home/sunrise/dev_ws/install/racing_stage2/lib/python3.10/site-packages:/home/sunrise/dev_ws/build/racing_stage1:/home/sunrise/dev_ws/install/racing_stage1/lib/python3.10/site-packages:/home/sunrise/dev_ws/install/origincar_base/local/lib/python3.10/dist-packages:/home/sunrise/dev_ws/build/qr_scanner:/home/sunrise/dev_ws/install/qr_scanner/lib/python3.10/site-packages:/home/sunrise/dev_ws/install/origincar_msg/local/lib/python3.10/dist-packages:/home/sunrise/dev_ws/install/lslidar_msgs/local/lib/python3.10/dist-packages:/home/sunrise/dev_ws/build/bno055:/home/sunrise/dev_ws/install/bno055/lib/python3.10/site-packages:/home/sunrise/dev_ws/install/ackermann_msgs/local/lib/python3.10/dist-packages:/opt/ros/humble/lib/python3.10/site-packages:/opt/ros/humble/local/lib/python3.10/dist-packages', 'COLCON': '1', 'CMAKE_PREFIX_PATH': '/home/sunrise/dev_ws/install/origincar_base:/home/sunrise/dev_ws/install/lslidar_driver:/home/sunrise/dev_ws/install/serial:/home/sunrise/dev_ws/install/origincar_msg:/home/sunrise/dev_ws/install/origincar_description:/home/sunrise/dev_ws/install/origincar_bringup:/home/sunrise/dev_ws/install/lslidar_msgs:/home/sunrise/dev_ws/install/ackermann_msgs'}, 'shell': False}
[4.817469] (-) TimerEvent: {}
[4.917886] (-) TimerEvent: {}
[5.018334] (-) TimerEvent: {}
[5.118763] (-) TimerEvent: {}
[5.219169] (-) TimerEvent: {}
[5.319579] (-) TimerEvent: {}
[5.419977] (-) TimerEvent: {}
[5.520361] (-) TimerEvent: {}
[5.620738] (-) TimerEvent: {}
[5.721127] (-) TimerEvent: {}
[5.821530] (-) TimerEvent: {}
[5.921938] (-) TimerEvent: {}
[6.022336] (-) TimerEvent: {}
[6.122733] (-) TimerEvent: {}
[6.223125] (-) TimerEvent: {}
[6.323525] (-) TimerEvent: {}
[6.423918] (-) TimerEvent: {}
[6.524316] (-) TimerEvent: {}
[6.624760] (-) TimerEvent: {}
[6.632925] (racing_stage2_param_test) StdoutLine: {'line': b'running develop\n'}
[6.724940] (-) TimerEvent: {}
[6.825367] (-) TimerEvent: {}
[6.925739] (-) TimerEvent: {}
[7.026125] (-) TimerEvent: {}
[7.126517] (-) TimerEvent: {}
[7.226897] (-) TimerEvent: {}
[7.327287] (-) TimerEvent: {}
[7.427670] (-) TimerEvent: {}
[7.528050] (-) TimerEvent: {}
[7.628430] (-) TimerEvent: {}
[7.728901] (-) TimerEvent: {}
[7.829327] (-) TimerEvent: {}
[7.841355] (racing_stage2_param_test) StdoutLine: {'line': b'running egg_info\n'}
[7.842503] (racing_stage2_param_test) StdoutLine: {'line': b'writing racing_stage2_param_test.egg-info/PKG-INFO\n'}
[7.843863] (racing_stage2_param_test) StdoutLine: {'line': b'writing dependency_links to racing_stage2_param_test.egg-info/dependency_links.txt\n'}
[7.845157] (racing_stage2_param_test) StdoutLine: {'line': b'writing entry points to racing_stage2_param_test.egg-info/entry_points.txt\n'}
[7.846488] (racing_stage2_param_test) StdoutLine: {'line': b'writing requirements to racing_stage2_param_test.egg-info/requires.txt\n'}
[7.847055] (racing_stage2_param_test) StdoutLine: {'line': b'writing top-level names to racing_stage2_param_test.egg-info/top_level.txt\n'}
[7.858102] (racing_stage2_param_test) StdoutLine: {'line': b"reading manifest file 'racing_stage2_param_test.egg-info/SOURCES.txt'\n"}
[7.864655] (racing_stage2_param_test) StdoutLine: {'line': b"writing manifest file 'racing_stage2_param_test.egg-info/SOURCES.txt'\n"}
[7.874849] (racing_stage2_param_test) StdoutLine: {'line': b'running build_ext\n'}
[7.876231] (racing_stage2_param_test) StdoutLine: {'line': b'Creating /home/sunrise/dev_ws/install/racing_stage2_param_test/lib/python3.10/site-packages/racing-stage2-param-test.egg-link (link to .)\n'}
[7.880893] (racing_stage2_param_test) StdoutLine: {'line': b'Installing avoidance_straight_tester script to /home/sunrise/dev_ws/install/racing_stage2_param_test/lib/racing_stage2_param_test\n'}
[7.881945] (racing_stage2_param_test) StdoutLine: {'line': b'Installing camera_video_recorder script to /home/sunrise/dev_ws/install/racing_stage2_param_test/lib/racing_stage2_param_test\n'}
[7.883259] (racing_stage2_param_test) StdoutLine: {'line': b'Installing direct_inertial_tester script to /home/sunrise/dev_ws/install/racing_stage2_param_test/lib/racing_stage2_param_test\n'}
[7.884225] (racing_stage2_param_test) StdoutLine: {'line': b'Installing lane_follow script to /home/sunrise/dev_ws/install/racing_stage2_param_test/lib/racing_stage2_param_test\n'}
[7.885394] (racing_stage2_param_test) StdoutLine: {'line': b'Installing twist_cmd_relay script to /home/sunrise/dev_ws/install/racing_stage2_param_test/lib/racing_stage2_param_test\n'}
[7.886379] (racing_stage2_param_test) StdoutLine: {'line': b'\n'}
[7.887257] (racing_stage2_param_test) StdoutLine: {'line': b'Installed /home/sunrise/dev_ws/build/racing_stage2_param_test\n'}
[7.888077] (racing_stage2_param_test) StdoutLine: {'line': b'running symlink_data\n'}
[7.889270] (racing_stage2_param_test) StdoutLine: {'line': b'symbolically linking /home/sunrise/dev_ws/build/racing_stage2_param_test/resource/racing_stage2_param_test -> /home/sunrise/dev_ws/install/racing_stage2_param_test/share/ament_index/resource_index/packages\n'}
[7.889907] (racing_stage2_param_test) StdoutLine: {'line': b'symbolically linking /home/sunrise/dev_ws/build/racing_stage2_param_test/package.xml -> /home/sunrise/dev_ws/install/racing_stage2_param_test/share/racing_stage2_param_test\n'}
[7.890441] (racing_stage2_param_test) StdoutLine: {'line': b'symbolically linking /home/sunrise/dev_ws/build/racing_stage2_param_test/launch/direct_inertial_test.launch.py -> /home/sunrise/dev_ws/install/racing_stage2_param_test/share/racing_stage2_param_test/launch\n'}
[7.890928] (racing_stage2_param_test) StdoutLine: {'line': b'symbolically linking /home/sunrise/dev_ws/build/racing_stage2_param_test/launch/avoidance_straight_test.launch.py -> /home/sunrise/dev_ws/install/racing_stage2_param_test/share/racing_stage2_param_test/launch\n'}
[7.891384] (racing_stage2_param_test) StderrLine: {'line': b"error: [Errno 2] No such file or directory: '/home/sunrise/dev_ws/install/racing_stage2_param_test/share/racing_stage2_param_test/launch/lane_follow_test.launch.py'\n"}
[7.929483] (-) TimerEvent: {}
[8.029881] (-) TimerEvent: {}
[8.130290] (-) TimerEvent: {}
[8.159096] (racing_stage2_param_test) CommandEnded: {'returncode': 1}
[8.160923] (racing_stage2_param_test) JobEnded: {'identifier': 'racing_stage2_param_test', 'rc': 1}
[8.170855] (-) EventReactorShutdown: {}
