running develop
running egg_info
creating racing_bringup.egg-info
writing racing_bringup.egg-info/PKG-INFO
writing dependency_links to racing_bringup.egg-info/dependency_links.txt
writing requirements to racing_bringup.egg-info/requires.txt
writing top-level names to racing_bringup.egg-info/top_level.txt
writing manifest file 'racing_bringup.egg-info/SOURCES.txt'
reading manifest file 'racing_bringup.egg-info/SOURCES.txt'
writing manifest file 'racing_bringup.egg-info/SOURCES.txt'
running build_ext
Creating /home/sunrise/dev_ws/install/racing_bringup/lib/python3.10/site-packages/racing-bringup.egg-link (link to .)

Installed /home/sunrise/dev_ws/build/racing_bringup
running symlink_data
creating /home/sunrise/dev_ws/install/racing_bringup/share/ament_index
creating /home/sunrise/dev_ws/install/racing_bringup/share/ament_index/resource_index
creating /home/sunrise/dev_ws/install/racing_bringup/share/ament_index/resource_index/packages
symbolically linking /home/sunrise/dev_ws/build/racing_bringup/resource/racing_bringup -> /home/sunrise/dev_ws/install/racing_bringup/share/ament_index/resource_index/packages
symbolically linking /home/sunrise/dev_ws/build/racing_bringup/package.xml -> /home/sunrise/dev_ws/install/racing_bringup/share/racing_bringup
creating /home/sunrise/dev_ws/install/racing_bringup/share/racing_bringup/launch
symbolically linking /home/sunrise/dev_ws/build/racing_bringup/launch/competition_total.launch.py -> /home/sunrise/dev_ws/install/racing_bringup/share/racing_bringup/launch
