[0.000000] (-) TimerEvent: {}
[0.000465] (-) JobUnselected: {'identifier': 'ackermann_msgs'}
[0.001172] (-) JobUnselected: {'identifier': 'bno055'}
[0.002329] (-) JobUnselected: {'identifier': 'line_follower_pkg'}
[0.003150] (-) JobUnselected: {'identifier': 'lslidar_driver'}
[0.003984] (-) JobUnselected: {'identifier': 'lslidar_msgs'}
[0.004228] (-) JobUnselected: {'identifier': 'origincar_base'}
[0.004426] (-) JobUnselected: {'identifier': 'origincar_bringup'}
[0.004614] (-) JobUnselected: {'identifier': 'origincar_description'}
[0.004799] (-) JobUnselected: {'identifier': 'origincar_msg'}
[0.004985] (-) JobUnselected: {'identifier': 'qr_scanner'}
[0.005170] (-) JobUnselected: {'identifier': 'racing_bringup'}
[0.005360] (-) JobUnselected: {'identifier': 'racing_stage1'}
[0.005545] (-) JobUnselected: {'identifier': 'racing_stage2'}
[0.005729] (-) JobUnselected: {'identifier': 'racing_stage3'}
[0.005916] (-) JobUnselected: {'identifier': 'racing_stage3_param_test'}
[0.006100] (-) JobUnselected: {'identifier': 'racing_vision_ai'}
[0.006285] (-) JobUnselected: {'identifier': 'serial'}
[0.006471] (-) JobUnselected: {'identifier': 'simple_avoidance'}
[0.006658] (-) JobUnselected: {'identifier': 'utils'}
[0.006845] (-) JobUnselected: {'identifier': 'voice_driver'}
[0.007045] (racing_stage2_param_test) JobQueued: {'identifier': 'racing_stage2_param_test', 'dependencies': OrderedDict([('ackermann_msgs', '/home/sunrise/dev_ws/install/ackermann_msgs'), ('bno055', '/home/sunrise/dev_ws/install/bno055'), ('lslidar_msgs', '/home/sunrise/dev_ws/install/lslidar_msgs'), ('origincar_bringup', '/home/sunrise/dev_ws/install/origincar_bringup'), ('origincar_description', '/home/sunrise/dev_ws/install/origincar_description'), ('origincar_msg', '/home/sunrise/dev_ws/install/origincar_msg'), ('qr_scanner', '/home/sunrise/dev_ws/install/qr_scanner'), ('serial', '/home/sunrise/dev_ws/install/serial'), ('lslidar_driver', '/home/sunrise/dev_ws/install/lslidar_driver'), ('origincar_base', '/home/sunrise/dev_ws/install/origincar_base'), ('racing_stage1', '/home/sunrise/dev_ws/install/racing_stage1'), ('racing_stage2', '/home/sunrise/dev_ws/install/racing_stage2')])}
[0.007333] (racing_stage2_param_test) JobStarted: {'identifier': 'racing_stage2_param_test'}
[0.098651] (-) TimerEvent: {}
[0.199140] (-) TimerEvent: {}
[0.299626] (-) TimerEvent: {}
[0.400105] (-) TimerEvent: {}
[0.500554] (-) TimerEvent: {}
[0.601032] (-) TimerEvent: {}
[0.701517] (-) TimerEvent: {}
[0.801991] (-) TimerEvent: {}
[0.902464] (-) TimerEvent: {}
[1.002930] (-) TimerEvent: {}
[1.103391] (-) TimerEvent: {}
[1.203862] (-) TimerEvent: {}
[1.304324] (-) TimerEvent: {}
[1.404757] (-) TimerEvent: {}
[1.505197] (-) TimerEvent: {}
[1.605644] (-) TimerEvent: {}
[1.706070] (-) TimerEvent: {}
[1.806509] (-) TimerEvent: {}
[1.906969] (-) TimerEvent: {}
[2.007481] (-) TimerEvent: {}
[2.108043] (-) TimerEvent: {}
[2.208550] (-) TimerEvent: {}
[2.309197] (-) TimerEvent: {}
[2.409696] (-) TimerEvent: {}
[2.510165] (-) TimerEvent: {}
[2.610623] (-) TimerEvent: {}
[2.711077] (-) TimerEvent: {}
[2.811542] (-) TimerEvent: {}
[2.911991] (-) TimerEvent: {}
[3.012425] (-) TimerEvent: {}
[3.112839] (-) TimerEvent: {}
[3.213238] (-) TimerEvent: {}
[3.313672] (-) TimerEvent: {}
[3.414117] (-) TimerEvent: {}
[3.514553] (-) TimerEvent: {}
[3.614976] (-) TimerEvent: {}
[3.715401] (-) TimerEvent: {}
[3.815818] (-) TimerEvent: {}
[3.916264] (-) TimerEvent: {}
[4.016702] (-) TimerEvent: {}
[4.117110] (-) TimerEvent: {}
[4.217522] (-) TimerEvent: {}
[4.318039] (-) TimerEvent: {}
[4.418542] (-) TimerEvent: {}
[4.519018] (-) TimerEvent: {}
[4.619481] (-) TimerEvent: {}
[4.720001] (-) TimerEvent: {}
[4.820524] (-) TimerEvent: {}
[4.921645] (racing_stage2_param_test) Command: {'cmd': ['/usr/bin/python3', '-W', 'ignore:setup.py install is deprecated', '-W', 'ignore:easy_install command is deprecated', 'setup.py', 'develop', '--editable', '--build-directory', '/home/sunrise/dev_ws/build/racing_stage2_param_test/build', '--no-deps', 'symlink_data'], 'cwd': '/home/sunrise/dev_ws/build/racing_stage2_param_test', 'env': {'VSCODE_CWD': '/home/sunrise', 'VSCODE_ESM_ENTRYPOINT': 'vs/workbench/api/node/extensionHostProcess', 'LANGUAGE': 'en_US.UTF-8', 'USER': 'sunrise', 'SSH_CLIENT': '10.147.109.1 50078 22', 'VSCODE_NLS_CONFIG': '{"userLocale":"en","osLocale":"en","resolvedLanguage":"en","defaultMessagesFile":"/home/sunrise/.cursor-server/bin/linux-arm64/81fcf2931d7687b4ff3f3017858d0c6dee7e2a60/out/nls.messages.json","locale":"en","availableLanguages":{}}', 'VSCODE_HANDLES_UNCAUGHT_ERRORS': 'true', 'XDG_SESSION_TYPE': 'tty', 'SHLVL': '1', 'LD_LIBRARY_PATH': '/home/sunrise/dev_ws/install/origincar_base/lib:/home/sunrise/dev_ws/install/origincar_msg/lib:/home/sunrise/dev_ws/install/lslidar_msgs/lib:/home/sunrise/dev_ws/install/ackermann_msgs/lib:/usr/hobot/lib:/app/lib:/app/pub/lib:/middleware/lib:/middleware/pub/lib:/usr/hobot/lib/sensor:/system/lib:/system/usr/lib:/lib:/home/sunrise/dev_ws/install/voice_driver/lib:/home/sunrise/dev_ws/install/serial/lib:/opt/tros/humble/lib/aarch64-linux-gnu:/opt/tros/humble/lib:/opt/ros/humble/opt/rviz_ogre_vendor/lib:/opt/ros/humble/lib/aarch64-linux-gnu:/opt/ros/humble/lib:/usr/hobot/lib:/app/lib:/app/pub/lib:/middleware/lib:/middleware/pub/lib:/usr/hobot/lib/sensor:/system/lib:/system/usr/lib:/lib:/usr/hobot/lib:/app/lib:/app/pub/lib:/middleware/lib:/middleware/pub/lib:/usr/hobot/lib/sensor:/system/lib:/system/usr/lib:/lib', 'BROWSER': '/home/sunrise/.cursor-server/bin/linux-arm64/81fcf2931d7687b4ff3f3017858d0c6dee7e2a60/bin/helpers/browser.sh', 'MOTD_SHOWN': 'pam', 'HOME': '/home/sunrise', 'OLDPWD': '/home/sunrise/dev_ws', 'VSCODE_IPC_HOOK_CLI': '/run/user/1000/vscode-ipc-d7974d91-6e13-4571-8fa1-755181d800c7.sock', 'ROS_PYTHON_VERSION': '3', 'NO_COLOR': '1', 'DBUS_SESSION_BUS_ADDRESS': 'unix:path=/run/user/1000/bus', 'TROS_DISTRO': 'humble', 'COLCON_PREFIX_PATH': '/home/sunrise/dev_ws/install', 'ROS_DISTRO': 'humble', 'OVSX_REGISTRY_URL': 'https://open-vsx.org', 'LOGNAME': 'sunrise', 'FORCE_COLOR': '0', 'VSCODE_HANDLES_SIGPIPE': 'true', '_': '/usr/bin/colcon', 'ROS_VERSION': '2', 'CURSOR_LAYOUT': 'unifiedAgent', 'XDG_SESSION_CLASS': 'user', 'TERM': 'dumb', 'XDG_SESSION_ID': '2', 'ROS_LOCALHOST_ONLY': '0', 'PATH': '/home/sunrise/.local/bin:/usr/hobot/bin/:/home/sunrise/.cursor-server/bin/linux-arm64/81fcf2931d7687b4ff3f3017858d0c6dee7e2a60:/home/sunrise/.cursor-server/bin/linux-arm64/81fcf2931d7687b4ff3f3017858d0c6dee7e2a60/bin/remote-cli:/home/sunrise/.local/bin:/opt/tros/humble/bin:/opt/ros/humble/bin:/usr/hobot/bin/:/home/sunrise/.cursor-server/bin/linux-arm64/81fcf2931d7687b4ff3f3017858d0c6dee7e2a60/bin/remote-cli:/home/sunrise/.local/bin:/usr/hobot/bin/:/usr/local/sbin:/usr/local/bin:/usr/sbin:/usr/bin:/sbin:/bin:/usr/games:/usr/local/games:/snap/bin', 'VSCODE_AGENT_FOLDER': '/home/sunrise/.cursor-server', 'XDG_RUNTIME_DIR': '/run/user/1000', 'CURSOR_AGENT': '1', 'LANG': 'en_US.UTF-8', 'LS_COLORS': '', 'AMENT_PREFIX_PATH': '/home/sunrise/dev_ws/install/racing_stage2:/home/sunrise/dev_ws/install/racing_stage1:/home/sunrise/dev_ws/install/qr_scanner:/home/sunrise/dev_ws/install/bno055:/home/sunrise/dev_ws/install/voice_driver:/home/sunrise/dev_ws/install/utils:/home/sunrise/dev_ws/install/simple_avoidance:/home/sunrise/dev_ws/install/racing_stage2_param_test:/home/sunrise/dev_ws/install/origincar_base:/home/sunrise/dev_ws/install/serial:/home/sunrise/dev_ws/install/racing_vision_ai:/home/sunrise/dev_ws/install/racing_stage3_param_test:/home/sunrise/dev_ws/install/racing_bringup:/home/sunrise/dev_ws/install/racing_stage3:/home/sunrise/dev_ws/install/origincar_msg:/home/sunrise/dev_ws/install/origincar_description:/home/sunrise/dev_ws/install/origincar_bringup:/home/sunrise/dev_ws/install/lslidar_driver:/home/sunrise/dev_ws/install/lslidar_msgs:/home/sunrise/dev_ws/install/line_follower_pkg:/home/sunrise/dev_ws/install/ackermann_msgs:/opt/tros/humble:/opt/ros/humble', 'SHELL': '/bin/bash', 'VSCODE_SERVER_SHUTDOWN_TIMEOUT': '300', 'PWD': '/home/sunrise/dev_ws/build/racing_stage2_param_test', 'SSH_CONNECTION': '10.147.109.1 50078 10.147.109.8 22', 'PYTHONPATH': '/home/sunrise/dev_ws/build/racing_stage2_param_test/prefix_override:/usr/lib/python3/dist-packages/colcon_core/task/python/colcon_distutils_commands:/home/sunrise/dev_ws/install/racing_stage2_param_test/lib/python3.10/site-packages:/home/sunrise/dev_ws/build/racing_stage2:/home/sunrise/dev_ws/install/racing_stage2/lib/python3.10/site-packages:/home/sunrise/dev_ws/build/racing_stage1:/home/sunrise/dev_ws/install/racing_stage1/lib/python3.10/site-packages:/home/sunrise/dev_ws/build/qr_scanner:/home/sunrise/dev_ws/install/qr_scanner/lib/python3.10/site-packages:/home/sunrise/dev_ws/build/bno055:/home/sunrise/dev_ws/install/bno055/lib/python3.10/site-packages:/home/sunrise/dev_ws/install/voice_driver/local/lib/python3.10/dist-packages:/home/sunrise/dev_ws/build/simple_avoidance:/home/sunrise/dev_ws/install/simple_avoidance/lib/python3.10/site-packages:/home/sunrise/dev_ws/build/racing_stage2_param_test:/home/sunrise/dev_ws/install/racing_stage2_param_test/lib/python3.10/site-packages:/home/sunrise/dev_ws/install/origincar_base/local/lib/python3.10/dist-packages:/home/sunrise/dev_ws/build/racing_vision_ai:/home/sunrise/dev_ws/install/racing_vision_ai/lib/python3.10/site-packages:/home/sunrise/dev_ws/build/racing_stage3_param_test:/home/sunrise/dev_ws/install/racing_stage3_param_test/lib/python3.10/site-packages:/home/sunrise/dev_ws/build/racing_bringup:/home/sunrise/dev_ws/install/racing_bringup/lib/python3.10/site-packages:/home/sunrise/dev_ws/build/racing_stage3:/home/sunrise/dev_ws/install/racing_stage3/lib/python3.10/site-packages:/home/sunrise/dev_ws/install/origincar_msg/local/lib/python3.10/dist-packages:/home/sunrise/dev_ws/install/lslidar_msgs/local/lib/python3.10/dist-packages:/home/sunrise/dev_ws/build/line_follower_pkg:/home/sunrise/dev_ws/install/line_follower_pkg/lib/python3.10/site-packages:/home/sunrise/dev_ws/install/ackermann_msgs/local/lib/python3.10/dist-packages:/opt/tros/humble/lib/python3.10/site-packages:/opt/tros/humble/local/lib/python3.10/dist-packages:/opt/ros/humble/lib/python3.10/site-packages:/opt/ros/humble/local/lib/python3.10/dist-packages', 'COLCON': '1', '_ZO_DOCTOR': '0', 'CMAKE_PREFIX_PATH': '/home/sunrise/dev_ws/install/origincar_base:/home/sunrise/dev_ws/install/lslidar_driver:/home/sunrise/dev_ws/install/serial:/home/sunrise/dev_ws/install/origincar_msg:/home/sunrise/dev_ws/install/origincar_description:/home/sunrise/dev_ws/install/origincar_bringup:/home/sunrise/dev_ws/install/lslidar_msgs:/home/sunrise/dev_ws/install/ackermann_msgs:/home/sunrise/dev_ws/install/voice_driver:/home/sunrise/dev_ws/install/utils'}, 'shell': False}
[4.932176] (-) TimerEvent: {}
[5.032584] (-) TimerEvent: {}
[5.133062] (-) TimerEvent: {}
[5.233548] (-) TimerEvent: {}
[5.334026] (-) TimerEvent: {}
[5.434525] (-) TimerEvent: {}
[5.535026] (-) TimerEvent: {}
[5.635490] (-) TimerEvent: {}
[5.735961] (-) TimerEvent: {}
[5.836416] (-) TimerEvent: {}
[5.936886] (-) TimerEvent: {}
[6.037357] (-) TimerEvent: {}
[6.137824] (-) TimerEvent: {}
[6.238281] (-) TimerEvent: {}
[6.338740] (-) TimerEvent: {}
[6.439203] (-) TimerEvent: {}
[6.539661] (-) TimerEvent: {}
[6.640112] (-) TimerEvent: {}
[6.740571] (-) TimerEvent: {}
[6.841032] (-) TimerEvent: {}
[6.911442] (racing_stage2_param_test) StdoutLine: {'line': b'running develop\n'}
[6.941198] (-) TimerEvent: {}
[7.041644] (-) TimerEvent: {}
[7.142096] (-) TimerEvent: {}
[7.242562] (-) TimerEvent: {}
[7.343022] (-) TimerEvent: {}
[7.443629] (-) TimerEvent: {}
[7.544093] (-) TimerEvent: {}
[7.644554] (-) TimerEvent: {}
[7.745013] (-) TimerEvent: {}
[7.845457] (-) TimerEvent: {}
[7.945901] (-) TimerEvent: {}
[8.046351] (-) TimerEvent: {}
[8.112162] (racing_stage2_param_test) StdoutLine: {'line': b'running egg_info\n'}
[8.113291] (racing_stage2_param_test) StdoutLine: {'line': b'writing racing_stage2_param_test.egg-info/PKG-INFO\n'}
[8.114520] (racing_stage2_param_test) StdoutLine: {'line': b'writing dependency_links to racing_stage2_param_test.egg-info/dependency_links.txt\n'}
[8.115716] (racing_stage2_param_test) StdoutLine: {'line': b'writing entry points to racing_stage2_param_test.egg-info/entry_points.txt\n'}
[8.116559] (racing_stage2_param_test) StdoutLine: {'line': b'writing requirements to racing_stage2_param_test.egg-info/requires.txt\n'}
[8.117320] (racing_stage2_param_test) StdoutLine: {'line': b'writing top-level names to racing_stage2_param_test.egg-info/top_level.txt\n'}
[8.128437] (racing_stage2_param_test) StdoutLine: {'line': b"reading manifest file 'racing_stage2_param_test.egg-info/SOURCES.txt'\n"}
[8.133563] (racing_stage2_param_test) StdoutLine: {'line': b"writing manifest file 'racing_stage2_param_test.egg-info/SOURCES.txt'\n"}
[8.144663] (racing_stage2_param_test) StdoutLine: {'line': b'running build_ext\n'}
[8.145924] (racing_stage2_param_test) StdoutLine: {'line': b'Creating /home/sunrise/dev_ws/install/racing_stage2_param_test/lib/python3.10/site-packages/racing-stage2-param-test.egg-link (link to .)\n'}
[8.146480] (-) TimerEvent: {}
[8.150471] (racing_stage2_param_test) StdoutLine: {'line': b'Installing avoidance_straight_tester script to /home/sunrise/dev_ws/install/racing_stage2_param_test/lib/racing_stage2_param_test\n'}
[8.151427] (racing_stage2_param_test) StdoutLine: {'line': b'Installing camera_video_recorder script to /home/sunrise/dev_ws/install/racing_stage2_param_test/lib/racing_stage2_param_test\n'}
[8.152234] (racing_stage2_param_test) StdoutLine: {'line': b'Installing direct_inertial_tester script to /home/sunrise/dev_ws/install/racing_stage2_param_test/lib/racing_stage2_param_test\n'}
[8.153107] (racing_stage2_param_test) StdoutLine: {'line': b'Installing twist_cmd_relay script to /home/sunrise/dev_ws/install/racing_stage2_param_test/lib/racing_stage2_param_test\n'}
[8.154188] (racing_stage2_param_test) StdoutLine: {'line': b'\n'}
[8.154665] (racing_stage2_param_test) StdoutLine: {'line': b'Installed /home/sunrise/dev_ws/build/racing_stage2_param_test\n'}
[8.155109] (racing_stage2_param_test) StdoutLine: {'line': b'running symlink_data\n'}
[8.246739] (-) TimerEvent: {}
[8.347295] (-) TimerEvent: {}
[8.403847] (racing_stage2_param_test) CommandEnded: {'returncode': 0}
[8.447500] (-) TimerEvent: {}
[8.518577] (racing_stage2_param_test) JobEnded: {'identifier': 'racing_stage2_param_test', 'rc': 0}
[8.521420] (-) EventReactorShutdown: {}
