[0.000000] (-) TimerEvent: {}
[0.000467] (-) JobUnselected: {'identifier': 'ackermann_msgs'}
[0.001140] (-) JobUnselected: {'identifier': 'bno055'}
[0.002200] (-) JobUnselected: {'identifier': 'line_follower_pkg'}
[0.002968] (-) JobUnselected: {'identifier': 'lslidar_driver'}
[0.003757] (-) JobUnselected: {'identifier': 'lslidar_msgs'}
[0.003990] (-) JobUnselected: {'identifier': 'origincar_base'}
[0.004181] (-) JobUnselected: {'identifier': 'origincar_bringup'}
[0.004368] (-) JobUnselected: {'identifier': 'origincar_description'}
[0.004557] (-) JobUnselected: {'identifier': 'origincar_msg'}
[0.004743] (-) JobUnselected: {'identifier': 'qr_scanner'}
[0.004931] (-) JobUnselected: {'identifier': 'racing_bringup'}
[0.005119] (-) JobUnselected: {'identifier': 'racing_stage1'}
[0.005307] (-) JobUnselected: {'identifier': 'racing_stage2'}
[0.005497] (-) JobUnselected: {'identifier': 'racing_stage3'}
[0.005699] (-) JobUnselected: {'identifier': 'racing_stage3_param_test'}
[0.005886] (-) JobUnselected: {'identifier': 'racing_vision_ai'}
[0.006077] (-) JobUnselected: {'identifier': 'serial'}
[0.006262] (-) JobUnselected: {'identifier': 'simple_avoidance'}
[0.006451] (-) JobUnselected: {'identifier': 'utils'}
[0.006712] (-) JobUnselected: {'identifier': 'voice_driver'}
[0.006986] (racing_stage2_param_test) JobQueued: {'identifier': 'racing_stage2_param_test', 'dependencies': OrderedDict([('ackermann_msgs', '/home/sunrise/dev_ws/install/ackermann_msgs'), ('bno055', '/home/sunrise/dev_ws/install/bno055'), ('lslidar_msgs', '/home/sunrise/dev_ws/install/lslidar_msgs'), ('origincar_bringup', '/home/sunrise/dev_ws/install/origincar_bringup'), ('origincar_description', '/home/sunrise/dev_ws/install/origincar_description'), ('origincar_msg', '/home/sunrise/dev_ws/install/origincar_msg'), ('qr_scanner', '/home/sunrise/dev_ws/install/qr_scanner'), ('serial', '/home/sunrise/dev_ws/install/serial'), ('lslidar_driver', '/home/sunrise/dev_ws/install/lslidar_driver'), ('origincar_base', '/home/sunrise/dev_ws/install/origincar_base'), ('racing_stage1', '/home/sunrise/dev_ws/install/racing_stage1'), ('racing_stage2', '/home/sunrise/dev_ws/install/racing_stage2')])}
[0.007355] (racing_stage2_param_test) JobStarted: {'identifier': 'racing_stage2_param_test'}
[0.098476] (-) TimerEvent: {}
[0.198942] (-) TimerEvent: {}
[0.299405] (-) TimerEvent: {}
[0.399863] (-) TimerEvent: {}
[0.500344] (-) TimerEvent: {}
[0.600833] (-) TimerEvent: {}
[0.701310] (-) TimerEvent: {}
[0.801782] (-) TimerEvent: {}
[0.902242] (-) TimerEvent: {}
[1.002710] (-) TimerEvent: {}
[1.103220] (-) TimerEvent: {}
[1.203693] (-) TimerEvent: {}
[1.304186] (-) TimerEvent: {}
[1.404647] (-) TimerEvent: {}
[1.505138] (-) TimerEvent: {}
[1.605607] (-) TimerEvent: {}
[1.706068] (-) TimerEvent: {}
[1.806550] (-) TimerEvent: {}
[1.907028] (-) TimerEvent: {}
[2.007522] (-) TimerEvent: {}
[2.108024] (-) TimerEvent: {}
[2.208530] (-) TimerEvent: {}
[2.309164] (-) TimerEvent: {}
[2.409732] (-) TimerEvent: {}
[2.510270] (-) TimerEvent: {}
[2.610836] (-) TimerEvent: {}
[2.711409] (-) TimerEvent: {}
[2.811899] (-) TimerEvent: {}
[2.912345] (-) TimerEvent: {}
[3.012880] (-) TimerEvent: {}
[3.113435] (-) TimerEvent: {}
[3.214006] (-) TimerEvent: {}
[3.314605] (-) TimerEvent: {}
[3.415182] (-) TimerEvent: {}
[3.515762] (-) TimerEvent: {}
[3.616336] (-) TimerEvent: {}
[3.716969] (-) TimerEvent: {}
[3.817622] (-) TimerEvent: {}
[3.918246] (-) TimerEvent: {}
[4.018802] (-) TimerEvent: {}
[4.119354] (-) TimerEvent: {}
[4.219930] (-) TimerEvent: {}
[4.320523] (-) TimerEvent: {}
[4.421121] (-) TimerEvent: {}
[4.521688] (-) TimerEvent: {}
[4.622219] (-) TimerEvent: {}
[4.722755] (-) TimerEvent: {}
[4.823332] (-) TimerEvent: {}
[4.923850] (-) TimerEvent: {}
[5.024605] (-) TimerEvent: {}
[5.125308] (-) TimerEvent: {}
[5.226044] (-) TimerEvent: {}
[5.326812] (-) TimerEvent: {}
[5.427576] (-) TimerEvent: {}
[5.528369] (-) TimerEvent: {}
[5.629167] (-) TimerEvent: {}
[5.730011] (-) TimerEvent: {}
[5.830815] (-) TimerEvent: {}
[5.893105] (racing_stage2_param_test) Command: {'cmd': ['/usr/bin/python3', '-W', 'ignore:setup.py install is deprecated', '-W', 'ignore:easy_install command is deprecated', 'setup.py', 'develop', '--editable', '--build-directory', '/home/sunrise/dev_ws/build/racing_stage2_param_test/build', '--no-deps', 'symlink_data'], 'cwd': '/home/sunrise/dev_ws/build/racing_stage2_param_test', 'env': {'VSCODE_CWD': '/home/sunrise', 'VSCODE_ESM_ENTRYPOINT': 'vs/workbench/api/node/extensionHostProcess', 'LANGUAGE': 'en_US.UTF-8', 'USER': 'sunrise', 'SSH_CLIENT': '10.147.109.1 50078 22', 'VSCODE_NLS_CONFIG': '{"userLocale":"en","osLocale":"en","resolvedLanguage":"en","defaultMessagesFile":"/home/sunrise/.cursor-server/bin/linux-arm64/81fcf2931d7687b4ff3f3017858d0c6dee7e2a60/out/nls.messages.json","locale":"en","availableLanguages":{}}', 'VSCODE_HANDLES_UNCAUGHT_ERRORS': 'true', 'XDG_SESSION_TYPE': 'tty', 'SHLVL': '1', 'LD_LIBRARY_PATH': '/home/sunrise/dev_ws/install/origincar_base/lib:/home/sunrise/dev_ws/install/origincar_msg/lib:/home/sunrise/dev_ws/install/lslidar_msgs/lib:/home/sunrise/dev_ws/install/ackermann_msgs/lib:/usr/hobot/lib:/app/lib:/app/pub/lib:/middleware/lib:/middleware/pub/lib:/usr/hobot/lib/sensor:/system/lib:/system/usr/lib:/lib:/home/sunrise/dev_ws/install/voice_driver/lib:/home/sunrise/dev_ws/install/serial/lib:/opt/tros/humble/lib/aarch64-linux-gnu:/opt/tros/humble/lib:/opt/ros/humble/opt/rviz_ogre_vendor/lib:/opt/ros/humble/lib/aarch64-linux-gnu:/opt/ros/humble/lib:/usr/hobot/lib:/app/lib:/app/pub/lib:/middleware/lib:/middleware/pub/lib:/usr/hobot/lib/sensor:/system/lib:/system/usr/lib:/lib:/usr/hobot/lib:/app/lib:/app/pub/lib:/middleware/lib:/middleware/pub/lib:/usr/hobot/lib/sensor:/system/lib:/system/usr/lib:/lib', 'BROWSER': '/home/sunrise/.cursor-server/bin/linux-arm64/81fcf2931d7687b4ff3f3017858d0c6dee7e2a60/bin/helpers/browser.sh', 'MOTD_SHOWN': 'pam', 'HOME': '/home/sunrise', 'OLDPWD': '/home/sunrise/dev_ws', 'VSCODE_IPC_HOOK_CLI': '/run/user/1000/vscode-ipc-8d19f24b-2b83-4564-aa6d-f8048f056fda.sock', 'ROS_PYTHON_VERSION': '3', 'NO_COLOR': '1', 'DBUS_SESSION_BUS_ADDRESS': 'unix:path=/run/user/1000/bus', 'TROS_DISTRO': 'humble', 'COLCON_PREFIX_PATH': '/home/sunrise/dev_ws/install', 'ROS_DISTRO': 'humble', 'OVSX_REGISTRY_URL': 'https://open-vsx.org', 'LOGNAME': 'sunrise', 'FORCE_COLOR': '0', 'VSCODE_HANDLES_SIGPIPE': 'true', '_': '/usr/bin/colcon', 'ROS_VERSION': '2', 'CURSOR_LAYOUT': 'unifiedAgent', 'XDG_SESSION_CLASS': 'user', 'TERM': 'dumb', 'XDG_SESSION_ID': '2', 'ROS_LOCALHOST_ONLY': '0', 'PATH': '/home/sunrise/.local/bin:/usr/hobot/bin/:/home/sunrise/.cursor-server/bin/linux-arm64/81fcf2931d7687b4ff3f3017858d0c6dee7e2a60:/home/sunrise/.cursor-server/bin/linux-arm64/81fcf2931d7687b4ff3f3017858d0c6dee7e2a60/bin/remote-cli:/home/sunrise/.local/bin:/opt/tros/humble/bin:/opt/ros/humble/bin:/usr/hobot/bin/:/home/sunrise/.cursor-server/bin/linux-arm64/81fcf2931d7687b4ff3f3017858d0c6dee7e2a60/bin/remote-cli:/home/sunrise/.local/bin:/usr/hobot/bin/:/usr/local/sbin:/usr/local/bin:/usr/sbin:/usr/bin:/sbin:/bin:/usr/games:/usr/local/games:/snap/bin', 'VSCODE_AGENT_FOLDER': '/home/sunrise/.cursor-server', 'XDG_RUNTIME_DIR': '/run/user/1000', 'CURSOR_AGENT': '1', 'LANG': 'en_US.UTF-8', 'LS_COLORS': '', 'AMENT_PREFIX_PATH': '/home/sunrise/dev_ws/install/racing_stage2:/home/sunrise/dev_ws/install/racing_stage1:/home/sunrise/dev_ws/install/qr_scanner:/home/sunrise/dev_ws/install/bno055:/home/sunrise/dev_ws/install/voice_driver:/home/sunrise/dev_ws/install/utils:/home/sunrise/dev_ws/install/simple_avoidance:/home/sunrise/dev_ws/install/racing_stage2_param_test:/home/sunrise/dev_ws/install/origincar_base:/home/sunrise/dev_ws/install/serial:/home/sunrise/dev_ws/install/racing_vision_ai:/home/sunrise/dev_ws/install/racing_stage3_param_test:/home/sunrise/dev_ws/install/racing_bringup:/home/sunrise/dev_ws/install/racing_stage3:/home/sunrise/dev_ws/install/origincar_msg:/home/sunrise/dev_ws/install/origincar_description:/home/sunrise/dev_ws/install/origincar_bringup:/home/sunrise/dev_ws/install/lslidar_driver:/home/sunrise/dev_ws/install/lslidar_msgs:/home/sunrise/dev_ws/install/line_follower_pkg:/home/sunrise/dev_ws/install/ackermann_msgs:/opt/tros/humble:/opt/ros/humble', 'SHELL': '/bin/bash', 'VSCODE_SERVER_SHUTDOWN_TIMEOUT': '300', 'PWD': '/home/sunrise/dev_ws/build/racing_stage2_param_test', 'SSH_CONNECTION': '10.147.109.1 50078 10.147.109.8 22', 'PYTHONPATH': '/home/sunrise/dev_ws/build/racing_stage2_param_test/prefix_override:/usr/lib/python3/dist-packages/colcon_core/task/python/colcon_distutils_commands:/home/sunrise/dev_ws/install/racing_stage2_param_test/lib/python3.10/site-packages:/home/sunrise/dev_ws/build/racing_stage2:/home/sunrise/dev_ws/install/racing_stage2/lib/python3.10/site-packages:/home/sunrise/dev_ws/build/racing_stage1:/home/sunrise/dev_ws/install/racing_stage1/lib/python3.10/site-packages:/home/sunrise/dev_ws/build/qr_scanner:/home/sunrise/dev_ws/install/qr_scanner/lib/python3.10/site-packages:/home/sunrise/dev_ws/build/bno055:/home/sunrise/dev_ws/install/bno055/lib/python3.10/site-packages:/home/sunrise/dev_ws/install/voice_driver/local/lib/python3.10/dist-packages:/home/sunrise/dev_ws/build/simple_avoidance:/home/sunrise/dev_ws/install/simple_avoidance/lib/python3.10/site-packages:/home/sunrise/dev_ws/build/racing_stage2_param_test:/home/sunrise/dev_ws/install/racing_stage2_param_test/lib/python3.10/site-packages:/home/sunrise/dev_ws/install/origincar_base/local/lib/python3.10/dist-packages:/home/sunrise/dev_ws/build/racing_vision_ai:/home/sunrise/dev_ws/install/racing_vision_ai/lib/python3.10/site-packages:/home/sunrise/dev_ws/build/racing_stage3_param_test:/home/sunrise/dev_ws/install/racing_stage3_param_test/lib/python3.10/site-packages:/home/sunrise/dev_ws/build/racing_bringup:/home/sunrise/dev_ws/install/racing_bringup/lib/python3.10/site-packages:/home/sunrise/dev_ws/build/racing_stage3:/home/sunrise/dev_ws/install/racing_stage3/lib/python3.10/site-packages:/home/sunrise/dev_ws/install/origincar_msg/local/lib/python3.10/dist-packages:/home/sunrise/dev_ws/install/lslidar_msgs/local/lib/python3.10/dist-packages:/home/sunrise/dev_ws/build/line_follower_pkg:/home/sunrise/dev_ws/install/line_follower_pkg/lib/python3.10/site-packages:/home/sunrise/dev_ws/install/ackermann_msgs/local/lib/python3.10/dist-packages:/opt/tros/humble/lib/python3.10/site-packages:/opt/tros/humble/local/lib/python3.10/dist-packages:/opt/ros/humble/lib/python3.10/site-packages:/opt/ros/humble/local/lib/python3.10/dist-packages', 'COLCON': '1', '_ZO_DOCTOR': '0', 'CMAKE_PREFIX_PATH': '/home/sunrise/dev_ws/install/origincar_base:/home/sunrise/dev_ws/install/lslidar_driver:/home/sunrise/dev_ws/install/serial:/home/sunrise/dev_ws/install/origincar_msg:/home/sunrise/dev_ws/install/origincar_description:/home/sunrise/dev_ws/install/origincar_bringup:/home/sunrise/dev_ws/install/lslidar_msgs:/home/sunrise/dev_ws/install/ackermann_msgs:/home/sunrise/dev_ws/install/voice_driver:/home/sunrise/dev_ws/install/utils'}, 'shell': False}
[5.931045] (-) TimerEvent: {}
[6.031623] (-) TimerEvent: {}
[6.132200] (-) TimerEvent: {}
[6.232738] (-) TimerEvent: {}
[6.333337] (-) TimerEvent: {}
[6.433875] (-) TimerEvent: {}
[6.534421] (-) TimerEvent: {}
[6.634951] (-) TimerEvent: {}
[6.735456] (-) TimerEvent: {}
[6.835941] (-) TimerEvent: {}
[6.936450] (-) TimerEvent: {}
[7.036937] (-) TimerEvent: {}
[7.137436] (-) TimerEvent: {}
[7.237951] (-) TimerEvent: {}
[7.338451] (-) TimerEvent: {}
[7.438931] (-) TimerEvent: {}
[7.539389] (-) TimerEvent: {}
[7.639849] (-) TimerEvent: {}
[7.740298] (-) TimerEvent: {}
[7.840761] (-) TimerEvent: {}
[7.941217] (-) TimerEvent: {}
[8.041681] (-) TimerEvent: {}
[8.125120] (racing_stage2_param_test) StdoutLine: {'line': b'running develop\n'}
[8.141857] (-) TimerEvent: {}
[8.242312] (-) TimerEvent: {}
[8.342767] (-) TimerEvent: {}
[8.443249] (-) TimerEvent: {}
[8.543720] (-) TimerEvent: {}
[8.644183] (-) TimerEvent: {}
[8.744622] (-) TimerEvent: {}
[8.845083] (-) TimerEvent: {}
[8.945545] (-) TimerEvent: {}
[9.046006] (-) TimerEvent: {}
[9.146460] (-) TimerEvent: {}
[9.246934] (-) TimerEvent: {}
[9.339937] (racing_stage2_param_test) StdoutLine: {'line': b'running egg_info\n'}
[9.341063] (racing_stage2_param_test) StdoutLine: {'line': b'writing racing_stage2_param_test.egg-info/PKG-INFO\n'}
[9.342288] (racing_stage2_param_test) StdoutLine: {'line': b'writing dependency_links to racing_stage2_param_test.egg-info/dependency_links.txt\n'}
[9.343533] (racing_stage2_param_test) StdoutLine: {'line': b'writing entry points to racing_stage2_param_test.egg-info/entry_points.txt\n'}
[9.344438] (racing_stage2_param_test) StdoutLine: {'line': b'writing requirements to racing_stage2_param_test.egg-info/requires.txt\n'}
[9.345259] (racing_stage2_param_test) StdoutLine: {'line': b'writing top-level names to racing_stage2_param_test.egg-info/top_level.txt\n'}
[9.347021] (-) TimerEvent: {}
[9.355700] (racing_stage2_param_test) StdoutLine: {'line': b"reading manifest file 'racing_stage2_param_test.egg-info/SOURCES.txt'\n"}
[9.360923] (racing_stage2_param_test) StdoutLine: {'line': b"writing manifest file 'racing_stage2_param_test.egg-info/SOURCES.txt'\n"}
[9.372311] (racing_stage2_param_test) StdoutLine: {'line': b'running build_ext\n'}
[9.373816] (racing_stage2_param_test) StdoutLine: {'line': b'Creating /home/sunrise/dev_ws/install/racing_stage2_param_test/lib/python3.10/site-packages/racing-stage2-param-test.egg-link (link to .)\n'}
[9.379128] (racing_stage2_param_test) StdoutLine: {'line': b'Installing avoidance_straight_tester script to /home/sunrise/dev_ws/install/racing_stage2_param_test/lib/racing_stage2_param_test\n'}
[9.380122] (racing_stage2_param_test) StdoutLine: {'line': b'Installing camera_video_recorder script to /home/sunrise/dev_ws/install/racing_stage2_param_test/lib/racing_stage2_param_test\n'}
[9.380903] (racing_stage2_param_test) StdoutLine: {'line': b'Installing direct_inertial_tester script to /home/sunrise/dev_ws/install/racing_stage2_param_test/lib/racing_stage2_param_test\n'}
[9.381682] (racing_stage2_param_test) StdoutLine: {'line': b'Installing twist_cmd_relay script to /home/sunrise/dev_ws/install/racing_stage2_param_test/lib/racing_stage2_param_test\n'}
[9.382772] (racing_stage2_param_test) StdoutLine: {'line': b'\n'}
[9.383339] (racing_stage2_param_test) StdoutLine: {'line': b'Installed /home/sunrise/dev_ws/build/racing_stage2_param_test\n'}
[9.383793] (racing_stage2_param_test) StdoutLine: {'line': b'running symlink_data\n'}
[9.447282] (-) TimerEvent: {}
[9.547817] (-) TimerEvent: {}
[9.628966] (racing_stage2_param_test) CommandEnded: {'returncode': 0}
[9.648190] (-) TimerEvent: {}
[9.728442] (racing_stage2_param_test) JobEnded: {'identifier': 'racing_stage2_param_test', 'rc': 0}
[9.731227] (-) EventReactorShutdown: {}
