[0.000000] (-) TimerEvent: {}
[0.000552] (-) JobUnselected: {'identifier': 'ackermann_msgs'}
[0.001383] (-) JobUnselected: {'identifier': 'bno055'}
[0.002700] (-) JobUnselected: {'identifier': 'line_follower_pkg'}
[0.003705] (-) JobUnselected: {'identifier': 'lslidar_driver'}
[0.004628] (-) JobUnselected: {'identifier': 'lslidar_msgs'}
[0.004904] (-) JobUnselected: {'identifier': 'origincar_base'}
[0.005195] (-) JobUnselected: {'identifier': 'origincar_bringup'}
[0.005471] (-) JobUnselected: {'identifier': 'origincar_description'}
[0.005667] (-) JobUnselected: {'identifier': 'origincar_msg'}
[0.005863] (-) JobUnselected: {'identifier': 'qr_scanner'}
[0.006055] (-) JobUnselected: {'identifier': 'racing_bringup'}
[0.006246] (-) JobUnselected: {'identifier': 'racing_stage1'}
[0.006435] (-) JobUnselected: {'identifier': 'racing_stage2'}
[0.006697] (-) JobUnselected: {'identifier': 'racing_stage3'}
[0.006887] (-) JobUnselected: {'identifier': 'racing_stage3_param_test'}
[0.007078] (-) JobUnselected: {'identifier': 'racing_vision_ai'}
[0.007267] (-) JobUnselected: {'identifier': 'serial'}
[0.007458] (-) JobUnselected: {'identifier': 'simple_avoidance'}
[0.007646] (-) JobUnselected: {'identifier': 'utils'}
[0.007838] (-) JobUnselected: {'identifier': 'voice_driver'}
[0.008046] (racing_stage2_param_test) JobQueued: {'identifier': 'racing_stage2_param_test', 'dependencies': OrderedDict([('ackermann_msgs', '/home/sunrise/dev_ws/install/ackermann_msgs'), ('bno055', '/home/sunrise/dev_ws/install/bno055'), ('lslidar_msgs', '/home/sunrise/dev_ws/install/lslidar_msgs'), ('origincar_bringup', '/home/sunrise/dev_ws/install/origincar_bringup'), ('origincar_description', '/home/sunrise/dev_ws/install/origincar_description'), ('origincar_msg', '/home/sunrise/dev_ws/install/origincar_msg'), ('qr_scanner', '/home/sunrise/dev_ws/install/qr_scanner'), ('serial', '/home/sunrise/dev_ws/install/serial'), ('lslidar_driver', '/home/sunrise/dev_ws/install/lslidar_driver'), ('origincar_base', '/home/sunrise/dev_ws/install/origincar_base'), ('racing_stage1', '/home/sunrise/dev_ws/install/racing_stage1'), ('racing_stage2', '/home/sunrise/dev_ws/install/racing_stage2')])}
[0.008341] (racing_stage2_param_test) JobStarted: {'identifier': 'racing_stage2_param_test'}
[0.098474] (-) TimerEvent: {}
[0.198973] (-) TimerEvent: {}
[0.299465] (-) TimerEvent: {}
[0.399935] (-) TimerEvent: {}
[0.500366] (-) TimerEvent: {}
[0.600817] (-) TimerEvent: {}
[0.701278] (-) TimerEvent: {}
[0.801679] (-) TimerEvent: {}
[0.902059] (-) TimerEvent: {}
[1.002502] (-) TimerEvent: {}
[1.103003] (-) TimerEvent: {}
[1.203543] (-) TimerEvent: {}
[1.304019] (-) TimerEvent: {}
[1.404484] (-) TimerEvent: {}
[1.504957] (-) TimerEvent: {}
[1.605455] (-) TimerEvent: {}
[1.705924] (-) TimerEvent: {}
[1.806403] (-) TimerEvent: {}
[1.906854] (-) TimerEvent: {}
[2.007322] (-) TimerEvent: {}
[2.107867] (-) TimerEvent: {}
[2.208427] (-) TimerEvent: {}
[2.309085] (-) TimerEvent: {}
[2.409590] (-) TimerEvent: {}
[2.510071] (-) TimerEvent: {}
[2.610537] (-) TimerEvent: {}
[2.711011] (-) TimerEvent: {}
[2.811501] (-) TimerEvent: {}
[2.912026] (-) TimerEvent: {}
[3.012534] (-) TimerEvent: {}
[3.113028] (-) TimerEvent: {}
[3.213526] (-) TimerEvent: {}
[3.314007] (-) TimerEvent: {}
[3.414492] (-) TimerEvent: {}
[3.514958] (-) TimerEvent: {}
[3.615421] (-) TimerEvent: {}
[3.715898] (-) TimerEvent: {}
[3.816392] (-) TimerEvent: {}
[3.916885] (-) TimerEvent: {}
[4.017387] (-) TimerEvent: {}
[4.117894] (-) TimerEvent: {}
[4.218384] (-) TimerEvent: {}
[4.318920] (-) TimerEvent: {}
[4.419437] (-) TimerEvent: {}
[4.519915] (-) TimerEvent: {}
[4.620414] (-) TimerEvent: {}
[4.720936] (-) TimerEvent: {}
[4.821485] (-) TimerEvent: {}
[4.922033] (-) TimerEvent: {}
[5.022622] (-) TimerEvent: {}
[5.036642] (racing_stage2_param_test) Command: {'cmd': ['/usr/bin/python3', '-W', 'ignore:setup.py install is deprecated', '-W', 'ignore:easy_install command is deprecated', 'setup.py', 'develop', '--editable', '--build-directory', '/home/sunrise/dev_ws/build/racing_stage2_param_test/build', '--no-deps', 'symlink_data'], 'cwd': '/home/sunrise/dev_ws/build/racing_stage2_param_test', 'env': {'VSCODE_CWD': '/home/sunrise', 'VSCODE_ESM_ENTRYPOINT': 'vs/workbench/api/node/extensionHostProcess', 'LANGUAGE': 'en_US.UTF-8', 'USER': 'sunrise', 'SSH_CLIENT': '10.147.109.1 50078 22', 'VSCODE_NLS_CONFIG': '{"userLocale":"en","osLocale":"en","resolvedLanguage":"en","defaultMessagesFile":"/home/sunrise/.cursor-server/bin/linux-arm64/81fcf2931d7687b4ff3f3017858d0c6dee7e2a60/out/nls.messages.json","locale":"en","availableLanguages":{}}', 'VSCODE_HANDLES_UNCAUGHT_ERRORS': 'true', 'XDG_SESSION_TYPE': 'tty', 'SHLVL': '1', 'LD_LIBRARY_PATH': '/home/sunrise/dev_ws/install/origincar_base/lib:/home/sunrise/dev_ws/install/origincar_msg/lib:/home/sunrise/dev_ws/install/lslidar_msgs/lib:/home/sunrise/dev_ws/install/ackermann_msgs/lib:/usr/hobot/lib:/app/lib:/app/pub/lib:/middleware/lib:/middleware/pub/lib:/usr/hobot/lib/sensor:/system/lib:/system/usr/lib:/lib:/home/sunrise/dev_ws/install/voice_driver/lib:/home/sunrise/dev_ws/install/serial/lib:/opt/tros/humble/lib/aarch64-linux-gnu:/opt/tros/humble/lib:/opt/ros/humble/opt/rviz_ogre_vendor/lib:/opt/ros/humble/lib/aarch64-linux-gnu:/opt/ros/humble/lib:/usr/hobot/lib:/app/lib:/app/pub/lib:/middleware/lib:/middleware/pub/lib:/usr/hobot/lib/sensor:/system/lib:/system/usr/lib:/lib:/usr/hobot/lib:/app/lib:/app/pub/lib:/middleware/lib:/middleware/pub/lib:/usr/hobot/lib/sensor:/system/lib:/system/usr/lib:/lib', 'BROWSER': '/home/sunrise/.cursor-server/bin/linux-arm64/81fcf2931d7687b4ff3f3017858d0c6dee7e2a60/bin/helpers/browser.sh', 'MOTD_SHOWN': 'pam', 'HOME': '/home/sunrise', 'OLDPWD': '/home/sunrise/dev_ws', 'VSCODE_IPC_HOOK_CLI': '/run/user/1000/vscode-ipc-d7974d91-6e13-4571-8fa1-755181d800c7.sock', 'ROS_PYTHON_VERSION': '3', 'NO_COLOR': '1', 'DBUS_SESSION_BUS_ADDRESS': 'unix:path=/run/user/1000/bus', 'TROS_DISTRO': 'humble', 'COLCON_PREFIX_PATH': '/home/sunrise/dev_ws/install', 'ROS_DISTRO': 'humble', 'OVSX_REGISTRY_URL': 'https://open-vsx.org', 'LOGNAME': 'sunrise', 'FORCE_COLOR': '0', 'VSCODE_HANDLES_SIGPIPE': 'true', '_': '/usr/bin/colcon', 'ROS_VERSION': '2', 'CURSOR_LAYOUT': 'unifiedAgent', 'XDG_SESSION_CLASS': 'user', 'TERM': 'dumb', 'XDG_SESSION_ID': '2', 'ROS_LOCALHOST_ONLY': '0', 'PATH': '/home/sunrise/.local/bin:/usr/hobot/bin/:/home/sunrise/.cursor-server/bin/linux-arm64/81fcf2931d7687b4ff3f3017858d0c6dee7e2a60:/home/sunrise/.cursor-server/bin/linux-arm64/81fcf2931d7687b4ff3f3017858d0c6dee7e2a60/bin/remote-cli:/home/sunrise/.local/bin:/opt/tros/humble/bin:/opt/ros/humble/bin:/usr/hobot/bin/:/home/sunrise/.cursor-server/bin/linux-arm64/81fcf2931d7687b4ff3f3017858d0c6dee7e2a60/bin/remote-cli:/home/sunrise/.local/bin:/usr/hobot/bin/:/usr/local/sbin:/usr/local/bin:/usr/sbin:/usr/bin:/sbin:/bin:/usr/games:/usr/local/games:/snap/bin', 'VSCODE_AGENT_FOLDER': '/home/sunrise/.cursor-server', 'XDG_RUNTIME_DIR': '/run/user/1000', 'CURSOR_AGENT': '1', 'LANG': 'en_US.UTF-8', 'LS_COLORS': '', 'AMENT_PREFIX_PATH': '/home/sunrise/dev_ws/install/racing_stage2:/home/sunrise/dev_ws/install/racing_stage1:/home/sunrise/dev_ws/install/qr_scanner:/home/sunrise/dev_ws/install/bno055:/home/sunrise/dev_ws/install/voice_driver:/home/sunrise/dev_ws/install/utils:/home/sunrise/dev_ws/install/simple_avoidance:/home/sunrise/dev_ws/install/racing_stage2_param_test:/home/sunrise/dev_ws/install/origincar_base:/home/sunrise/dev_ws/install/serial:/home/sunrise/dev_ws/install/racing_vision_ai:/home/sunrise/dev_ws/install/racing_stage3_param_test:/home/sunrise/dev_ws/install/racing_bringup:/home/sunrise/dev_ws/install/racing_stage3:/home/sunrise/dev_ws/install/origincar_msg:/home/sunrise/dev_ws/install/origincar_description:/home/sunrise/dev_ws/install/origincar_bringup:/home/sunrise/dev_ws/install/lslidar_driver:/home/sunrise/dev_ws/install/lslidar_msgs:/home/sunrise/dev_ws/install/line_follower_pkg:/home/sunrise/dev_ws/install/ackermann_msgs:/opt/tros/humble:/opt/ros/humble', 'SHELL': '/bin/bash', 'VSCODE_SERVER_SHUTDOWN_TIMEOUT': '300', 'PWD': '/home/sunrise/dev_ws/build/racing_stage2_param_test', 'SSH_CONNECTION': '10.147.109.1 50078 10.147.109.8 22', 'PYTHONPATH': '/home/sunrise/dev_ws/build/racing_stage2_param_test/prefix_override:/usr/lib/python3/dist-packages/colcon_core/task/python/colcon_distutils_commands:/home/sunrise/dev_ws/install/racing_stage2_param_test/lib/python3.10/site-packages:/home/sunrise/dev_ws/build/racing_stage2:/home/sunrise/dev_ws/install/racing_stage2/lib/python3.10/site-packages:/home/sunrise/dev_ws/build/racing_stage1:/home/sunrise/dev_ws/install/racing_stage1/lib/python3.10/site-packages:/home/sunrise/dev_ws/build/qr_scanner:/home/sunrise/dev_ws/install/qr_scanner/lib/python3.10/site-packages:/home/sunrise/dev_ws/build/bno055:/home/sunrise/dev_ws/install/bno055/lib/python3.10/site-packages:/home/sunrise/dev_ws/install/voice_driver/local/lib/python3.10/dist-packages:/home/sunrise/dev_ws/build/simple_avoidance:/home/sunrise/dev_ws/install/simple_avoidance/lib/python3.10/site-packages:/home/sunrise/dev_ws/build/racing_stage2_param_test:/home/sunrise/dev_ws/install/racing_stage2_param_test/lib/python3.10/site-packages:/home/sunrise/dev_ws/install/origincar_base/local/lib/python3.10/dist-packages:/home/sunrise/dev_ws/build/racing_vision_ai:/home/sunrise/dev_ws/install/racing_vision_ai/lib/python3.10/site-packages:/home/sunrise/dev_ws/build/racing_stage3_param_test:/home/sunrise/dev_ws/install/racing_stage3_param_test/lib/python3.10/site-packages:/home/sunrise/dev_ws/build/racing_bringup:/home/sunrise/dev_ws/install/racing_bringup/lib/python3.10/site-packages:/home/sunrise/dev_ws/build/racing_stage3:/home/sunrise/dev_ws/install/racing_stage3/lib/python3.10/site-packages:/home/sunrise/dev_ws/install/origincar_msg/local/lib/python3.10/dist-packages:/home/sunrise/dev_ws/install/lslidar_msgs/local/lib/python3.10/dist-packages:/home/sunrise/dev_ws/build/line_follower_pkg:/home/sunrise/dev_ws/install/line_follower_pkg/lib/python3.10/site-packages:/home/sunrise/dev_ws/install/ackermann_msgs/local/lib/python3.10/dist-packages:/opt/tros/humble/lib/python3.10/site-packages:/opt/tros/humble/local/lib/python3.10/dist-packages:/opt/ros/humble/lib/python3.10/site-packages:/opt/ros/humble/local/lib/python3.10/dist-packages', 'COLCON': '1', '_ZO_DOCTOR': '0', 'CMAKE_PREFIX_PATH': '/home/sunrise/dev_ws/install/origincar_base:/home/sunrise/dev_ws/install/lslidar_driver:/home/sunrise/dev_ws/install/serial:/home/sunrise/dev_ws/install/origincar_msg:/home/sunrise/dev_ws/install/origincar_description:/home/sunrise/dev_ws/install/origincar_bringup:/home/sunrise/dev_ws/install/lslidar_msgs:/home/sunrise/dev_ws/install/ackermann_msgs:/home/sunrise/dev_ws/install/voice_driver:/home/sunrise/dev_ws/install/utils'}, 'shell': False}
[5.122818] (-) TimerEvent: {}
[5.223367] (-) TimerEvent: {}
[5.323849] (-) TimerEvent: {}
[5.424354] (-) TimerEvent: {}
[5.524860] (-) TimerEvent: {}
[5.625366] (-) TimerEvent: {}
[5.725866] (-) TimerEvent: {}
[5.826376] (-) TimerEvent: {}
[5.926874] (-) TimerEvent: {}
[6.027379] (-) TimerEvent: {}
[6.127885] (-) TimerEvent: {}
[6.228377] (-) TimerEvent: {}
[6.328886] (-) TimerEvent: {}
[6.429428] (-) TimerEvent: {}
[6.529932] (-) TimerEvent: {}
[6.630416] (-) TimerEvent: {}
[6.730902] (-) TimerEvent: {}
[6.831395] (-) TimerEvent: {}
[6.931896] (-) TimerEvent: {}
[7.032394] (-) TimerEvent: {}
[7.132889] (-) TimerEvent: {}
[7.145612] (racing_stage2_param_test) StdoutLine: {'line': b'running develop\n'}
[7.233088] (-) TimerEvent: {}
[7.333628] (-) TimerEvent: {}
[7.434135] (-) TimerEvent: {}
[7.534626] (-) TimerEvent: {}
[7.635123] (-) TimerEvent: {}
[7.735608] (-) TimerEvent: {}
[7.836120] (-) TimerEvent: {}
[7.936603] (-) TimerEvent: {}
[8.037092] (-) TimerEvent: {}
[8.137583] (-) TimerEvent: {}
[8.238080] (-) TimerEvent: {}
[8.338565] (-) TimerEvent: {}
[8.439053] (-) TimerEvent: {}
[8.470462] (racing_stage2_param_test) StdoutLine: {'line': b'running egg_info\n'}
[8.471828] (racing_stage2_param_test) StdoutLine: {'line': b'writing racing_stage2_param_test.egg-info/PKG-INFO\n'}
[8.473359] (racing_stage2_param_test) StdoutLine: {'line': b'writing dependency_links to racing_stage2_param_test.egg-info/dependency_links.txt\n'}
[8.474741] (racing_stage2_param_test) StdoutLine: {'line': b'writing entry points to racing_stage2_param_test.egg-info/entry_points.txt\n'}
[8.476608] (racing_stage2_param_test) StdoutLine: {'line': b'writing requirements to racing_stage2_param_test.egg-info/requires.txt\n'}
[8.477285] (racing_stage2_param_test) StdoutLine: {'line': b'writing top-level names to racing_stage2_param_test.egg-info/top_level.txt\n'}
[8.488816] (racing_stage2_param_test) StdoutLine: {'line': b"reading manifest file 'racing_stage2_param_test.egg-info/SOURCES.txt'\n"}
[8.494637] (racing_stage2_param_test) StdoutLine: {'line': b"writing manifest file 'racing_stage2_param_test.egg-info/SOURCES.txt'\n"}
[8.507019] (racing_stage2_param_test) StdoutLine: {'line': b'running build_ext\n'}
[8.508425] (racing_stage2_param_test) StdoutLine: {'line': b'Creating /home/sunrise/dev_ws/install/racing_stage2_param_test/lib/python3.10/site-packages/racing-stage2-param-test.egg-link (link to .)\n'}
[8.513609] (racing_stage2_param_test) StdoutLine: {'line': b'Installing avoidance_straight_tester script to /home/sunrise/dev_ws/install/racing_stage2_param_test/lib/racing_stage2_param_test\n'}
[8.514697] (racing_stage2_param_test) StdoutLine: {'line': b'Installing camera_video_recorder script to /home/sunrise/dev_ws/install/racing_stage2_param_test/lib/racing_stage2_param_test\n'}
[8.515672] (racing_stage2_param_test) StdoutLine: {'line': b'Installing direct_inertial_tester script to /home/sunrise/dev_ws/install/racing_stage2_param_test/lib/racing_stage2_param_test\n'}
[8.516647] (racing_stage2_param_test) StdoutLine: {'line': b'Installing twist_cmd_relay script to /home/sunrise/dev_ws/install/racing_stage2_param_test/lib/racing_stage2_param_test\n'}
[8.517983] (racing_stage2_param_test) StdoutLine: {'line': b'\n'}
[8.518628] (racing_stage2_param_test) StdoutLine: {'line': b'Installed /home/sunrise/dev_ws/build/racing_stage2_param_test\n'}
[8.519143] (racing_stage2_param_test) StdoutLine: {'line': b'running symlink_data\n'}
[8.539239] (-) TimerEvent: {}
[8.639771] (-) TimerEvent: {}
[8.740358] (-) TimerEvent: {}
[8.791901] (racing_stage2_param_test) CommandEnded: {'returncode': 0}
[8.841395] (-) TimerEvent: {}
[8.891394] (racing_stage2_param_test) JobEnded: {'identifier': 'racing_stage2_param_test', 'rc': 0}
[8.895222] (-) EventReactorShutdown: {}
