[2.387s] Invoking command in '/home/sunrise/dev_ws/build/lslidar_msgs': CMAKE_PREFIX_PATH=${CMAKE_PREFIX_PATH}:/home/sunrise/dev_ws/install/simple_avoidance:/home/sunrise/dev_ws/install/racing_stage2_param_test:/home/sunrise/dev_ws/install/racing_vision_ai:/home/sunrise/dev_ws/install/racing_stage3_param_test:/home/sunrise/dev_ws/install/racing_bringup:/home/sunrise/dev_ws/install/racing_stage3:/home/sunrise/dev_ws/install/racing_stage2:/home/sunrise/dev_ws/install/racing_stage1:/home/sunrise/dev_ws/install/qr_scanner:/home/sunrise/dev_ws/install/line_follower_pkg:/home/sunrise/dev_ws/install/bno055:/opt/tros/humble:/opt/ros/humble /usr/bin/cmake --build /home/sunrise/dev_ws/build/lslidar_msgs -- -j8 -l8
[5.427s] [  1%] Built target lslidar_msgs__cpp
[5.428s] [  3%] Built target lslidar_msgs__rs
[5.428s] [ 14%] Built target lslidar_msgs__rosidl_generator_c
[5.429s] [ 14%] Built target ament_cmake_python_symlink_lslidar_msgs
[5.430s] [ 25%] Built target lslidar_msgs__rosidl_typesupport_cpp
[5.431s] [ 35%] Built target lslidar_msgs__rosidl_typesupport_introspection_cpp
[5.432s] [ 46%] Built target lslidar_msgs__rosidl_typesupport_fastrtps_cpp
[5.432s] [ 57%] Built target lslidar_msgs__rosidl_typesupport_introspection_c
[5.433s] [ 79%] Built target lslidar_msgs__rosidl_typesupport_fastrtps_c
[5.434s] [ 79%] Built target lslidar_msgs__rosidl_typesupport_c
[5.435s] [ 79%] Built target lslidar_msgs
[5.435s] [ 81%] Built target lslidar_msgs__py
[5.436s] [ 90%] Built target lslidar_msgs__rosidl_generator_py
[5.437s] [ 93%] Built target lslidar_msgs__rosidl_typesupport_c__pyext
[5.438s] [ 96%] Built target lslidar_msgs__rosidl_typesupport_introspection_c__pyext
[5.440s] [100%] Built target lslidar_msgs__rosidl_typesupport_fastrtps_c__pyext
[5.717s] running egg_info
[5.720s] writing lslidar_msgs.egg-info/PKG-INFO
[5.721s] writing dependency_links to lslidar_msgs.egg-info/dependency_links.txt
[5.722s] writing top-level names to lslidar_msgs.egg-info/top_level.txt
[5.735s] reading manifest file 'lslidar_msgs.egg-info/SOURCES.txt'
[5.736s] writing manifest file 'lslidar_msgs.egg-info/SOURCES.txt'
[5.943s] [100%] Built target ament_cmake_python_build_lslidar_msgs_egg
[6.113s] Invoked command in '/home/sunrise/dev_ws/build/lslidar_msgs' returned '0': CMAKE_PREFIX_PATH=${CMAKE_PREFIX_PATH}:/home/sunrise/dev_ws/install/simple_avoidance:/home/sunrise/dev_ws/install/racing_stage2_param_test:/home/sunrise/dev_ws/install/racing_vision_ai:/home/sunrise/dev_ws/install/racing_stage3_param_test:/home/sunrise/dev_ws/install/racing_bringup:/home/sunrise/dev_ws/install/racing_stage3:/home/sunrise/dev_ws/install/racing_stage2:/home/sunrise/dev_ws/install/racing_stage1:/home/sunrise/dev_ws/install/qr_scanner:/home/sunrise/dev_ws/install/line_follower_pkg:/home/sunrise/dev_ws/install/bno055:/opt/tros/humble:/opt/ros/humble /usr/bin/cmake --build /home/sunrise/dev_ws/build/lslidar_msgs -- -j8 -l8
[6.125s] Invoking command in '/home/sunrise/dev_ws/build/lslidar_msgs': CMAKE_PREFIX_PATH=${CMAKE_PREFIX_PATH}:/home/sunrise/dev_ws/install/simple_avoidance:/home/sunrise/dev_ws/install/racing_stage2_param_test:/home/sunrise/dev_ws/install/racing_vision_ai:/home/sunrise/dev_ws/install/racing_stage3_param_test:/home/sunrise/dev_ws/install/racing_bringup:/home/sunrise/dev_ws/install/racing_stage3:/home/sunrise/dev_ws/install/racing_stage2:/home/sunrise/dev_ws/install/racing_stage1:/home/sunrise/dev_ws/install/qr_scanner:/home/sunrise/dev_ws/install/line_follower_pkg:/home/sunrise/dev_ws/install/bno055:/opt/tros/humble:/opt/ros/humble /usr/bin/cmake --install /home/sunrise/dev_ws/build/lslidar_msgs
[6.163s] -- Install configuration: ""
[6.176s] -- Execute custom install script
[6.177s] -- Up-to-date symlink: /home/sunrise/dev_ws/install/lslidar_msgs/share/ament_index/resource_index/rosidl_interfaces/lslidar_msgs
[6.181s] -- Up-to-date symlink: /home/sunrise/dev_ws/install/lslidar_msgs/include/lslidar_msgs/lslidar_msgs/msg/detail/lslidar_difop__functions.h
[6.184s] -- Up-to-date symlink: /home/sunrise/dev_ws/install/lslidar_msgs/include/lslidar_msgs/lslidar_msgs/msg/detail/lslidar_difop__struct.h
[6.189s] -- Up-to-date symlink: /home/sunrise/dev_ws/install/lslidar_msgs/include/lslidar_msgs/lslidar_msgs/msg/detail/lslidar_difop__type_support.h
[6.196s] -- Up-to-date symlink: /home/sunrise/dev_ws/install/lslidar_msgs/include/lslidar_msgs/lslidar_msgs/msg/detail/lslidar_packet__functions.h
[6.199s] -- Up-to-date symlink: /home/sunrise/dev_ws/install/lslidar_msgs/include/lslidar_msgs/lslidar_msgs/msg/detail/lslidar_packet__struct.h
[6.202s] -- Up-to-date symlink: /home/sunrise/dev_ws/install/lslidar_msgs/include/lslidar_msgs/lslidar_msgs/msg/detail/lslidar_packet__type_support.h
[6.204s] -- Up-to-date symlink: /home/sunrise/dev_ws/install/lslidar_msgs/include/lslidar_msgs/lslidar_msgs/msg/detail/lslidar_point__functions.h
[6.212s] -- Up-to-date symlink: /home/sunrise/dev_ws/install/lslidar_msgs/include/lslidar_msgs/lslidar_msgs/msg/detail/lslidar_point__struct.h
[6.215s] -- Up-to-date symlink: /home/sunrise/dev_ws/install/lslidar_msgs/include/lslidar_msgs/lslidar_msgs/msg/detail/lslidar_point__type_support.h
[6.218s] -- Up-to-date symlink: /home/sunrise/dev_ws/install/lslidar_msgs/include/lslidar_msgs/lslidar_msgs/msg/detail/lslidar_scan__functions.h
[6.220s] -- Up-to-date symlink: /home/sunrise/dev_ws/install/lslidar_msgs/include/lslidar_msgs/lslidar_msgs/msg/detail/lslidar_scan__struct.h
[6.222s] -- Up-to-date symlink: /home/sunrise/dev_ws/install/lslidar_msgs/include/lslidar_msgs/lslidar_msgs/msg/detail/lslidar_scan__type_support.h
[6.224s] -- Up-to-date symlink: /home/sunrise/dev_ws/install/lslidar_msgs/include/lslidar_msgs/lslidar_msgs/msg/detail/lslidar_sweep__functions.h
[6.226s] -- Up-to-date symlink: /home/sunrise/dev_ws/install/lslidar_msgs/include/lslidar_msgs/lslidar_msgs/msg/detail/lslidar_sweep__struct.h
[6.230s] -- Up-to-date symlink: /home/sunrise/dev_ws/install/lslidar_msgs/include/lslidar_msgs/lslidar_msgs/msg/detail/lslidar_sweep__type_support.h
[6.235s] -- Up-to-date symlink: /home/sunrise/dev_ws/install/lslidar_msgs/include/lslidar_msgs/lslidar_msgs/msg/lslidar_difop.h
[6.238s] -- Up-to-date symlink: /home/sunrise/dev_ws/install/lslidar_msgs/include/lslidar_msgs/lslidar_msgs/msg/lslidar_packet.h
[6.240s] -- Up-to-date symlink: /home/sunrise/dev_ws/install/lslidar_msgs/include/lslidar_msgs/lslidar_msgs/msg/lslidar_point.h
[6.241s] -- Up-to-date symlink: /home/sunrise/dev_ws/install/lslidar_msgs/include/lslidar_msgs/lslidar_msgs/msg/lslidar_scan.h
[6.243s] -- Up-to-date symlink: /home/sunrise/dev_ws/install/lslidar_msgs/include/lslidar_msgs/lslidar_msgs/msg/lslidar_sweep.h
[6.245s] -- Up-to-date symlink: /home/sunrise/dev_ws/install/lslidar_msgs/include/lslidar_msgs/lslidar_msgs/msg/rosidl_generator_c__visibility_control.h
[6.251s] -- Up-to-date symlink: /home/sunrise/dev_ws/install/lslidar_msgs/share/lslidar_msgs/environment/library_path.sh
[6.252s] -- Up-to-date symlink: /home/sunrise/dev_ws/install/lslidar_msgs/share/lslidar_msgs/environment/library_path.dsv
[6.260s] -- Up-to-date symlink: /home/sunrise/dev_ws/install/lslidar_msgs/include/lslidar_msgs/lslidar_msgs/msg/detail/lslidar_difop__rosidl_typesupport_fastrtps_c.h
[6.264s] -- Up-to-date symlink: /home/sunrise/dev_ws/install/lslidar_msgs/include/lslidar_msgs/lslidar_msgs/msg/detail/lslidar_packet__rosidl_typesupport_fastrtps_c.h
[6.267s] -- Up-to-date symlink: /home/sunrise/dev_ws/install/lslidar_msgs/include/lslidar_msgs/lslidar_msgs/msg/detail/lslidar_point__rosidl_typesupport_fastrtps_c.h
[6.269s] -- Up-to-date symlink: /home/sunrise/dev_ws/install/lslidar_msgs/include/lslidar_msgs/lslidar_msgs/msg/detail/lslidar_scan__rosidl_typesupport_fastrtps_c.h
[6.273s] -- Up-to-date symlink: /home/sunrise/dev_ws/install/lslidar_msgs/include/lslidar_msgs/lslidar_msgs/msg/detail/lslidar_sweep__rosidl_typesupport_fastrtps_c.h
[6.275s] -- Up-to-date symlink: /home/sunrise/dev_ws/install/lslidar_msgs/include/lslidar_msgs/lslidar_msgs/msg/rosidl_typesupport_fastrtps_c__visibility_control.h
[6.281s] -- Up-to-date symlink: /home/sunrise/dev_ws/install/lslidar_msgs/include/lslidar_msgs/lslidar_msgs/msg/detail/lslidar_difop__builder.hpp
[6.283s] -- Up-to-date symlink: /home/sunrise/dev_ws/install/lslidar_msgs/include/lslidar_msgs/lslidar_msgs/msg/detail/lslidar_difop__struct.hpp
[6.286s] -- Up-to-date symlink: /home/sunrise/dev_ws/install/lslidar_msgs/include/lslidar_msgs/lslidar_msgs/msg/detail/lslidar_difop__traits.hpp
[6.287s] -- Up-to-date symlink: /home/sunrise/dev_ws/install/lslidar_msgs/include/lslidar_msgs/lslidar_msgs/msg/detail/lslidar_difop__type_support.hpp
[6.288s] -- Up-to-date symlink: /home/sunrise/dev_ws/install/lslidar_msgs/include/lslidar_msgs/lslidar_msgs/msg/detail/lslidar_packet__builder.hpp
[6.290s] -- Up-to-date symlink: /home/sunrise/dev_ws/install/lslidar_msgs/include/lslidar_msgs/lslidar_msgs/msg/detail/lslidar_packet__struct.hpp
[6.291s] -- Up-to-date symlink: /home/sunrise/dev_ws/install/lslidar_msgs/include/lslidar_msgs/lslidar_msgs/msg/detail/lslidar_packet__traits.hpp
[6.293s] -- Up-to-date symlink: /home/sunrise/dev_ws/install/lslidar_msgs/include/lslidar_msgs/lslidar_msgs/msg/detail/lslidar_packet__type_support.hpp
[6.295s] -- Up-to-date symlink: /home/sunrise/dev_ws/install/lslidar_msgs/include/lslidar_msgs/lslidar_msgs/msg/detail/lslidar_point__builder.hpp
[6.297s] -- Up-to-date symlink: /home/sunrise/dev_ws/install/lslidar_msgs/include/lslidar_msgs/lslidar_msgs/msg/detail/lslidar_point__struct.hpp
[6.299s] -- Up-to-date symlink: /home/sunrise/dev_ws/install/lslidar_msgs/include/lslidar_msgs/lslidar_msgs/msg/detail/lslidar_point__traits.hpp
[6.300s] -- Up-to-date symlink: /home/sunrise/dev_ws/install/lslidar_msgs/include/lslidar_msgs/lslidar_msgs/msg/detail/lslidar_point__type_support.hpp
[6.302s] -- Up-to-date symlink: /home/sunrise/dev_ws/install/lslidar_msgs/include/lslidar_msgs/lslidar_msgs/msg/detail/lslidar_scan__builder.hpp
[6.305s] -- Up-to-date symlink: /home/sunrise/dev_ws/install/lslidar_msgs/include/lslidar_msgs/lslidar_msgs/msg/detail/lslidar_scan__struct.hpp
[6.309s] -- Up-to-date symlink: /home/sunrise/dev_ws/install/lslidar_msgs/include/lslidar_msgs/lslidar_msgs/msg/detail/lslidar_scan__traits.hpp
[6.309s] -- Up-to-date symlink: /home/sunrise/dev_ws/install/lslidar_msgs/include/lslidar_msgs/lslidar_msgs/msg/detail/lslidar_scan__type_support.hpp
[6.311s] -- Up-to-date symlink: /home/sunrise/dev_ws/install/lslidar_msgs/include/lslidar_msgs/lslidar_msgs/msg/detail/lslidar_sweep__builder.hpp
[6.312s] -- Up-to-date symlink: /home/sunrise/dev_ws/install/lslidar_msgs/include/lslidar_msgs/lslidar_msgs/msg/detail/lslidar_sweep__struct.hpp
[6.313s] -- Up-to-date symlink: /home/sunrise/dev_ws/install/lslidar_msgs/include/lslidar_msgs/lslidar_msgs/msg/detail/lslidar_sweep__traits.hpp
[6.315s] -- Up-to-date symlink: /home/sunrise/dev_ws/install/lslidar_msgs/include/lslidar_msgs/lslidar_msgs/msg/detail/lslidar_sweep__type_support.hpp
[6.316s] -- Up-to-date symlink: /home/sunrise/dev_ws/install/lslidar_msgs/include/lslidar_msgs/lslidar_msgs/msg/lslidar_difop.hpp
[6.318s] -- Up-to-date symlink: /home/sunrise/dev_ws/install/lslidar_msgs/include/lslidar_msgs/lslidar_msgs/msg/lslidar_packet.hpp
[6.320s] -- Up-to-date symlink: /home/sunrise/dev_ws/install/lslidar_msgs/include/lslidar_msgs/lslidar_msgs/msg/lslidar_point.hpp
[6.322s] -- Up-to-date symlink: /home/sunrise/dev_ws/install/lslidar_msgs/include/lslidar_msgs/lslidar_msgs/msg/lslidar_scan.hpp
[6.324s] -- Up-to-date symlink: /home/sunrise/dev_ws/install/lslidar_msgs/include/lslidar_msgs/lslidar_msgs/msg/lslidar_sweep.hpp
[6.325s] -- Up-to-date symlink: /home/sunrise/dev_ws/install/lslidar_msgs/include/lslidar_msgs/lslidar_msgs/msg/rosidl_generator_cpp__visibility_control.hpp
[6.340s] -- Up-to-date symlink: /home/sunrise/dev_ws/install/lslidar_msgs/include/lslidar_msgs/lslidar_msgs/msg/detail/lslidar_difop__rosidl_typesupport_fastrtps_cpp.hpp
[6.341s] -- Up-to-date symlink: /home/sunrise/dev_ws/install/lslidar_msgs/include/lslidar_msgs/lslidar_msgs/msg/detail/lslidar_packet__rosidl_typesupport_fastrtps_cpp.hpp
[6.341s] -- Up-to-date symlink: /home/sunrise/dev_ws/install/lslidar_msgs/include/lslidar_msgs/lslidar_msgs/msg/detail/lslidar_point__rosidl_typesupport_fastrtps_cpp.hpp
[6.342s] -- Up-to-date symlink: /home/sunrise/dev_ws/install/lslidar_msgs/include/lslidar_msgs/lslidar_msgs/msg/detail/lslidar_scan__rosidl_typesupport_fastrtps_cpp.hpp
[6.342s] -- Up-to-date symlink: /home/sunrise/dev_ws/install/lslidar_msgs/include/lslidar_msgs/lslidar_msgs/msg/detail/lslidar_sweep__rosidl_typesupport_fastrtps_cpp.hpp
[6.343s] -- Up-to-date symlink: /home/sunrise/dev_ws/install/lslidar_msgs/include/lslidar_msgs/lslidar_msgs/msg/rosidl_typesupport_fastrtps_cpp__visibility_control.h
[6.345s] -- Up-to-date symlink: /home/sunrise/dev_ws/install/lslidar_msgs/include/lslidar_msgs/lslidar_msgs/msg/detail/lslidar_difop__rosidl_typesupport_introspection_c.h
[6.347s] -- Up-to-date symlink: /home/sunrise/dev_ws/install/lslidar_msgs/include/lslidar_msgs/lslidar_msgs/msg/detail/lslidar_packet__rosidl_typesupport_introspection_c.h
[6.347s] -- Up-to-date symlink: /home/sunrise/dev_ws/install/lslidar_msgs/include/lslidar_msgs/lslidar_msgs/msg/detail/lslidar_point__rosidl_typesupport_introspection_c.h
[6.349s] -- Up-to-date symlink: /home/sunrise/dev_ws/install/lslidar_msgs/include/lslidar_msgs/lslidar_msgs/msg/detail/lslidar_scan__rosidl_typesupport_introspection_c.h
[6.350s] -- Up-to-date symlink: /home/sunrise/dev_ws/install/lslidar_msgs/include/lslidar_msgs/lslidar_msgs/msg/detail/lslidar_sweep__rosidl_typesupport_introspection_c.h
[6.351s] -- Up-to-date symlink: /home/sunrise/dev_ws/install/lslidar_msgs/include/lslidar_msgs/lslidar_msgs/msg/rosidl_typesupport_introspection_c__visibility_control.h
[6.353s] -- Up-to-date symlink: /home/sunrise/dev_ws/install/lslidar_msgs/include/lslidar_msgs/lslidar_msgs/msg/detail/lslidar_difop__rosidl_typesupport_introspection_cpp.hpp
[6.355s] -- Up-to-date symlink: /home/sunrise/dev_ws/install/lslidar_msgs/include/lslidar_msgs/lslidar_msgs/msg/detail/lslidar_packet__rosidl_typesupport_introspection_cpp.hpp
[6.355s] -- Up-to-date symlink: /home/sunrise/dev_ws/install/lslidar_msgs/include/lslidar_msgs/lslidar_msgs/msg/detail/lslidar_point__rosidl_typesupport_introspection_cpp.hpp
[6.356s] -- Up-to-date symlink: /home/sunrise/dev_ws/install/lslidar_msgs/include/lslidar_msgs/lslidar_msgs/msg/detail/lslidar_scan__rosidl_typesupport_introspection_cpp.hpp
[6.357s] -- Up-to-date symlink: /home/sunrise/dev_ws/install/lslidar_msgs/include/lslidar_msgs/lslidar_msgs/msg/detail/lslidar_sweep__rosidl_typesupport_introspection_cpp.hpp
[6.359s] -- Up-to-date symlink: /home/sunrise/dev_ws/install/lslidar_msgs/share/lslidar_msgs/environment/pythonpath.sh
[6.360s] -- Up-to-date symlink: /home/sunrise/dev_ws/install/lslidar_msgs/share/lslidar_msgs/environment/pythonpath.dsv
[6.362s] -- Up-to-date symlink: /home/sunrise/dev_ws/install/lslidar_msgs/local/lib/python3.10/dist-packages/lslidar_msgs-1.2.0-py3.10.egg-info/PKG-INFO
[6.363s] -- Up-to-date symlink: /home/sunrise/dev_ws/install/lslidar_msgs/local/lib/python3.10/dist-packages/lslidar_msgs-1.2.0-py3.10.egg-info/SOURCES.txt
[6.364s] -- Up-to-date symlink: /home/sunrise/dev_ws/install/lslidar_msgs/local/lib/python3.10/dist-packages/lslidar_msgs-1.2.0-py3.10.egg-info/dependency_links.txt
[6.366s] -- Up-to-date symlink: /home/sunrise/dev_ws/install/lslidar_msgs/local/lib/python3.10/dist-packages/lslidar_msgs-1.2.0-py3.10.egg-info/top_level.txt
[6.368s] -- Up-to-date symlink: /home/sunrise/dev_ws/install/lslidar_msgs/local/lib/python3.10/dist-packages/lslidar_msgs/__init__.py
[6.370s] -- Up-to-date symlink: /home/sunrise/dev_ws/install/lslidar_msgs/local/lib/python3.10/dist-packages/lslidar_msgs/_lslidar_msgs_s.ep.rosidl_typesupport_c.c
[6.370s] -- Up-to-date symlink: /home/sunrise/dev_ws/install/lslidar_msgs/local/lib/python3.10/dist-packages/lslidar_msgs/_lslidar_msgs_s.ep.rosidl_typesupport_fastrtps_c.c
[6.371s] -- Up-to-date symlink: /home/sunrise/dev_ws/install/lslidar_msgs/local/lib/python3.10/dist-packages/lslidar_msgs/_lslidar_msgs_s.ep.rosidl_typesupport_introspection_c.c
[6.372s] -- Up-to-date symlink: /home/sunrise/dev_ws/install/lslidar_msgs/local/lib/python3.10/dist-packages/lslidar_msgs/liblslidar_msgs__rosidl_generator_py.so
[6.373s] -- Up-to-date symlink: /home/sunrise/dev_ws/install/lslidar_msgs/local/lib/python3.10/dist-packages/lslidar_msgs/lslidar_msgs_s__rosidl_typesupport_c.cpython-310-aarch64-linux-gnu.so
[6.375s] -- Up-to-date symlink: /home/sunrise/dev_ws/install/lslidar_msgs/local/lib/python3.10/dist-packages/lslidar_msgs/lslidar_msgs_s__rosidl_typesupport_fastrtps_c.cpython-310-aarch64-linux-gnu.so
[6.376s] -- Up-to-date symlink: /home/sunrise/dev_ws/install/lslidar_msgs/local/lib/python3.10/dist-packages/lslidar_msgs/lslidar_msgs_s__rosidl_typesupport_introspection_c.cpython-310-aarch64-linux-gnu.so
[6.378s] -- Up-to-date symlink: /home/sunrise/dev_ws/install/lslidar_msgs/local/lib/python3.10/dist-packages/lslidar_msgs/msg/__init__.py
[6.378s] -- Up-to-date symlink: /home/sunrise/dev_ws/install/lslidar_msgs/local/lib/python3.10/dist-packages/lslidar_msgs/msg/_lslidar_difop.py
[6.379s] -- Up-to-date symlink: /home/sunrise/dev_ws/install/lslidar_msgs/local/lib/python3.10/dist-packages/lslidar_msgs/msg/_lslidar_difop_s.c
[6.380s] -- Up-to-date symlink: /home/sunrise/dev_ws/install/lslidar_msgs/local/lib/python3.10/dist-packages/lslidar_msgs/msg/_lslidar_packet.py
[6.380s] -- Up-to-date symlink: /home/sunrise/dev_ws/install/lslidar_msgs/local/lib/python3.10/dist-packages/lslidar_msgs/msg/_lslidar_packet_s.c
[6.381s] -- Up-to-date symlink: /home/sunrise/dev_ws/install/lslidar_msgs/local/lib/python3.10/dist-packages/lslidar_msgs/msg/_lslidar_point.py
[6.381s] -- Up-to-date symlink: /home/sunrise/dev_ws/install/lslidar_msgs/local/lib/python3.10/dist-packages/lslidar_msgs/msg/_lslidar_point_s.c
[6.382s] -- Up-to-date symlink: /home/sunrise/dev_ws/install/lslidar_msgs/local/lib/python3.10/dist-packages/lslidar_msgs/msg/_lslidar_scan.py
[6.382s] -- Up-to-date symlink: /home/sunrise/dev_ws/install/lslidar_msgs/local/lib/python3.10/dist-packages/lslidar_msgs/msg/_lslidar_scan_s.c
[6.383s] -- Up-to-date symlink: /home/sunrise/dev_ws/install/lslidar_msgs/local/lib/python3.10/dist-packages/lslidar_msgs/msg/_lslidar_sweep.py
[6.384s] -- Up-to-date symlink: /home/sunrise/dev_ws/install/lslidar_msgs/local/lib/python3.10/dist-packages/lslidar_msgs/msg/_lslidar_sweep_s.c
[6.384s] -- Up-to-date symlink: /home/sunrise/dev_ws/install/lslidar_msgs/local/lib/python3.10/dist-packages/lslidar_msgs/lslidar_msgs_s__rosidl_typesupport_fastrtps_c.cpython-310-aarch64-linux-gnu.so
[6.385s] -- Up-to-date symlink: /home/sunrise/dev_ws/install/lslidar_msgs/local/lib/python3.10/dist-packages/lslidar_msgs/lslidar_msgs_s__rosidl_typesupport_introspection_c.cpython-310-aarch64-linux-gnu.so
[6.386s] -- Up-to-date symlink: /home/sunrise/dev_ws/install/lslidar_msgs/local/lib/python3.10/dist-packages/lslidar_msgs/lslidar_msgs_s__rosidl_typesupport_c.cpython-310-aarch64-linux-gnu.so
[6.387s] -- Up-to-date symlink: /home/sunrise/dev_ws/install/lslidar_msgs/share/ament_index/resource_index/rust_packages/lslidar_msgs
[6.387s] -- Up-to-date symlink: /home/sunrise/dev_ws/install/lslidar_msgs/share/lslidar_msgs/rust/Cargo.toml
[6.388s] -- Up-to-date symlink: /home/sunrise/dev_ws/install/lslidar_msgs/share/lslidar_msgs/rust/build.rs
[6.389s] -- Up-to-date symlink: /home/sunrise/dev_ws/install/lslidar_msgs/share/lslidar_msgs/rust/src/lib.rs
[6.389s] -- Up-to-date symlink: /home/sunrise/dev_ws/install/lslidar_msgs/share/lslidar_msgs/rust/src/msg.rs
[6.390s] -- Up-to-date symlink: /home/sunrise/dev_ws/install/lslidar_msgs/share/lslidar_msgs/rust/src/msg/rmw.rs
[6.390s] -- Up-to-date symlink: /home/sunrise/dev_ws/install/lslidar_msgs/share/lslidar_msgs/msg/LslidarDifop.idl
[6.391s] -- Up-to-date symlink: /home/sunrise/dev_ws/install/lslidar_msgs/share/lslidar_msgs/msg/LslidarPacket.idl
[6.392s] -- Up-to-date symlink: /home/sunrise/dev_ws/install/lslidar_msgs/share/lslidar_msgs/msg/LslidarPoint.idl
[6.392s] -- Up-to-date symlink: /home/sunrise/dev_ws/install/lslidar_msgs/share/lslidar_msgs/msg/LslidarScan.idl
[6.393s] -- Up-to-date symlink: /home/sunrise/dev_ws/install/lslidar_msgs/share/lslidar_msgs/msg/LslidarSweep.idl
[6.394s] -- Up-to-date symlink: /home/sunrise/dev_ws/install/lslidar_msgs/share/lslidar_msgs/msg/LslidarDifop.msg
[6.394s] -- Up-to-date symlink: /home/sunrise/dev_ws/install/lslidar_msgs/share/lslidar_msgs/msg/LslidarPacket.msg
[6.396s] -- Up-to-date symlink: /home/sunrise/dev_ws/install/lslidar_msgs/share/lslidar_msgs/msg/LslidarPoint.msg
[6.398s] -- Up-to-date symlink: /home/sunrise/dev_ws/install/lslidar_msgs/share/lslidar_msgs/msg/LslidarScan.msg
[6.399s] -- Up-to-date symlink: /home/sunrise/dev_ws/install/lslidar_msgs/share/lslidar_msgs/msg/LslidarSweep.msg
[6.400s] -- Up-to-date symlink: /home/sunrise/dev_ws/install/lslidar_msgs/share/ament_index/resource_index/package_run_dependencies/lslidar_msgs
[6.402s] -- Up-to-date symlink: /home/sunrise/dev_ws/install/lslidar_msgs/share/ament_index/resource_index/parent_prefix_path/lslidar_msgs
[6.403s] -- Up-to-date symlink: /home/sunrise/dev_ws/install/lslidar_msgs/share/lslidar_msgs/environment/ament_prefix_path.sh
[6.404s] -- Up-to-date symlink: /home/sunrise/dev_ws/install/lslidar_msgs/share/lslidar_msgs/environment/ament_prefix_path.dsv
[6.406s] -- Up-to-date symlink: /home/sunrise/dev_ws/install/lslidar_msgs/share/lslidar_msgs/environment/path.sh
[6.407s] -- Up-to-date symlink: /home/sunrise/dev_ws/install/lslidar_msgs/share/lslidar_msgs/environment/path.dsv
[6.408s] -- Up-to-date symlink: /home/sunrise/dev_ws/install/lslidar_msgs/share/lslidar_msgs/local_setup.bash
[6.409s] -- Up-to-date symlink: /home/sunrise/dev_ws/install/lslidar_msgs/share/lslidar_msgs/local_setup.sh
[6.410s] -- Up-to-date symlink: /home/sunrise/dev_ws/install/lslidar_msgs/share/lslidar_msgs/local_setup.zsh
[6.411s] -- Up-to-date symlink: /home/sunrise/dev_ws/install/lslidar_msgs/share/lslidar_msgs/local_setup.dsv
[6.411s] -- Symlinking: /home/sunrise/dev_ws/install/lslidar_msgs/share/lslidar_msgs/package.dsv
[6.431s] -- Up-to-date symlink: /home/sunrise/dev_ws/install/lslidar_msgs/share/ament_index/resource_index/packages/lslidar_msgs
[6.432s] -- Up-to-date symlink: /home/sunrise/dev_ws/install/lslidar_msgs/share/lslidar_msgs/cmake/rosidl_cmake-extras.cmake
[6.432s] -- Up-to-date symlink: /home/sunrise/dev_ws/install/lslidar_msgs/share/lslidar_msgs/cmake/ament_cmake_export_dependencies-extras.cmake
[6.433s] -- Up-to-date symlink: /home/sunrise/dev_ws/install/lslidar_msgs/share/lslidar_msgs/cmake/ament_cmake_export_include_directories-extras.cmake
[6.434s] -- Up-to-date symlink: /home/sunrise/dev_ws/install/lslidar_msgs/share/lslidar_msgs/cmake/ament_cmake_export_libraries-extras.cmake
[6.434s] -- Up-to-date symlink: /home/sunrise/dev_ws/install/lslidar_msgs/share/lslidar_msgs/cmake/ament_cmake_export_targets-extras.cmake
[6.435s] -- Up-to-date symlink: /home/sunrise/dev_ws/install/lslidar_msgs/share/lslidar_msgs/cmake/rosidl_cmake_export_typesupport_targets-extras.cmake
[6.436s] -- Up-to-date symlink: /home/sunrise/dev_ws/install/lslidar_msgs/share/lslidar_msgs/cmake/rosidl_cmake_export_typesupport_libraries-extras.cmake
[6.436s] -- Up-to-date symlink: /home/sunrise/dev_ws/install/lslidar_msgs/share/lslidar_msgs/cmake/lslidar_msgsConfig.cmake
[6.437s] -- Up-to-date symlink: /home/sunrise/dev_ws/install/lslidar_msgs/share/lslidar_msgs/cmake/lslidar_msgsConfig-version.cmake
[6.438s] -- Up-to-date symlink: /home/sunrise/dev_ws/install/lslidar_msgs/share/lslidar_msgs/package.xml
[6.438s] -- Up-to-date: /home/sunrise/dev_ws/install/lslidar_msgs/lib/liblslidar_msgs__rosidl_generator_c.so
[6.439s] -- Up-to-date: /home/sunrise/dev_ws/install/lslidar_msgs/lib/liblslidar_msgs__rosidl_typesupport_fastrtps_c.so
[6.440s] -- Up-to-date: /home/sunrise/dev_ws/install/lslidar_msgs/lib/liblslidar_msgs__rosidl_typesupport_fastrtps_cpp.so
[6.440s] -- Up-to-date: /home/sunrise/dev_ws/install/lslidar_msgs/lib/liblslidar_msgs__rosidl_typesupport_introspection_c.so
[6.441s] -- Up-to-date: /home/sunrise/dev_ws/install/lslidar_msgs/lib/liblslidar_msgs__rosidl_typesupport_c.so
[6.441s] -- Up-to-date: /home/sunrise/dev_ws/install/lslidar_msgs/lib/liblslidar_msgs__rosidl_typesupport_introspection_cpp.so
[6.442s] -- Up-to-date: /home/sunrise/dev_ws/install/lslidar_msgs/lib/liblslidar_msgs__rosidl_typesupport_cpp.so
[6.731s] Listing '/home/sunrise/dev_ws/install/lslidar_msgs/local/lib/python3.10/dist-packages/lslidar_msgs'...
[6.739s] Listing '/home/sunrise/dev_ws/install/lslidar_msgs/local/lib/python3.10/dist-packages/lslidar_msgs/msg'...
[6.786s] -- Up-to-date: /home/sunrise/dev_ws/install/lslidar_msgs/lib/liblslidar_msgs__rosidl_generator_py.so
[6.789s] -- Up-to-date: /home/sunrise/dev_ws/install/lslidar_msgs/share/lslidar_msgs/cmake/export_lslidar_msgs__rosidl_generator_cExport.cmake
[6.793s] -- Up-to-date: /home/sunrise/dev_ws/install/lslidar_msgs/share/lslidar_msgs/cmake/export_lslidar_msgs__rosidl_generator_cExport-noconfig.cmake
[6.794s] -- Up-to-date: /home/sunrise/dev_ws/install/lslidar_msgs/share/lslidar_msgs/cmake/export_lslidar_msgs__rosidl_typesupport_fastrtps_cExport.cmake
[6.796s] -- Up-to-date: /home/sunrise/dev_ws/install/lslidar_msgs/share/lslidar_msgs/cmake/export_lslidar_msgs__rosidl_typesupport_fastrtps_cExport-noconfig.cmake
[6.798s] -- Up-to-date: /home/sunrise/dev_ws/install/lslidar_msgs/share/lslidar_msgs/cmake/export_lslidar_msgs__rosidl_generator_cppExport.cmake
[6.799s] -- Up-to-date: /home/sunrise/dev_ws/install/lslidar_msgs/share/lslidar_msgs/cmake/export_lslidar_msgs__rosidl_typesupport_fastrtps_cppExport.cmake
[6.801s] -- Up-to-date: /home/sunrise/dev_ws/install/lslidar_msgs/share/lslidar_msgs/cmake/export_lslidar_msgs__rosidl_typesupport_fastrtps_cppExport-noconfig.cmake
[6.803s] -- Up-to-date: /home/sunrise/dev_ws/install/lslidar_msgs/share/lslidar_msgs/cmake/lslidar_msgs__rosidl_typesupport_introspection_cExport.cmake
[6.804s] -- Up-to-date: /home/sunrise/dev_ws/install/lslidar_msgs/share/lslidar_msgs/cmake/lslidar_msgs__rosidl_typesupport_introspection_cExport-noconfig.cmake
[6.806s] -- Up-to-date: /home/sunrise/dev_ws/install/lslidar_msgs/share/lslidar_msgs/cmake/lslidar_msgs__rosidl_typesupport_cExport.cmake
[6.808s] -- Up-to-date: /home/sunrise/dev_ws/install/lslidar_msgs/share/lslidar_msgs/cmake/lslidar_msgs__rosidl_typesupport_cExport-noconfig.cmake
[6.810s] -- Up-to-date: /home/sunrise/dev_ws/install/lslidar_msgs/share/lslidar_msgs/cmake/lslidar_msgs__rosidl_typesupport_introspection_cppExport.cmake
[6.811s] -- Up-to-date: /home/sunrise/dev_ws/install/lslidar_msgs/share/lslidar_msgs/cmake/lslidar_msgs__rosidl_typesupport_introspection_cppExport-noconfig.cmake
[6.812s] -- Up-to-date: /home/sunrise/dev_ws/install/lslidar_msgs/share/lslidar_msgs/cmake/lslidar_msgs__rosidl_typesupport_cppExport.cmake
[6.813s] -- Up-to-date: /home/sunrise/dev_ws/install/lslidar_msgs/share/lslidar_msgs/cmake/lslidar_msgs__rosidl_typesupport_cppExport-noconfig.cmake
[6.816s] -- Up-to-date: /home/sunrise/dev_ws/install/lslidar_msgs/share/lslidar_msgs/cmake/export_lslidar_msgs__rosidl_generator_pyExport.cmake
[6.820s] -- Up-to-date: /home/sunrise/dev_ws/install/lslidar_msgs/share/lslidar_msgs/cmake/export_lslidar_msgs__rosidl_generator_pyExport-noconfig.cmake
[7.042s] Invoked command in '/home/sunrise/dev_ws/build/lslidar_msgs' returned '0': CMAKE_PREFIX_PATH=${CMAKE_PREFIX_PATH}:/home/sunrise/dev_ws/install/simple_avoidance:/home/sunrise/dev_ws/install/racing_stage2_param_test:/home/sunrise/dev_ws/install/racing_vision_ai:/home/sunrise/dev_ws/install/racing_stage3_param_test:/home/sunrise/dev_ws/install/racing_bringup:/home/sunrise/dev_ws/install/racing_stage3:/home/sunrise/dev_ws/install/racing_stage2:/home/sunrise/dev_ws/install/racing_stage1:/home/sunrise/dev_ws/install/qr_scanner:/home/sunrise/dev_ws/install/line_follower_pkg:/home/sunrise/dev_ws/install/bno055:/opt/tros/humble:/opt/ros/humble /usr/bin/cmake --install /home/sunrise/dev_ws/build/lslidar_msgs
