[0.000000] (-) TimerEvent: {}
[0.000491] (-) JobUnselected: {'identifier': 'ackermann_msgs'}
[0.001238] (-) JobUnselected: {'identifier': 'bno055'}
[0.002442] (-) JobUnselected: {'identifier': 'line_follower_pkg'}
[0.003290] (-) JobUnselected: {'identifier': 'lslidar_driver'}
[0.004119] (-) JobUnselected: {'identifier': 'lslidar_msgs'}
[0.004359] (-) JobUnselected: {'identifier': 'origincar_base'}
[0.004550] (-) JobUnselected: {'identifier': 'origincar_bringup'}
[0.004738] (-) JobUnselected: {'identifier': 'origincar_description'}
[0.005062] (-) JobUnselected: {'identifier': 'origincar_msg'}
[0.005259] (-) JobUnselected: {'identifier': 'qr_scanner'}
[0.005448] (-) JobUnselected: {'identifier': 'racing_bringup'}
[0.005636] (-) JobUnselected: {'identifier': 'racing_stage1'}
[0.005822] (-) JobUnselected: {'identifier': 'racing_stage2'}
[0.006010] (-) JobUnselected: {'identifier': 'racing_stage3'}
[0.006198] (-) JobUnselected: {'identifier': 'racing_stage3_param_test'}
[0.006386] (-) JobUnselected: {'identifier': 'racing_vision_ai'}
[0.006642] (-) JobUnselected: {'identifier': 'serial'}
[0.006827] (-) JobUnselected: {'identifier': 'simple_avoidance'}
[0.007018] (-) JobUnselected: {'identifier': 'utils'}
[0.007209] (-) JobUnselected: {'identifier': 'voice_driver'}
[0.007410] (racing_stage2_param_test) JobQueued: {'identifier': 'racing_stage2_param_test', 'dependencies': OrderedDict([('ackermann_msgs', '/home/sunrise/dev_ws/install/ackermann_msgs'), ('bno055', '/home/sunrise/dev_ws/install/bno055'), ('lslidar_msgs', '/home/sunrise/dev_ws/install/lslidar_msgs'), ('origincar_bringup', '/home/sunrise/dev_ws/install/origincar_bringup'), ('origincar_description', '/home/sunrise/dev_ws/install/origincar_description'), ('origincar_msg', '/home/sunrise/dev_ws/install/origincar_msg'), ('qr_scanner', '/home/sunrise/dev_ws/install/qr_scanner'), ('serial', '/home/sunrise/dev_ws/install/serial'), ('lslidar_driver', '/home/sunrise/dev_ws/install/lslidar_driver'), ('origincar_base', '/home/sunrise/dev_ws/install/origincar_base'), ('racing_stage1', '/home/sunrise/dev_ws/install/racing_stage1'), ('racing_stage2', '/home/sunrise/dev_ws/install/racing_stage2')])}
[0.007704] (racing_stage2_param_test) JobStarted: {'identifier': 'racing_stage2_param_test'}
[0.098576] (-) TimerEvent: {}
[0.199157] (-) TimerEvent: {}
[0.299647] (-) TimerEvent: {}
[0.400127] (-) TimerEvent: {}
[0.500608] (-) TimerEvent: {}
[0.601091] (-) TimerEvent: {}
[0.701569] (-) TimerEvent: {}
[0.802038] (-) TimerEvent: {}
[0.902503] (-) TimerEvent: {}
[1.002976] (-) TimerEvent: {}
[1.103451] (-) TimerEvent: {}
[1.203926] (-) TimerEvent: {}
[1.304425] (-) TimerEvent: {}
[1.404927] (-) TimerEvent: {}
[1.505414] (-) TimerEvent: {}
[1.605881] (-) TimerEvent: {}
[1.706374] (-) TimerEvent: {}
[1.806872] (-) TimerEvent: {}
[1.907343] (-) TimerEvent: {}
[2.007810] (-) TimerEvent: {}
[2.108281] (-) TimerEvent: {}
[2.208806] (-) TimerEvent: {}
[2.314997] (-) TimerEvent: {}
[2.415538] (-) TimerEvent: {}
[2.516040] (-) TimerEvent: {}
[2.616508] (-) TimerEvent: {}
[2.716952] (-) TimerEvent: {}
[2.817407] (-) TimerEvent: {}
[2.917884] (-) TimerEvent: {}
[3.018350] (-) TimerEvent: {}
[3.118818] (-) TimerEvent: {}
[3.219277] (-) TimerEvent: {}
[3.319742] (-) TimerEvent: {}
[3.420238] (-) TimerEvent: {}
[3.520708] (-) TimerEvent: {}
[3.621160] (-) TimerEvent: {}
[3.721615] (-) TimerEvent: {}
[3.822067] (-) TimerEvent: {}
[3.922529] (-) TimerEvent: {}
[4.022994] (-) TimerEvent: {}
[4.123489] (-) TimerEvent: {}
[4.223971] (-) TimerEvent: {}
[4.324461] (-) TimerEvent: {}
[4.424989] (-) TimerEvent: {}
[4.525454] (-) TimerEvent: {}
[4.625922] (-) TimerEvent: {}
[4.726394] (-) TimerEvent: {}
[4.826911] (-) TimerEvent: {}
[4.927456] (-) TimerEvent: {}
[5.027999] (-) TimerEvent: {}
[5.094385] (racing_stage2_param_test) Command: {'cmd': ['/usr/bin/python3', '-W', 'ignore:setup.py install is deprecated', '-W', 'ignore:easy_install command is deprecated', 'setup.py', 'develop', '--editable', '--build-directory', '/home/sunrise/dev_ws/build/racing_stage2_param_test/build', '--no-deps', 'symlink_data'], 'cwd': '/home/sunrise/dev_ws/build/racing_stage2_param_test', 'env': {'VSCODE_CWD': '/home/sunrise', 'VSCODE_ESM_ENTRYPOINT': 'vs/workbench/api/node/extensionHostProcess', 'LANGUAGE': 'en_US.UTF-8', 'USER': 'sunrise', 'SSH_CLIENT': '10.147.109.1 50078 22', 'VSCODE_NLS_CONFIG': '{"userLocale":"en","osLocale":"en","resolvedLanguage":"en","defaultMessagesFile":"/home/sunrise/.cursor-server/bin/linux-arm64/81fcf2931d7687b4ff3f3017858d0c6dee7e2a60/out/nls.messages.json","locale":"en","availableLanguages":{}}', 'VSCODE_HANDLES_UNCAUGHT_ERRORS': 'true', 'XDG_SESSION_TYPE': 'tty', 'SHLVL': '1', 'LD_LIBRARY_PATH': '/home/sunrise/dev_ws/install/origincar_base/lib:/home/sunrise/dev_ws/install/origincar_msg/lib:/home/sunrise/dev_ws/install/lslidar_msgs/lib:/home/sunrise/dev_ws/install/ackermann_msgs/lib:/usr/hobot/lib:/app/lib:/app/pub/lib:/middleware/lib:/middleware/pub/lib:/usr/hobot/lib/sensor:/system/lib:/system/usr/lib:/lib:/home/sunrise/dev_ws/install/voice_driver/lib:/home/sunrise/dev_ws/install/serial/lib:/opt/tros/humble/lib/aarch64-linux-gnu:/opt/tros/humble/lib:/opt/ros/humble/opt/rviz_ogre_vendor/lib:/opt/ros/humble/lib/aarch64-linux-gnu:/opt/ros/humble/lib:/usr/hobot/lib:/app/lib:/app/pub/lib:/middleware/lib:/middleware/pub/lib:/usr/hobot/lib/sensor:/system/lib:/system/usr/lib:/lib:/usr/hobot/lib:/app/lib:/app/pub/lib:/middleware/lib:/middleware/pub/lib:/usr/hobot/lib/sensor:/system/lib:/system/usr/lib:/lib', 'BROWSER': '/home/sunrise/.cursor-server/bin/linux-arm64/81fcf2931d7687b4ff3f3017858d0c6dee7e2a60/bin/helpers/browser.sh', 'MOTD_SHOWN': 'pam', 'HOME': '/home/sunrise', 'OLDPWD': '/home/sunrise/dev_ws', 'VSCODE_IPC_HOOK_CLI': '/run/user/1000/vscode-ipc-d7974d91-6e13-4571-8fa1-755181d800c7.sock', 'ROS_PYTHON_VERSION': '3', 'NO_COLOR': '1', 'DBUS_SESSION_BUS_ADDRESS': 'unix:path=/run/user/1000/bus', 'TROS_DISTRO': 'humble', 'COLCON_PREFIX_PATH': '/home/sunrise/dev_ws/install', 'ROS_DISTRO': 'humble', 'OVSX_REGISTRY_URL': 'https://open-vsx.org', 'LOGNAME': 'sunrise', 'FORCE_COLOR': '0', 'VSCODE_HANDLES_SIGPIPE': 'true', '_': '/usr/bin/colcon', 'ROS_VERSION': '2', 'CURSOR_LAYOUT': 'unifiedAgent', 'XDG_SESSION_CLASS': 'user', 'TERM': 'dumb', 'XDG_SESSION_ID': '2', 'ROS_LOCALHOST_ONLY': '0', 'PATH': '/home/sunrise/.local/bin:/usr/hobot/bin/:/home/sunrise/.cursor-server/bin/linux-arm64/81fcf2931d7687b4ff3f3017858d0c6dee7e2a60:/home/sunrise/.cursor-server/bin/linux-arm64/81fcf2931d7687b4ff3f3017858d0c6dee7e2a60/bin/remote-cli:/home/sunrise/.local/bin:/opt/tros/humble/bin:/opt/ros/humble/bin:/usr/hobot/bin/:/home/sunrise/.cursor-server/bin/linux-arm64/81fcf2931d7687b4ff3f3017858d0c6dee7e2a60/bin/remote-cli:/home/sunrise/.local/bin:/usr/hobot/bin/:/usr/local/sbin:/usr/local/bin:/usr/sbin:/usr/bin:/sbin:/bin:/usr/games:/usr/local/games:/snap/bin', 'VSCODE_AGENT_FOLDER': '/home/sunrise/.cursor-server', 'XDG_RUNTIME_DIR': '/run/user/1000', 'CURSOR_AGENT': '1', 'LANG': 'en_US.UTF-8', 'LS_COLORS': '', 'AMENT_PREFIX_PATH': '/home/sunrise/dev_ws/install/racing_stage2:/home/sunrise/dev_ws/install/racing_stage1:/home/sunrise/dev_ws/install/qr_scanner:/home/sunrise/dev_ws/install/bno055:/home/sunrise/dev_ws/install/voice_driver:/home/sunrise/dev_ws/install/utils:/home/sunrise/dev_ws/install/simple_avoidance:/home/sunrise/dev_ws/install/racing_stage2_param_test:/home/sunrise/dev_ws/install/origincar_base:/home/sunrise/dev_ws/install/serial:/home/sunrise/dev_ws/install/racing_vision_ai:/home/sunrise/dev_ws/install/racing_stage3_param_test:/home/sunrise/dev_ws/install/racing_bringup:/home/sunrise/dev_ws/install/racing_stage3:/home/sunrise/dev_ws/install/origincar_msg:/home/sunrise/dev_ws/install/origincar_description:/home/sunrise/dev_ws/install/origincar_bringup:/home/sunrise/dev_ws/install/lslidar_driver:/home/sunrise/dev_ws/install/lslidar_msgs:/home/sunrise/dev_ws/install/line_follower_pkg:/home/sunrise/dev_ws/install/ackermann_msgs:/opt/tros/humble:/opt/ros/humble', 'SHELL': '/bin/bash', 'VSCODE_SERVER_SHUTDOWN_TIMEOUT': '300', 'PWD': '/home/sunrise/dev_ws/build/racing_stage2_param_test', 'SSH_CONNECTION': '10.147.109.1 50078 10.147.109.8 22', 'PYTHONPATH': '/home/sunrise/dev_ws/build/racing_stage2_param_test/prefix_override:/usr/lib/python3/dist-packages/colcon_core/task/python/colcon_distutils_commands:/home/sunrise/dev_ws/install/racing_stage2_param_test/lib/python3.10/site-packages:/home/sunrise/dev_ws/build/racing_stage2:/home/sunrise/dev_ws/install/racing_stage2/lib/python3.10/site-packages:/home/sunrise/dev_ws/build/racing_stage1:/home/sunrise/dev_ws/install/racing_stage1/lib/python3.10/site-packages:/home/sunrise/dev_ws/build/qr_scanner:/home/sunrise/dev_ws/install/qr_scanner/lib/python3.10/site-packages:/home/sunrise/dev_ws/build/bno055:/home/sunrise/dev_ws/install/bno055/lib/python3.10/site-packages:/home/sunrise/dev_ws/install/voice_driver/local/lib/python3.10/dist-packages:/home/sunrise/dev_ws/build/simple_avoidance:/home/sunrise/dev_ws/install/simple_avoidance/lib/python3.10/site-packages:/home/sunrise/dev_ws/build/racing_stage2_param_test:/home/sunrise/dev_ws/install/racing_stage2_param_test/lib/python3.10/site-packages:/home/sunrise/dev_ws/install/origincar_base/local/lib/python3.10/dist-packages:/home/sunrise/dev_ws/build/racing_vision_ai:/home/sunrise/dev_ws/install/racing_vision_ai/lib/python3.10/site-packages:/home/sunrise/dev_ws/build/racing_stage3_param_test:/home/sunrise/dev_ws/install/racing_stage3_param_test/lib/python3.10/site-packages:/home/sunrise/dev_ws/build/racing_bringup:/home/sunrise/dev_ws/install/racing_bringup/lib/python3.10/site-packages:/home/sunrise/dev_ws/build/racing_stage3:/home/sunrise/dev_ws/install/racing_stage3/lib/python3.10/site-packages:/home/sunrise/dev_ws/install/origincar_msg/local/lib/python3.10/dist-packages:/home/sunrise/dev_ws/install/lslidar_msgs/local/lib/python3.10/dist-packages:/home/sunrise/dev_ws/build/line_follower_pkg:/home/sunrise/dev_ws/install/line_follower_pkg/lib/python3.10/site-packages:/home/sunrise/dev_ws/install/ackermann_msgs/local/lib/python3.10/dist-packages:/opt/tros/humble/lib/python3.10/site-packages:/opt/tros/humble/local/lib/python3.10/dist-packages:/opt/ros/humble/lib/python3.10/site-packages:/opt/ros/humble/local/lib/python3.10/dist-packages', 'COLCON': '1', '_ZO_DOCTOR': '0', 'CMAKE_PREFIX_PATH': '/home/sunrise/dev_ws/install/origincar_base:/home/sunrise/dev_ws/install/lslidar_driver:/home/sunrise/dev_ws/install/serial:/home/sunrise/dev_ws/install/origincar_msg:/home/sunrise/dev_ws/install/origincar_description:/home/sunrise/dev_ws/install/origincar_bringup:/home/sunrise/dev_ws/install/lslidar_msgs:/home/sunrise/dev_ws/install/ackermann_msgs:/home/sunrise/dev_ws/install/voice_driver:/home/sunrise/dev_ws/install/utils'}, 'shell': False}
[5.128142] (-) TimerEvent: {}
[5.228596] (-) TimerEvent: {}
[5.329060] (-) TimerEvent: {}
[5.429520] (-) TimerEvent: {}
[5.529986] (-) TimerEvent: {}
[5.630452] (-) TimerEvent: {}
[5.730919] (-) TimerEvent: {}
[5.831374] (-) TimerEvent: {}
[5.931832] (-) TimerEvent: {}
[6.032293] (-) TimerEvent: {}
[6.132747] (-) TimerEvent: {}
[6.233202] (-) TimerEvent: {}
[6.333658] (-) TimerEvent: {}
[6.434111] (-) TimerEvent: {}
[6.534568] (-) TimerEvent: {}
[6.635033] (-) TimerEvent: {}
[6.735489] (-) TimerEvent: {}
[6.835943] (-) TimerEvent: {}
[6.936437] (-) TimerEvent: {}
[7.032473] (racing_stage2_param_test) StdoutLine: {'line': b'running develop\n'}
[7.036536] (-) TimerEvent: {}
[7.136928] (-) TimerEvent: {}
[7.237390] (-) TimerEvent: {}
[7.337861] (-) TimerEvent: {}
[7.438336] (-) TimerEvent: {}
[7.538796] (-) TimerEvent: {}
[7.639257] (-) TimerEvent: {}
[7.739722] (-) TimerEvent: {}
[7.840181] (-) TimerEvent: {}
[7.940646] (-) TimerEvent: {}
[8.041102] (-) TimerEvent: {}
[8.141562] (-) TimerEvent: {}
[8.225524] (racing_stage2_param_test) StdoutLine: {'line': b'running egg_info\n'}
[8.226636] (racing_stage2_param_test) StdoutLine: {'line': b'writing racing_stage2_param_test.egg-info/PKG-INFO\n'}
[8.227833] (racing_stage2_param_test) StdoutLine: {'line': b'writing dependency_links to racing_stage2_param_test.egg-info/dependency_links.txt\n'}
[8.228893] (racing_stage2_param_test) StdoutLine: {'line': b'writing entry points to racing_stage2_param_test.egg-info/entry_points.txt\n'}
[8.230118] (racing_stage2_param_test) StdoutLine: {'line': b'writing requirements to racing_stage2_param_test.egg-info/requires.txt\n'}
[8.230675] (racing_stage2_param_test) StdoutLine: {'line': b'writing top-level names to racing_stage2_param_test.egg-info/top_level.txt\n'}
[8.241118] (racing_stage2_param_test) StdoutLine: {'line': b"reading manifest file 'racing_stage2_param_test.egg-info/SOURCES.txt'\n"}
[8.241807] (-) TimerEvent: {}
[8.246273] (racing_stage2_param_test) StdoutLine: {'line': b"writing manifest file 'racing_stage2_param_test.egg-info/SOURCES.txt'\n"}
[8.257402] (racing_stage2_param_test) StdoutLine: {'line': b'running build_ext\n'}
[8.258648] (racing_stage2_param_test) StdoutLine: {'line': b'Creating /home/sunrise/dev_ws/install/racing_stage2_param_test/lib/python3.10/site-packages/racing-stage2-param-test.egg-link (link to .)\n'}
[8.263140] (racing_stage2_param_test) StdoutLine: {'line': b'Installing avoidance_straight_tester script to /home/sunrise/dev_ws/install/racing_stage2_param_test/lib/racing_stage2_param_test\n'}
[8.264110] (racing_stage2_param_test) StdoutLine: {'line': b'Installing camera_video_recorder script to /home/sunrise/dev_ws/install/racing_stage2_param_test/lib/racing_stage2_param_test\n'}
[8.265007] (racing_stage2_param_test) StdoutLine: {'line': b'Installing direct_inertial_tester script to /home/sunrise/dev_ws/install/racing_stage2_param_test/lib/racing_stage2_param_test\n'}
[8.265879] (racing_stage2_param_test) StdoutLine: {'line': b'Installing twist_cmd_relay script to /home/sunrise/dev_ws/install/racing_stage2_param_test/lib/racing_stage2_param_test\n'}
[8.266969] (racing_stage2_param_test) StdoutLine: {'line': b'\n'}
[8.267475] (racing_stage2_param_test) StdoutLine: {'line': b'Installed /home/sunrise/dev_ws/build/racing_stage2_param_test\n'}
[8.267944] (racing_stage2_param_test) StdoutLine: {'line': b'running symlink_data\n'}
[8.342075] (-) TimerEvent: {}
[8.442639] (-) TimerEvent: {}
[8.511929] (racing_stage2_param_test) CommandEnded: {'returncode': 0}
[8.543004] (-) TimerEvent: {}
[8.644088] (racing_stage2_param_test) JobEnded: {'identifier': 'racing_stage2_param_test', 'rc': 0}
[8.648307] (-) TimerEvent: {}
[8.648600] (-) EventReactorShutdown: {}
