[0.000000] (-) TimerEvent: {}
[0.000424] (-) JobUnselected: {'identifier': 'ackermann_msgs'}
[0.000997] (-) JobUnselected: {'identifier': 'bno055'}
[0.002023] (-) JobUnselected: {'identifier': 'line_follower_pkg'}
[0.002735] (-) JobUnselected: {'identifier': 'lslidar_driver'}
[0.003452] (-) JobUnselected: {'identifier': 'lslidar_msgs'}
[0.003739] (-) JobUnselected: {'identifier': 'origincar_base'}
[0.003946] (-) JobUnselected: {'identifier': 'origincar_bringup'}
[0.004142] (-) JobUnselected: {'identifier': 'origincar_description'}
[0.004332] (-) JobUnselected: {'identifier': 'origincar_msg'}
[0.004520] (-) JobUnselected: {'identifier': 'qr_scanner'}
[0.004710] (-) JobUnselected: {'identifier': 'racing_bringup'}
[0.004928] (-) JobUnselected: {'identifier': 'racing_stage1'}
[0.005081] (-) JobUnselected: {'identifier': 'racing_stage2'}
[0.005194] (-) JobUnselected: {'identifier': 'racing_stage3'}
[0.005308] (-) JobUnselected: {'identifier': 'racing_stage3_param_test'}
[0.005421] (-) JobUnselected: {'identifier': 'racing_vision_ai'}
[0.005533] (-) JobUnselected: {'identifier': 'serial'}
[0.005646] (-) JobUnselected: {'identifier': 'simple_avoidance'}
[0.005821] (-) JobUnselected: {'identifier': 'utils'}
[0.005979] (-) JobUnselected: {'identifier': 'voice_driver'}
[0.006138] (racing_stage2_param_test) JobQueued: {'identifier': 'racing_stage2_param_test', 'dependencies': OrderedDict([('ackermann_msgs', '/home/sunrise/dev_ws/install/ackermann_msgs'), ('bno055', '/home/sunrise/dev_ws/install/bno055'), ('lslidar_msgs', '/home/sunrise/dev_ws/install/lslidar_msgs'), ('origincar_bringup', '/home/sunrise/dev_ws/install/origincar_bringup'), ('origincar_description', '/home/sunrise/dev_ws/install/origincar_description'), ('origincar_msg', '/home/sunrise/dev_ws/install/origincar_msg'), ('qr_scanner', '/home/sunrise/dev_ws/install/qr_scanner'), ('serial', '/home/sunrise/dev_ws/install/serial'), ('lslidar_driver', '/home/sunrise/dev_ws/install/lslidar_driver'), ('origincar_base', '/home/sunrise/dev_ws/install/origincar_base'), ('racing_stage1', '/home/sunrise/dev_ws/install/racing_stage1'), ('racing_stage2', '/home/sunrise/dev_ws/install/racing_stage2')])}
[0.006596] (racing_stage2_param_test) JobStarted: {'identifier': 'racing_stage2_param_test'}
[0.098731] (-) TimerEvent: {}
[0.199277] (-) TimerEvent: {}
[0.299735] (-) TimerEvent: {}
[0.400199] (-) TimerEvent: {}
[0.500682] (-) TimerEvent: {}
[0.601187] (-) TimerEvent: {}
[0.701635] (-) TimerEvent: {}
[0.802084] (-) TimerEvent: {}
[0.902537] (-) TimerEvent: {}
[1.002999] (-) TimerEvent: {}
[1.103470] (-) TimerEvent: {}
[1.203970] (-) TimerEvent: {}
[1.304432] (-) TimerEvent: {}
[1.404876] (-) TimerEvent: {}
[1.505325] (-) TimerEvent: {}
[1.605778] (-) TimerEvent: {}
[1.706275] (-) TimerEvent: {}
[1.806818] (-) TimerEvent: {}
[1.907357] (-) TimerEvent: {}
[2.007871] (-) TimerEvent: {}
[2.108366] (-) TimerEvent: {}
[2.208905] (-) TimerEvent: {}
[2.309418] (-) TimerEvent: {}
[2.409901] (-) TimerEvent: {}
[2.510382] (-) TimerEvent: {}
[2.610852] (-) TimerEvent: {}
[2.711311] (-) TimerEvent: {}
[2.811789] (-) TimerEvent: {}
[2.912275] (-) TimerEvent: {}
[3.012742] (-) TimerEvent: {}
[3.113212] (-) TimerEvent: {}
[3.213699] (-) TimerEvent: {}
[3.314168] (-) TimerEvent: {}
[3.414642] (-) TimerEvent: {}
[3.515113] (-) TimerEvent: {}
[3.615635] (-) TimerEvent: {}
[3.716156] (-) TimerEvent: {}
[3.816701] (-) TimerEvent: {}
[3.917226] (-) TimerEvent: {}
[4.017682] (-) TimerEvent: {}
[4.118145] (-) TimerEvent: {}
[4.218638] (-) TimerEvent: {}
[4.319176] (-) TimerEvent: {}
[4.419727] (-) TimerEvent: {}
[4.449743] (racing_stage2_param_test) Command: {'cmd': ['/usr/bin/python3', '-W', 'ignore:setup.py install is deprecated', '-W', 'ignore:easy_install command is deprecated', 'setup.py', 'develop', '--editable', '--build-directory', '/home/sunrise/dev_ws/build/racing_stage2_param_test/build', '--no-deps', 'symlink_data'], 'cwd': '/home/sunrise/dev_ws/build/racing_stage2_param_test', 'env': {'LANGUAGE': 'en_US.UTF-8', 'USER': 'sunrise', 'SSH_CLIENT': '10.147.109.1 9641 22', 'XDG_SESSION_TYPE': 'tty', 'SHLVL': '0', 'LD_LIBRARY_PATH': '/home/sunrise/dev_ws/install/origincar_base/lib:/home/sunrise/dev_ws/install/serial/lib:/home/sunrise/dev_ws/install/origincar_msg/lib:/home/sunrise/dev_ws/install/lslidar_msgs/lib:/home/sunrise/dev_ws/install/ackermann_msgs/lib:/opt/ros/humble/opt/rviz_ogre_vendor/lib:/opt/ros/humble/lib/aarch64-linux-gnu:/opt/ros/humble/lib', 'MOTD_SHOWN': 'pam', 'HOME': '/home/sunrise', 'OLDPWD': '/home/sunrise', 'ROS_PYTHON_VERSION': '3', 'DBUS_SESSION_BUS_ADDRESS': 'unix:path=/run/user/1000/bus', 'ROS_DISTRO': 'humble', 'LOGNAME': 'sunrise', '_': '/usr/bin/colcon', 'ROS_VERSION': '2', 'XDG_SESSION_CLASS': 'user', 'XDG_SESSION_ID': '40', 'ROS_LOCALHOST_ONLY': '0', 'PATH': '/opt/ros/humble/bin:/usr/local/sbin:/usr/local/bin:/usr/sbin:/usr/bin:/sbin:/bin:/usr/games:/usr/local/games:/snap/bin', 'XDG_RUNTIME_DIR': '/run/user/1000', 'LANG': 'en_US.UTF-8', 'AMENT_PREFIX_PATH': '/home/sunrise/dev_ws/install/racing_stage2:/home/sunrise/dev_ws/install/racing_stage1:/home/sunrise/dev_ws/install/origincar_base:/home/sunrise/dev_ws/install/lslidar_driver:/home/sunrise/dev_ws/install/serial:/home/sunrise/dev_ws/install/qr_scanner:/home/sunrise/dev_ws/install/origincar_msg:/home/sunrise/dev_ws/install/origincar_description:/home/sunrise/dev_ws/install/origincar_bringup:/home/sunrise/dev_ws/install/lslidar_msgs:/home/sunrise/dev_ws/install/bno055:/home/sunrise/dev_ws/install/ackermann_msgs:/opt/ros/humble', 'SHELL': '/bin/bash', 'PWD': '/home/sunrise/dev_ws/build/racing_stage2_param_test', 'SSH_CONNECTION': '10.147.109.1 9641 10.147.109.8 22', 'PYTHONPATH': '/home/sunrise/dev_ws/build/racing_stage2_param_test/prefix_override:/usr/lib/python3/dist-packages/colcon_core/task/python/colcon_distutils_commands:/home/sunrise/dev_ws/install/racing_stage2_param_test/lib/python3.10/site-packages:/home/sunrise/dev_ws/build/racing_stage2:/home/sunrise/dev_ws/install/racing_stage2/lib/python3.10/site-packages:/home/sunrise/dev_ws/build/racing_stage1:/home/sunrise/dev_ws/install/racing_stage1/lib/python3.10/site-packages:/home/sunrise/dev_ws/install/origincar_base/local/lib/python3.10/dist-packages:/home/sunrise/dev_ws/build/qr_scanner:/home/sunrise/dev_ws/install/qr_scanner/lib/python3.10/site-packages:/home/sunrise/dev_ws/install/origincar_msg/local/lib/python3.10/dist-packages:/home/sunrise/dev_ws/install/lslidar_msgs/local/lib/python3.10/dist-packages:/home/sunrise/dev_ws/build/bno055:/home/sunrise/dev_ws/install/bno055/lib/python3.10/site-packages:/home/sunrise/dev_ws/install/ackermann_msgs/local/lib/python3.10/dist-packages:/opt/ros/humble/lib/python3.10/site-packages:/opt/ros/humble/local/lib/python3.10/dist-packages', 'COLCON': '1', 'CMAKE_PREFIX_PATH': '/home/sunrise/dev_ws/install/origincar_base:/home/sunrise/dev_ws/install/lslidar_driver:/home/sunrise/dev_ws/install/serial:/home/sunrise/dev_ws/install/origincar_msg:/home/sunrise/dev_ws/install/origincar_description:/home/sunrise/dev_ws/install/origincar_bringup:/home/sunrise/dev_ws/install/lslidar_msgs:/home/sunrise/dev_ws/install/ackermann_msgs'}, 'shell': False}
[4.519930] (-) TimerEvent: {}
[4.620431] (-) TimerEvent: {}
[4.720873] (-) TimerEvent: {}
[4.821338] (-) TimerEvent: {}
[4.921823] (-) TimerEvent: {}
[5.022272] (-) TimerEvent: {}
[5.122713] (-) TimerEvent: {}
[5.223175] (-) TimerEvent: {}
[5.323683] (-) TimerEvent: {}
[5.424137] (-) TimerEvent: {}
[5.524603] (-) TimerEvent: {}
[5.625070] (-) TimerEvent: {}
[5.725558] (-) TimerEvent: {}
[5.826060] (-) TimerEvent: {}
[5.926554] (-) TimerEvent: {}
[6.027041] (-) TimerEvent: {}
[6.127536] (-) TimerEvent: {}
[6.153401] (racing_stage2_param_test) StdoutLine: {'line': b'running develop\n'}
[6.227678] (-) TimerEvent: {}
[6.328061] (-) TimerEvent: {}
[6.428439] (-) TimerEvent: {}
[6.528890] (-) TimerEvent: {}
[6.629355] (-) TimerEvent: {}
[6.729828] (-) TimerEvent: {}
[6.830299] (-) TimerEvent: {}
[6.930771] (-) TimerEvent: {}
[7.031241] (-) TimerEvent: {}
[7.131719] (-) TimerEvent: {}
[7.232205] (-) TimerEvent: {}
[7.260330] (racing_stage2_param_test) StdoutLine: {'line': b'running egg_info\n'}
[7.261597] (racing_stage2_param_test) StdoutLine: {'line': b'writing racing_stage2_param_test.egg-info/PKG-INFO\n'}
[7.262938] (racing_stage2_param_test) StdoutLine: {'line': b'writing dependency_links to racing_stage2_param_test.egg-info/dependency_links.txt\n'}
[7.264213] (racing_stage2_param_test) StdoutLine: {'line': b'writing entry points to racing_stage2_param_test.egg-info/entry_points.txt\n'}
[7.265141] (racing_stage2_param_test) StdoutLine: {'line': b'writing requirements to racing_stage2_param_test.egg-info/requires.txt\n'}
[7.265984] (racing_stage2_param_test) StdoutLine: {'line': b'writing top-level names to racing_stage2_param_test.egg-info/top_level.txt\n'}
[7.277345] (racing_stage2_param_test) StdoutLine: {'line': b"reading manifest file 'racing_stage2_param_test.egg-info/SOURCES.txt'\n"}
[7.284007] (racing_stage2_param_test) StdoutLine: {'line': b"writing manifest file 'racing_stage2_param_test.egg-info/SOURCES.txt'\n"}
[7.293151] (racing_stage2_param_test) StdoutLine: {'line': b'running build_ext\n'}
[7.294420] (racing_stage2_param_test) StdoutLine: {'line': b'Creating /home/sunrise/dev_ws/install/racing_stage2_param_test/lib/python3.10/site-packages/racing-stage2-param-test.egg-link (link to .)\n'}
[7.299072] (racing_stage2_param_test) StdoutLine: {'line': b'Installing avoidance_straight_tester script to /home/sunrise/dev_ws/install/racing_stage2_param_test/lib/racing_stage2_param_test\n'}
[7.300042] (racing_stage2_param_test) StdoutLine: {'line': b'Installing camera_video_recorder script to /home/sunrise/dev_ws/install/racing_stage2_param_test/lib/racing_stage2_param_test\n'}
[7.300865] (racing_stage2_param_test) StdoutLine: {'line': b'Installing data_recorder script to /home/sunrise/dev_ws/install/racing_stage2_param_test/lib/racing_stage2_param_test\n'}
[7.301931] (racing_stage2_param_test) StdoutLine: {'line': b'Installing direct_inertial_tester script to /home/sunrise/dev_ws/install/racing_stage2_param_test/lib/racing_stage2_param_test\n'}
[7.302792] (racing_stage2_param_test) StdoutLine: {'line': b'Installing twist_cmd_relay script to /home/sunrise/dev_ws/install/racing_stage2_param_test/lib/racing_stage2_param_test\n'}
[7.303310] (racing_stage2_param_test) StdoutLine: {'line': b'Installing vision_inertial_tester script to /home/sunrise/dev_ws/install/racing_stage2_param_test/lib/racing_stage2_param_test\n'}
[7.304411] (racing_stage2_param_test) StdoutLine: {'line': b'\n'}
[7.304904] (racing_stage2_param_test) StdoutLine: {'line': b'Installed /home/sunrise/dev_ws/build/racing_stage2_param_test\n'}
[7.305401] (racing_stage2_param_test) StdoutLine: {'line': b'running symlink_data\n'}
[7.306141] (racing_stage2_param_test) StdoutLine: {'line': b'symbolically linking /home/sunrise/dev_ws/build/racing_stage2_param_test/launch/vision_inertial_test.launch.py.bak -> /home/sunrise/dev_ws/install/racing_stage2_param_test/share/racing_stage2_param_test/launch\n'}
[7.332398] (-) TimerEvent: {}
[7.432915] (-) TimerEvent: {}
[7.533453] (-) TimerEvent: {}
[7.549950] (racing_stage2_param_test) CommandEnded: {'returncode': 0}
[7.636377] (-) TimerEvent: {}
[7.662649] (racing_stage2_param_test) JobEnded: {'identifier': 'racing_stage2_param_test', 'rc': 0}
[7.665617] (-) EventReactorShutdown: {}
