[0.000000] (-) TimerEvent: {}
[0.000431] (-) JobUnselected: {'identifier': 'ackermann_msgs'}
[0.001008] (-) JobUnselected: {'identifier': 'bno055'}
[0.002020] (-) JobUnselected: {'identifier': 'line_follower_pkg'}
[0.002794] (-) JobUnselected: {'identifier': 'lslidar_driver'}
[0.003538] (-) JobUnselected: {'identifier': 'lslidar_msgs'}
[0.003770] (-) JobUnselected: {'identifier': 'origincar_base'}
[0.003967] (-) JobUnselected: {'identifier': 'origincar_bringup'}
[0.004160] (-) JobUnselected: {'identifier': 'origincar_description'}
[0.004347] (-) JobUnselected: {'identifier': 'origincar_msg'}
[0.004534] (-) JobUnselected: {'identifier': 'qr_scanner'}
[0.004721] (-) JobUnselected: {'identifier': 'racing_bringup'}
[0.004936] (-) JobUnselected: {'identifier': 'racing_stage1'}
[0.005196] (-) JobUnselected: {'identifier': 'racing_stage2'}
[0.005550] (-) JobUnselected: {'identifier': 'racing_stage3'}
[0.005726] (-) JobUnselected: {'identifier': 'racing_stage3_param_test'}
[0.005904] (-) JobUnselected: {'identifier': 'racing_vision_ai'}
[0.006049] (-) JobUnselected: {'identifier': 'serial'}
[0.006385] (-) JobUnselected: {'identifier': 'simple_avoidance'}
[0.006612] (-) JobUnselected: {'identifier': 'utils'}
[0.006755] (-) JobUnselected: {'identifier': 'voice_driver'}
[0.006885] (racing_stage2_param_test) JobQueued: {'identifier': 'racing_stage2_param_test', 'dependencies': OrderedDict([('ackermann_msgs', '/home/sunrise/dev_ws/install/ackermann_msgs'), ('bno055', '/home/sunrise/dev_ws/install/bno055'), ('lslidar_msgs', '/home/sunrise/dev_ws/install/lslidar_msgs'), ('origincar_bringup', '/home/sunrise/dev_ws/install/origincar_bringup'), ('origincar_description', '/home/sunrise/dev_ws/install/origincar_description'), ('origincar_msg', '/home/sunrise/dev_ws/install/origincar_msg'), ('qr_scanner', '/home/sunrise/dev_ws/install/qr_scanner'), ('serial', '/home/sunrise/dev_ws/install/serial'), ('lslidar_driver', '/home/sunrise/dev_ws/install/lslidar_driver'), ('origincar_base', '/home/sunrise/dev_ws/install/origincar_base'), ('racing_stage1', '/home/sunrise/dev_ws/install/racing_stage1'), ('racing_stage2', '/home/sunrise/dev_ws/install/racing_stage2')])}
[0.007093] (racing_stage2_param_test) JobStarted: {'identifier': 'racing_stage2_param_test'}
[0.098718] (-) TimerEvent: {}
[0.199203] (-) TimerEvent: {}
[0.299638] (-) TimerEvent: {}
[0.400067] (-) TimerEvent: {}
[0.500508] (-) TimerEvent: {}
[0.600947] (-) TimerEvent: {}
[0.701400] (-) TimerEvent: {}
[0.801845] (-) TimerEvent: {}
[0.902319] (-) TimerEvent: {}
[1.002748] (-) TimerEvent: {}
[1.103180] (-) TimerEvent: {}
[1.203608] (-) TimerEvent: {}
[1.304047] (-) TimerEvent: {}
[1.404481] (-) TimerEvent: {}
[1.504923] (-) TimerEvent: {}
[1.605362] (-) TimerEvent: {}
[1.705842] (-) TimerEvent: {}
[1.806351] (-) TimerEvent: {}
[1.906887] (-) TimerEvent: {}
[2.007380] (-) TimerEvent: {}
[2.107844] (-) TimerEvent: {}
[2.208273] (-) TimerEvent: {}
[2.308735] (-) TimerEvent: {}
[2.409201] (-) TimerEvent: {}
[2.509659] (-) TimerEvent: {}
[2.610113] (-) TimerEvent: {}
[2.710552] (-) TimerEvent: {}
[2.811012] (-) TimerEvent: {}
[2.911476] (-) TimerEvent: {}
[3.011908] (-) TimerEvent: {}
[3.112376] (-) TimerEvent: {}
[3.212805] (-) TimerEvent: {}
[3.313234] (-) TimerEvent: {}
[3.413660] (-) TimerEvent: {}
[3.514106] (-) TimerEvent: {}
[3.614537] (-) TimerEvent: {}
[3.714969] (-) TimerEvent: {}
[3.815444] (-) TimerEvent: {}
[3.915888] (-) TimerEvent: {}
[4.016314] (-) TimerEvent: {}
[4.116804] (-) TimerEvent: {}
[4.217349] (-) TimerEvent: {}
[4.317893] (-) TimerEvent: {}
[4.346877] (racing_stage2_param_test) Command: {'cmd': ['/usr/bin/python3', '-W', 'ignore:setup.py install is deprecated', '-W', 'ignore:easy_install command is deprecated', 'setup.py', 'develop', '--editable', '--build-directory', '/home/sunrise/dev_ws/build/racing_stage2_param_test/build', '--no-deps', 'symlink_data'], 'cwd': '/home/sunrise/dev_ws/build/racing_stage2_param_test', 'env': {'LANGUAGE': 'en_US.UTF-8', 'USER': 'sunrise', 'SSH_CLIENT': '10.147.109.1 15721 22', 'XDG_SESSION_TYPE': 'tty', 'SHLVL': '0', 'LD_LIBRARY_PATH': '/home/sunrise/dev_ws/install/origincar_base/lib:/home/sunrise/dev_ws/install/serial/lib:/home/sunrise/dev_ws/install/origincar_msg/lib:/home/sunrise/dev_ws/install/lslidar_msgs/lib:/home/sunrise/dev_ws/install/ackermann_msgs/lib:/opt/ros/humble/opt/rviz_ogre_vendor/lib:/opt/ros/humble/lib/aarch64-linux-gnu:/opt/ros/humble/lib', 'MOTD_SHOWN': 'pam', 'HOME': '/home/sunrise', 'OLDPWD': '/home/sunrise', 'ROS_PYTHON_VERSION': '3', 'DBUS_SESSION_BUS_ADDRESS': 'unix:path=/run/user/1000/bus', 'ROS_DISTRO': 'humble', 'LOGNAME': 'sunrise', '_': '/usr/bin/colcon', 'ROS_VERSION': '2', 'XDG_SESSION_CLASS': 'user', 'XDG_SESSION_ID': '66', 'ROS_LOCALHOST_ONLY': '0', 'PATH': '/opt/ros/humble/bin:/usr/local/sbin:/usr/local/bin:/usr/sbin:/usr/bin:/sbin:/bin:/usr/games:/usr/local/games:/snap/bin', 'XDG_RUNTIME_DIR': '/run/user/1000', 'LANG': 'en_US.UTF-8', 'AMENT_PREFIX_PATH': '/home/sunrise/dev_ws/install/racing_stage2:/home/sunrise/dev_ws/install/racing_stage1:/home/sunrise/dev_ws/install/origincar_base:/home/sunrise/dev_ws/install/lslidar_driver:/home/sunrise/dev_ws/install/serial:/home/sunrise/dev_ws/install/qr_scanner:/home/sunrise/dev_ws/install/origincar_msg:/home/sunrise/dev_ws/install/origincar_description:/home/sunrise/dev_ws/install/origincar_bringup:/home/sunrise/dev_ws/install/lslidar_msgs:/home/sunrise/dev_ws/install/bno055:/home/sunrise/dev_ws/install/ackermann_msgs:/opt/ros/humble', 'SHELL': '/bin/bash', 'PWD': '/home/sunrise/dev_ws/build/racing_stage2_param_test', 'SSH_CONNECTION': '10.147.109.1 15721 10.147.109.8 22', 'PYTHONPATH': '/home/sunrise/dev_ws/build/racing_stage2_param_test/prefix_override:/usr/lib/python3/dist-packages/colcon_core/task/python/colcon_distutils_commands:/home/sunrise/dev_ws/install/racing_stage2_param_test/lib/python3.10/site-packages:/home/sunrise/dev_ws/build/racing_stage2:/home/sunrise/dev_ws/install/racing_stage2/lib/python3.10/site-packages:/home/sunrise/dev_ws/build/racing_stage1:/home/sunrise/dev_ws/install/racing_stage1/lib/python3.10/site-packages:/home/sunrise/dev_ws/install/origincar_base/local/lib/python3.10/dist-packages:/home/sunrise/dev_ws/build/qr_scanner:/home/sunrise/dev_ws/install/qr_scanner/lib/python3.10/site-packages:/home/sunrise/dev_ws/install/origincar_msg/local/lib/python3.10/dist-packages:/home/sunrise/dev_ws/install/lslidar_msgs/local/lib/python3.10/dist-packages:/home/sunrise/dev_ws/build/bno055:/home/sunrise/dev_ws/install/bno055/lib/python3.10/site-packages:/home/sunrise/dev_ws/install/ackermann_msgs/local/lib/python3.10/dist-packages:/opt/ros/humble/lib/python3.10/site-packages:/opt/ros/humble/local/lib/python3.10/dist-packages', 'COLCON': '1', 'CMAKE_PREFIX_PATH': '/home/sunrise/dev_ws/install/origincar_base:/home/sunrise/dev_ws/install/lslidar_driver:/home/sunrise/dev_ws/install/serial:/home/sunrise/dev_ws/install/origincar_msg:/home/sunrise/dev_ws/install/origincar_description:/home/sunrise/dev_ws/install/origincar_bringup:/home/sunrise/dev_ws/install/lslidar_msgs:/home/sunrise/dev_ws/install/ackermann_msgs'}, 'shell': False}
[4.418109] (-) TimerEvent: {}
[4.518597] (-) TimerEvent: {}
[4.619015] (-) TimerEvent: {}
[4.719475] (-) TimerEvent: {}
[4.819913] (-) TimerEvent: {}
[4.920339] (-) TimerEvent: {}
[5.020754] (-) TimerEvent: {}
[5.121199] (-) TimerEvent: {}
[5.221633] (-) TimerEvent: {}
[5.322078] (-) TimerEvent: {}
[5.422481] (-) TimerEvent: {}
[5.522921] (-) TimerEvent: {}
[5.623378] (-) TimerEvent: {}
[5.723836] (-) TimerEvent: {}
[5.824291] (-) TimerEvent: {}
[5.924725] (-) TimerEvent: {}
[6.025159] (-) TimerEvent: {}
[6.088557] (racing_stage2_param_test) StdoutLine: {'line': b'running develop\n'}
[6.125354] (-) TimerEvent: {}
[6.225823] (-) TimerEvent: {}
[6.326272] (-) TimerEvent: {}
[6.426716] (-) TimerEvent: {}
[6.527210] (-) TimerEvent: {}
[6.627684] (-) TimerEvent: {}
[6.728154] (-) TimerEvent: {}
[6.828628] (-) TimerEvent: {}
[6.929095] (-) TimerEvent: {}
[7.029537] (-) TimerEvent: {}
[7.129982] (-) TimerEvent: {}
[7.220235] (racing_stage2_param_test) StdoutLine: {'line': b'running egg_info\n'}
[7.221425] (racing_stage2_param_test) StdoutLine: {'line': b'writing racing_stage2_param_test.egg-info/PKG-INFO\n'}
[7.222710] (racing_stage2_param_test) StdoutLine: {'line': b'writing dependency_links to racing_stage2_param_test.egg-info/dependency_links.txt\n'}
[7.223946] (racing_stage2_param_test) StdoutLine: {'line': b'writing entry points to racing_stage2_param_test.egg-info/entry_points.txt\n'}
[7.224782] (racing_stage2_param_test) StdoutLine: {'line': b'writing requirements to racing_stage2_param_test.egg-info/requires.txt\n'}
[7.225607] (racing_stage2_param_test) StdoutLine: {'line': b'writing top-level names to racing_stage2_param_test.egg-info/top_level.txt\n'}
[7.230080] (-) TimerEvent: {}
[7.236967] (racing_stage2_param_test) StdoutLine: {'line': b"reading manifest file 'racing_stage2_param_test.egg-info/SOURCES.txt'\n"}
[7.242745] (racing_stage2_param_test) StdoutLine: {'line': b"writing manifest file 'racing_stage2_param_test.egg-info/SOURCES.txt'\n"}
[7.252083] (racing_stage2_param_test) StdoutLine: {'line': b'running build_ext\n'}
[7.253499] (racing_stage2_param_test) StdoutLine: {'line': b'Creating /home/sunrise/dev_ws/install/racing_stage2_param_test/lib/python3.10/site-packages/racing-stage2-param-test.egg-link (link to .)\n'}
[7.258868] (racing_stage2_param_test) StdoutLine: {'line': b'Installing avoidance_straight_tester script to /home/sunrise/dev_ws/install/racing_stage2_param_test/lib/racing_stage2_param_test\n'}
[7.259987] (racing_stage2_param_test) StdoutLine: {'line': b'Installing camera_video_recorder script to /home/sunrise/dev_ws/install/racing_stage2_param_test/lib/racing_stage2_param_test\n'}
[7.260913] (racing_stage2_param_test) StdoutLine: {'line': b'Installing data_recorder script to /home/sunrise/dev_ws/install/racing_stage2_param_test/lib/racing_stage2_param_test\n'}
[7.262094] (racing_stage2_param_test) StdoutLine: {'line': b'Installing direct_inertial_tester script to /home/sunrise/dev_ws/install/racing_stage2_param_test/lib/racing_stage2_param_test\n'}
[7.262977] (racing_stage2_param_test) StdoutLine: {'line': b'Installing lane_follow script to /home/sunrise/dev_ws/install/racing_stage2_param_test/lib/racing_stage2_param_test\n'}
[7.263806] (racing_stage2_param_test) StdoutLine: {'line': b'Installing twist_cmd_relay script to /home/sunrise/dev_ws/install/racing_stage2_param_test/lib/racing_stage2_param_test\n'}
[7.264336] (racing_stage2_param_test) StdoutLine: {'line': b'Installing vision_inertial_tester script to /home/sunrise/dev_ws/install/racing_stage2_param_test/lib/racing_stage2_param_test\n'}
[7.265485] (racing_stage2_param_test) StdoutLine: {'line': b'\n'}
[7.265984] (racing_stage2_param_test) StdoutLine: {'line': b'Installed /home/sunrise/dev_ws/build/racing_stage2_param_test\n'}
[7.266457] (racing_stage2_param_test) StdoutLine: {'line': b'running symlink_data\n'}
[7.267234] (racing_stage2_param_test) StdoutLine: {'line': b'symbolically linking /home/sunrise/dev_ws/build/racing_stage2_param_test/launch/record.launch.py -> /home/sunrise/dev_ws/install/racing_stage2_param_test/share/racing_stage2_param_test/launch\n'}
[7.330351] (-) TimerEvent: {}
[7.430914] (-) TimerEvent: {}
[7.512989] (racing_stage2_param_test) CommandEnded: {'returncode': 0}
[7.531676] (-) TimerEvent: {}
[7.616958] (racing_stage2_param_test) JobEnded: {'identifier': 'racing_stage2_param_test', 'rc': 0}
[7.619517] (-) EventReactorShutdown: {}
