[0.302s] Invoking command in '/home/sunrise/dev_ws/build/origincar_bringup': CMAKE_PREFIX_PATH=${CMAKE_PREFIX_PATH}:/home/sunrise/dev_ws/install/racing_stage2:/home/sunrise/dev_ws/install/racing_stage1:/home/sunrise/dev_ws/install/qr_scanner:/home/sunrise/dev_ws/install/bno055:/opt/tros/humble:/opt/ros/humble /usr/bin/cmake /home/sunrise/dev_ws/src/origincar/origincar_bringup -DAMENT_CMAKE_SYMLINK_INSTALL=1 -DCMAKE_INSTALL_PREFIX=/home/sunrise/dev_ws/install/origincar_bringup
[4.837s] -- The C compiler identification is GNU 11.2.0
[4.837s] -- The CXX compiler identification is GNU 11.2.0
[4.838s] -- Detecting C compiler ABI info
[4.839s] -- Detecting C compiler ABI info - done
[4.839s] -- Check for working C compiler: /usr/bin/cc - skipped
[4.840s] -- Detecting C compile features
[4.841s] -- Detecting C compile features - done
[4.841s] -- Detecting CXX compiler ABI info
[4.842s] -- Detecting CXX compiler ABI info - done
[4.842s] -- Check for working CXX compiler: /usr/bin/c++ - skipped
[4.843s] -- Detecting CXX compile features
[4.844s] -- Detecting CXX compile features - done
[4.844s] -- Found ament_cmake: 1.3.14 (/opt/ros/humble/share/ament_cmake/cmake)
[4.845s] -- Found Python3: /usr/bin/python3 (found version "3.10.12") found components: Interpreter 
[4.846s] -- Override CMake install command with custom implementation using symlinks instead of copying resources
[4.846s] -- Found ament_lint_auto: 0.12.15 (/opt/ros/humble/share/ament_lint_auto/cmake)
[5.218s] -- Added test 'copyright' to check source files copyright and LICENSE
[5.232s] -- Added test 'flake8' to check Python code syntax and style conventions
[5.237s] -- Added test 'lint_cmake' to check CMake code style
[5.242s] -- Added test 'pep257' to check Python code against some of the docstring style conventions in PEP 257
[5.252s] -- Added test 'xmllint' to check XML markup files
[5.268s] -- Configuring done
[5.289s] -- Generating done
[5.304s] -- Build files have been written to: /home/sunrise/dev_ws/build/origincar_bringup
[5.348s] Invoked command in '/home/sunrise/dev_ws/build/origincar_bringup' returned '0': CMAKE_PREFIX_PATH=${CMAKE_PREFIX_PATH}:/home/sunrise/dev_ws/install/racing_stage2:/home/sunrise/dev_ws/install/racing_stage1:/home/sunrise/dev_ws/install/qr_scanner:/home/sunrise/dev_ws/install/bno055:/opt/tros/humble:/opt/ros/humble /usr/bin/cmake /home/sunrise/dev_ws/src/origincar/origincar_bringup -DAMENT_CMAKE_SYMLINK_INSTALL=1 -DCMAKE_INSTALL_PREFIX=/home/sunrise/dev_ws/install/origincar_bringup
[5.351s] Invoking command in '/home/sunrise/dev_ws/build/origincar_bringup': CMAKE_PREFIX_PATH=${CMAKE_PREFIX_PATH}:/home/sunrise/dev_ws/install/racing_stage2:/home/sunrise/dev_ws/install/racing_stage1:/home/sunrise/dev_ws/install/qr_scanner:/home/sunrise/dev_ws/install/bno055:/opt/tros/humble:/opt/ros/humble /usr/bin/cmake --build /home/sunrise/dev_ws/build/origincar_bringup -- -j8 -l8
[5.579s] Invoked command in '/home/sunrise/dev_ws/build/origincar_bringup' returned '0': CMAKE_PREFIX_PATH=${CMAKE_PREFIX_PATH}:/home/sunrise/dev_ws/install/racing_stage2:/home/sunrise/dev_ws/install/racing_stage1:/home/sunrise/dev_ws/install/qr_scanner:/home/sunrise/dev_ws/install/bno055:/opt/tros/humble:/opt/ros/humble /usr/bin/cmake --build /home/sunrise/dev_ws/build/origincar_bringup -- -j8 -l8
[5.654s] Invoking command in '/home/sunrise/dev_ws/build/origincar_bringup': CMAKE_PREFIX_PATH=${CMAKE_PREFIX_PATH}:/home/sunrise/dev_ws/install/racing_stage2:/home/sunrise/dev_ws/install/racing_stage1:/home/sunrise/dev_ws/install/qr_scanner:/home/sunrise/dev_ws/install/bno055:/opt/tros/humble:/opt/ros/humble /usr/bin/cmake --install /home/sunrise/dev_ws/build/origincar_bringup
[5.694s] -- Install configuration: ""
[5.695s] -- Installing: /home/sunrise/dev_ws/install/origincar_bringup/share/origincar_bringup/launch
[5.697s] -- Installing: /home/sunrise/dev_ws/install/origincar_bringup/share/origincar_bringup/launch/map_overlay.launch.py
[5.699s] -- Installing: /home/sunrise/dev_ws/install/origincar_bringup/share/origincar_bringup/launch/origincar_bringup.launch.py
[5.701s] -- Installing: /home/sunrise/dev_ws/install/origincar_bringup/share/origincar_bringup/launch/usb_websocket_display.launch.py
[5.702s] -- Installing: /home/sunrise/dev_ws/install/origincar_bringup/share/origincar_bringup/launch/bringup_launch.py
[5.703s] -- Installing: /home/sunrise/dev_ws/install/origincar_bringup/share/origincar_bringup/map
[5.704s] -- Installing: /home/sunrise/dev_ws/install/origincar_bringup/share/origincar_bringup/map/map_restricted.yaml
[5.705s] -- Installing: /home/sunrise/dev_ws/install/origincar_bringup/share/origincar_bringup/map/map.png
[5.707s] -- Installing: /home/sunrise/dev_ws/install/origincar_bringup/share/origincar_bringup/map/map_restricted.png
[5.709s] -- Installing: /home/sunrise/dev_ws/install/origincar_bringup/share/origincar_bringup/map/map.yaml
[5.712s] -- Execute custom install script
[5.715s] -- Symlinking: /home/sunrise/dev_ws/install/origincar_bringup/share/ament_index/resource_index/package_run_dependencies/origincar_bringup
[5.762s] -- Symlinking: /home/sunrise/dev_ws/install/origincar_bringup/share/ament_index/resource_index/parent_prefix_path/origincar_bringup
[5.813s] -- Symlinking: /home/sunrise/dev_ws/install/origincar_bringup/share/origincar_bringup/environment/ament_prefix_path.sh
[5.875s] -- Symlinking: /home/sunrise/dev_ws/install/origincar_bringup/share/origincar_bringup/environment/ament_prefix_path.dsv
[5.929s] -- Symlinking: /home/sunrise/dev_ws/install/origincar_bringup/share/origincar_bringup/environment/path.sh
[5.997s] -- Symlinking: /home/sunrise/dev_ws/install/origincar_bringup/share/origincar_bringup/environment/path.dsv
[6.044s] -- Symlinking: /home/sunrise/dev_ws/install/origincar_bringup/share/origincar_bringup/local_setup.bash
[6.097s] -- Symlinking: /home/sunrise/dev_ws/install/origincar_bringup/share/origincar_bringup/local_setup.sh
[6.177s] -- Symlinking: /home/sunrise/dev_ws/install/origincar_bringup/share/origincar_bringup/local_setup.zsh
[6.249s] -- Symlinking: /home/sunrise/dev_ws/install/origincar_bringup/share/origincar_bringup/local_setup.dsv
[6.296s] -- Symlinking: /home/sunrise/dev_ws/install/origincar_bringup/share/origincar_bringup/package.dsv
[6.346s] -- Symlinking: /home/sunrise/dev_ws/install/origincar_bringup/share/ament_index/resource_index/packages/origincar_bringup
[6.394s] -- Symlinking: /home/sunrise/dev_ws/install/origincar_bringup/share/origincar_bringup/cmake/origincar_bringupConfig.cmake
[6.449s] -- Symlinking: /home/sunrise/dev_ws/install/origincar_bringup/share/origincar_bringup/cmake/origincar_bringupConfig-version.cmake
[6.497s] -- Symlinking: /home/sunrise/dev_ws/install/origincar_bringup/share/origincar_bringup/package.xml
[6.581s] Invoked command in '/home/sunrise/dev_ws/build/origincar_bringup' returned '0': CMAKE_PREFIX_PATH=${CMAKE_PREFIX_PATH}:/home/sunrise/dev_ws/install/racing_stage2:/home/sunrise/dev_ws/install/racing_stage1:/home/sunrise/dev_ws/install/qr_scanner:/home/sunrise/dev_ws/install/bno055:/opt/tros/humble:/opt/ros/humble /usr/bin/cmake --install /home/sunrise/dev_ws/build/origincar_bringup
