[0.000000] (-) TimerEvent: {}
[0.000430] (-) JobUnselected: {'identifier': 'ackermann_msgs'}
[0.001060] (-) JobUnselected: {'identifier': 'bno055'}
[0.002073] (-) JobUnselected: {'identifier': 'line_follower_pkg'}
[0.002869] (-) JobUnselected: {'identifier': 'lslidar_driver'}
[0.003682] (-) JobUnselected: {'identifier': 'lslidar_msgs'}
[0.003915] (-) JobUnselected: {'identifier': 'origincar_base'}
[0.004106] (-) JobUnselected: {'identifier': 'origincar_bringup'}
[0.004294] (-) JobUnselected: {'identifier': 'origincar_description'}
[0.004481] (-) JobUnselected: {'identifier': 'origincar_msg'}
[0.004665] (-) JobUnselected: {'identifier': 'qr_scanner'}
[0.004849] (-) JobUnselected: {'identifier': 'racing_bringup'}
[0.005033] (-) JobUnselected: {'identifier': 'racing_stage1'}
[0.005220] (-) JobUnselected: {'identifier': 'racing_stage2'}
[0.005404] (-) JobUnselected: {'identifier': 'racing_stage3'}
[0.005593] (-) JobUnselected: {'identifier': 'racing_stage3_param_test'}
[0.005776] (-) JobUnselected: {'identifier': 'racing_vision_ai'}
[0.005960] (-) JobUnselected: {'identifier': 'serial'}
[0.006145] (-) JobUnselected: {'identifier': 'simple_avoidance'}
[0.006329] (-) JobUnselected: {'identifier': 'utils'}
[0.006516] (-) JobUnselected: {'identifier': 'voice_driver'}
[0.006714] (racing_stage2_param_test) JobQueued: {'identifier': 'racing_stage2_param_test', 'dependencies': OrderedDict([('ackermann_msgs', '/home/sunrise/dev_ws/install/ackermann_msgs'), ('bno055', '/home/sunrise/dev_ws/install/bno055'), ('lslidar_msgs', '/home/sunrise/dev_ws/install/lslidar_msgs'), ('origincar_bringup', '/home/sunrise/dev_ws/install/origincar_bringup'), ('origincar_description', '/home/sunrise/dev_ws/install/origincar_description'), ('origincar_msg', '/home/sunrise/dev_ws/install/origincar_msg'), ('qr_scanner', '/home/sunrise/dev_ws/install/qr_scanner'), ('serial', '/home/sunrise/dev_ws/install/serial'), ('lslidar_driver', '/home/sunrise/dev_ws/install/lslidar_driver'), ('origincar_base', '/home/sunrise/dev_ws/install/origincar_base'), ('racing_stage1', '/home/sunrise/dev_ws/install/racing_stage1'), ('racing_stage2', '/home/sunrise/dev_ws/install/racing_stage2')])}
[0.006998] (racing_stage2_param_test) JobStarted: {'identifier': 'racing_stage2_param_test'}
[0.098711] (-) TimerEvent: {}
[0.199201] (-) TimerEvent: {}
[0.299680] (-) TimerEvent: {}
[0.400220] (-) TimerEvent: {}
[0.500771] (-) TimerEvent: {}
[0.601252] (-) TimerEvent: {}
[0.701749] (-) TimerEvent: {}
[0.802216] (-) TimerEvent: {}
[0.902663] (-) TimerEvent: {}
[1.003101] (-) TimerEvent: {}
[1.103540] (-) TimerEvent: {}
[1.203993] (-) TimerEvent: {}
[1.304440] (-) TimerEvent: {}
[1.404862] (-) TimerEvent: {}
[1.505307] (-) TimerEvent: {}
[1.605740] (-) TimerEvent: {}
[1.706210] (-) TimerEvent: {}
[1.806705] (-) TimerEvent: {}
[1.907180] (-) TimerEvent: {}
[2.007669] (-) TimerEvent: {}
[2.108199] (-) TimerEvent: {}
[2.208769] (-) TimerEvent: {}
[2.309286] (-) TimerEvent: {}
[2.409774] (-) TimerEvent: {}
[2.510267] (-) TimerEvent: {}
[2.610746] (-) TimerEvent: {}
[2.711215] (-) TimerEvent: {}
[2.811685] (-) TimerEvent: {}
[2.912172] (-) TimerEvent: {}
[3.012663] (-) TimerEvent: {}
[3.113146] (-) TimerEvent: {}
[3.213630] (-) TimerEvent: {}
[3.314098] (-) TimerEvent: {}
[3.414606] (-) TimerEvent: {}
[3.515105] (-) TimerEvent: {}
[3.615569] (-) TimerEvent: {}
[3.716049] (-) TimerEvent: {}
[3.816534] (-) TimerEvent: {}
[3.917010] (-) TimerEvent: {}
[4.017468] (-) TimerEvent: {}
[4.120238] (-) TimerEvent: {}
[4.220748] (-) TimerEvent: {}
[4.321240] (-) TimerEvent: {}
[4.421713] (-) TimerEvent: {}
[4.522209] (-) TimerEvent: {}
[4.622747] (-) TimerEvent: {}
[4.723230] (-) TimerEvent: {}
[4.823713] (-) TimerEvent: {}
[4.924252] (-) TimerEvent: {}
[5.024811] (-) TimerEvent: {}
[5.125381] (-) TimerEvent: {}
[5.156069] (racing_stage2_param_test) Command: {'cmd': ['/usr/bin/python3', '-W', 'ignore:setup.py install is deprecated', '-W', 'ignore:easy_install command is deprecated', 'setup.py', 'develop', '--editable', '--build-directory', '/home/sunrise/dev_ws/build/racing_stage2_param_test/build', '--no-deps', 'symlink_data'], 'cwd': '/home/sunrise/dev_ws/build/racing_stage2_param_test', 'env': {'VSCODE_CWD': '/home/sunrise', 'VSCODE_ESM_ENTRYPOINT': 'vs/workbench/api/node/extensionHostProcess', 'LANGUAGE': 'en_US.UTF-8', 'USER': 'sunrise', 'SSH_CLIENT': '10.147.109.1 50078 22', 'VSCODE_NLS_CONFIG': '{"userLocale":"en","osLocale":"en","resolvedLanguage":"en","defaultMessagesFile":"/home/sunrise/.cursor-server/bin/linux-arm64/81fcf2931d7687b4ff3f3017858d0c6dee7e2a60/out/nls.messages.json","locale":"en","availableLanguages":{}}', 'VSCODE_HANDLES_UNCAUGHT_ERRORS': 'true', 'XDG_SESSION_TYPE': 'tty', 'SHLVL': '1', 'LD_LIBRARY_PATH': '/home/sunrise/dev_ws/install/origincar_base/lib:/home/sunrise/dev_ws/install/origincar_msg/lib:/home/sunrise/dev_ws/install/lslidar_msgs/lib:/home/sunrise/dev_ws/install/ackermann_msgs/lib:/usr/hobot/lib:/app/lib:/app/pub/lib:/middleware/lib:/middleware/pub/lib:/usr/hobot/lib/sensor:/system/lib:/system/usr/lib:/lib:/home/sunrise/dev_ws/install/voice_driver/lib:/home/sunrise/dev_ws/install/serial/lib:/opt/tros/humble/lib/aarch64-linux-gnu:/opt/tros/humble/lib:/opt/ros/humble/opt/rviz_ogre_vendor/lib:/opt/ros/humble/lib/aarch64-linux-gnu:/opt/ros/humble/lib:/usr/hobot/lib:/app/lib:/app/pub/lib:/middleware/lib:/middleware/pub/lib:/usr/hobot/lib/sensor:/system/lib:/system/usr/lib:/lib:/usr/hobot/lib:/app/lib:/app/pub/lib:/middleware/lib:/middleware/pub/lib:/usr/hobot/lib/sensor:/system/lib:/system/usr/lib:/lib', 'BROWSER': '/home/sunrise/.cursor-server/bin/linux-arm64/81fcf2931d7687b4ff3f3017858d0c6dee7e2a60/bin/helpers/browser.sh', 'MOTD_SHOWN': 'pam', 'HOME': '/home/sunrise', 'OLDPWD': '/home/sunrise/dev_ws', 'VSCODE_IPC_HOOK_CLI': '/run/user/1000/vscode-ipc-f7290d0b-d8d6-46da-ac5f-da415eb5acfb.sock', 'ROS_PYTHON_VERSION': '3', 'NO_COLOR': '1', 'DBUS_SESSION_BUS_ADDRESS': 'unix:path=/run/user/1000/bus', 'TROS_DISTRO': 'humble', 'COLCON_PREFIX_PATH': '/home/sunrise/dev_ws/install', 'ROS_DISTRO': 'humble', 'OVSX_REGISTRY_URL': 'https://open-vsx.org', 'LOGNAME': 'sunrise', 'FORCE_COLOR': '0', 'VSCODE_HANDLES_SIGPIPE': 'true', '_': '/usr/bin/colcon', 'ROS_VERSION': '2', 'CURSOR_LAYOUT': 'unifiedAgent', 'XDG_SESSION_CLASS': 'user', 'TERM': 'dumb', 'XDG_SESSION_ID': '2', 'ROS_LOCALHOST_ONLY': '0', 'PATH': '/home/sunrise/.local/bin:/usr/hobot/bin/:/home/sunrise/.cursor-server/bin/linux-arm64/81fcf2931d7687b4ff3f3017858d0c6dee7e2a60:/home/sunrise/.cursor-server/bin/linux-arm64/81fcf2931d7687b4ff3f3017858d0c6dee7e2a60/bin/remote-cli:/home/sunrise/.local/bin:/opt/tros/humble/bin:/opt/ros/humble/bin:/usr/hobot/bin/:/home/sunrise/.cursor-server/bin/linux-arm64/81fcf2931d7687b4ff3f3017858d0c6dee7e2a60/bin/remote-cli:/home/sunrise/.local/bin:/usr/hobot/bin/:/usr/local/sbin:/usr/local/bin:/usr/sbin:/usr/bin:/sbin:/bin:/usr/games:/usr/local/games:/snap/bin', 'VSCODE_AGENT_FOLDER': '/home/sunrise/.cursor-server', 'XDG_RUNTIME_DIR': '/run/user/1000', 'CURSOR_AGENT': '1', 'LANG': 'en_US.UTF-8', 'LS_COLORS': '', 'AMENT_PREFIX_PATH': '/home/sunrise/dev_ws/install/racing_stage2:/home/sunrise/dev_ws/install/racing_stage1:/home/sunrise/dev_ws/install/qr_scanner:/home/sunrise/dev_ws/install/bno055:/home/sunrise/dev_ws/install/voice_driver:/home/sunrise/dev_ws/install/utils:/home/sunrise/dev_ws/install/simple_avoidance:/home/sunrise/dev_ws/install/racing_stage2_param_test:/home/sunrise/dev_ws/install/origincar_base:/home/sunrise/dev_ws/install/serial:/home/sunrise/dev_ws/install/racing_vision_ai:/home/sunrise/dev_ws/install/racing_stage3_param_test:/home/sunrise/dev_ws/install/racing_bringup:/home/sunrise/dev_ws/install/racing_stage3:/home/sunrise/dev_ws/install/origincar_msg:/home/sunrise/dev_ws/install/origincar_description:/home/sunrise/dev_ws/install/origincar_bringup:/home/sunrise/dev_ws/install/lslidar_driver:/home/sunrise/dev_ws/install/lslidar_msgs:/home/sunrise/dev_ws/install/line_follower_pkg:/home/sunrise/dev_ws/install/ackermann_msgs:/opt/tros/humble:/opt/ros/humble', 'SHELL': '/bin/bash', 'VSCODE_SERVER_SHUTDOWN_TIMEOUT': '300', 'PWD': '/home/sunrise/dev_ws/build/racing_stage2_param_test', 'SSH_CONNECTION': '10.147.109.1 50078 10.147.109.8 22', 'PYTHONPATH': '/home/sunrise/dev_ws/build/racing_stage2_param_test/prefix_override:/usr/lib/python3/dist-packages/colcon_core/task/python/colcon_distutils_commands:/home/sunrise/dev_ws/install/racing_stage2_param_test/lib/python3.10/site-packages:/home/sunrise/dev_ws/build/racing_stage2:/home/sunrise/dev_ws/install/racing_stage2/lib/python3.10/site-packages:/home/sunrise/dev_ws/build/racing_stage1:/home/sunrise/dev_ws/install/racing_stage1/lib/python3.10/site-packages:/home/sunrise/dev_ws/build/qr_scanner:/home/sunrise/dev_ws/install/qr_scanner/lib/python3.10/site-packages:/home/sunrise/dev_ws/build/bno055:/home/sunrise/dev_ws/install/bno055/lib/python3.10/site-packages:/home/sunrise/dev_ws/install/voice_driver/local/lib/python3.10/dist-packages:/home/sunrise/dev_ws/build/simple_avoidance:/home/sunrise/dev_ws/install/simple_avoidance/lib/python3.10/site-packages:/home/sunrise/dev_ws/build/racing_stage2_param_test:/home/sunrise/dev_ws/install/racing_stage2_param_test/lib/python3.10/site-packages:/home/sunrise/dev_ws/install/origincar_base/local/lib/python3.10/dist-packages:/home/sunrise/dev_ws/build/racing_vision_ai:/home/sunrise/dev_ws/install/racing_vision_ai/lib/python3.10/site-packages:/home/sunrise/dev_ws/build/racing_stage3_param_test:/home/sunrise/dev_ws/install/racing_stage3_param_test/lib/python3.10/site-packages:/home/sunrise/dev_ws/build/racing_bringup:/home/sunrise/dev_ws/install/racing_bringup/lib/python3.10/site-packages:/home/sunrise/dev_ws/build/racing_stage3:/home/sunrise/dev_ws/install/racing_stage3/lib/python3.10/site-packages:/home/sunrise/dev_ws/install/origincar_msg/local/lib/python3.10/dist-packages:/home/sunrise/dev_ws/install/lslidar_msgs/local/lib/python3.10/dist-packages:/home/sunrise/dev_ws/build/line_follower_pkg:/home/sunrise/dev_ws/install/line_follower_pkg/lib/python3.10/site-packages:/home/sunrise/dev_ws/install/ackermann_msgs/local/lib/python3.10/dist-packages:/opt/tros/humble/lib/python3.10/site-packages:/opt/tros/humble/local/lib/python3.10/dist-packages:/opt/ros/humble/lib/python3.10/site-packages:/opt/ros/humble/local/lib/python3.10/dist-packages', 'COLCON': '1', '_ZO_DOCTOR': '0', 'CMAKE_PREFIX_PATH': '/home/sunrise/dev_ws/install/origincar_base:/home/sunrise/dev_ws/install/lslidar_driver:/home/sunrise/dev_ws/install/serial:/home/sunrise/dev_ws/install/origincar_msg:/home/sunrise/dev_ws/install/origincar_description:/home/sunrise/dev_ws/install/origincar_bringup:/home/sunrise/dev_ws/install/lslidar_msgs:/home/sunrise/dev_ws/install/ackermann_msgs:/home/sunrise/dev_ws/install/voice_driver:/home/sunrise/dev_ws/install/utils'}, 'shell': False}
[5.225571] (-) TimerEvent: {}
[5.326059] (-) TimerEvent: {}
[5.426541] (-) TimerEvent: {}
[5.527023] (-) TimerEvent: {}
[5.627507] (-) TimerEvent: {}
[5.727989] (-) TimerEvent: {}
[5.828491] (-) TimerEvent: {}
[5.928965] (-) TimerEvent: {}
[6.029431] (-) TimerEvent: {}
[6.129894] (-) TimerEvent: {}
[6.230354] (-) TimerEvent: {}
[6.330819] (-) TimerEvent: {}
[6.431285] (-) TimerEvent: {}
[6.531754] (-) TimerEvent: {}
[6.632218] (-) TimerEvent: {}
[6.732668] (-) TimerEvent: {}
[6.833140] (-) TimerEvent: {}
[6.933614] (-) TimerEvent: {}
[7.034075] (-) TimerEvent: {}
[7.134549] (-) TimerEvent: {}
[7.163202] (racing_stage2_param_test) StdoutLine: {'line': b'running develop\n'}
[7.234735] (-) TimerEvent: {}
[7.335210] (-) TimerEvent: {}
[7.435683] (-) TimerEvent: {}
[7.536139] (-) TimerEvent: {}
[7.636603] (-) TimerEvent: {}
[7.737071] (-) TimerEvent: {}
[7.837541] (-) TimerEvent: {}
[7.938011] (-) TimerEvent: {}
[8.038471] (-) TimerEvent: {}
[8.138936] (-) TimerEvent: {}
[8.239411] (-) TimerEvent: {}
[8.339878] (-) TimerEvent: {}
[8.381399] (racing_stage2_param_test) StdoutLine: {'line': b'running egg_info\n'}
[8.382647] (racing_stage2_param_test) StdoutLine: {'line': b'writing racing_stage2_param_test.egg-info/PKG-INFO\n'}
[8.384090] (racing_stage2_param_test) StdoutLine: {'line': b'writing dependency_links to racing_stage2_param_test.egg-info/dependency_links.txt\n'}
[8.385181] (racing_stage2_param_test) StdoutLine: {'line': b'writing entry points to racing_stage2_param_test.egg-info/entry_points.txt\n'}
[8.386391] (racing_stage2_param_test) StdoutLine: {'line': b'writing requirements to racing_stage2_param_test.egg-info/requires.txt\n'}
[8.386931] (racing_stage2_param_test) StdoutLine: {'line': b'writing top-level names to racing_stage2_param_test.egg-info/top_level.txt\n'}
[8.397344] (racing_stage2_param_test) StdoutLine: {'line': b"reading manifest file 'racing_stage2_param_test.egg-info/SOURCES.txt'\n"}
[8.402180] (racing_stage2_param_test) StdoutLine: {'line': b"writing manifest file 'racing_stage2_param_test.egg-info/SOURCES.txt'\n"}
[8.413655] (racing_stage2_param_test) StdoutLine: {'line': b'running build_ext\n'}
[8.415009] (racing_stage2_param_test) StdoutLine: {'line': b'Creating /home/sunrise/dev_ws/install/racing_stage2_param_test/lib/python3.10/site-packages/racing-stage2-param-test.egg-link (link to .)\n'}
[8.419924] (racing_stage2_param_test) StdoutLine: {'line': b'Installing avoidance_straight_tester script to /home/sunrise/dev_ws/install/racing_stage2_param_test/lib/racing_stage2_param_test\n'}
[8.420875] (racing_stage2_param_test) StdoutLine: {'line': b'Installing camera_video_recorder script to /home/sunrise/dev_ws/install/racing_stage2_param_test/lib/racing_stage2_param_test\n'}
[8.421701] (racing_stage2_param_test) StdoutLine: {'line': b'Installing direct_inertial_tester script to /home/sunrise/dev_ws/install/racing_stage2_param_test/lib/racing_stage2_param_test\n'}
[8.422522] (racing_stage2_param_test) StdoutLine: {'line': b'Installing twist_cmd_relay script to /home/sunrise/dev_ws/install/racing_stage2_param_test/lib/racing_stage2_param_test\n'}
[8.423637] (racing_stage2_param_test) StdoutLine: {'line': b'\n'}
[8.424121] (racing_stage2_param_test) StdoutLine: {'line': b'Installed /home/sunrise/dev_ws/build/racing_stage2_param_test\n'}
[8.424572] (racing_stage2_param_test) StdoutLine: {'line': b'running symlink_data\n'}
[8.440041] (-) TimerEvent: {}
[8.540534] (-) TimerEvent: {}
[8.641064] (-) TimerEvent: {}
[8.674418] (racing_stage2_param_test) CommandEnded: {'returncode': 0}
[8.742460] (-) TimerEvent: {}
[8.775731] (racing_stage2_param_test) JobEnded: {'identifier': 'racing_stage2_param_test', 'rc': 0}
[8.778887] (-) EventReactorShutdown: {}
