[2.136s] Invoking command in '/home/sunrise/dev_ws/build/lslidar_msgs': CMAKE_PREFIX_PATH=${CMAKE_PREFIX_PATH}:/home/sunrise/dev_ws/install/racing_stage2:/home/sunrise/dev_ws/install/racing_stage1:/home/sunrise/dev_ws/install/qr_scanner:/home/sunrise/dev_ws/install/bno055:/opt/tros/humble:/opt/ros/humble /usr/bin/cmake /home/sunrise/dev_ws/src/LSLIDAR_X_ROS2-20240228/src/lslidar_msgs -DAMENT_CMAKE_SYMLINK_INSTALL=1 -DCMAKE_INSTALL_PREFIX=/home/sunrise/dev_ws/install/lslidar_msgs
[4.758s] -- The C compiler identification is GNU 11.2.0
[4.759s] -- The CXX compiler identification is GNU 11.2.0
[4.760s] -- Detecting C compiler ABI info
[4.761s] -- Detecting C compiler ABI info - done
[4.762s] -- Check for working C compiler: /usr/bin/cc - skipped
[4.762s] -- Detecting C compile features
[4.763s] -- Detecting C compile features - done
[4.765s] -- Detecting CXX compiler ABI info
[4.766s] -- Detecting CXX compiler ABI info - done
[4.766s] -- Check for working CXX compiler: /usr/bin/c++ - skipped
[4.767s] -- Detecting CXX compile features
[4.768s] -- Detecting CXX compile features - done
[4.769s] -- Found ament_cmake: 1.3.14 (/opt/ros/humble/share/ament_cmake/cmake)
[5.243s] -- Found Python3: /usr/bin/python3 (found version "3.10.12") found components: Interpreter 
[5.844s] -- Override CMake install command with custom implementation using symlinks instead of copying resources
[6.009s] -- Found std_msgs: 4.9.1 (/opt/ros/humble/share/std_msgs/cmake)
[6.313s] -- Found rosidl_generator_c: 3.1.8 (/opt/ros/humble/share/rosidl_generator_c/cmake)
[6.345s] -- Found rosidl_adapter: 3.1.8 (/opt/ros/humble/share/rosidl_adapter/cmake)
[6.403s] -- Found rosidl_generator_cpp: 3.1.8 (/opt/ros/humble/share/rosidl_generator_cpp/cmake)
[6.500s] -- Using all available rosidl_typesupport_c: rosidl_typesupport_fastrtps_c;rosidl_typesupport_introspection_c
[6.612s] -- Using all available rosidl_typesupport_cpp: rosidl_typesupport_fastrtps_cpp;rosidl_typesupport_introspection_cpp
[6.830s] -- Found sensor_msgs: 4.9.1 (/opt/ros/humble/share/sensor_msgs/cmake)
[7.119s] -- Found rosidl_default_generators: 1.2.1 (/opt/ros/humble/share/rosidl_default_generators/cmake)
[7.222s] -- Found ament_lint_auto: 0.12.15 (/opt/ros/humble/share/ament_lint_auto/cmake)
[9.670s] -- Found ament_cmake_ros: 0.10.0 (/opt/ros/humble/share/ament_cmake_ros/cmake)
[13.521s] -- Using all available rosidl_typesupport_c: rosidl_typesupport_fastrtps_c;rosidl_typesupport_introspection_c
[15.028s] -- Using all available rosidl_typesupport_cpp: rosidl_typesupport_fastrtps_cpp;rosidl_typesupport_introspection_cpp
[15.206s] -- Found PythonInterp: /usr/bin/python3 (found suitable version "3.10.12", minimum required is "3.6") 
[15.215s] -- Found python_cmake_module: 0.10.0 (/opt/ros/humble/share/python_cmake_module/cmake)
[15.409s] -- Found PythonLibs: /usr/lib/aarch64-linux-gnu/libpython3.10.so (found suitable version "3.10.12", minimum required is "3.5") 
[15.410s] -- Using PYTHON_EXECUTABLE: /usr/bin/python3
[15.411s] -- Using PYTHON_INCLUDE_DIRS: /usr/include/python3.10
[15.411s] -- Using PYTHON_LIBRARIES: /usr/lib/aarch64-linux-gnu/libpython3.10.so
[15.591s] -- Found PythonExtra: .so  
[16.598s] -- Added test 'copyright' to check source files copyright and LICENSE
[16.608s] -- Added test 'lint_cmake' to check CMake code style
[16.615s] -- Added test 'xmllint' to check XML markup files
[16.657s] -- Configuring done
[16.883s] -- Generating done
[16.955s] -- Build files have been written to: /home/sunrise/dev_ws/build/lslidar_msgs
[18.762s] Invoked command in '/home/sunrise/dev_ws/build/lslidar_msgs' returned '0': CMAKE_PREFIX_PATH=${CMAKE_PREFIX_PATH}:/home/sunrise/dev_ws/install/racing_stage2:/home/sunrise/dev_ws/install/racing_stage1:/home/sunrise/dev_ws/install/qr_scanner:/home/sunrise/dev_ws/install/bno055:/opt/tros/humble:/opt/ros/humble /usr/bin/cmake /home/sunrise/dev_ws/src/LSLIDAR_X_ROS2-20240228/src/lslidar_msgs -DAMENT_CMAKE_SYMLINK_INSTALL=1 -DCMAKE_INSTALL_PREFIX=/home/sunrise/dev_ws/install/lslidar_msgs
[18.773s] Invoking command in '/home/sunrise/dev_ws/build/lslidar_msgs': CMAKE_PREFIX_PATH=${CMAKE_PREFIX_PATH}:/home/sunrise/dev_ws/install/racing_stage2:/home/sunrise/dev_ws/install/racing_stage1:/home/sunrise/dev_ws/install/qr_scanner:/home/sunrise/dev_ws/install/bno055:/opt/tros/humble:/opt/ros/humble /usr/bin/cmake --build /home/sunrise/dev_ws/build/lslidar_msgs -- -j8 -l8
[19.263s] [  1%] [34m[1mGenerating C code for ROS interfaces[0m
[19.291s] [  3%] [34m[1mGenerating Rust code for ROS interfaces[0m
[19.308s] [  4%] [34m[1mGenerating C++ code for ROS interfaces[0m
[19.528s] [  4%] Built target ament_cmake_python_symlink_lslidar_msgs
[23.336s] running egg_info
[23.350s] creating lslidar_msgs.egg-info
[23.373s] writing lslidar_msgs.egg-info/PKG-INFO
[23.376s] writing dependency_links to lslidar_msgs.egg-info/dependency_links.txt
[23.378s] writing top-level names to lslidar_msgs.egg-info/top_level.txt
[23.382s] writing manifest file 'lslidar_msgs.egg-info/SOURCES.txt'
[23.421s] reading manifest file 'lslidar_msgs.egg-info/SOURCES.txt'
[23.426s] writing manifest file 'lslidar_msgs.egg-info/SOURCES.txt'
[23.861s] [  4%] Built target ament_cmake_python_build_lslidar_msgs_egg
[25.962s] [  4%] Built target lslidar_msgs__rs
[28.311s] [  4%] Built target lslidar_msgs__cpp
[28.506s] [  6%] [34m[1mGenerating C++ type support for eProsima Fast-RTPS[0m
[28.528s] [  7%] [34m[1mGenerating C++ introspection for ROS interfaces[0m
[28.596s] [  9%] [34m[1mGenerating C++ type support dispatch for ROS interfaces[0m
[29.295s] [ 10%] [32mBuilding C object CMakeFiles/lslidar_msgs__rosidl_generator_c.dir/rosidl_generator_c/lslidar_msgs/msg/detail/lslidar_difop__functions.c.o[0m
[29.356s] [ 14%] [32mBuilding C object CMakeFiles/lslidar_msgs__rosidl_generator_c.dir/rosidl_generator_c/lslidar_msgs/msg/detail/lslidar_scan__functions.c.o[0m
[29.361s] [ 14%] [32mBuilding C object CMakeFiles/lslidar_msgs__rosidl_generator_c.dir/rosidl_generator_c/lslidar_msgs/msg/detail/lslidar_sweep__functions.c.o[0m
[29.389s] [ 15%] [32mBuilding C object CMakeFiles/lslidar_msgs__rosidl_generator_c.dir/rosidl_generator_c/lslidar_msgs/msg/detail/lslidar_packet__functions.c.o[0m
[29.396s] [ 17%] [32mBuilding C object CMakeFiles/lslidar_msgs__rosidl_generator_c.dir/rosidl_generator_c/lslidar_msgs/msg/detail/lslidar_point__functions.c.o[0m
[30.417s] [ 18%] [32m[1mLinking C shared library liblslidar_msgs__rosidl_generator_c.so[0m
[31.168s] [ 18%] Built target lslidar_msgs__rosidl_generator_c
[31.360s] [ 20%] [34m[1mGenerating C introspection for ROS interfaces[0m
[31.386s] [ 21%] [34m[1mGenerating C type support for eProsima Fast-RTPS[0m
[31.398s] [ 23%] [34m[1mGenerating C type support dispatch for ROS interfaces[0m
[36.935s] [ 25%] [32mBuilding CXX object CMakeFiles/lslidar_msgs__rosidl_typesupport_cpp.dir/rosidl_typesupport_cpp/lslidar_msgs/msg/lslidar_difop__type_support.cpp.o[0m
[36.952s] [ 26%] [32mBuilding CXX object CMakeFiles/lslidar_msgs__rosidl_typesupport_cpp.dir/rosidl_typesupport_cpp/lslidar_msgs/msg/lslidar_packet__type_support.cpp.o[0m
[37.047s] [ 28%] [32mBuilding CXX object CMakeFiles/lslidar_msgs__rosidl_typesupport_cpp.dir/rosidl_typesupport_cpp/lslidar_msgs/msg/lslidar_point__type_support.cpp.o[0m
[39.892s] [ 29%] [32mBuilding CXX object CMakeFiles/lslidar_msgs__rosidl_typesupport_introspection_cpp.dir/rosidl_typesupport_introspection_cpp/lslidar_msgs/msg/detail/lslidar_difop__type_support.cpp.o[0m
[40.757s] [ 31%] [32mBuilding CXX object CMakeFiles/lslidar_msgs__rosidl_typesupport_fastrtps_cpp.dir/rosidl_typesupport_fastrtps_cpp/lslidar_msgs/msg/detail/dds_fastrtps/lslidar_difop__type_support.cpp.o[0m
[43.645s] [ 32%] [32mBuilding CXX object CMakeFiles/lslidar_msgs__rosidl_typesupport_fastrtps_c.dir/rosidl_typesupport_fastrtps_c/lslidar_msgs/msg/detail/lslidar_difop__type_support_c.cpp.o[0m
[44.256s] [ 34%] [32mBuilding CXX object CMakeFiles/lslidar_msgs__rosidl_typesupport_c.dir/rosidl_typesupport_c/lslidar_msgs/msg/lslidar_difop__type_support.cpp.o[0m
[44.442s] [ 35%] [32mBuilding CXX object CMakeFiles/lslidar_msgs__rosidl_typesupport_cpp.dir/rosidl_typesupport_cpp/lslidar_msgs/msg/lslidar_scan__type_support.cpp.o[0m
[44.526s] [ 37%] [32mBuilding CXX object CMakeFiles/lslidar_msgs__rosidl_typesupport_c.dir/rosidl_typesupport_c/lslidar_msgs/msg/lslidar_packet__type_support.cpp.o[0m
[44.743s] [ 39%] [32mBuilding C object CMakeFiles/lslidar_msgs__rosidl_typesupport_introspection_c.dir/rosidl_typesupport_introspection_c/lslidar_msgs/msg/detail/lslidar_difop__type_support.c.o[0m
[44.780s] [ 40%] [32mBuilding CXX object CMakeFiles/lslidar_msgs__rosidl_typesupport_c.dir/rosidl_typesupport_c/lslidar_msgs/msg/lslidar_point__type_support.cpp.o[0m
[45.124s] [ 42%] [32mBuilding CXX object CMakeFiles/lslidar_msgs__rosidl_typesupport_c.dir/rosidl_typesupport_c/lslidar_msgs/msg/lslidar_scan__type_support.cpp.o[0m
[45.196s] [ 43%] [32mBuilding C object CMakeFiles/lslidar_msgs__rosidl_typesupport_introspection_c.dir/rosidl_typesupport_introspection_c/lslidar_msgs/msg/detail/lslidar_packet__type_support.c.o[0m
[45.608s] [ 45%] [32mBuilding CXX object CMakeFiles/lslidar_msgs__rosidl_typesupport_c.dir/rosidl_typesupport_c/lslidar_msgs/msg/lslidar_sweep__type_support.cpp.o[0m
[45.630s] [ 46%] [32mBuilding C object CMakeFiles/lslidar_msgs__rosidl_typesupport_introspection_c.dir/rosidl_typesupport_introspection_c/lslidar_msgs/msg/detail/lslidar_point__type_support.c.o[0m
[45.976s] [ 48%] [32mBuilding C object CMakeFiles/lslidar_msgs__rosidl_typesupport_introspection_c.dir/rosidl_typesupport_introspection_c/lslidar_msgs/msg/detail/lslidar_scan__type_support.c.o[0m
[46.057s] [ 50%] [32m[1mLinking CXX shared library liblslidar_msgs__rosidl_typesupport_c.so[0m
[46.426s] [ 51%] [32mBuilding CXX object CMakeFiles/lslidar_msgs__rosidl_typesupport_introspection_cpp.dir/rosidl_typesupport_introspection_cpp/lslidar_msgs/msg/detail/lslidar_packet__type_support.cpp.o[0m
[46.496s] [ 53%] [32mBuilding C object CMakeFiles/lslidar_msgs__rosidl_typesupport_introspection_c.dir/rosidl_typesupport_introspection_c/lslidar_msgs/msg/detail/lslidar_sweep__type_support.c.o[0m
[46.588s] [ 53%] Built target lslidar_msgs__rosidl_typesupport_c
[47.015s] [ 54%] [32m[1mLinking C shared library liblslidar_msgs__rosidl_typesupport_introspection_c.so[0m
[47.375s] [ 54%] Built target lslidar_msgs__rosidl_typesupport_introspection_c
[47.563s] [ 56%] [32mBuilding CXX object CMakeFiles/lslidar_msgs__rosidl_typesupport_fastrtps_cpp.dir/rosidl_typesupport_fastrtps_cpp/lslidar_msgs/msg/detail/dds_fastrtps/lslidar_point__type_support.cpp.o[0m
[47.738s] [ 57%] [32mBuilding CXX object CMakeFiles/lslidar_msgs__rosidl_typesupport_fastrtps_c.dir/rosidl_typesupport_fastrtps_c/lslidar_msgs/msg/detail/lslidar_point__type_support_c.cpp.o[0m
[47.926s] [ 59%] [32mBuilding CXX object CMakeFiles/lslidar_msgs__rosidl_typesupport_cpp.dir/rosidl_typesupport_cpp/lslidar_msgs/msg/lslidar_sweep__type_support.cpp.o[0m
[50.420s] [ 60%] [32mBuilding CXX object CMakeFiles/lslidar_msgs__rosidl_typesupport_introspection_cpp.dir/rosidl_typesupport_introspection_cpp/lslidar_msgs/msg/detail/lslidar_point__type_support.cpp.o[0m
[51.735s] [ 62%] [32mBuilding CXX object CMakeFiles/lslidar_msgs__rosidl_typesupport_fastrtps_c.dir/rosidl_typesupport_fastrtps_c/lslidar_msgs/msg/detail/lslidar_scan__type_support_c.cpp.o[0m
[51.801s] [ 64%] [32m[1mLinking CXX shared library liblslidar_msgs__rosidl_typesupport_cpp.so[0m
[52.051s] [ 65%] [32mBuilding CXX object CMakeFiles/lslidar_msgs__rosidl_typesupport_fastrtps_cpp.dir/rosidl_typesupport_fastrtps_cpp/lslidar_msgs/msg/detail/dds_fastrtps/lslidar_sweep__type_support.cpp.o[0m
[52.056s] [ 65%] Built target lslidar_msgs__rosidl_typesupport_cpp
[54.189s] [ 67%] [32mBuilding CXX object CMakeFiles/lslidar_msgs__rosidl_typesupport_introspection_cpp.dir/rosidl_typesupport_introspection_cpp/lslidar_msgs/msg/detail/lslidar_scan__type_support.cpp.o[0m
[54.891s] [ 68%] [32mBuilding CXX object CMakeFiles/lslidar_msgs__rosidl_typesupport_fastrtps_c.dir/rosidl_typesupport_fastrtps_c/lslidar_msgs/msg/detail/lslidar_sweep__type_support_c.cpp.o[0m
[55.483s] [ 70%] [32mBuilding CXX object CMakeFiles/lslidar_msgs__rosidl_typesupport_fastrtps_cpp.dir/rosidl_typesupport_fastrtps_cpp/lslidar_msgs/msg/detail/dds_fastrtps/lslidar_scan__type_support.cpp.o[0m
[57.766s] [ 71%] [32mBuilding CXX object CMakeFiles/lslidar_msgs__rosidl_typesupport_fastrtps_c.dir/rosidl_typesupport_fastrtps_c/lslidar_msgs/msg/detail/lslidar_packet__type_support_c.cpp.o[0m
[57.833s] [ 73%] [32mBuilding CXX object CMakeFiles/lslidar_msgs__rosidl_typesupport_introspection_cpp.dir/rosidl_typesupport_introspection_cpp/lslidar_msgs/msg/detail/lslidar_sweep__type_support.cpp.o[0m
[59.377s] [ 75%] [32mBuilding CXX object CMakeFiles/lslidar_msgs__rosidl_typesupport_fastrtps_cpp.dir/rosidl_typesupport_fastrtps_cpp/lslidar_msgs/msg/detail/dds_fastrtps/lslidar_packet__type_support.cpp.o[0m
[60.302s] [ 76%] [32m[1mLinking CXX shared library liblslidar_msgs__rosidl_typesupport_fastrtps_c.so[0m
[61.203s] [ 76%] Built target lslidar_msgs__rosidl_typesupport_fastrtps_c
[61.416s] [ 78%] [32m[1mLinking CXX shared library liblslidar_msgs__rosidl_typesupport_introspection_cpp.so[0m
[61.986s] [ 78%] Built target lslidar_msgs__rosidl_typesupport_introspection_cpp
[62.773s] [ 79%] [32m[1mLinking CXX shared library liblslidar_msgs__rosidl_typesupport_fastrtps_cpp.so[0m
[63.293s] [ 79%] Built target lslidar_msgs__rosidl_typesupport_fastrtps_cpp
[63.389s] [ 79%] Built target lslidar_msgs
[63.488s] [ 81%] [34m[1mGenerating Python code for ROS interfaces[0m
[70.314s] [ 81%] Built target lslidar_msgs__py
[70.415s] [ 82%] [32mBuilding C object CMakeFiles/lslidar_msgs__rosidl_generator_py.dir/rosidl_generator_py/lslidar_msgs/msg/_lslidar_difop_s.c.o[0m
[71.051s] [ 84%] [32mBuilding C object CMakeFiles/lslidar_msgs__rosidl_generator_py.dir/rosidl_generator_py/lslidar_msgs/msg/_lslidar_sweep_s.c.o[0m
[71.712s] [ 85%] [32mBuilding C object CMakeFiles/lslidar_msgs__rosidl_generator_py.dir/rosidl_generator_py/lslidar_msgs/msg/_lslidar_scan_s.c.o[0m
[72.403s] [ 87%] [32mBuilding C object CMakeFiles/lslidar_msgs__rosidl_generator_py.dir/rosidl_generator_py/lslidar_msgs/msg/_lslidar_point_s.c.o[0m
[73.083s] [ 89%] [32mBuilding C object CMakeFiles/lslidar_msgs__rosidl_generator_py.dir/rosidl_generator_py/lslidar_msgs/msg/_lslidar_packet_s.c.o[0m
[73.743s] [ 90%] [32m[1mLinking C shared library rosidl_generator_py/lslidar_msgs/liblslidar_msgs__rosidl_generator_py.so[0m
[74.018s] [ 90%] Built target lslidar_msgs__rosidl_generator_py
[74.117s] [ 92%] [32mBuilding C object CMakeFiles/lslidar_msgs__rosidl_typesupport_fastrtps_c__pyext.dir/rosidl_generator_py/lslidar_msgs/_lslidar_msgs_s.ep.rosidl_typesupport_fastrtps_c.c.o[0m
[74.787s] [ 93%] [32m[1mLinking C shared library rosidl_generator_py/lslidar_msgs/lslidar_msgs_s__rosidl_typesupport_fastrtps_c.cpython-310-aarch64-linux-gnu.so[0m
[75.043s] [ 93%] Built target lslidar_msgs__rosidl_typesupport_fastrtps_c__pyext
[75.141s] [ 95%] [32mBuilding C object CMakeFiles/lslidar_msgs__rosidl_typesupport_c__pyext.dir/rosidl_generator_py/lslidar_msgs/_lslidar_msgs_s.ep.rosidl_typesupport_c.c.o[0m
[75.816s] [ 96%] [32m[1mLinking C shared library rosidl_generator_py/lslidar_msgs/lslidar_msgs_s__rosidl_typesupport_c.cpython-310-aarch64-linux-gnu.so[0m
[76.060s] [ 96%] Built target lslidar_msgs__rosidl_typesupport_c__pyext
[76.161s] [ 98%] [32mBuilding C object CMakeFiles/lslidar_msgs__rosidl_typesupport_introspection_c__pyext.dir/rosidl_generator_py/lslidar_msgs/_lslidar_msgs_s.ep.rosidl_typesupport_introspection_c.c.o[0m
[76.826s] [100%] [32m[1mLinking C shared library rosidl_generator_py/lslidar_msgs/lslidar_msgs_s__rosidl_typesupport_introspection_c.cpython-310-aarch64-linux-gnu.so[0m
[77.050s] [100%] Built target lslidar_msgs__rosidl_typesupport_introspection_c__pyext
[77.111s] Invoked command in '/home/sunrise/dev_ws/build/lslidar_msgs' returned '0': CMAKE_PREFIX_PATH=${CMAKE_PREFIX_PATH}:/home/sunrise/dev_ws/install/racing_stage2:/home/sunrise/dev_ws/install/racing_stage1:/home/sunrise/dev_ws/install/qr_scanner:/home/sunrise/dev_ws/install/bno055:/opt/tros/humble:/opt/ros/humble /usr/bin/cmake --build /home/sunrise/dev_ws/build/lslidar_msgs -- -j8 -l8
[77.119s] Invoking command in '/home/sunrise/dev_ws/build/lslidar_msgs': CMAKE_PREFIX_PATH=${CMAKE_PREFIX_PATH}:/home/sunrise/dev_ws/install/racing_stage2:/home/sunrise/dev_ws/install/racing_stage1:/home/sunrise/dev_ws/install/qr_scanner:/home/sunrise/dev_ws/install/bno055:/opt/tros/humble:/opt/ros/humble /usr/bin/cmake --install /home/sunrise/dev_ws/build/lslidar_msgs
[77.158s] -- Install configuration: ""
[77.161s] -- Execute custom install script
[77.163s] -- Symlinking: /home/sunrise/dev_ws/install/lslidar_msgs/share/ament_index/resource_index/rosidl_interfaces/lslidar_msgs
[77.209s] -- Symlinking: /home/sunrise/dev_ws/install/lslidar_msgs/include/lslidar_msgs/lslidar_msgs/msg/detail/lslidar_difop__functions.h
[77.253s] -- Symlinking: /home/sunrise/dev_ws/install/lslidar_msgs/include/lslidar_msgs/lslidar_msgs/msg/detail/lslidar_difop__struct.h
[77.295s] -- Symlinking: /home/sunrise/dev_ws/install/lslidar_msgs/include/lslidar_msgs/lslidar_msgs/msg/detail/lslidar_difop__type_support.h
[77.336s] -- Symlinking: /home/sunrise/dev_ws/install/lslidar_msgs/include/lslidar_msgs/lslidar_msgs/msg/detail/lslidar_packet__functions.h
[77.378s] -- Symlinking: /home/sunrise/dev_ws/install/lslidar_msgs/include/lslidar_msgs/lslidar_msgs/msg/detail/lslidar_packet__struct.h
[77.421s] -- Symlinking: /home/sunrise/dev_ws/install/lslidar_msgs/include/lslidar_msgs/lslidar_msgs/msg/detail/lslidar_packet__type_support.h
[77.464s] -- Symlinking: /home/sunrise/dev_ws/install/lslidar_msgs/include/lslidar_msgs/lslidar_msgs/msg/detail/lslidar_point__functions.h
[77.505s] -- Symlinking: /home/sunrise/dev_ws/install/lslidar_msgs/include/lslidar_msgs/lslidar_msgs/msg/detail/lslidar_point__struct.h
[77.549s] -- Symlinking: /home/sunrise/dev_ws/install/lslidar_msgs/include/lslidar_msgs/lslidar_msgs/msg/detail/lslidar_point__type_support.h
[77.593s] -- Symlinking: /home/sunrise/dev_ws/install/lslidar_msgs/include/lslidar_msgs/lslidar_msgs/msg/detail/lslidar_scan__functions.h
[77.637s] -- Symlinking: /home/sunrise/dev_ws/install/lslidar_msgs/include/lslidar_msgs/lslidar_msgs/msg/detail/lslidar_scan__struct.h
[77.681s] -- Symlinking: /home/sunrise/dev_ws/install/lslidar_msgs/include/lslidar_msgs/lslidar_msgs/msg/detail/lslidar_scan__type_support.h
[77.723s] -- Symlinking: /home/sunrise/dev_ws/install/lslidar_msgs/include/lslidar_msgs/lslidar_msgs/msg/detail/lslidar_sweep__functions.h
[77.768s] -- Symlinking: /home/sunrise/dev_ws/install/lslidar_msgs/include/lslidar_msgs/lslidar_msgs/msg/detail/lslidar_sweep__struct.h
[77.813s] -- Symlinking: /home/sunrise/dev_ws/install/lslidar_msgs/include/lslidar_msgs/lslidar_msgs/msg/detail/lslidar_sweep__type_support.h
[77.858s] -- Symlinking: /home/sunrise/dev_ws/install/lslidar_msgs/include/lslidar_msgs/lslidar_msgs/msg/lslidar_difop.h
[77.901s] -- Symlinking: /home/sunrise/dev_ws/install/lslidar_msgs/include/lslidar_msgs/lslidar_msgs/msg/lslidar_packet.h
[77.946s] -- Symlinking: /home/sunrise/dev_ws/install/lslidar_msgs/include/lslidar_msgs/lslidar_msgs/msg/lslidar_point.h
[77.989s] -- Symlinking: /home/sunrise/dev_ws/install/lslidar_msgs/include/lslidar_msgs/lslidar_msgs/msg/lslidar_scan.h
[78.031s] -- Symlinking: /home/sunrise/dev_ws/install/lslidar_msgs/include/lslidar_msgs/lslidar_msgs/msg/lslidar_sweep.h
[78.073s] -- Symlinking: /home/sunrise/dev_ws/install/lslidar_msgs/include/lslidar_msgs/lslidar_msgs/msg/rosidl_generator_c__visibility_control.h
[78.119s] -- Symlinking: /home/sunrise/dev_ws/install/lslidar_msgs/share/lslidar_msgs/environment/library_path.sh
[78.162s] -- Symlinking: /home/sunrise/dev_ws/install/lslidar_msgs/share/lslidar_msgs/environment/library_path.dsv
[78.209s] -- Symlinking: /home/sunrise/dev_ws/install/lslidar_msgs/include/lslidar_msgs/lslidar_msgs/msg/detail/lslidar_difop__rosidl_typesupport_fastrtps_c.h
[78.253s] -- Symlinking: /home/sunrise/dev_ws/install/lslidar_msgs/include/lslidar_msgs/lslidar_msgs/msg/detail/lslidar_packet__rosidl_typesupport_fastrtps_c.h
[78.298s] -- Symlinking: /home/sunrise/dev_ws/install/lslidar_msgs/include/lslidar_msgs/lslidar_msgs/msg/detail/lslidar_point__rosidl_typesupport_fastrtps_c.h
[78.347s] -- Symlinking: /home/sunrise/dev_ws/install/lslidar_msgs/include/lslidar_msgs/lslidar_msgs/msg/detail/lslidar_scan__rosidl_typesupport_fastrtps_c.h
[78.394s] -- Symlinking: /home/sunrise/dev_ws/install/lslidar_msgs/include/lslidar_msgs/lslidar_msgs/msg/detail/lslidar_sweep__rosidl_typesupport_fastrtps_c.h
[78.439s] -- Symlinking: /home/sunrise/dev_ws/install/lslidar_msgs/include/lslidar_msgs/lslidar_msgs/msg/rosidl_typesupport_fastrtps_c__visibility_control.h
[78.486s] -- Symlinking: /home/sunrise/dev_ws/install/lslidar_msgs/include/lslidar_msgs/lslidar_msgs/msg/detail/lslidar_difop__builder.hpp
[78.548s] -- Symlinking: /home/sunrise/dev_ws/install/lslidar_msgs/include/lslidar_msgs/lslidar_msgs/msg/detail/lslidar_difop__struct.hpp
[78.593s] -- Symlinking: /home/sunrise/dev_ws/install/lslidar_msgs/include/lslidar_msgs/lslidar_msgs/msg/detail/lslidar_difop__traits.hpp
[78.636s] -- Symlinking: /home/sunrise/dev_ws/install/lslidar_msgs/include/lslidar_msgs/lslidar_msgs/msg/detail/lslidar_difop__type_support.hpp
[78.679s] -- Symlinking: /home/sunrise/dev_ws/install/lslidar_msgs/include/lslidar_msgs/lslidar_msgs/msg/detail/lslidar_packet__builder.hpp
[78.723s] -- Symlinking: /home/sunrise/dev_ws/install/lslidar_msgs/include/lslidar_msgs/lslidar_msgs/msg/detail/lslidar_packet__struct.hpp
[78.768s] -- Symlinking: /home/sunrise/dev_ws/install/lslidar_msgs/include/lslidar_msgs/lslidar_msgs/msg/detail/lslidar_packet__traits.hpp
[78.812s] -- Symlinking: /home/sunrise/dev_ws/install/lslidar_msgs/include/lslidar_msgs/lslidar_msgs/msg/detail/lslidar_packet__type_support.hpp
[78.858s] -- Symlinking: /home/sunrise/dev_ws/install/lslidar_msgs/include/lslidar_msgs/lslidar_msgs/msg/detail/lslidar_point__builder.hpp
[78.901s] -- Symlinking: /home/sunrise/dev_ws/install/lslidar_msgs/include/lslidar_msgs/lslidar_msgs/msg/detail/lslidar_point__struct.hpp
[78.944s] -- Symlinking: /home/sunrise/dev_ws/install/lslidar_msgs/include/lslidar_msgs/lslidar_msgs/msg/detail/lslidar_point__traits.hpp
[78.987s] -- Symlinking: /home/sunrise/dev_ws/install/lslidar_msgs/include/lslidar_msgs/lslidar_msgs/msg/detail/lslidar_point__type_support.hpp
[79.029s] -- Symlinking: /home/sunrise/dev_ws/install/lslidar_msgs/include/lslidar_msgs/lslidar_msgs/msg/detail/lslidar_scan__builder.hpp
[79.073s] -- Symlinking: /home/sunrise/dev_ws/install/lslidar_msgs/include/lslidar_msgs/lslidar_msgs/msg/detail/lslidar_scan__struct.hpp
[79.117s] -- Symlinking: /home/sunrise/dev_ws/install/lslidar_msgs/include/lslidar_msgs/lslidar_msgs/msg/detail/lslidar_scan__traits.hpp
[79.162s] -- Symlinking: /home/sunrise/dev_ws/install/lslidar_msgs/include/lslidar_msgs/lslidar_msgs/msg/detail/lslidar_scan__type_support.hpp
[79.206s] -- Symlinking: /home/sunrise/dev_ws/install/lslidar_msgs/include/lslidar_msgs/lslidar_msgs/msg/detail/lslidar_sweep__builder.hpp
[79.250s] -- Symlinking: /home/sunrise/dev_ws/install/lslidar_msgs/include/lslidar_msgs/lslidar_msgs/msg/detail/lslidar_sweep__struct.hpp
[79.293s] -- Symlinking: /home/sunrise/dev_ws/install/lslidar_msgs/include/lslidar_msgs/lslidar_msgs/msg/detail/lslidar_sweep__traits.hpp
[79.335s] -- Symlinking: /home/sunrise/dev_ws/install/lslidar_msgs/include/lslidar_msgs/lslidar_msgs/msg/detail/lslidar_sweep__type_support.hpp
[79.381s] -- Symlinking: /home/sunrise/dev_ws/install/lslidar_msgs/include/lslidar_msgs/lslidar_msgs/msg/lslidar_difop.hpp
[79.423s] -- Symlinking: /home/sunrise/dev_ws/install/lslidar_msgs/include/lslidar_msgs/lslidar_msgs/msg/lslidar_packet.hpp
[79.467s] -- Symlinking: /home/sunrise/dev_ws/install/lslidar_msgs/include/lslidar_msgs/lslidar_msgs/msg/lslidar_point.hpp
[79.510s] -- Symlinking: /home/sunrise/dev_ws/install/lslidar_msgs/include/lslidar_msgs/lslidar_msgs/msg/lslidar_scan.hpp
[79.553s] -- Symlinking: /home/sunrise/dev_ws/install/lslidar_msgs/include/lslidar_msgs/lslidar_msgs/msg/lslidar_sweep.hpp
[79.595s] -- Symlinking: /home/sunrise/dev_ws/install/lslidar_msgs/include/lslidar_msgs/lslidar_msgs/msg/rosidl_generator_cpp__visibility_control.hpp
[79.641s] -- Symlinking: /home/sunrise/dev_ws/install/lslidar_msgs/include/lslidar_msgs/lslidar_msgs/msg/detail/lslidar_difop__rosidl_typesupport_fastrtps_cpp.hpp
[79.683s] -- Symlinking: /home/sunrise/dev_ws/install/lslidar_msgs/include/lslidar_msgs/lslidar_msgs/msg/detail/lslidar_packet__rosidl_typesupport_fastrtps_cpp.hpp
[79.727s] -- Symlinking: /home/sunrise/dev_ws/install/lslidar_msgs/include/lslidar_msgs/lslidar_msgs/msg/detail/lslidar_point__rosidl_typesupport_fastrtps_cpp.hpp
[79.769s] -- Symlinking: /home/sunrise/dev_ws/install/lslidar_msgs/include/lslidar_msgs/lslidar_msgs/msg/detail/lslidar_scan__rosidl_typesupport_fastrtps_cpp.hpp
[79.812s] -- Symlinking: /home/sunrise/dev_ws/install/lslidar_msgs/include/lslidar_msgs/lslidar_msgs/msg/detail/lslidar_sweep__rosidl_typesupport_fastrtps_cpp.hpp
[79.856s] -- Symlinking: /home/sunrise/dev_ws/install/lslidar_msgs/include/lslidar_msgs/lslidar_msgs/msg/rosidl_typesupport_fastrtps_cpp__visibility_control.h
[79.899s] -- Symlinking: /home/sunrise/dev_ws/install/lslidar_msgs/include/lslidar_msgs/lslidar_msgs/msg/detail/lslidar_difop__rosidl_typesupport_introspection_c.h
[79.944s] -- Symlinking: /home/sunrise/dev_ws/install/lslidar_msgs/include/lslidar_msgs/lslidar_msgs/msg/detail/lslidar_packet__rosidl_typesupport_introspection_c.h
[79.988s] -- Symlinking: /home/sunrise/dev_ws/install/lslidar_msgs/include/lslidar_msgs/lslidar_msgs/msg/detail/lslidar_point__rosidl_typesupport_introspection_c.h
[80.030s] -- Symlinking: /home/sunrise/dev_ws/install/lslidar_msgs/include/lslidar_msgs/lslidar_msgs/msg/detail/lslidar_scan__rosidl_typesupport_introspection_c.h
[80.075s] -- Symlinking: /home/sunrise/dev_ws/install/lslidar_msgs/include/lslidar_msgs/lslidar_msgs/msg/detail/lslidar_sweep__rosidl_typesupport_introspection_c.h
[80.117s] -- Symlinking: /home/sunrise/dev_ws/install/lslidar_msgs/include/lslidar_msgs/lslidar_msgs/msg/rosidl_typesupport_introspection_c__visibility_control.h
[80.161s] -- Symlinking: /home/sunrise/dev_ws/install/lslidar_msgs/include/lslidar_msgs/lslidar_msgs/msg/detail/lslidar_difop__rosidl_typesupport_introspection_cpp.hpp
[80.204s] -- Symlinking: /home/sunrise/dev_ws/install/lslidar_msgs/include/lslidar_msgs/lslidar_msgs/msg/detail/lslidar_packet__rosidl_typesupport_introspection_cpp.hpp
[80.249s] -- Symlinking: /home/sunrise/dev_ws/install/lslidar_msgs/include/lslidar_msgs/lslidar_msgs/msg/detail/lslidar_point__rosidl_typesupport_introspection_cpp.hpp
[80.291s] -- Symlinking: /home/sunrise/dev_ws/install/lslidar_msgs/include/lslidar_msgs/lslidar_msgs/msg/detail/lslidar_scan__rosidl_typesupport_introspection_cpp.hpp
[80.334s] -- Symlinking: /home/sunrise/dev_ws/install/lslidar_msgs/include/lslidar_msgs/lslidar_msgs/msg/detail/lslidar_sweep__rosidl_typesupport_introspection_cpp.hpp
[80.378s] -- Symlinking: /home/sunrise/dev_ws/install/lslidar_msgs/share/lslidar_msgs/environment/pythonpath.sh
[80.423s] -- Symlinking: /home/sunrise/dev_ws/install/lslidar_msgs/share/lslidar_msgs/environment/pythonpath.dsv
[80.466s] -- Symlinking: /home/sunrise/dev_ws/install/lslidar_msgs/local/lib/python3.10/dist-packages/lslidar_msgs-1.2.0-py3.10.egg-info/PKG-INFO
[80.510s] -- Symlinking: /home/sunrise/dev_ws/install/lslidar_msgs/local/lib/python3.10/dist-packages/lslidar_msgs-1.2.0-py3.10.egg-info/SOURCES.txt
[80.553s] -- Symlinking: /home/sunrise/dev_ws/install/lslidar_msgs/local/lib/python3.10/dist-packages/lslidar_msgs-1.2.0-py3.10.egg-info/dependency_links.txt
[80.596s] -- Symlinking: /home/sunrise/dev_ws/install/lslidar_msgs/local/lib/python3.10/dist-packages/lslidar_msgs-1.2.0-py3.10.egg-info/top_level.txt
[80.640s] -- Symlinking: /home/sunrise/dev_ws/install/lslidar_msgs/local/lib/python3.10/dist-packages/lslidar_msgs/__init__.py
[80.683s] -- Symlinking: /home/sunrise/dev_ws/install/lslidar_msgs/local/lib/python3.10/dist-packages/lslidar_msgs/_lslidar_msgs_s.ep.rosidl_typesupport_c.c
[80.727s] -- Symlinking: /home/sunrise/dev_ws/install/lslidar_msgs/local/lib/python3.10/dist-packages/lslidar_msgs/_lslidar_msgs_s.ep.rosidl_typesupport_fastrtps_c.c
[80.771s] -- Symlinking: /home/sunrise/dev_ws/install/lslidar_msgs/local/lib/python3.10/dist-packages/lslidar_msgs/_lslidar_msgs_s.ep.rosidl_typesupport_introspection_c.c
[80.812s] -- Symlinking: /home/sunrise/dev_ws/install/lslidar_msgs/local/lib/python3.10/dist-packages/lslidar_msgs/liblslidar_msgs__rosidl_generator_py.so
[80.857s] -- Symlinking: /home/sunrise/dev_ws/install/lslidar_msgs/local/lib/python3.10/dist-packages/lslidar_msgs/lslidar_msgs_s__rosidl_typesupport_c.cpython-310-aarch64-linux-gnu.so
[80.899s] -- Symlinking: /home/sunrise/dev_ws/install/lslidar_msgs/local/lib/python3.10/dist-packages/lslidar_msgs/lslidar_msgs_s__rosidl_typesupport_fastrtps_c.cpython-310-aarch64-linux-gnu.so
[80.942s] -- Symlinking: /home/sunrise/dev_ws/install/lslidar_msgs/local/lib/python3.10/dist-packages/lslidar_msgs/lslidar_msgs_s__rosidl_typesupport_introspection_c.cpython-310-aarch64-linux-gnu.so
[80.987s] -- Symlinking: /home/sunrise/dev_ws/install/lslidar_msgs/local/lib/python3.10/dist-packages/lslidar_msgs/msg/__init__.py
[81.031s] -- Symlinking: /home/sunrise/dev_ws/install/lslidar_msgs/local/lib/python3.10/dist-packages/lslidar_msgs/msg/_lslidar_difop.py
[81.075s] -- Symlinking: /home/sunrise/dev_ws/install/lslidar_msgs/local/lib/python3.10/dist-packages/lslidar_msgs/msg/_lslidar_difop_s.c
[81.117s] -- Symlinking: /home/sunrise/dev_ws/install/lslidar_msgs/local/lib/python3.10/dist-packages/lslidar_msgs/msg/_lslidar_packet.py
[81.161s] -- Symlinking: /home/sunrise/dev_ws/install/lslidar_msgs/local/lib/python3.10/dist-packages/lslidar_msgs/msg/_lslidar_packet_s.c
[81.204s] -- Symlinking: /home/sunrise/dev_ws/install/lslidar_msgs/local/lib/python3.10/dist-packages/lslidar_msgs/msg/_lslidar_point.py
[81.248s] -- Symlinking: /home/sunrise/dev_ws/install/lslidar_msgs/local/lib/python3.10/dist-packages/lslidar_msgs/msg/_lslidar_point_s.c
[81.290s] -- Symlinking: /home/sunrise/dev_ws/install/lslidar_msgs/local/lib/python3.10/dist-packages/lslidar_msgs/msg/_lslidar_scan.py
[81.332s] -- Symlinking: /home/sunrise/dev_ws/install/lslidar_msgs/local/lib/python3.10/dist-packages/lslidar_msgs/msg/_lslidar_scan_s.c
[81.375s] -- Symlinking: /home/sunrise/dev_ws/install/lslidar_msgs/local/lib/python3.10/dist-packages/lslidar_msgs/msg/_lslidar_sweep.py
[81.419s] -- Symlinking: /home/sunrise/dev_ws/install/lslidar_msgs/local/lib/python3.10/dist-packages/lslidar_msgs/msg/_lslidar_sweep_s.c
[81.463s] -- Up-to-date symlink: /home/sunrise/dev_ws/install/lslidar_msgs/local/lib/python3.10/dist-packages/lslidar_msgs/lslidar_msgs_s__rosidl_typesupport_fastrtps_c.cpython-310-aarch64-linux-gnu.so
[81.465s] -- Up-to-date symlink: /home/sunrise/dev_ws/install/lslidar_msgs/local/lib/python3.10/dist-packages/lslidar_msgs/lslidar_msgs_s__rosidl_typesupport_introspection_c.cpython-310-aarch64-linux-gnu.so
[81.466s] -- Up-to-date symlink: /home/sunrise/dev_ws/install/lslidar_msgs/local/lib/python3.10/dist-packages/lslidar_msgs/lslidar_msgs_s__rosidl_typesupport_c.cpython-310-aarch64-linux-gnu.so
[81.467s] -- Symlinking: /home/sunrise/dev_ws/install/lslidar_msgs/share/ament_index/resource_index/rust_packages/lslidar_msgs
[81.511s] -- Symlinking: /home/sunrise/dev_ws/install/lslidar_msgs/share/lslidar_msgs/rust/Cargo.toml
[81.554s] -- Symlinking: /home/sunrise/dev_ws/install/lslidar_msgs/share/lslidar_msgs/rust/build.rs
[81.596s] -- Symlinking: /home/sunrise/dev_ws/install/lslidar_msgs/share/lslidar_msgs/rust/src/lib.rs
[81.641s] -- Symlinking: /home/sunrise/dev_ws/install/lslidar_msgs/share/lslidar_msgs/rust/src/msg.rs
[81.683s] -- Symlinking: /home/sunrise/dev_ws/install/lslidar_msgs/share/lslidar_msgs/rust/src/msg/rmw.rs
[81.728s] -- Symlinking: /home/sunrise/dev_ws/install/lslidar_msgs/share/lslidar_msgs/msg/LslidarDifop.idl
[81.779s] -- Symlinking: /home/sunrise/dev_ws/install/lslidar_msgs/share/lslidar_msgs/msg/LslidarPacket.idl
[81.816s] -- Symlinking: /home/sunrise/dev_ws/install/lslidar_msgs/share/lslidar_msgs/msg/LslidarPoint.idl
[81.859s] -- Symlinking: /home/sunrise/dev_ws/install/lslidar_msgs/share/lslidar_msgs/msg/LslidarScan.idl
[81.904s] -- Symlinking: /home/sunrise/dev_ws/install/lslidar_msgs/share/lslidar_msgs/msg/LslidarSweep.idl
[81.948s] -- Symlinking: /home/sunrise/dev_ws/install/lslidar_msgs/share/lslidar_msgs/msg/LslidarDifop.msg
[81.991s] -- Symlinking: /home/sunrise/dev_ws/install/lslidar_msgs/share/lslidar_msgs/msg/LslidarPacket.msg
[82.033s] -- Symlinking: /home/sunrise/dev_ws/install/lslidar_msgs/share/lslidar_msgs/msg/LslidarPoint.msg
[82.078s] -- Symlinking: /home/sunrise/dev_ws/install/lslidar_msgs/share/lslidar_msgs/msg/LslidarScan.msg
[82.120s] -- Symlinking: /home/sunrise/dev_ws/install/lslidar_msgs/share/lslidar_msgs/msg/LslidarSweep.msg
[82.163s] -- Symlinking: /home/sunrise/dev_ws/install/lslidar_msgs/share/ament_index/resource_index/package_run_dependencies/lslidar_msgs
[82.205s] -- Symlinking: /home/sunrise/dev_ws/install/lslidar_msgs/share/ament_index/resource_index/parent_prefix_path/lslidar_msgs
[82.249s] -- Symlinking: /home/sunrise/dev_ws/install/lslidar_msgs/share/lslidar_msgs/environment/ament_prefix_path.sh
[82.295s] -- Symlinking: /home/sunrise/dev_ws/install/lslidar_msgs/share/lslidar_msgs/environment/ament_prefix_path.dsv
[82.339s] -- Symlinking: /home/sunrise/dev_ws/install/lslidar_msgs/share/lslidar_msgs/environment/path.sh
[82.382s] -- Symlinking: /home/sunrise/dev_ws/install/lslidar_msgs/share/lslidar_msgs/environment/path.dsv
[82.426s] -- Symlinking: /home/sunrise/dev_ws/install/lslidar_msgs/share/lslidar_msgs/local_setup.bash
[82.468s] -- Symlinking: /home/sunrise/dev_ws/install/lslidar_msgs/share/lslidar_msgs/local_setup.sh
[82.514s] -- Symlinking: /home/sunrise/dev_ws/install/lslidar_msgs/share/lslidar_msgs/local_setup.zsh
[82.559s] -- Symlinking: /home/sunrise/dev_ws/install/lslidar_msgs/share/lslidar_msgs/local_setup.dsv
[82.602s] -- Symlinking: /home/sunrise/dev_ws/install/lslidar_msgs/share/lslidar_msgs/package.dsv
[82.645s] -- Symlinking: /home/sunrise/dev_ws/install/lslidar_msgs/share/ament_index/resource_index/packages/lslidar_msgs
[82.689s] -- Symlinking: /home/sunrise/dev_ws/install/lslidar_msgs/share/lslidar_msgs/cmake/rosidl_cmake-extras.cmake
[82.731s] -- Symlinking: /home/sunrise/dev_ws/install/lslidar_msgs/share/lslidar_msgs/cmake/ament_cmake_export_dependencies-extras.cmake
[82.773s] -- Symlinking: /home/sunrise/dev_ws/install/lslidar_msgs/share/lslidar_msgs/cmake/ament_cmake_export_include_directories-extras.cmake
[82.818s] -- Symlinking: /home/sunrise/dev_ws/install/lslidar_msgs/share/lslidar_msgs/cmake/ament_cmake_export_libraries-extras.cmake
[82.861s] -- Symlinking: /home/sunrise/dev_ws/install/lslidar_msgs/share/lslidar_msgs/cmake/ament_cmake_export_targets-extras.cmake
[82.906s] -- Symlinking: /home/sunrise/dev_ws/install/lslidar_msgs/share/lslidar_msgs/cmake/rosidl_cmake_export_typesupport_targets-extras.cmake
[82.948s] -- Symlinking: /home/sunrise/dev_ws/install/lslidar_msgs/share/lslidar_msgs/cmake/rosidl_cmake_export_typesupport_libraries-extras.cmake
[82.991s] -- Symlinking: /home/sunrise/dev_ws/install/lslidar_msgs/share/lslidar_msgs/cmake/lslidar_msgsConfig.cmake
[83.033s] -- Symlinking: /home/sunrise/dev_ws/install/lslidar_msgs/share/lslidar_msgs/cmake/lslidar_msgsConfig-version.cmake
[83.077s] -- Symlinking: /home/sunrise/dev_ws/install/lslidar_msgs/share/lslidar_msgs/package.xml
[83.124s] -- Installing: /home/sunrise/dev_ws/install/lslidar_msgs/lib/liblslidar_msgs__rosidl_generator_c.so
[83.125s] -- Set runtime path of "/home/sunrise/dev_ws/install/lslidar_msgs/lib/liblslidar_msgs__rosidl_generator_c.so" to ""
[83.126s] -- Installing: /home/sunrise/dev_ws/install/lslidar_msgs/lib/liblslidar_msgs__rosidl_typesupport_fastrtps_c.so
[83.127s] -- Set runtime path of "/home/sunrise/dev_ws/install/lslidar_msgs/lib/liblslidar_msgs__rosidl_typesupport_fastrtps_c.so" to ""
[83.128s] -- Installing: /home/sunrise/dev_ws/install/lslidar_msgs/lib/liblslidar_msgs__rosidl_typesupport_fastrtps_cpp.so
[83.130s] -- Set runtime path of "/home/sunrise/dev_ws/install/lslidar_msgs/lib/liblslidar_msgs__rosidl_typesupport_fastrtps_cpp.so" to ""
[83.131s] -- Installing: /home/sunrise/dev_ws/install/lslidar_msgs/lib/liblslidar_msgs__rosidl_typesupport_introspection_c.so
[83.133s] -- Set runtime path of "/home/sunrise/dev_ws/install/lslidar_msgs/lib/liblslidar_msgs__rosidl_typesupport_introspection_c.so" to ""
[83.133s] -- Installing: /home/sunrise/dev_ws/install/lslidar_msgs/lib/liblslidar_msgs__rosidl_typesupport_c.so
[83.135s] -- Set runtime path of "/home/sunrise/dev_ws/install/lslidar_msgs/lib/liblslidar_msgs__rosidl_typesupport_c.so" to ""
[83.136s] -- Installing: /home/sunrise/dev_ws/install/lslidar_msgs/lib/liblslidar_msgs__rosidl_typesupport_introspection_cpp.so
[83.138s] -- Set runtime path of "/home/sunrise/dev_ws/install/lslidar_msgs/lib/liblslidar_msgs__rosidl_typesupport_introspection_cpp.so" to ""
[83.139s] -- Installing: /home/sunrise/dev_ws/install/lslidar_msgs/lib/liblslidar_msgs__rosidl_typesupport_cpp.so
[83.140s] -- Set runtime path of "/home/sunrise/dev_ws/install/lslidar_msgs/lib/liblslidar_msgs__rosidl_typesupport_cpp.so" to ""
[83.491s] Listing '/home/sunrise/dev_ws/install/lslidar_msgs/local/lib/python3.10/dist-packages/lslidar_msgs'...
[83.492s] Compiling '/home/sunrise/dev_ws/install/lslidar_msgs/local/lib/python3.10/dist-packages/lslidar_msgs/__init__.py'...
[83.493s] Listing '/home/sunrise/dev_ws/install/lslidar_msgs/local/lib/python3.10/dist-packages/lslidar_msgs/msg'...
[83.494s] Compiling '/home/sunrise/dev_ws/install/lslidar_msgs/local/lib/python3.10/dist-packages/lslidar_msgs/msg/__init__.py'...
[83.494s] Compiling '/home/sunrise/dev_ws/install/lslidar_msgs/local/lib/python3.10/dist-packages/lslidar_msgs/msg/_lslidar_difop.py'...
[83.495s] Compiling '/home/sunrise/dev_ws/install/lslidar_msgs/local/lib/python3.10/dist-packages/lslidar_msgs/msg/_lslidar_packet.py'...
[83.496s] Compiling '/home/sunrise/dev_ws/install/lslidar_msgs/local/lib/python3.10/dist-packages/lslidar_msgs/msg/_lslidar_point.py'...
[83.496s] Compiling '/home/sunrise/dev_ws/install/lslidar_msgs/local/lib/python3.10/dist-packages/lslidar_msgs/msg/_lslidar_scan.py'...
[83.497s] Compiling '/home/sunrise/dev_ws/install/lslidar_msgs/local/lib/python3.10/dist-packages/lslidar_msgs/msg/_lslidar_sweep.py'...
[83.547s] -- Installing: /home/sunrise/dev_ws/install/lslidar_msgs/lib/liblslidar_msgs__rosidl_generator_py.so
[83.549s] -- Set runtime path of "/home/sunrise/dev_ws/install/lslidar_msgs/lib/liblslidar_msgs__rosidl_generator_py.so" to ""
[83.550s] -- Installing: /home/sunrise/dev_ws/install/lslidar_msgs/share/lslidar_msgs/cmake/export_lslidar_msgs__rosidl_generator_cExport.cmake
[83.551s] -- Installing: /home/sunrise/dev_ws/install/lslidar_msgs/share/lslidar_msgs/cmake/export_lslidar_msgs__rosidl_generator_cExport-noconfig.cmake
[83.551s] -- Installing: /home/sunrise/dev_ws/install/lslidar_msgs/share/lslidar_msgs/cmake/export_lslidar_msgs__rosidl_typesupport_fastrtps_cExport.cmake
[83.552s] -- Installing: /home/sunrise/dev_ws/install/lslidar_msgs/share/lslidar_msgs/cmake/export_lslidar_msgs__rosidl_typesupport_fastrtps_cExport-noconfig.cmake
[83.553s] -- Installing: /home/sunrise/dev_ws/install/lslidar_msgs/share/lslidar_msgs/cmake/export_lslidar_msgs__rosidl_generator_cppExport.cmake
[83.554s] -- Installing: /home/sunrise/dev_ws/install/lslidar_msgs/share/lslidar_msgs/cmake/export_lslidar_msgs__rosidl_typesupport_fastrtps_cppExport.cmake
[83.555s] -- Installing: /home/sunrise/dev_ws/install/lslidar_msgs/share/lslidar_msgs/cmake/export_lslidar_msgs__rosidl_typesupport_fastrtps_cppExport-noconfig.cmake
[83.556s] -- Installing: /home/sunrise/dev_ws/install/lslidar_msgs/share/lslidar_msgs/cmake/lslidar_msgs__rosidl_typesupport_introspection_cExport.cmake
[83.557s] -- Installing: /home/sunrise/dev_ws/install/lslidar_msgs/share/lslidar_msgs/cmake/lslidar_msgs__rosidl_typesupport_introspection_cExport-noconfig.cmake
[83.558s] -- Installing: /home/sunrise/dev_ws/install/lslidar_msgs/share/lslidar_msgs/cmake/lslidar_msgs__rosidl_typesupport_cExport.cmake
[83.559s] -- Installing: /home/sunrise/dev_ws/install/lslidar_msgs/share/lslidar_msgs/cmake/lslidar_msgs__rosidl_typesupport_cExport-noconfig.cmake
[83.560s] -- Installing: /home/sunrise/dev_ws/install/lslidar_msgs/share/lslidar_msgs/cmake/lslidar_msgs__rosidl_typesupport_introspection_cppExport.cmake
[83.560s] -- Installing: /home/sunrise/dev_ws/install/lslidar_msgs/share/lslidar_msgs/cmake/lslidar_msgs__rosidl_typesupport_introspection_cppExport-noconfig.cmake
[83.561s] -- Installing: /home/sunrise/dev_ws/install/lslidar_msgs/share/lslidar_msgs/cmake/lslidar_msgs__rosidl_typesupport_cppExport.cmake
[83.562s] -- Installing: /home/sunrise/dev_ws/install/lslidar_msgs/share/lslidar_msgs/cmake/lslidar_msgs__rosidl_typesupport_cppExport-noconfig.cmake
[83.563s] -- Installing: /home/sunrise/dev_ws/install/lslidar_msgs/share/lslidar_msgs/cmake/export_lslidar_msgs__rosidl_generator_pyExport.cmake
[83.565s] -- Installing: /home/sunrise/dev_ws/install/lslidar_msgs/share/lslidar_msgs/cmake/export_lslidar_msgs__rosidl_generator_pyExport-noconfig.cmake
[83.580s] Invoked command in '/home/sunrise/dev_ws/build/lslidar_msgs' returned '0': CMAKE_PREFIX_PATH=${CMAKE_PREFIX_PATH}:/home/sunrise/dev_ws/install/racing_stage2:/home/sunrise/dev_ws/install/racing_stage1:/home/sunrise/dev_ws/install/qr_scanner:/home/sunrise/dev_ws/install/bno055:/opt/tros/humble:/opt/ros/humble /usr/bin/cmake --install /home/sunrise/dev_ws/build/lslidar_msgs
