[0.083s] Invoking command in '/home/sunrise/dev_ws/build/origincar_base': CMAKE_PREFIX_PATH=/home/sunrise/dev_ws/install/serial:/home/sunrise/dev_ws/install/origincar_msg:/home/sunrise/dev_ws/install/origincar_description:/home/sunrise/dev_ws/install/ackermann_msgs:/home/sunrise/dev_ws/install/voice_driver:/home/sunrise/dev_ws/install/utils:/home/sunrise/dev_ws/install/origincar_base:/home/sunrise/dev_ws/install/origincar_bringup:/home/sunrise/dev_ws/install/lslidar_driver:/home/sunrise/dev_ws/install/lslidar_msgs:/home/sunrise/dev_ws/install/simple_avoidance:/home/sunrise/dev_ws/install/racing_stage2_param_test:/home/sunrise/dev_ws/install/racing_vision_ai:/home/sunrise/dev_ws/install/racing_stage3_param_test:/home/sunrise/dev_ws/install/racing_bringup:/home/sunrise/dev_ws/install/racing_stage3:/home/sunrise/dev_ws/install/line_follower_pkg:/home/sunrise/dev_ws/install/racing_stage2:/home/sunrise/dev_ws/install/racing_stage1:/home/sunrise/dev_ws/install/qr_scanner:/home/sunrise/dev_ws/install/bno055:/opt/tros/humble:/opt/ros/humble LD_LIBRARY_PATH=/home/sunrise/dev_ws/install/origincar_msg/lib:/home/sunrise/dev_ws/install/ackermann_msgs/lib:/home/sunrise/dev_ws/install/voice_driver/lib:/home/sunrise/dev_ws/install/origincar_base/lib:/home/sunrise/dev_ws/install/serial/lib:/home/sunrise/dev_ws/install/lslidar_msgs/lib:/opt/tros/humble/lib/aarch64-linux-gnu:/opt/tros/humble/lib:/opt/ros/humble/opt/rviz_ogre_vendor/lib:/opt/ros/humble/lib/aarch64-linux-gnu:/opt/ros/humble/lib:/usr/hobot/lib:/app/lib:/app/pub/lib:/middleware/lib:/middleware/pub/lib:/usr/hobot/lib/sensor:/system/lib:/system/usr/lib:/lib:/usr/hobot/lib:/app/lib:/app/pub/lib:/middleware/lib:/middleware/pub/lib:/usr/hobot/lib/sensor:/system/lib:/system/usr/lib:/lib /usr/bin/cmake --build /home/sunrise/dev_ws/build/origincar_base -- -j8 -l8
[0.284s] [35m[1mConsolidate compiler generated dependencies of target origincar_base__rosidl_generator_c[0m
[0.298s] [35m[1mConsolidate compiler generated dependencies of target origincar_base_node[0m
[0.350s] [  2%] Built target origincar_base__cpp
[0.351s] [  5%] Built target origincar_base__rs
[0.365s] [ 14%] Built target origincar_base__rosidl_generator_c
[0.405s] [35m[1mConsolidate compiler generated dependencies of target origincar_base__rosidl_typesupport_introspection_cpp[0m
[0.414s] [35m[1mConsolidate compiler generated dependencies of target origincar_base__rosidl_typesupport_fastrtps_cpp[0m
[0.424s] [35m[1mConsolidate compiler generated dependencies of target origincar_base__rosidl_typesupport_cpp[0m
[0.463s] [ 14%] Built target ament_cmake_python_symlink_origincar_base
[0.467s] [35m[1mConsolidate compiler generated dependencies of target origincar_base__rosidl_typesupport_fastrtps_c[0m
[0.476s] [35m[1mConsolidate compiler generated dependencies of target origincar_base__rosidl_typesupport_c[0m
[0.483s] [35m[1mConsolidate compiler generated dependencies of target origincar_base__rosidl_typesupport_introspection_c[0m
[0.516s] [ 22%] Built target origincar_base_node
[0.530s] [ 31%] Built target origincar_base__rosidl_typesupport_introspection_cpp
[0.546s] [ 40%] Built target origincar_base__rosidl_typesupport_fastrtps_cpp
[0.550s] [ 48%] Built target origincar_base__rosidl_typesupport_cpp
[0.565s] [ 57%] Built target origincar_base__rosidl_typesupport_c
[0.574s] [ 65%] Built target origincar_base__rosidl_typesupport_introspection_c
[0.588s] [ 74%] Built target origincar_base__rosidl_typesupport_fastrtps_c
[0.687s] [ 74%] Built target origincar_base
[0.793s] [ 77%] Built target origincar_base__py
[0.844s] [35m[1mConsolidate compiler generated dependencies of target origincar_base__rosidl_generator_py[0m
[0.908s] [ 82%] Built target origincar_base__rosidl_generator_py
[0.958s] [35m[1mConsolidate compiler generated dependencies of target origincar_base__rosidl_typesupport_c__pyext[0m
[0.959s] [35m[1mConsolidate compiler generated dependencies of target origincar_base__rosidl_typesupport_fastrtps_c__pyext[0m
[0.960s] [35m[1mConsolidate compiler generated dependencies of target origincar_base__rosidl_typesupport_introspection_c__pyext[0m
[1.038s] [ 88%] Built target origincar_base__rosidl_typesupport_c__pyext
[1.048s] [100%] Built target origincar_base__rosidl_typesupport_fastrtps_c__pyext
[1.048s] [100%] Built target origincar_base__rosidl_typesupport_introspection_c__pyext
[2.614s] running egg_info
[2.620s] writing origincar_base.egg-info/PKG-INFO
[2.621s] writing dependency_links to origincar_base.egg-info/dependency_links.txt
[2.622s] writing top-level names to origincar_base.egg-info/top_level.txt
[2.637s] reading manifest file 'origincar_base.egg-info/SOURCES.txt'
[2.640s] writing manifest file 'origincar_base.egg-info/SOURCES.txt'
[2.880s] [100%] Built target ament_cmake_python_build_origincar_base_egg
[2.935s] Invoked command in '/home/sunrise/dev_ws/build/origincar_base' returned '0': CMAKE_PREFIX_PATH=/home/sunrise/dev_ws/install/serial:/home/sunrise/dev_ws/install/origincar_msg:/home/sunrise/dev_ws/install/origincar_description:/home/sunrise/dev_ws/install/ackermann_msgs:/home/sunrise/dev_ws/install/voice_driver:/home/sunrise/dev_ws/install/utils:/home/sunrise/dev_ws/install/origincar_base:/home/sunrise/dev_ws/install/origincar_bringup:/home/sunrise/dev_ws/install/lslidar_driver:/home/sunrise/dev_ws/install/lslidar_msgs:/home/sunrise/dev_ws/install/simple_avoidance:/home/sunrise/dev_ws/install/racing_stage2_param_test:/home/sunrise/dev_ws/install/racing_vision_ai:/home/sunrise/dev_ws/install/racing_stage3_param_test:/home/sunrise/dev_ws/install/racing_bringup:/home/sunrise/dev_ws/install/racing_stage3:/home/sunrise/dev_ws/install/line_follower_pkg:/home/sunrise/dev_ws/install/racing_stage2:/home/sunrise/dev_ws/install/racing_stage1:/home/sunrise/dev_ws/install/qr_scanner:/home/sunrise/dev_ws/install/bno055:/opt/tros/humble:/opt/ros/humble LD_LIBRARY_PATH=/home/sunrise/dev_ws/install/origincar_msg/lib:/home/sunrise/dev_ws/install/ackermann_msgs/lib:/home/sunrise/dev_ws/install/voice_driver/lib:/home/sunrise/dev_ws/install/origincar_base/lib:/home/sunrise/dev_ws/install/serial/lib:/home/sunrise/dev_ws/install/lslidar_msgs/lib:/opt/tros/humble/lib/aarch64-linux-gnu:/opt/tros/humble/lib:/opt/ros/humble/opt/rviz_ogre_vendor/lib:/opt/ros/humble/lib/aarch64-linux-gnu:/opt/ros/humble/lib:/usr/hobot/lib:/app/lib:/app/pub/lib:/middleware/lib:/middleware/pub/lib:/usr/hobot/lib/sensor:/system/lib:/system/usr/lib:/lib:/usr/hobot/lib:/app/lib:/app/pub/lib:/middleware/lib:/middleware/pub/lib:/usr/hobot/lib/sensor:/system/lib:/system/usr/lib:/lib /usr/bin/cmake --build /home/sunrise/dev_ws/build/origincar_base -- -j8 -l8
[2.943s] Invoking command in '/home/sunrise/dev_ws/build/origincar_base': CMAKE_PREFIX_PATH=/home/sunrise/dev_ws/install/serial:/home/sunrise/dev_ws/install/origincar_msg:/home/sunrise/dev_ws/install/origincar_description:/home/sunrise/dev_ws/install/ackermann_msgs:/home/sunrise/dev_ws/install/voice_driver:/home/sunrise/dev_ws/install/utils:/home/sunrise/dev_ws/install/origincar_base:/home/sunrise/dev_ws/install/origincar_bringup:/home/sunrise/dev_ws/install/lslidar_driver:/home/sunrise/dev_ws/install/lslidar_msgs:/home/sunrise/dev_ws/install/simple_avoidance:/home/sunrise/dev_ws/install/racing_stage2_param_test:/home/sunrise/dev_ws/install/racing_vision_ai:/home/sunrise/dev_ws/install/racing_stage3_param_test:/home/sunrise/dev_ws/install/racing_bringup:/home/sunrise/dev_ws/install/racing_stage3:/home/sunrise/dev_ws/install/line_follower_pkg:/home/sunrise/dev_ws/install/racing_stage2:/home/sunrise/dev_ws/install/racing_stage1:/home/sunrise/dev_ws/install/qr_scanner:/home/sunrise/dev_ws/install/bno055:/opt/tros/humble:/opt/ros/humble LD_LIBRARY_PATH=/home/sunrise/dev_ws/install/origincar_msg/lib:/home/sunrise/dev_ws/install/ackermann_msgs/lib:/home/sunrise/dev_ws/install/voice_driver/lib:/home/sunrise/dev_ws/install/origincar_base/lib:/home/sunrise/dev_ws/install/serial/lib:/home/sunrise/dev_ws/install/lslidar_msgs/lib:/opt/tros/humble/lib/aarch64-linux-gnu:/opt/tros/humble/lib:/opt/ros/humble/opt/rviz_ogre_vendor/lib:/opt/ros/humble/lib/aarch64-linux-gnu:/opt/ros/humble/lib:/usr/hobot/lib:/app/lib:/app/pub/lib:/middleware/lib:/middleware/pub/lib:/usr/hobot/lib/sensor:/system/lib:/system/usr/lib:/lib:/usr/hobot/lib:/app/lib:/app/pub/lib:/middleware/lib:/middleware/pub/lib:/usr/hobot/lib/sensor:/system/lib:/system/usr/lib:/lib /usr/bin/cmake --install /home/sunrise/dev_ws/build/origincar_base
[2.981s] -- Install configuration: ""
[2.984s] -- Execute custom install script
[2.985s] -- Up-to-date symlink: /home/sunrise/dev_ws/install/origincar_base/share/ament_index/resource_index/rosidl_interfaces/origincar_base
[2.988s] -- Up-to-date symlink: /home/sunrise/dev_ws/install/origincar_base/include/origincar_base/origincar_base/msg/detail/position__functions.h
[2.989s] -- Up-to-date symlink: /home/sunrise/dev_ws/install/origincar_base/include/origincar_base/origincar_base/msg/detail/position__struct.h
[2.989s] -- Up-to-date symlink: /home/sunrise/dev_ws/install/origincar_base/include/origincar_base/origincar_base/msg/detail/position__type_support.h
[2.990s] -- Up-to-date symlink: /home/sunrise/dev_ws/install/origincar_base/include/origincar_base/origincar_base/msg/position.h
[2.991s] -- Up-to-date symlink: /home/sunrise/dev_ws/install/origincar_base/include/origincar_base/origincar_base/msg/rosidl_generator_c__visibility_control.h
[2.991s] -- Up-to-date symlink: /home/sunrise/dev_ws/install/origincar_base/share/origincar_base/environment/library_path.sh
[2.992s] -- Up-to-date symlink: /home/sunrise/dev_ws/install/origincar_base/share/origincar_base/environment/library_path.dsv
[2.994s] -- Up-to-date symlink: /home/sunrise/dev_ws/install/origincar_base/include/origincar_base/origincar_base/msg/detail/position__rosidl_typesupport_fastrtps_c.h
[2.995s] -- Up-to-date symlink: /home/sunrise/dev_ws/install/origincar_base/include/origincar_base/origincar_base/msg/rosidl_typesupport_fastrtps_c__visibility_control.h
[2.997s] -- Up-to-date symlink: /home/sunrise/dev_ws/install/origincar_base/include/origincar_base/origincar_base/msg/detail/position__builder.hpp
[2.997s] -- Up-to-date symlink: /home/sunrise/dev_ws/install/origincar_base/include/origincar_base/origincar_base/msg/detail/position__struct.hpp
[2.998s] -- Up-to-date symlink: /home/sunrise/dev_ws/install/origincar_base/include/origincar_base/origincar_base/msg/detail/position__traits.hpp
[2.999s] -- Up-to-date symlink: /home/sunrise/dev_ws/install/origincar_base/include/origincar_base/origincar_base/msg/detail/position__type_support.hpp
[2.999s] -- Up-to-date symlink: /home/sunrise/dev_ws/install/origincar_base/include/origincar_base/origincar_base/msg/position.hpp
[3.000s] -- Up-to-date symlink: /home/sunrise/dev_ws/install/origincar_base/include/origincar_base/origincar_base/msg/rosidl_generator_cpp__visibility_control.hpp
[3.002s] -- Up-to-date symlink: /home/sunrise/dev_ws/install/origincar_base/include/origincar_base/origincar_base/msg/detail/position__rosidl_typesupport_fastrtps_cpp.hpp
[3.003s] -- Up-to-date symlink: /home/sunrise/dev_ws/install/origincar_base/include/origincar_base/origincar_base/msg/rosidl_typesupport_fastrtps_cpp__visibility_control.h
[3.005s] -- Up-to-date symlink: /home/sunrise/dev_ws/install/origincar_base/include/origincar_base/origincar_base/msg/detail/position__rosidl_typesupport_introspection_c.h
[3.006s] -- Up-to-date symlink: /home/sunrise/dev_ws/install/origincar_base/include/origincar_base/origincar_base/msg/rosidl_typesupport_introspection_c__visibility_control.h
[3.008s] -- Up-to-date symlink: /home/sunrise/dev_ws/install/origincar_base/include/origincar_base/origincar_base/msg/detail/position__rosidl_typesupport_introspection_cpp.hpp
[3.009s] -- Up-to-date symlink: /home/sunrise/dev_ws/install/origincar_base/share/origincar_base/environment/pythonpath.sh
[3.010s] -- Up-to-date symlink: /home/sunrise/dev_ws/install/origincar_base/share/origincar_base/environment/pythonpath.dsv
[3.012s] -- Up-to-date symlink: /home/sunrise/dev_ws/install/origincar_base/local/lib/python3.10/dist-packages/origincar_base-0.0.0-py3.10.egg-info/PKG-INFO
[3.013s] -- Up-to-date symlink: /home/sunrise/dev_ws/install/origincar_base/local/lib/python3.10/dist-packages/origincar_base-0.0.0-py3.10.egg-info/SOURCES.txt
[3.013s] -- Up-to-date symlink: /home/sunrise/dev_ws/install/origincar_base/local/lib/python3.10/dist-packages/origincar_base-0.0.0-py3.10.egg-info/dependency_links.txt
[3.014s] -- Up-to-date symlink: /home/sunrise/dev_ws/install/origincar_base/local/lib/python3.10/dist-packages/origincar_base-0.0.0-py3.10.egg-info/top_level.txt
[3.016s] -- Up-to-date symlink: /home/sunrise/dev_ws/install/origincar_base/local/lib/python3.10/dist-packages/origincar_base/__init__.py
[3.017s] -- Up-to-date symlink: /home/sunrise/dev_ws/install/origincar_base/local/lib/python3.10/dist-packages/origincar_base/_origincar_base_s.ep.rosidl_typesupport_c.c
[3.018s] -- Up-to-date symlink: /home/sunrise/dev_ws/install/origincar_base/local/lib/python3.10/dist-packages/origincar_base/_origincar_base_s.ep.rosidl_typesupport_fastrtps_c.c
[3.019s] -- Up-to-date symlink: /home/sunrise/dev_ws/install/origincar_base/local/lib/python3.10/dist-packages/origincar_base/_origincar_base_s.ep.rosidl_typesupport_introspection_c.c
[3.019s] -- Up-to-date symlink: /home/sunrise/dev_ws/install/origincar_base/local/lib/python3.10/dist-packages/origincar_base/liborigincar_base__rosidl_generator_py.so
[3.020s] -- Up-to-date symlink: /home/sunrise/dev_ws/install/origincar_base/local/lib/python3.10/dist-packages/origincar_base/msg/__init__.py
[3.020s] -- Up-to-date symlink: /home/sunrise/dev_ws/install/origincar_base/local/lib/python3.10/dist-packages/origincar_base/msg/_position.py
[3.021s] -- Up-to-date symlink: /home/sunrise/dev_ws/install/origincar_base/local/lib/python3.10/dist-packages/origincar_base/msg/_position_s.c
[3.022s] -- Up-to-date symlink: /home/sunrise/dev_ws/install/origincar_base/local/lib/python3.10/dist-packages/origincar_base/origincar_base_s__rosidl_typesupport_c.cpython-310-aarch64-linux-gnu.so
[3.022s] -- Up-to-date symlink: /home/sunrise/dev_ws/install/origincar_base/local/lib/python3.10/dist-packages/origincar_base/origincar_base_s__rosidl_typesupport_fastrtps_c.cpython-310-aarch64-linux-gnu.so
[3.023s] -- Up-to-date symlink: /home/sunrise/dev_ws/install/origincar_base/local/lib/python3.10/dist-packages/origincar_base/origincar_base_s__rosidl_typesupport_introspection_c.cpython-310-aarch64-linux-gnu.so
[3.024s] -- Up-to-date symlink: /home/sunrise/dev_ws/install/origincar_base/local/lib/python3.10/dist-packages/origincar_base/origincar_base_s__rosidl_typesupport_fastrtps_c.cpython-310-aarch64-linux-gnu.so
[3.026s] -- Up-to-date symlink: /home/sunrise/dev_ws/install/origincar_base/local/lib/python3.10/dist-packages/origincar_base/origincar_base_s__rosidl_typesupport_introspection_c.cpython-310-aarch64-linux-gnu.so
[3.027s] -- Up-to-date symlink: /home/sunrise/dev_ws/install/origincar_base/local/lib/python3.10/dist-packages/origincar_base/origincar_base_s__rosidl_typesupport_c.cpython-310-aarch64-linux-gnu.so
[3.028s] -- Up-to-date symlink: /home/sunrise/dev_ws/install/origincar_base/share/ament_index/resource_index/rust_packages/origincar_base
[3.030s] -- Up-to-date symlink: /home/sunrise/dev_ws/install/origincar_base/share/origincar_base/rust/Cargo.toml
[3.031s] -- Up-to-date symlink: /home/sunrise/dev_ws/install/origincar_base/share/origincar_base/rust/build.rs
[3.032s] -- Up-to-date symlink: /home/sunrise/dev_ws/install/origincar_base/share/origincar_base/rust/src/lib.rs
[3.033s] -- Up-to-date symlink: /home/sunrise/dev_ws/install/origincar_base/share/origincar_base/rust/src/msg.rs
[3.034s] -- Up-to-date symlink: /home/sunrise/dev_ws/install/origincar_base/share/origincar_base/rust/src/msg/rmw.rs
[3.034s] -- Up-to-date symlink: /home/sunrise/dev_ws/install/origincar_base/share/origincar_base/msg/Position.idl
[3.035s] -- Up-to-date symlink: /home/sunrise/dev_ws/install/origincar_base/share/origincar_base/msg/Position.msg
[3.036s] -- Up-to-date symlink: /home/sunrise/dev_ws/install/origincar_base/lib/origincar_base/cmd_vel_to_ackermann_drive.py
[3.037s] -- Up-to-date symlink: /home/sunrise/dev_ws/install/origincar_base/lib/origincar_base/origincar_base_node
[3.039s] -- Up-to-date symlink: /home/sunrise/dev_ws/install/origincar_base/share/origincar_base/launch/__pycache__/testtwo.launch.cpython-38.pyc
[3.040s] -- Up-to-date symlink: /home/sunrise/dev_ws/install/origincar_base/share/origincar_base/launch/base_serial.launch.py
[3.041s] -- Up-to-date symlink: /home/sunrise/dev_ws/install/origincar_base/share/origincar_base/launch/ekf.launch.py
[3.041s] -- Up-to-date symlink: /home/sunrise/dev_ws/install/origincar_base/share/origincar_base/launch/origincar_bringup.launch.py
[3.042s] -- Up-to-date symlink: /home/sunrise/dev_ws/install/origincar_base/share/origincar_base/launch/robot_mode_description.launch.py
[3.043s] -- Up-to-date symlink: /home/sunrise/dev_ws/install/origincar_base/share/origincar_base/config/ekf.yaml
[3.044s] -- Up-to-date symlink: /home/sunrise/dev_ws/install/origincar_base/share/origincar_base/config/imu.yaml
[3.045s] -- Up-to-date symlink: /home/sunrise/dev_ws/install/origincar_base/share/ament_index/resource_index/package_run_dependencies/origincar_base
[3.046s] -- Up-to-date symlink: /home/sunrise/dev_ws/install/origincar_base/share/ament_index/resource_index/parent_prefix_path/origincar_base
[3.046s] -- Up-to-date symlink: /home/sunrise/dev_ws/install/origincar_base/share/origincar_base/environment/ament_prefix_path.sh
[3.047s] -- Up-to-date symlink: /home/sunrise/dev_ws/install/origincar_base/share/origincar_base/environment/ament_prefix_path.dsv
[3.048s] -- Up-to-date symlink: /home/sunrise/dev_ws/install/origincar_base/share/origincar_base/environment/path.sh
[3.049s] -- Up-to-date symlink: /home/sunrise/dev_ws/install/origincar_base/share/origincar_base/environment/path.dsv
[3.050s] -- Up-to-date symlink: /home/sunrise/dev_ws/install/origincar_base/share/origincar_base/local_setup.bash
[3.051s] -- Up-to-date symlink: /home/sunrise/dev_ws/install/origincar_base/share/origincar_base/local_setup.sh
[3.052s] -- Up-to-date symlink: /home/sunrise/dev_ws/install/origincar_base/share/origincar_base/local_setup.zsh
[3.052s] -- Up-to-date symlink: /home/sunrise/dev_ws/install/origincar_base/share/origincar_base/local_setup.dsv
[3.053s] -- Symlinking: /home/sunrise/dev_ws/install/origincar_base/share/origincar_base/package.dsv
[3.095s] -- Up-to-date symlink: /home/sunrise/dev_ws/install/origincar_base/share/ament_index/resource_index/packages/origincar_base
[3.096s] -- Up-to-date symlink: /home/sunrise/dev_ws/install/origincar_base/share/origincar_base/cmake/rosidl_cmake-extras.cmake
[3.096s] -- Up-to-date symlink: /home/sunrise/dev_ws/install/origincar_base/share/origincar_base/cmake/ament_cmake_export_include_directories-extras.cmake
[3.097s] -- Up-to-date symlink: /home/sunrise/dev_ws/install/origincar_base/share/origincar_base/cmake/ament_cmake_export_libraries-extras.cmake
[3.098s] -- Up-to-date symlink: /home/sunrise/dev_ws/install/origincar_base/share/origincar_base/cmake/ament_cmake_export_targets-extras.cmake
[3.099s] -- Up-to-date symlink: /home/sunrise/dev_ws/install/origincar_base/share/origincar_base/cmake/rosidl_cmake_export_typesupport_targets-extras.cmake
[3.100s] -- Up-to-date symlink: /home/sunrise/dev_ws/install/origincar_base/share/origincar_base/cmake/ament_cmake_export_dependencies-extras.cmake
[3.101s] -- Up-to-date symlink: /home/sunrise/dev_ws/install/origincar_base/share/origincar_base/cmake/rosidl_cmake_export_typesupport_libraries-extras.cmake
[3.102s] -- Up-to-date symlink: /home/sunrise/dev_ws/install/origincar_base/share/origincar_base/cmake/origincar_baseConfig.cmake
[3.103s] -- Up-to-date symlink: /home/sunrise/dev_ws/install/origincar_base/share/origincar_base/cmake/origincar_baseConfig-version.cmake
[3.104s] -- Up-to-date symlink: /home/sunrise/dev_ws/install/origincar_base/share/origincar_base/package.xml
[3.105s] -- Up-to-date: /home/sunrise/dev_ws/install/origincar_base/lib/liborigincar_base__rosidl_generator_c.so
[3.106s] -- Up-to-date: /home/sunrise/dev_ws/install/origincar_base/lib/liborigincar_base__rosidl_typesupport_fastrtps_c.so
[3.108s] -- Up-to-date: /home/sunrise/dev_ws/install/origincar_base/lib/liborigincar_base__rosidl_typesupport_fastrtps_cpp.so
[3.109s] -- Up-to-date: /home/sunrise/dev_ws/install/origincar_base/lib/liborigincar_base__rosidl_typesupport_introspection_c.so
[3.110s] -- Up-to-date: /home/sunrise/dev_ws/install/origincar_base/lib/liborigincar_base__rosidl_typesupport_c.so
[3.112s] -- Up-to-date: /home/sunrise/dev_ws/install/origincar_base/lib/liborigincar_base__rosidl_typesupport_introspection_cpp.so
[3.113s] -- Up-to-date: /home/sunrise/dev_ws/install/origincar_base/lib/liborigincar_base__rosidl_typesupport_cpp.so
[3.429s] Listing '/home/sunrise/dev_ws/install/origincar_base/local/lib/python3.10/dist-packages/origincar_base'...
[3.430s] Listing '/home/sunrise/dev_ws/install/origincar_base/local/lib/python3.10/dist-packages/origincar_base/msg'...
[3.481s] -- Up-to-date: /home/sunrise/dev_ws/install/origincar_base/lib/liborigincar_base__rosidl_generator_py.so
[3.482s] -- Up-to-date: /home/sunrise/dev_ws/install/origincar_base/share/origincar_base/cmake/export_origincar_base__rosidl_generator_cExport.cmake
[3.483s] -- Up-to-date: /home/sunrise/dev_ws/install/origincar_base/share/origincar_base/cmake/export_origincar_base__rosidl_generator_cExport-noconfig.cmake
[3.484s] -- Up-to-date: /home/sunrise/dev_ws/install/origincar_base/share/origincar_base/cmake/export_origincar_base__rosidl_typesupport_fastrtps_cExport.cmake
[3.485s] -- Up-to-date: /home/sunrise/dev_ws/install/origincar_base/share/origincar_base/cmake/export_origincar_base__rosidl_typesupport_fastrtps_cExport-noconfig.cmake
[3.486s] -- Up-to-date: /home/sunrise/dev_ws/install/origincar_base/share/origincar_base/cmake/export_origincar_base__rosidl_generator_cppExport.cmake
[3.487s] -- Up-to-date: /home/sunrise/dev_ws/install/origincar_base/share/origincar_base/cmake/export_origincar_base__rosidl_typesupport_fastrtps_cppExport.cmake
[3.487s] -- Up-to-date: /home/sunrise/dev_ws/install/origincar_base/share/origincar_base/cmake/export_origincar_base__rosidl_typesupport_fastrtps_cppExport-noconfig.cmake
[3.488s] -- Up-to-date: /home/sunrise/dev_ws/install/origincar_base/share/origincar_base/cmake/origincar_base__rosidl_typesupport_introspection_cExport.cmake
[3.489s] -- Up-to-date: /home/sunrise/dev_ws/install/origincar_base/share/origincar_base/cmake/origincar_base__rosidl_typesupport_introspection_cExport-noconfig.cmake
[3.489s] -- Up-to-date: /home/sunrise/dev_ws/install/origincar_base/share/origincar_base/cmake/origincar_base__rosidl_typesupport_cExport.cmake
[3.490s] -- Up-to-date: /home/sunrise/dev_ws/install/origincar_base/share/origincar_base/cmake/origincar_base__rosidl_typesupport_cExport-noconfig.cmake
[3.491s] -- Up-to-date: /home/sunrise/dev_ws/install/origincar_base/share/origincar_base/cmake/origincar_base__rosidl_typesupport_introspection_cppExport.cmake
[3.491s] -- Up-to-date: /home/sunrise/dev_ws/install/origincar_base/share/origincar_base/cmake/origincar_base__rosidl_typesupport_introspection_cppExport-noconfig.cmake
[3.492s] -- Up-to-date: /home/sunrise/dev_ws/install/origincar_base/share/origincar_base/cmake/origincar_base__rosidl_typesupport_cppExport.cmake
[3.493s] -- Up-to-date: /home/sunrise/dev_ws/install/origincar_base/share/origincar_base/cmake/origincar_base__rosidl_typesupport_cppExport-noconfig.cmake
[3.493s] -- Up-to-date: /home/sunrise/dev_ws/install/origincar_base/share/origincar_base/cmake/export_origincar_base__rosidl_generator_pyExport.cmake
[3.494s] -- Up-to-date: /home/sunrise/dev_ws/install/origincar_base/share/origincar_base/cmake/export_origincar_base__rosidl_generator_pyExport-noconfig.cmake
[3.501s] Invoked command in '/home/sunrise/dev_ws/build/origincar_base' returned '0': CMAKE_PREFIX_PATH=/home/sunrise/dev_ws/install/serial:/home/sunrise/dev_ws/install/origincar_msg:/home/sunrise/dev_ws/install/origincar_description:/home/sunrise/dev_ws/install/ackermann_msgs:/home/sunrise/dev_ws/install/voice_driver:/home/sunrise/dev_ws/install/utils:/home/sunrise/dev_ws/install/origincar_base:/home/sunrise/dev_ws/install/origincar_bringup:/home/sunrise/dev_ws/install/lslidar_driver:/home/sunrise/dev_ws/install/lslidar_msgs:/home/sunrise/dev_ws/install/simple_avoidance:/home/sunrise/dev_ws/install/racing_stage2_param_test:/home/sunrise/dev_ws/install/racing_vision_ai:/home/sunrise/dev_ws/install/racing_stage3_param_test:/home/sunrise/dev_ws/install/racing_bringup:/home/sunrise/dev_ws/install/racing_stage3:/home/sunrise/dev_ws/install/line_follower_pkg:/home/sunrise/dev_ws/install/racing_stage2:/home/sunrise/dev_ws/install/racing_stage1:/home/sunrise/dev_ws/install/qr_scanner:/home/sunrise/dev_ws/install/bno055:/opt/tros/humble:/opt/ros/humble LD_LIBRARY_PATH=/home/sunrise/dev_ws/install/origincar_msg/lib:/home/sunrise/dev_ws/install/ackermann_msgs/lib:/home/sunrise/dev_ws/install/voice_driver/lib:/home/sunrise/dev_ws/install/origincar_base/lib:/home/sunrise/dev_ws/install/serial/lib:/home/sunrise/dev_ws/install/lslidar_msgs/lib:/opt/tros/humble/lib/aarch64-linux-gnu:/opt/tros/humble/lib:/opt/ros/humble/opt/rviz_ogre_vendor/lib:/opt/ros/humble/lib/aarch64-linux-gnu:/opt/ros/humble/lib:/usr/hobot/lib:/app/lib:/app/pub/lib:/middleware/lib:/middleware/pub/lib:/usr/hobot/lib/sensor:/system/lib:/system/usr/lib:/lib:/usr/hobot/lib:/app/lib:/app/pub/lib:/middleware/lib:/middleware/pub/lib:/usr/hobot/lib/sensor:/system/lib:/system/usr/lib:/lib /usr/bin/cmake --install /home/sunrise/dev_ws/build/origincar_base
