[2.337s] Invoking command in '/home/sunrise/dev_ws/build/serial': CMAKE_PREFIX_PATH=${CMAKE_PREFIX_PATH}:/home/sunrise/dev_ws/install/simple_avoidance:/home/sunrise/dev_ws/install/racing_stage2_param_test:/home/sunrise/dev_ws/install/racing_vision_ai:/home/sunrise/dev_ws/install/racing_stage3_param_test:/home/sunrise/dev_ws/install/racing_bringup:/home/sunrise/dev_ws/install/racing_stage3:/home/sunrise/dev_ws/install/racing_stage2:/home/sunrise/dev_ws/install/racing_stage1:/home/sunrise/dev_ws/install/qr_scanner:/home/sunrise/dev_ws/install/line_follower_pkg:/home/sunrise/dev_ws/install/bno055:/opt/tros/humble:/opt/ros/humble /usr/bin/cmake --build /home/sunrise/dev_ws/build/serial -- -j8 -l8
[5.384s] [100%] Built target serial
[5.412s] Invoked command in '/home/sunrise/dev_ws/build/serial' returned '0': CMAKE_PREFIX_PATH=${CMAKE_PREFIX_PATH}:/home/sunrise/dev_ws/install/simple_avoidance:/home/sunrise/dev_ws/install/racing_stage2_param_test:/home/sunrise/dev_ws/install/racing_vision_ai:/home/sunrise/dev_ws/install/racing_stage3_param_test:/home/sunrise/dev_ws/install/racing_bringup:/home/sunrise/dev_ws/install/racing_stage3:/home/sunrise/dev_ws/install/racing_stage2:/home/sunrise/dev_ws/install/racing_stage1:/home/sunrise/dev_ws/install/qr_scanner:/home/sunrise/dev_ws/install/line_follower_pkg:/home/sunrise/dev_ws/install/bno055:/opt/tros/humble:/opt/ros/humble /usr/bin/cmake --build /home/sunrise/dev_ws/build/serial -- -j8 -l8
[5.421s] Invoking command in '/home/sunrise/dev_ws/build/serial': CMAKE_PREFIX_PATH=${CMAKE_PREFIX_PATH}:/home/sunrise/dev_ws/install/simple_avoidance:/home/sunrise/dev_ws/install/racing_stage2_param_test:/home/sunrise/dev_ws/install/racing_vision_ai:/home/sunrise/dev_ws/install/racing_stage3_param_test:/home/sunrise/dev_ws/install/racing_bringup:/home/sunrise/dev_ws/install/racing_stage3:/home/sunrise/dev_ws/install/racing_stage2:/home/sunrise/dev_ws/install/racing_stage1:/home/sunrise/dev_ws/install/qr_scanner:/home/sunrise/dev_ws/install/line_follower_pkg:/home/sunrise/dev_ws/install/bno055:/opt/tros/humble:/opt/ros/humble /usr/bin/cmake --install /home/sunrise/dev_ws/build/serial
[5.517s] -- Install configuration: ""
[5.518s] -- Execute custom install script
[5.527s] -- Up-to-date symlink: /home/sunrise/dev_ws/install/serial/lib/libserial.a
[5.529s] -- Up-to-date symlink: /home/sunrise/dev_ws/install/serial/share/serial/environment/library_path.sh
[5.531s] -- Up-to-date symlink: /home/sunrise/dev_ws/install/serial/share/serial/environment/library_path.dsv
[5.532s] -- Up-to-date symlink: /home/sunrise/dev_ws/install/serial/include/serial/impl/unix.h
[5.533s] -- Up-to-date symlink: /home/sunrise/dev_ws/install/serial/include/serial/impl/win.h
[5.534s] -- Up-to-date symlink: /home/sunrise/dev_ws/install/serial/include/serial/serial.h
[5.537s] -- Up-to-date symlink: /home/sunrise/dev_ws/install/serial/include/serial/v8stdint.h
[5.567s] -- Up-to-date symlink: /home/sunrise/dev_ws/install/serial/share/ament_index/resource_index/package_run_dependencies/serial
[5.570s] -- Up-to-date symlink: /home/sunrise/dev_ws/install/serial/share/ament_index/resource_index/parent_prefix_path/serial
[5.573s] -- Up-to-date symlink: /home/sunrise/dev_ws/install/serial/share/serial/environment/ament_prefix_path.sh
[5.575s] -- Up-to-date symlink: /home/sunrise/dev_ws/install/serial/share/serial/environment/ament_prefix_path.dsv
[5.598s] -- Up-to-date symlink: /home/sunrise/dev_ws/install/serial/share/serial/environment/path.sh
[5.598s] -- Up-to-date symlink: /home/sunrise/dev_ws/install/serial/share/serial/environment/path.dsv
[5.605s] -- Up-to-date symlink: /home/sunrise/dev_ws/install/serial/share/serial/local_setup.bash
[5.606s] -- Up-to-date symlink: /home/sunrise/dev_ws/install/serial/share/serial/local_setup.sh
[5.607s] -- Up-to-date symlink: /home/sunrise/dev_ws/install/serial/share/serial/local_setup.zsh
[5.608s] -- Up-to-date symlink: /home/sunrise/dev_ws/install/serial/share/serial/local_setup.dsv
[5.609s] -- Symlinking: /home/sunrise/dev_ws/install/serial/share/serial/package.dsv
[5.628s] -- Up-to-date symlink: /home/sunrise/dev_ws/install/serial/share/ament_index/resource_index/packages/serial
[5.629s] -- Up-to-date symlink: /home/sunrise/dev_ws/install/serial/share/serial/cmake/ament_cmake_export_include_directories-extras.cmake
[5.630s] -- Up-to-date symlink: /home/sunrise/dev_ws/install/serial/share/serial/cmake/ament_cmake_export_libraries-extras.cmake
[5.631s] -- Up-to-date symlink: /home/sunrise/dev_ws/install/serial/share/serial/cmake/ament_cmake_export_dependencies-extras.cmake
[5.638s] -- Up-to-date symlink: /home/sunrise/dev_ws/install/serial/share/serial/cmake/serialConfig.cmake
[5.640s] -- Up-to-date symlink: /home/sunrise/dev_ws/install/serial/share/serial/cmake/serialConfig-version.cmake
[5.641s] -- Up-to-date symlink: /home/sunrise/dev_ws/install/serial/share/serial/package.xml
[5.758s] Invoked command in '/home/sunrise/dev_ws/build/serial' returned '0': CMAKE_PREFIX_PATH=${CMAKE_PREFIX_PATH}:/home/sunrise/dev_ws/install/simple_avoidance:/home/sunrise/dev_ws/install/racing_stage2_param_test:/home/sunrise/dev_ws/install/racing_vision_ai:/home/sunrise/dev_ws/install/racing_stage3_param_test:/home/sunrise/dev_ws/install/racing_bringup:/home/sunrise/dev_ws/install/racing_stage3:/home/sunrise/dev_ws/install/racing_stage2:/home/sunrise/dev_ws/install/racing_stage1:/home/sunrise/dev_ws/install/qr_scanner:/home/sunrise/dev_ws/install/line_follower_pkg:/home/sunrise/dev_ws/install/bno055:/opt/tros/humble:/opt/ros/humble /usr/bin/cmake --install /home/sunrise/dev_ws/build/serial
