[0.000000] (-) TimerEvent: {}
[0.000443] (-) JobUnselected: {'identifier': 'ackermann_msgs'}
[0.001073] (-) JobUnselected: {'identifier': 'bno055'}
[0.002086] (-) JobUnselected: {'identifier': 'line_follower_pkg'}
[0.002813] (-) JobUnselected: {'identifier': 'lslidar_driver'}
[0.003604] (-) JobUnselected: {'identifier': 'lslidar_msgs'}
[0.003835] (-) JobUnselected: {'identifier': 'origincar_base'}
[0.004025] (-) JobUnselected: {'identifier': 'origincar_bringup'}
[0.004213] (-) JobUnselected: {'identifier': 'origincar_description'}
[0.004402] (-) JobUnselected: {'identifier': 'origincar_msg'}
[0.004589] (-) JobUnselected: {'identifier': 'qr_scanner'}
[0.004775] (-) JobUnselected: {'identifier': 'racing_bringup'}
[0.004963] (-) JobUnselected: {'identifier': 'racing_stage1'}
[0.005216] (-) JobUnselected: {'identifier': 'racing_stage2'}
[0.005404] (-) JobUnselected: {'identifier': 'racing_stage3'}
[0.005590] (-) JobUnselected: {'identifier': 'racing_stage3_param_test'}
[0.005774] (-) JobUnselected: {'identifier': 'racing_vision_ai'}
[0.005958] (-) JobUnselected: {'identifier': 'serial'}
[0.006143] (-) JobUnselected: {'identifier': 'simple_avoidance'}
[0.006334] (-) JobUnselected: {'identifier': 'utils'}
[0.006524] (-) JobUnselected: {'identifier': 'voice_driver'}
[0.006720] (racing_stage2_param_test) JobQueued: {'identifier': 'racing_stage2_param_test', 'dependencies': OrderedDict([('ackermann_msgs', '/home/sunrise/dev_ws/install/ackermann_msgs'), ('bno055', '/home/sunrise/dev_ws/install/bno055'), ('lslidar_msgs', '/home/sunrise/dev_ws/install/lslidar_msgs'), ('origincar_bringup', '/home/sunrise/dev_ws/install/origincar_bringup'), ('origincar_description', '/home/sunrise/dev_ws/install/origincar_description'), ('origincar_msg', '/home/sunrise/dev_ws/install/origincar_msg'), ('qr_scanner', '/home/sunrise/dev_ws/install/qr_scanner'), ('serial', '/home/sunrise/dev_ws/install/serial'), ('lslidar_driver', '/home/sunrise/dev_ws/install/lslidar_driver'), ('origincar_base', '/home/sunrise/dev_ws/install/origincar_base'), ('racing_stage1', '/home/sunrise/dev_ws/install/racing_stage1'), ('racing_stage2', '/home/sunrise/dev_ws/install/racing_stage2')])}
[0.007000] (racing_stage2_param_test) JobStarted: {'identifier': 'racing_stage2_param_test'}
[0.098723] (-) TimerEvent: {}
[0.199206] (-) TimerEvent: {}
[0.299670] (-) TimerEvent: {}
[0.400148] (-) TimerEvent: {}
[0.500689] (-) TimerEvent: {}
[0.601177] (-) TimerEvent: {}
[0.701672] (-) TimerEvent: {}
[0.802205] (-) TimerEvent: {}
[0.902718] (-) TimerEvent: {}
[1.003221] (-) TimerEvent: {}
[1.103709] (-) TimerEvent: {}
[1.204206] (-) TimerEvent: {}
[1.304704] (-) TimerEvent: {}
[1.405204] (-) TimerEvent: {}
[1.505671] (-) TimerEvent: {}
[1.606133] (-) TimerEvent: {}
[1.706597] (-) TimerEvent: {}
[1.807092] (-) TimerEvent: {}
[1.907576] (-) TimerEvent: {}
[2.008057] (-) TimerEvent: {}
[2.108574] (-) TimerEvent: {}
[2.209133] (-) TimerEvent: {}
[2.309684] (-) TimerEvent: {}
[2.410169] (-) TimerEvent: {}
[2.510711] (-) TimerEvent: {}
[2.611173] (-) TimerEvent: {}
[2.711658] (-) TimerEvent: {}
[2.812136] (-) TimerEvent: {}
[2.912607] (-) TimerEvent: {}
[3.013092] (-) TimerEvent: {}
[3.113567] (-) TimerEvent: {}
[3.214049] (-) TimerEvent: {}
[3.314529] (-) TimerEvent: {}
[3.415019] (-) TimerEvent: {}
[3.515509] (-) TimerEvent: {}
[3.615977] (-) TimerEvent: {}
[3.716457] (-) TimerEvent: {}
[3.816926] (-) TimerEvent: {}
[3.917384] (-) TimerEvent: {}
[4.017838] (-) TimerEvent: {}
[4.118296] (-) TimerEvent: {}
[4.218748] (-) TimerEvent: {}
[4.319213] (-) TimerEvent: {}
[4.419678] (-) TimerEvent: {}
[4.520142] (-) TimerEvent: {}
[4.620654] (-) TimerEvent: {}
[4.721097] (-) TimerEvent: {}
[4.821538] (-) TimerEvent: {}
[4.922021] (-) TimerEvent: {}
[5.022539] (-) TimerEvent: {}
[5.123061] (-) TimerEvent: {}
[5.177128] (racing_stage2_param_test) Command: {'cmd': ['/usr/bin/python3', '-W', 'ignore:setup.py install is deprecated', '-W', 'ignore:easy_install command is deprecated', 'setup.py', 'develop', '--editable', '--build-directory', '/home/sunrise/dev_ws/build/racing_stage2_param_test/build', '--no-deps', 'symlink_data'], 'cwd': '/home/sunrise/dev_ws/build/racing_stage2_param_test', 'env': {'VSCODE_CWD': '/home/sunrise', 'VSCODE_ESM_ENTRYPOINT': 'vs/workbench/api/node/extensionHostProcess', 'LANGUAGE': 'en_US.UTF-8', 'USER': 'sunrise', 'SSH_CLIENT': '10.119.156.1 35775 22', 'VSCODE_NLS_CONFIG': '{"userLocale":"en","osLocale":"en","resolvedLanguage":"en","defaultMessagesFile":"/home/sunrise/.cursor-server/bin/linux-arm64/aac81804b986d739acab348ed96b8bea6e83cc50/out/nls.messages.json","locale":"en","availableLanguages":{}}', 'VSCODE_HANDLES_UNCAUGHT_ERRORS': 'true', 'XDG_SESSION_TYPE': 'tty', 'SHLVL': '0', 'LD_LIBRARY_PATH': '/home/sunrise/dev_ws/install/origincar_base/lib:/home/sunrise/dev_ws/install/origincar_msg/lib:/home/sunrise/dev_ws/install/lslidar_msgs/lib:/home/sunrise/dev_ws/install/ackermann_msgs/lib:/home/sunrise/dev_ws/install/voice_driver/lib:/usr/hobot/lib:/app/lib:/app/pub/lib:/middleware/lib:/middleware/pub/lib:/usr/hobot/lib/sensor:/system/lib:/system/usr/lib:/lib:/home/sunrise/dev_ws/install/serial/lib:/opt/tros/humble/lib/aarch64-linux-gnu:/opt/tros/humble/lib:/opt/ros/humble/opt/rviz_ogre_vendor/lib:/opt/ros/humble/lib/aarch64-linux-gnu:/opt/ros/humble/lib:/usr/hobot/lib:/app/lib:/app/pub/lib:/middleware/lib:/middleware/pub/lib:/usr/hobot/lib/sensor:/system/lib:/system/usr/lib:/lib:/usr/hobot/lib:/app/lib:/app/pub/lib:/middleware/lib:/middleware/pub/lib:/usr/hobot/lib/sensor:/system/lib:/system/usr/lib:/lib', 'BROWSER': '/home/sunrise/.cursor-server/bin/linux-arm64/aac81804b986d739acab348ed96b8bea6e83cc50/bin/helpers/browser.sh', 'MOTD_SHOWN': 'pam', 'HOME': '/home/sunrise', 'OLDPWD': '/home/sunrise/dev_ws', 'VSCODE_IPC_HOOK_CLI': '/run/user/1000/vscode-ipc-4d22c997-93ab-4d22-a85f-80a1014e6439.sock', 'ROS_PYTHON_VERSION': '3', 'NO_COLOR': '1', 'DBUS_SESSION_BUS_ADDRESS': 'unix:path=/run/user/1000/bus', 'TROS_DISTRO': 'humble', 'VSCODE_L10N_BUNDLE_LOCATION': '', 'COLCON_PREFIX_PATH': '/home/sunrise/dev_ws/install', 'ROS_DISTRO': 'humble', 'OVSX_REGISTRY_URL': 'https://open-vsx.org', 'LOGNAME': 'sunrise', 'FORCE_COLOR': '0', 'VSCODE_HANDLES_SIGPIPE': 'true', '_': '/usr/bin/colcon', 'ROS_VERSION': '2', 'CURSOR_LAYOUT': 'unifiedAgent', 'XDG_SESSION_CLASS': 'user', 'TERM': 'dumb', 'XDG_SESSION_ID': '3', 'ROS_LOCALHOST_ONLY': '0', 'PATH': '/home/sunrise/.local/bin:/usr/hobot/bin/:/home/sunrise/.cursor-server/bin/linux-arm64/aac81804b986d739acab348ed96b8bea6e83cc50:/home/sunrise/.cursor-server/bin/linux-arm64/aac81804b986d739acab348ed96b8bea6e83cc50/bin/remote-cli:/home/sunrise/.local/bin:/opt/tros/humble/bin:/opt/ros/humble/bin:/usr/hobot/bin/:/home/sunrise/.cursor-server/bin/linux-arm64/aac81804b986d739acab348ed96b8bea6e83cc50/bin/remote-cli:/home/sunrise/.local/bin:/usr/hobot/bin/:/usr/local/sbin:/usr/local/bin:/usr/sbin:/usr/bin:/sbin:/bin:/usr/games:/usr/local/games:/snap/bin', 'VSCODE_AGENT_FOLDER': '/home/sunrise/.cursor-server', 'XDG_RUNTIME_DIR': '/run/user/1000', 'CURSOR_AGENT': '1', 'LANG': 'en_US.UTF-8', 'LS_COLORS': '', 'AMENT_PREFIX_PATH': '/home/sunrise/dev_ws/install/racing_stage2:/home/sunrise/dev_ws/install/racing_stage1:/home/sunrise/dev_ws/install/qr_scanner:/home/sunrise/dev_ws/install/bno055:/home/sunrise/dev_ws/install/voice_driver:/home/sunrise/dev_ws/install/utils:/home/sunrise/dev_ws/install/simple_avoidance:/home/sunrise/dev_ws/install/racing_vision_ai:/home/sunrise/dev_ws/install/racing_stage3_param_test:/home/sunrise/dev_ws/install/racing_bringup:/home/sunrise/dev_ws/install/racing_stage3:/home/sunrise/dev_ws/install/line_follower_pkg:/home/sunrise/dev_ws/install/origincar_base:/home/sunrise/dev_ws/install/serial:/home/sunrise/dev_ws/install/origincar_msg:/home/sunrise/dev_ws/install/origincar_description:/home/sunrise/dev_ws/install/origincar_bringup:/home/sunrise/dev_ws/install/lslidar_driver:/home/sunrise/dev_ws/install/lslidar_msgs:/home/sunrise/dev_ws/install/ackermann_msgs:/opt/tros/humble:/opt/ros/humble', 'SHELL': '/bin/bash', 'VSCODE_SERVER_SHUTDOWN_TIMEOUT': '300', 'PWD': '/home/sunrise/dev_ws/build/racing_stage2_param_test', 'SSH_CONNECTION': '10.119.156.1 35775 10.119.156.8 22', 'PYTHONPATH': '/home/sunrise/dev_ws/build/racing_stage2_param_test/prefix_override:/usr/lib/python3/dist-packages/colcon_core/task/python/colcon_distutils_commands:/home/sunrise/dev_ws/install/racing_stage2_param_test/lib/python3.10/site-packages:/home/sunrise/dev_ws/build/racing_stage2:/home/sunrise/dev_ws/install/racing_stage2/lib/python3.10/site-packages:/home/sunrise/dev_ws/build/racing_stage1:/home/sunrise/dev_ws/install/racing_stage1/lib/python3.10/site-packages:/home/sunrise/dev_ws/build/qr_scanner:/home/sunrise/dev_ws/install/qr_scanner/lib/python3.10/site-packages:/home/sunrise/dev_ws/build/bno055:/home/sunrise/dev_ws/install/bno055/lib/python3.10/site-packages:/home/sunrise/dev_ws/install/voice_driver/local/lib/python3.10/dist-packages:/home/sunrise/dev_ws/build/simple_avoidance:/home/sunrise/dev_ws/install/simple_avoidance/lib/python3.10/site-packages:/home/sunrise/dev_ws/build/racing_vision_ai:/home/sunrise/dev_ws/install/racing_vision_ai/lib/python3.10/site-packages:/home/sunrise/dev_ws/build/racing_stage3_param_test:/home/sunrise/dev_ws/install/racing_stage3_param_test/lib/python3.10/site-packages:/home/sunrise/dev_ws/build/racing_bringup:/home/sunrise/dev_ws/install/racing_bringup/lib/python3.10/site-packages:/home/sunrise/dev_ws/build/racing_stage3:/home/sunrise/dev_ws/install/racing_stage3/lib/python3.10/site-packages:/home/sunrise/dev_ws/build/line_follower_pkg:/home/sunrise/dev_ws/install/line_follower_pkg/lib/python3.10/site-packages:/home/sunrise/dev_ws/install/origincar_base/local/lib/python3.10/dist-packages:/home/sunrise/dev_ws/build/racing_stage2_param_test:/home/sunrise/dev_ws/install/racing_stage2_param_test/lib/python3.10/site-packages:/home/sunrise/dev_ws/install/origincar_msg/local/lib/python3.10/dist-packages:/home/sunrise/dev_ws/install/lslidar_msgs/local/lib/python3.10/dist-packages:/home/sunrise/dev_ws/install/ackermann_msgs/local/lib/python3.10/dist-packages:/opt/tros/humble/lib/python3.10/site-packages:/opt/tros/humble/local/lib/python3.10/dist-packages:/opt/ros/humble/lib/python3.10/site-packages:/opt/ros/humble/local/lib/python3.10/dist-packages', 'COLCON': '1', '_ZO_DOCTOR': '0', 'CMAKE_PREFIX_PATH': '/home/sunrise/dev_ws/install/origincar_base:/home/sunrise/dev_ws/install/lslidar_driver:/home/sunrise/dev_ws/install/serial:/home/sunrise/dev_ws/install/origincar_msg:/home/sunrise/dev_ws/install/origincar_description:/home/sunrise/dev_ws/install/origincar_bringup:/home/sunrise/dev_ws/install/lslidar_msgs:/home/sunrise/dev_ws/install/ackermann_msgs:/home/sunrise/dev_ws/install/voice_driver:/home/sunrise/dev_ws/install/utils'}, 'shell': False}
[5.223216] (-) TimerEvent: {}
[5.323675] (-) TimerEvent: {}
[5.424165] (-) TimerEvent: {}
[5.524637] (-) TimerEvent: {}
[5.625107] (-) TimerEvent: {}
[5.725587] (-) TimerEvent: {}
[5.826074] (-) TimerEvent: {}
[5.926558] (-) TimerEvent: {}
[6.027043] (-) TimerEvent: {}
[6.127512] (-) TimerEvent: {}
[6.227995] (-) TimerEvent: {}
[6.328473] (-) TimerEvent: {}
[6.428943] (-) TimerEvent: {}
[6.529424] (-) TimerEvent: {}
[6.629911] (-) TimerEvent: {}
[6.730426] (-) TimerEvent: {}
[6.830923] (-) TimerEvent: {}
[6.931416] (-) TimerEvent: {}
[7.031881] (-) TimerEvent: {}
[7.132397] (-) TimerEvent: {}
[7.232922] (-) TimerEvent: {}
[7.259773] (racing_stage2_param_test) StdoutLine: {'line': b'running develop\n'}
[7.333109] (-) TimerEvent: {}
[7.433544] (-) TimerEvent: {}
[7.534005] (-) TimerEvent: {}
[7.634454] (-) TimerEvent: {}
[7.734913] (-) TimerEvent: {}
[7.835377] (-) TimerEvent: {}
[7.935806] (-) TimerEvent: {}
[8.036267] (-) TimerEvent: {}
[8.136721] (-) TimerEvent: {}
[8.237190] (-) TimerEvent: {}
[8.337674] (-) TimerEvent: {}
[8.438171] (-) TimerEvent: {}
[8.538630] (-) TimerEvent: {}
[8.603821] (racing_stage2_param_test) StdoutLine: {'line': b'running egg_info\n'}
[8.604659] (racing_stage2_param_test) StdoutLine: {'line': b'creating racing_stage2_param_test.egg-info\n'}
[8.605637] (racing_stage2_param_test) StdoutLine: {'line': b'writing racing_stage2_param_test.egg-info/PKG-INFO\n'}
[8.606749] (racing_stage2_param_test) StdoutLine: {'line': b'writing dependency_links to racing_stage2_param_test.egg-info/dependency_links.txt\n'}
[8.607769] (racing_stage2_param_test) StdoutLine: {'line': b'writing entry points to racing_stage2_param_test.egg-info/entry_points.txt\n'}
[8.609025] (racing_stage2_param_test) StdoutLine: {'line': b'writing requirements to racing_stage2_param_test.egg-info/requires.txt\n'}
[8.609683] (racing_stage2_param_test) StdoutLine: {'line': b'writing top-level names to racing_stage2_param_test.egg-info/top_level.txt\n'}
[8.610987] (racing_stage2_param_test) StdoutLine: {'line': b"writing manifest file 'racing_stage2_param_test.egg-info/SOURCES.txt'\n"}
[8.621716] (racing_stage2_param_test) StdoutLine: {'line': b"reading manifest file 'racing_stage2_param_test.egg-info/SOURCES.txt'\n"}
[8.625900] (racing_stage2_param_test) StdoutLine: {'line': b"writing manifest file 'racing_stage2_param_test.egg-info/SOURCES.txt'\n"}
[8.638569] (racing_stage2_param_test) StdoutLine: {'line': b'running build_ext\n'}
[8.639441] (-) TimerEvent: {}
[8.640062] (racing_stage2_param_test) StdoutLine: {'line': b'Creating /home/sunrise/dev_ws/install/racing_stage2_param_test/lib/python3.10/site-packages/racing-stage2-param-test.egg-link (link to .)\n'}
[8.645267] (racing_stage2_param_test) StdoutLine: {'line': b'Installing avoidance_straight_tester script to /home/sunrise/dev_ws/install/racing_stage2_param_test/lib/racing_stage2_param_test\n'}
[8.646369] (racing_stage2_param_test) StdoutLine: {'line': b'Installing direct_inertial_tester script to /home/sunrise/dev_ws/install/racing_stage2_param_test/lib/racing_stage2_param_test\n'}
[8.647356] (racing_stage2_param_test) StdoutLine: {'line': b'Installing twist_cmd_relay script to /home/sunrise/dev_ws/install/racing_stage2_param_test/lib/racing_stage2_param_test\n'}
[8.648636] (racing_stage2_param_test) StdoutLine: {'line': b'\n'}
[8.650018] (racing_stage2_param_test) StdoutLine: {'line': b'Installed /home/sunrise/dev_ws/build/racing_stage2_param_test\n'}
[8.651503] (racing_stage2_param_test) StdoutLine: {'line': b'running symlink_data\n'}
[8.652908] (racing_stage2_param_test) StdoutLine: {'line': b'creating /home/sunrise/dev_ws/install/racing_stage2_param_test/share/ament_index\n'}
[8.653857] (racing_stage2_param_test) StdoutLine: {'line': b'creating /home/sunrise/dev_ws/install/racing_stage2_param_test/share/ament_index/resource_index\n'}
[8.654489] (racing_stage2_param_test) StdoutLine: {'line': b'creating /home/sunrise/dev_ws/install/racing_stage2_param_test/share/ament_index/resource_index/packages\n'}
[8.655093] (racing_stage2_param_test) StdoutLine: {'line': b'symbolically linking /home/sunrise/dev_ws/build/racing_stage2_param_test/resource/racing_stage2_param_test -> /home/sunrise/dev_ws/install/racing_stage2_param_test/share/ament_index/resource_index/packages\n'}
[8.655684] (racing_stage2_param_test) StdoutLine: {'line': b'symbolically linking /home/sunrise/dev_ws/build/racing_stage2_param_test/package.xml -> /home/sunrise/dev_ws/install/racing_stage2_param_test/share/racing_stage2_param_test\n'}
[8.656259] (racing_stage2_param_test) StdoutLine: {'line': b'creating /home/sunrise/dev_ws/install/racing_stage2_param_test/share/racing_stage2_param_test/launch\n'}
[8.656820] (racing_stage2_param_test) StdoutLine: {'line': b'symbolically linking /home/sunrise/dev_ws/build/racing_stage2_param_test/launch/direct_inertial_test.launch.py -> /home/sunrise/dev_ws/install/racing_stage2_param_test/share/racing_stage2_param_test/launch\n'}
[8.657382] (racing_stage2_param_test) StdoutLine: {'line': b'symbolically linking /home/sunrise/dev_ws/build/racing_stage2_param_test/launch/avoidance_straight_test.launch.py -> /home/sunrise/dev_ws/install/racing_stage2_param_test/share/racing_stage2_param_test/launch\n'}
[8.657923] (racing_stage2_param_test) StdoutLine: {'line': b'creating /home/sunrise/dev_ws/install/racing_stage2_param_test/share/racing_stage2_param_test/config\n'}
[8.658454] (racing_stage2_param_test) StdoutLine: {'line': b'symbolically linking /home/sunrise/dev_ws/build/racing_stage2_param_test/config/avoidance_straight_test.yaml -> /home/sunrise/dev_ws/install/racing_stage2_param_test/share/racing_stage2_param_test/config\n'}
[8.739646] (-) TimerEvent: {}
[8.840173] (-) TimerEvent: {}
[8.914326] (racing_stage2_param_test) CommandEnded: {'returncode': 0}
[8.942065] (-) TimerEvent: {}
[8.996049] (racing_stage2_param_test) JobEnded: {'identifier': 'racing_stage2_param_test', 'rc': 0}
[8.998824] (-) EventReactorShutdown: {}
