running develop
running egg_info
creating simple_avoidance.egg-info
writing simple_avoidance.egg-info/PKG-INFO
writing dependency_links to simple_avoidance.egg-info/dependency_links.txt
writing entry points to simple_avoidance.egg-info/entry_points.txt
writing requirements to simple_avoidance.egg-info/requires.txt
writing top-level names to simple_avoidance.egg-info/top_level.txt
writing manifest file 'simple_avoidance.egg-info/SOURCES.txt'
reading manifest file 'simple_avoidance.egg-info/SOURCES.txt'
writing manifest file 'simple_avoidance.egg-info/SOURCES.txt'
running build_ext
Creating /home/sunrise/dev_ws/install/simple_avoidance/lib/python3.10/site-packages/simple-avoidance.egg-link (link to .)
Installing avoider script to /home/sunrise/dev_ws/install/simple_avoidance/lib/simple_avoidance

Installed /home/sunrise/dev_ws/build/simple_avoidance
running symlink_data
creating /home/sunrise/dev_ws/install/simple_avoidance/share/ament_index
creating /home/sunrise/dev_ws/install/simple_avoidance/share/ament_index/resource_index
creating /home/sunrise/dev_ws/install/simple_avoidance/share/ament_index/resource_index/packages
symbolically linking /home/sunrise/dev_ws/build/simple_avoidance/resource/simple_avoidance -> /home/sunrise/dev_ws/install/simple_avoidance/share/ament_index/resource_index/packages
symbolically linking /home/sunrise/dev_ws/build/simple_avoidance/package.xml -> /home/sunrise/dev_ws/install/simple_avoidance/share/simple_avoidance
