[9.871s] Invoking command in '/home/sunrise/dev_ws/build/simple_avoidance': PYTHONPATH=/home/sunrise/dev_ws/build/simple_avoidance/prefix_override:/usr/lib/python3/dist-packages/colcon_core/task/python/colcon_distutils_commands:/home/sunrise/dev_ws/install/simple_avoidance/lib/python3.10/site-packages:${PYTHONPATH} /usr/bin/python3 -W ignore:setup.py install is deprecated -W ignore:easy_install command is deprecated setup.py develop --editable --build-directory /home/sunrise/dev_ws/build/simple_avoidance/build --no-deps symlink_data
[12.739s] running develop
[14.813s] running egg_info
[14.814s] creating simple_avoidance.egg-info
[14.816s] writing simple_avoidance.egg-info/PKG-INFO
[14.819s] writing dependency_links to simple_avoidance.egg-info/dependency_links.txt
[14.820s] writing entry points to simple_avoidance.egg-info/entry_points.txt
[14.822s] writing requirements to simple_avoidance.egg-info/requires.txt
[14.824s] writing top-level names to simple_avoidance.egg-info/top_level.txt
[14.825s] writing manifest file 'simple_avoidance.egg-info/SOURCES.txt'
[14.838s] reading manifest file 'simple_avoidance.egg-info/SOURCES.txt'
[14.842s] writing manifest file 'simple_avoidance.egg-info/SOURCES.txt'
[14.854s] running build_ext
[14.858s] Creating /home/sunrise/dev_ws/install/simple_avoidance/lib/python3.10/site-packages/simple-avoidance.egg-link (link to .)
[14.862s] Installing avoider script to /home/sunrise/dev_ws/install/simple_avoidance/lib/simple_avoidance
[14.864s] 
[14.865s] Installed /home/sunrise/dev_ws/build/simple_avoidance
[14.866s] running symlink_data
[14.867s] creating /home/sunrise/dev_ws/install/simple_avoidance/share/ament_index
[14.868s] creating /home/sunrise/dev_ws/install/simple_avoidance/share/ament_index/resource_index
[14.869s] creating /home/sunrise/dev_ws/install/simple_avoidance/share/ament_index/resource_index/packages
[14.869s] symbolically linking /home/sunrise/dev_ws/build/simple_avoidance/resource/simple_avoidance -> /home/sunrise/dev_ws/install/simple_avoidance/share/ament_index/resource_index/packages
[14.870s] symbolically linking /home/sunrise/dev_ws/build/simple_avoidance/package.xml -> /home/sunrise/dev_ws/install/simple_avoidance/share/simple_avoidance
[15.205s] Invoked command in '/home/sunrise/dev_ws/build/simple_avoidance' returned '0': PYTHONPATH=/home/sunrise/dev_ws/build/simple_avoidance/prefix_override:/usr/lib/python3/dist-packages/colcon_core/task/python/colcon_distutils_commands:/home/sunrise/dev_ws/install/simple_avoidance/lib/python3.10/site-packages:${PYTHONPATH} /usr/bin/python3 -W ignore:setup.py install is deprecated -W ignore:easy_install command is deprecated setup.py develop --editable --build-directory /home/sunrise/dev_ws/build/simple_avoidance/build --no-deps symlink_data
