[0.000000] (-) TimerEvent: {}
[0.000412] (-) JobUnselected: {'identifier': 'ackermann_msgs'}
[0.000980] (-) JobUnselected: {'identifier': 'bno055'}
[0.002036] (-) JobUnselected: {'identifier': 'line_follower_pkg'}
[0.002826] (-) JobUnselected: {'identifier': 'lslidar_driver'}
[0.003598] (-) JobUnselected: {'identifier': 'lslidar_msgs'}
[0.003831] (-) JobUnselected: {'identifier': 'origincar_base'}
[0.004030] (-) JobUnselected: {'identifier': 'origincar_bringup'}
[0.004224] (-) JobUnselected: {'identifier': 'origincar_description'}
[0.004415] (-) JobUnselected: {'identifier': 'origincar_msg'}
[0.004601] (-) JobUnselected: {'identifier': 'qr_scanner'}
[0.004789] (-) JobUnselected: {'identifier': 'racing_bringup'}
[0.005001] (-) JobUnselected: {'identifier': 'racing_stage1'}
[0.005262] (-) JobUnselected: {'identifier': 'racing_stage2'}
[0.005617] (-) JobUnselected: {'identifier': 'racing_stage3'}
[0.005793] (-) JobUnselected: {'identifier': 'racing_stage3_param_test'}
[0.005974] (-) JobUnselected: {'identifier': 'racing_vision_ai'}
[0.006116] (-) JobUnselected: {'identifier': 'serial'}
[0.006452] (-) JobUnselected: {'identifier': 'simple_avoidance'}
[0.006675] (-) JobUnselected: {'identifier': 'utils'}
[0.006821] (-) JobUnselected: {'identifier': 'voice_driver'}
[0.006951] (racing_stage2_param_test) JobQueued: {'identifier': 'racing_stage2_param_test', 'dependencies': OrderedDict([('ackermann_msgs', '/home/sunrise/dev_ws/install/ackermann_msgs'), ('bno055', '/home/sunrise/dev_ws/install/bno055'), ('lslidar_msgs', '/home/sunrise/dev_ws/install/lslidar_msgs'), ('origincar_bringup', '/home/sunrise/dev_ws/install/origincar_bringup'), ('origincar_description', '/home/sunrise/dev_ws/install/origincar_description'), ('origincar_msg', '/home/sunrise/dev_ws/install/origincar_msg'), ('qr_scanner', '/home/sunrise/dev_ws/install/qr_scanner'), ('serial', '/home/sunrise/dev_ws/install/serial'), ('lslidar_driver', '/home/sunrise/dev_ws/install/lslidar_driver'), ('origincar_base', '/home/sunrise/dev_ws/install/origincar_base'), ('racing_stage1', '/home/sunrise/dev_ws/install/racing_stage1'), ('racing_stage2', '/home/sunrise/dev_ws/install/racing_stage2')])}
[0.007170] (racing_stage2_param_test) JobStarted: {'identifier': 'racing_stage2_param_test'}
[0.098715] (-) TimerEvent: {}
[0.199218] (-) TimerEvent: {}
[0.301431] (-) TimerEvent: {}
[0.401976] (-) TimerEvent: {}
[0.502482] (-) TimerEvent: {}
[0.602954] (-) TimerEvent: {}
[0.703439] (-) TimerEvent: {}
[0.803908] (-) TimerEvent: {}
[0.904370] (-) TimerEvent: {}
[1.004837] (-) TimerEvent: {}
[1.105299] (-) TimerEvent: {}
[1.205760] (-) TimerEvent: {}
[1.306195] (-) TimerEvent: {}
[1.406625] (-) TimerEvent: {}
[1.507051] (-) TimerEvent: {}
[1.607480] (-) TimerEvent: {}
[1.707958] (-) TimerEvent: {}
[1.808477] (-) TimerEvent: {}
[1.908996] (-) TimerEvent: {}
[2.009468] (-) TimerEvent: {}
[2.109941] (-) TimerEvent: {}
[2.210389] (-) TimerEvent: {}
[2.310854] (-) TimerEvent: {}
[2.411325] (-) TimerEvent: {}
[2.511899] (-) TimerEvent: {}
[2.612430] (-) TimerEvent: {}
[2.712895] (-) TimerEvent: {}
[2.813381] (-) TimerEvent: {}
[2.913864] (-) TimerEvent: {}
[3.014343] (-) TimerEvent: {}
[3.114836] (-) TimerEvent: {}
[3.215314] (-) TimerEvent: {}
[3.315792] (-) TimerEvent: {}
[3.416280] (-) TimerEvent: {}
[3.516754] (-) TimerEvent: {}
[3.617225] (-) TimerEvent: {}
[3.717711] (-) TimerEvent: {}
[3.818208] (-) TimerEvent: {}
[3.918680] (-) TimerEvent: {}
[4.019144] (-) TimerEvent: {}
[4.119663] (-) TimerEvent: {}
[4.220244] (-) TimerEvent: {}
[4.320817] (-) TimerEvent: {}
[4.350319] (racing_stage2_param_test) Command: {'cmd': ['/usr/bin/python3', '-W', 'ignore:setup.py install is deprecated', '-W', 'ignore:easy_install command is deprecated', 'setup.py', 'develop', '--editable', '--build-directory', '/home/sunrise/dev_ws/build/racing_stage2_param_test/build', '--no-deps', 'symlink_data'], 'cwd': '/home/sunrise/dev_ws/build/racing_stage2_param_test', 'env': {'LANGUAGE': 'en_US.UTF-8', 'USER': 'sunrise', 'SSH_CLIENT': '10.147.109.1 59584 22', 'XDG_SESSION_TYPE': 'tty', 'SHLVL': '0', 'LD_LIBRARY_PATH': '/home/sunrise/dev_ws/install/origincar_base/lib:/home/sunrise/dev_ws/install/serial/lib:/home/sunrise/dev_ws/install/origincar_msg/lib:/home/sunrise/dev_ws/install/lslidar_msgs/lib:/home/sunrise/dev_ws/install/ackermann_msgs/lib:/opt/ros/humble/opt/rviz_ogre_vendor/lib:/opt/ros/humble/lib/aarch64-linux-gnu:/opt/ros/humble/lib', 'MOTD_SHOWN': 'pam', 'HOME': '/home/sunrise', 'OLDPWD': '/home/sunrise', 'ROS_PYTHON_VERSION': '3', 'DBUS_SESSION_BUS_ADDRESS': 'unix:path=/run/user/1000/bus', 'ROS_DISTRO': 'humble', 'LOGNAME': 'sunrise', '_': '/usr/bin/colcon', 'ROS_VERSION': '2', 'XDG_SESSION_CLASS': 'user', 'XDG_SESSION_ID': '63', 'ROS_LOCALHOST_ONLY': '0', 'PATH': '/opt/ros/humble/bin:/usr/local/sbin:/usr/local/bin:/usr/sbin:/usr/bin:/sbin:/bin:/usr/games:/usr/local/games:/snap/bin', 'XDG_RUNTIME_DIR': '/run/user/1000', 'LANG': 'en_US.UTF-8', 'AMENT_PREFIX_PATH': '/home/sunrise/dev_ws/install/racing_stage2:/home/sunrise/dev_ws/install/racing_stage1:/home/sunrise/dev_ws/install/origincar_base:/home/sunrise/dev_ws/install/lslidar_driver:/home/sunrise/dev_ws/install/serial:/home/sunrise/dev_ws/install/qr_scanner:/home/sunrise/dev_ws/install/origincar_msg:/home/sunrise/dev_ws/install/origincar_description:/home/sunrise/dev_ws/install/origincar_bringup:/home/sunrise/dev_ws/install/lslidar_msgs:/home/sunrise/dev_ws/install/bno055:/home/sunrise/dev_ws/install/ackermann_msgs:/opt/ros/humble', 'SHELL': '/bin/bash', 'PWD': '/home/sunrise/dev_ws/build/racing_stage2_param_test', 'SSH_CONNECTION': '10.147.109.1 59584 10.147.109.8 22', 'PYTHONPATH': '/home/sunrise/dev_ws/build/racing_stage2_param_test/prefix_override:/usr/lib/python3/dist-packages/colcon_core/task/python/colcon_distutils_commands:/home/sunrise/dev_ws/install/racing_stage2_param_test/lib/python3.10/site-packages:/home/sunrise/dev_ws/build/racing_stage2:/home/sunrise/dev_ws/install/racing_stage2/lib/python3.10/site-packages:/home/sunrise/dev_ws/build/racing_stage1:/home/sunrise/dev_ws/install/racing_stage1/lib/python3.10/site-packages:/home/sunrise/dev_ws/install/origincar_base/local/lib/python3.10/dist-packages:/home/sunrise/dev_ws/build/qr_scanner:/home/sunrise/dev_ws/install/qr_scanner/lib/python3.10/site-packages:/home/sunrise/dev_ws/install/origincar_msg/local/lib/python3.10/dist-packages:/home/sunrise/dev_ws/install/lslidar_msgs/local/lib/python3.10/dist-packages:/home/sunrise/dev_ws/build/bno055:/home/sunrise/dev_ws/install/bno055/lib/python3.10/site-packages:/home/sunrise/dev_ws/install/ackermann_msgs/local/lib/python3.10/dist-packages:/opt/ros/humble/lib/python3.10/site-packages:/opt/ros/humble/local/lib/python3.10/dist-packages', 'COLCON': '1', 'CMAKE_PREFIX_PATH': '/home/sunrise/dev_ws/install/origincar_base:/home/sunrise/dev_ws/install/lslidar_driver:/home/sunrise/dev_ws/install/serial:/home/sunrise/dev_ws/install/origincar_msg:/home/sunrise/dev_ws/install/origincar_description:/home/sunrise/dev_ws/install/origincar_bringup:/home/sunrise/dev_ws/install/lslidar_msgs:/home/sunrise/dev_ws/install/ackermann_msgs'}, 'shell': False}
[4.421008] (-) TimerEvent: {}
[4.521459] (-) TimerEvent: {}
[4.621900] (-) TimerEvent: {}
[4.722338] (-) TimerEvent: {}
[4.822746] (-) TimerEvent: {}
[4.923130] (-) TimerEvent: {}
[5.023515] (-) TimerEvent: {}
[5.123892] (-) TimerEvent: {}
[5.224311] (-) TimerEvent: {}
[5.324722] (-) TimerEvent: {}
[5.425095] (-) TimerEvent: {}
[5.525461] (-) TimerEvent: {}
[5.625830] (-) TimerEvent: {}
[5.726206] (-) TimerEvent: {}
[5.826585] (-) TimerEvent: {}
[5.926989] (-) TimerEvent: {}
[6.027374] (-) TimerEvent: {}
[6.071206] (racing_stage2_param_test) StdoutLine: {'line': b'running develop\n'}
[6.127523] (-) TimerEvent: {}
[6.227954] (-) TimerEvent: {}
[6.328379] (-) TimerEvent: {}
[6.428775] (-) TimerEvent: {}
[6.529146] (-) TimerEvent: {}
[6.629522] (-) TimerEvent: {}
[6.729894] (-) TimerEvent: {}
[6.830276] (-) TimerEvent: {}
[6.930673] (-) TimerEvent: {}
[7.031071] (-) TimerEvent: {}
[7.131463] (-) TimerEvent: {}
[7.174752] (racing_stage2_param_test) StdoutLine: {'line': b'running egg_info\n'}
[7.175972] (racing_stage2_param_test) StdoutLine: {'line': b'writing racing_stage2_param_test.egg-info/PKG-INFO\n'}
[7.177221] (racing_stage2_param_test) StdoutLine: {'line': b'writing dependency_links to racing_stage2_param_test.egg-info/dependency_links.txt\n'}
[7.178535] (racing_stage2_param_test) StdoutLine: {'line': b'writing entry points to racing_stage2_param_test.egg-info/entry_points.txt\n'}
[7.179922] (racing_stage2_param_test) StdoutLine: {'line': b'writing requirements to racing_stage2_param_test.egg-info/requires.txt\n'}
[7.180515] (racing_stage2_param_test) StdoutLine: {'line': b'writing top-level names to racing_stage2_param_test.egg-info/top_level.txt\n'}
[7.191159] (racing_stage2_param_test) StdoutLine: {'line': b"reading manifest file 'racing_stage2_param_test.egg-info/SOURCES.txt'\n"}
[7.197061] (racing_stage2_param_test) StdoutLine: {'line': b"writing manifest file 'racing_stage2_param_test.egg-info/SOURCES.txt'\n"}
[7.206320] (racing_stage2_param_test) StdoutLine: {'line': b'running build_ext\n'}
[7.207551] (racing_stage2_param_test) StdoutLine: {'line': b'Creating /home/sunrise/dev_ws/install/racing_stage2_param_test/lib/python3.10/site-packages/racing-stage2-param-test.egg-link (link to .)\n'}
[7.212300] (racing_stage2_param_test) StdoutLine: {'line': b'Installing avoidance_straight_tester script to /home/sunrise/dev_ws/install/racing_stage2_param_test/lib/racing_stage2_param_test\n'}
[7.213391] (racing_stage2_param_test) StdoutLine: {'line': b'Installing camera_video_recorder script to /home/sunrise/dev_ws/install/racing_stage2_param_test/lib/racing_stage2_param_test\n'}
[7.214915] (racing_stage2_param_test) StdoutLine: {'line': b'Installing data_recorder script to /home/sunrise/dev_ws/install/racing_stage2_param_test/lib/racing_stage2_param_test\n'}
[7.216109] (racing_stage2_param_test) StdoutLine: {'line': b'Installing direct_inertial_tester script to /home/sunrise/dev_ws/install/racing_stage2_param_test/lib/racing_stage2_param_test\n'}
[7.216681] (racing_stage2_param_test) StdoutLine: {'line': b'Installing lane_follow script to /home/sunrise/dev_ws/install/racing_stage2_param_test/lib/racing_stage2_param_test\n'}
[7.217808] (racing_stage2_param_test) StdoutLine: {'line': b'Installing twist_cmd_relay script to /home/sunrise/dev_ws/install/racing_stage2_param_test/lib/racing_stage2_param_test\n'}
[7.218335] (racing_stage2_param_test) StdoutLine: {'line': b'Installing vision_inertial_tester script to /home/sunrise/dev_ws/install/racing_stage2_param_test/lib/racing_stage2_param_test\n'}
[7.218877] (racing_stage2_param_test) StdoutLine: {'line': b'\n'}
[7.219353] (racing_stage2_param_test) StdoutLine: {'line': b'Installed /home/sunrise/dev_ws/build/racing_stage2_param_test\n'}
[7.219811] (racing_stage2_param_test) StdoutLine: {'line': b'running symlink_data\n'}
[7.231650] (-) TimerEvent: {}
[7.332166] (-) TimerEvent: {}
[7.432647] (-) TimerEvent: {}
[7.459814] (racing_stage2_param_test) CommandEnded: {'returncode': 0}
[7.532983] (-) TimerEvent: {}
[7.580148] (racing_stage2_param_test) JobEnded: {'identifier': 'racing_stage2_param_test', 'rc': 0}
[7.583005] (-) EventReactorShutdown: {}
