[0.333s] Invoking command in '/home/sunrise/dev_ws/build/lslidar_driver': CMAKE_PREFIX_PATH=/home/sunrise/dev_ws/install/lslidar_msgs:/home/sunrise/dev_ws/install/voice_driver:/home/sunrise/dev_ws/install/utils:/home/sunrise/dev_ws/install/origincar_base:/home/sunrise/dev_ws/install/serial:/home/sunrise/dev_ws/install/origincar_msg:/home/sunrise/dev_ws/install/origincar_description:/home/sunrise/dev_ws/install/origincar_bringup:/home/sunrise/dev_ws/install/lslidar_driver:/home/sunrise/dev_ws/install/ackermann_msgs:/home/sunrise/dev_ws/install/simple_avoidance:/home/sunrise/dev_ws/install/racing_stage2_param_test:/home/sunrise/dev_ws/install/racing_vision_ai:/home/sunrise/dev_ws/install/racing_stage3_param_test:/home/sunrise/dev_ws/install/racing_bringup:/home/sunrise/dev_ws/install/racing_stage3:/home/sunrise/dev_ws/install/line_follower_pkg:/home/sunrise/dev_ws/install/racing_stage2:/home/sunrise/dev_ws/install/racing_stage1:/home/sunrise/dev_ws/install/qr_scanner:/home/sunrise/dev_ws/install/bno055:/opt/tros/humble:/opt/ros/humble LD_LIBRARY_PATH=/home/sunrise/dev_ws/install/lslidar_msgs/lib:/home/sunrise/dev_ws/install/voice_driver/lib:/home/sunrise/dev_ws/install/origincar_base/lib:/home/sunrise/dev_ws/install/serial/lib:/home/sunrise/dev_ws/install/origincar_msg/lib:/home/sunrise/dev_ws/install/ackermann_msgs/lib:/opt/tros/humble/lib/aarch64-linux-gnu:/opt/tros/humble/lib:/opt/ros/humble/opt/rviz_ogre_vendor/lib:/opt/ros/humble/lib/aarch64-linux-gnu:/opt/ros/humble/lib:/usr/hobot/lib:/app/lib:/app/pub/lib:/middleware/lib:/middleware/pub/lib:/usr/hobot/lib/sensor:/system/lib:/system/usr/lib:/lib:/usr/hobot/lib:/app/lib:/app/pub/lib:/middleware/lib:/middleware/pub/lib:/usr/hobot/lib/sensor:/system/lib:/system/usr/lib:/lib /usr/bin/cmake --build /home/sunrise/dev_ws/build/lslidar_driver -- -j8 -l8
[0.564s] [35m[1mConsolidate compiler generated dependencies of target lslidar_driver_node[0m
[0.886s] [100%] Built target lslidar_driver_node
[0.942s] Invoked command in '/home/sunrise/dev_ws/build/lslidar_driver' returned '0': CMAKE_PREFIX_PATH=/home/sunrise/dev_ws/install/lslidar_msgs:/home/sunrise/dev_ws/install/voice_driver:/home/sunrise/dev_ws/install/utils:/home/sunrise/dev_ws/install/origincar_base:/home/sunrise/dev_ws/install/serial:/home/sunrise/dev_ws/install/origincar_msg:/home/sunrise/dev_ws/install/origincar_description:/home/sunrise/dev_ws/install/origincar_bringup:/home/sunrise/dev_ws/install/lslidar_driver:/home/sunrise/dev_ws/install/ackermann_msgs:/home/sunrise/dev_ws/install/simple_avoidance:/home/sunrise/dev_ws/install/racing_stage2_param_test:/home/sunrise/dev_ws/install/racing_vision_ai:/home/sunrise/dev_ws/install/racing_stage3_param_test:/home/sunrise/dev_ws/install/racing_bringup:/home/sunrise/dev_ws/install/racing_stage3:/home/sunrise/dev_ws/install/line_follower_pkg:/home/sunrise/dev_ws/install/racing_stage2:/home/sunrise/dev_ws/install/racing_stage1:/home/sunrise/dev_ws/install/qr_scanner:/home/sunrise/dev_ws/install/bno055:/opt/tros/humble:/opt/ros/humble LD_LIBRARY_PATH=/home/sunrise/dev_ws/install/lslidar_msgs/lib:/home/sunrise/dev_ws/install/voice_driver/lib:/home/sunrise/dev_ws/install/origincar_base/lib:/home/sunrise/dev_ws/install/serial/lib:/home/sunrise/dev_ws/install/origincar_msg/lib:/home/sunrise/dev_ws/install/ackermann_msgs/lib:/opt/tros/humble/lib/aarch64-linux-gnu:/opt/tros/humble/lib:/opt/ros/humble/opt/rviz_ogre_vendor/lib:/opt/ros/humble/lib/aarch64-linux-gnu:/opt/ros/humble/lib:/usr/hobot/lib:/app/lib:/app/pub/lib:/middleware/lib:/middleware/pub/lib:/usr/hobot/lib/sensor:/system/lib:/system/usr/lib:/lib:/usr/hobot/lib:/app/lib:/app/pub/lib:/middleware/lib:/middleware/pub/lib:/usr/hobot/lib/sensor:/system/lib:/system/usr/lib:/lib /usr/bin/cmake --build /home/sunrise/dev_ws/build/lslidar_driver -- -j8 -l8
[0.950s] Invoking command in '/home/sunrise/dev_ws/build/lslidar_driver': CMAKE_PREFIX_PATH=/home/sunrise/dev_ws/install/lslidar_msgs:/home/sunrise/dev_ws/install/voice_driver:/home/sunrise/dev_ws/install/utils:/home/sunrise/dev_ws/install/origincar_base:/home/sunrise/dev_ws/install/serial:/home/sunrise/dev_ws/install/origincar_msg:/home/sunrise/dev_ws/install/origincar_description:/home/sunrise/dev_ws/install/origincar_bringup:/home/sunrise/dev_ws/install/lslidar_driver:/home/sunrise/dev_ws/install/ackermann_msgs:/home/sunrise/dev_ws/install/simple_avoidance:/home/sunrise/dev_ws/install/racing_stage2_param_test:/home/sunrise/dev_ws/install/racing_vision_ai:/home/sunrise/dev_ws/install/racing_stage3_param_test:/home/sunrise/dev_ws/install/racing_bringup:/home/sunrise/dev_ws/install/racing_stage3:/home/sunrise/dev_ws/install/line_follower_pkg:/home/sunrise/dev_ws/install/racing_stage2:/home/sunrise/dev_ws/install/racing_stage1:/home/sunrise/dev_ws/install/qr_scanner:/home/sunrise/dev_ws/install/bno055:/opt/tros/humble:/opt/ros/humble LD_LIBRARY_PATH=/home/sunrise/dev_ws/install/lslidar_msgs/lib:/home/sunrise/dev_ws/install/voice_driver/lib:/home/sunrise/dev_ws/install/origincar_base/lib:/home/sunrise/dev_ws/install/serial/lib:/home/sunrise/dev_ws/install/origincar_msg/lib:/home/sunrise/dev_ws/install/ackermann_msgs/lib:/opt/tros/humble/lib/aarch64-linux-gnu:/opt/tros/humble/lib:/opt/ros/humble/opt/rviz_ogre_vendor/lib:/opt/ros/humble/lib/aarch64-linux-gnu:/opt/ros/humble/lib:/usr/hobot/lib:/app/lib:/app/pub/lib:/middleware/lib:/middleware/pub/lib:/usr/hobot/lib/sensor:/system/lib:/system/usr/lib:/lib:/usr/hobot/lib:/app/lib:/app/pub/lib:/middleware/lib:/middleware/pub/lib:/usr/hobot/lib/sensor:/system/lib:/system/usr/lib:/lib /usr/bin/cmake --install /home/sunrise/dev_ws/build/lslidar_driver
[0.985s] -- Install configuration: ""
[0.988s] -- Execute custom install script
[0.990s] -- Up-to-date symlink: /home/sunrise/dev_ws/install/lslidar_driver/share/lslidar_driver/launch/lslidar_double_launch.py
[0.993s] -- Up-to-date symlink: /home/sunrise/dev_ws/install/lslidar_driver/share/lslidar_driver/launch/lsn10_launch.py
[0.994s] -- Up-to-date symlink: /home/sunrise/dev_ws/install/lslidar_driver/share/lslidar_driver/launch/lsn10p_launch.py
[0.996s] -- Up-to-date symlink: /home/sunrise/dev_ws/install/lslidar_driver/share/lslidar_driver/launch/viewer_scan_launch.py
[0.997s] -- Up-to-date symlink: /home/sunrise/dev_ws/install/lslidar_driver/share/lslidar_driver/params/lidar_net_ros2/lsm10_net.yaml
[0.998s] -- Up-to-date symlink: /home/sunrise/dev_ws/install/lslidar_driver/share/lslidar_driver/params/lidar_net_ros2/lsm10p_net.yaml
[0.999s] -- Up-to-date symlink: /home/sunrise/dev_ws/install/lslidar_driver/share/lslidar_driver/params/lidar_net_ros2/lsn10_net.yaml
[1.000s] -- Up-to-date symlink: /home/sunrise/dev_ws/install/lslidar_driver/share/lslidar_driver/params/lidar_net_ros2/lsn10p_net.yaml
[1.001s] -- Up-to-date symlink: /home/sunrise/dev_ws/install/lslidar_driver/share/lslidar_driver/params/lidar_uart_ros2/lsm10.yaml
[1.003s] -- Up-to-date symlink: /home/sunrise/dev_ws/install/lslidar_driver/share/lslidar_driver/params/lidar_uart_ros2/lsm10_p.yaml
[1.004s] -- Up-to-date symlink: /home/sunrise/dev_ws/install/lslidar_driver/share/lslidar_driver/params/lidar_uart_ros2/lsn10.yaml
[1.005s] -- Up-to-date symlink: /home/sunrise/dev_ws/install/lslidar_driver/share/lslidar_driver/params/lidar_uart_ros2/lsn10p.yaml
[1.006s] -- Up-to-date symlink: /home/sunrise/dev_ws/install/lslidar_driver/share/lslidar_driver/rviz/lslidar.rviz
[1.008s] -- Up-to-date symlink: /home/sunrise/dev_ws/install/lslidar_driver/lib/lslidar_driver/lslidar_driver_node
[1.009s] -- Up-to-date symlink: /home/sunrise/dev_ws/install/lslidar_driver/share/ament_index/resource_index/package_run_dependencies/lslidar_driver
[1.011s] -- Up-to-date symlink: /home/sunrise/dev_ws/install/lslidar_driver/share/ament_index/resource_index/parent_prefix_path/lslidar_driver
[1.012s] -- Up-to-date symlink: /home/sunrise/dev_ws/install/lslidar_driver/share/lslidar_driver/environment/ament_prefix_path.sh
[1.013s] -- Up-to-date symlink: /home/sunrise/dev_ws/install/lslidar_driver/share/lslidar_driver/environment/ament_prefix_path.dsv
[1.015s] -- Up-to-date symlink: /home/sunrise/dev_ws/install/lslidar_driver/share/lslidar_driver/environment/path.sh
[1.015s] -- Up-to-date symlink: /home/sunrise/dev_ws/install/lslidar_driver/share/lslidar_driver/environment/path.dsv
[1.016s] -- Up-to-date symlink: /home/sunrise/dev_ws/install/lslidar_driver/share/lslidar_driver/local_setup.bash
[1.017s] -- Up-to-date symlink: /home/sunrise/dev_ws/install/lslidar_driver/share/lslidar_driver/local_setup.sh
[1.017s] -- Up-to-date symlink: /home/sunrise/dev_ws/install/lslidar_driver/share/lslidar_driver/local_setup.zsh
[1.018s] -- Up-to-date symlink: /home/sunrise/dev_ws/install/lslidar_driver/share/lslidar_driver/local_setup.dsv
[1.019s] -- Symlinking: /home/sunrise/dev_ws/install/lslidar_driver/share/lslidar_driver/package.dsv
[1.057s] -- Up-to-date symlink: /home/sunrise/dev_ws/install/lslidar_driver/share/ament_index/resource_index/packages/lslidar_driver
[1.058s] -- Up-to-date symlink: /home/sunrise/dev_ws/install/lslidar_driver/share/lslidar_driver/cmake/ament_cmake_export_dependencies-extras.cmake
[1.060s] -- Up-to-date symlink: /home/sunrise/dev_ws/install/lslidar_driver/share/lslidar_driver/cmake/ament_cmake_export_include_directories-extras.cmake
[1.061s] -- Up-to-date symlink: /home/sunrise/dev_ws/install/lslidar_driver/share/lslidar_driver/cmake/lslidar_driverConfig.cmake
[1.062s] -- Up-to-date symlink: /home/sunrise/dev_ws/install/lslidar_driver/share/lslidar_driver/cmake/lslidar_driverConfig-version.cmake
[1.063s] -- Up-to-date symlink: /home/sunrise/dev_ws/install/lslidar_driver/share/lslidar_driver/package.xml
[1.075s] Invoked command in '/home/sunrise/dev_ws/build/lslidar_driver' returned '0': CMAKE_PREFIX_PATH=/home/sunrise/dev_ws/install/lslidar_msgs:/home/sunrise/dev_ws/install/voice_driver:/home/sunrise/dev_ws/install/utils:/home/sunrise/dev_ws/install/origincar_base:/home/sunrise/dev_ws/install/serial:/home/sunrise/dev_ws/install/origincar_msg:/home/sunrise/dev_ws/install/origincar_description:/home/sunrise/dev_ws/install/origincar_bringup:/home/sunrise/dev_ws/install/lslidar_driver:/home/sunrise/dev_ws/install/ackermann_msgs:/home/sunrise/dev_ws/install/simple_avoidance:/home/sunrise/dev_ws/install/racing_stage2_param_test:/home/sunrise/dev_ws/install/racing_vision_ai:/home/sunrise/dev_ws/install/racing_stage3_param_test:/home/sunrise/dev_ws/install/racing_bringup:/home/sunrise/dev_ws/install/racing_stage3:/home/sunrise/dev_ws/install/line_follower_pkg:/home/sunrise/dev_ws/install/racing_stage2:/home/sunrise/dev_ws/install/racing_stage1:/home/sunrise/dev_ws/install/qr_scanner:/home/sunrise/dev_ws/install/bno055:/opt/tros/humble:/opt/ros/humble LD_LIBRARY_PATH=/home/sunrise/dev_ws/install/lslidar_msgs/lib:/home/sunrise/dev_ws/install/voice_driver/lib:/home/sunrise/dev_ws/install/origincar_base/lib:/home/sunrise/dev_ws/install/serial/lib:/home/sunrise/dev_ws/install/origincar_msg/lib:/home/sunrise/dev_ws/install/ackermann_msgs/lib:/opt/tros/humble/lib/aarch64-linux-gnu:/opt/tros/humble/lib:/opt/ros/humble/opt/rviz_ogre_vendor/lib:/opt/ros/humble/lib/aarch64-linux-gnu:/opt/ros/humble/lib:/usr/hobot/lib:/app/lib:/app/pub/lib:/middleware/lib:/middleware/pub/lib:/usr/hobot/lib/sensor:/system/lib:/system/usr/lib:/lib:/usr/hobot/lib:/app/lib:/app/pub/lib:/middleware/lib:/middleware/pub/lib:/usr/hobot/lib/sensor:/system/lib:/system/usr/lib:/lib /usr/bin/cmake --install /home/sunrise/dev_ws/build/lslidar_driver
