[0.000000] (-) TimerEvent: {}
[0.000411] (-) JobUnselected: {'identifier': 'ackermann_msgs'}
[0.000975] (-) JobUnselected: {'identifier': 'bno055'}
[0.001917] (-) JobUnselected: {'identifier': 'line_follower_pkg'}
[0.002594] (-) JobUnselected: {'identifier': 'lslidar_driver'}
[0.003325] (-) JobUnselected: {'identifier': 'lslidar_msgs'}
[0.003556] (-) JobUnselected: {'identifier': 'origincar_base'}
[0.003746] (-) JobUnselected: {'identifier': 'origincar_bringup'}
[0.003935] (-) JobUnselected: {'identifier': 'origincar_description'}
[0.004121] (-) JobUnselected: {'identifier': 'origincar_msg'}
[0.004305] (-) JobUnselected: {'identifier': 'qr_scanner'}
[0.004492] (-) JobUnselected: {'identifier': 'racing_bringup'}
[0.004705] (-) JobUnselected: {'identifier': 'racing_stage1'}
[0.004964] (-) JobUnselected: {'identifier': 'racing_stage2'}
[0.005345] (-) JobUnselected: {'identifier': 'racing_stage3'}
[0.005524] (-) JobUnselected: {'identifier': 'racing_stage3_param_test'}
[0.005636] (-) JobUnselected: {'identifier': 'racing_vision_ai'}
[0.005752] (-) JobUnselected: {'identifier': 'serial'}
[0.005906] (-) JobUnselected: {'identifier': 'simple_avoidance'}
[0.006255] (-) JobUnselected: {'identifier': 'utils'}
[0.006477] (-) JobUnselected: {'identifier': 'voice_driver'}
[0.006625] (racing_stage2_param_test) JobQueued: {'identifier': 'racing_stage2_param_test', 'dependencies': OrderedDict([('ackermann_msgs', '/home/sunrise/dev_ws/install/ackermann_msgs'), ('bno055', '/home/sunrise/dev_ws/install/bno055'), ('lslidar_msgs', '/home/sunrise/dev_ws/install/lslidar_msgs'), ('origincar_bringup', '/home/sunrise/dev_ws/install/origincar_bringup'), ('origincar_description', '/home/sunrise/dev_ws/install/origincar_description'), ('origincar_msg', '/home/sunrise/dev_ws/install/origincar_msg'), ('qr_scanner', '/home/sunrise/dev_ws/install/qr_scanner'), ('serial', '/home/sunrise/dev_ws/install/serial'), ('lslidar_driver', '/home/sunrise/dev_ws/install/lslidar_driver'), ('origincar_base', '/home/sunrise/dev_ws/install/origincar_base'), ('racing_stage1', '/home/sunrise/dev_ws/install/racing_stage1'), ('racing_stage2', '/home/sunrise/dev_ws/install/racing_stage2')])}
[0.006831] (racing_stage2_param_test) JobStarted: {'identifier': 'racing_stage2_param_test'}
[0.098780] (-) TimerEvent: {}
[0.199276] (-) TimerEvent: {}
[0.299691] (-) TimerEvent: {}
[0.400075] (-) TimerEvent: {}
[0.500447] (-) TimerEvent: {}
[0.600811] (-) TimerEvent: {}
[0.701189] (-) TimerEvent: {}
[0.801587] (-) TimerEvent: {}
[0.901986] (-) TimerEvent: {}
[1.002383] (-) TimerEvent: {}
[1.102743] (-) TimerEvent: {}
[1.203115] (-) TimerEvent: {}
[1.303545] (-) TimerEvent: {}
[1.403995] (-) TimerEvent: {}
[1.504430] (-) TimerEvent: {}
[1.604827] (-) TimerEvent: {}
[1.705258] (-) TimerEvent: {}
[1.805730] (-) TimerEvent: {}
[1.906272] (-) TimerEvent: {}
[2.007875] (-) TimerEvent: {}
[2.108285] (-) TimerEvent: {}
[2.208656] (-) TimerEvent: {}
[2.309013] (-) TimerEvent: {}
[2.409402] (-) TimerEvent: {}
[2.509789] (-) TimerEvent: {}
[2.610162] (-) TimerEvent: {}
[2.710524] (-) TimerEvent: {}
[2.810867] (-) TimerEvent: {}
[2.911220] (-) TimerEvent: {}
[3.011576] (-) TimerEvent: {}
[3.111952] (-) TimerEvent: {}
[3.212335] (-) TimerEvent: {}
[3.312724] (-) TimerEvent: {}
[3.413095] (-) TimerEvent: {}
[3.513469] (-) TimerEvent: {}
[3.613837] (-) TimerEvent: {}
[3.714189] (-) TimerEvent: {}
[3.814535] (-) TimerEvent: {}
[3.914887] (-) TimerEvent: {}
[4.015298] (-) TimerEvent: {}
[4.115824] (-) TimerEvent: {}
[4.216244] (-) TimerEvent: {}
[4.254372] (racing_stage2_param_test) Command: {'cmd': ['/usr/bin/python3', '-W', 'ignore:setup.py install is deprecated', '-W', 'ignore:easy_install command is deprecated', 'setup.py', 'develop', '--editable', '--build-directory', '/home/sunrise/dev_ws/build/racing_stage2_param_test/build', '--no-deps', 'symlink_data'], 'cwd': '/home/sunrise/dev_ws/build/racing_stage2_param_test', 'env': {'LANGUAGE': 'en_US.UTF-8', 'USER': 'sunrise', 'SSH_CLIENT': '10.147.109.1 59492 22', 'XDG_SESSION_TYPE': 'tty', 'SHLVL': '1', 'LD_LIBRARY_PATH': '/home/sunrise/dev_ws/install/origincar_base/lib:/home/sunrise/dev_ws/install/serial/lib:/home/sunrise/dev_ws/install/origincar_msg/lib:/home/sunrise/dev_ws/install/lslidar_msgs/lib:/home/sunrise/dev_ws/install/ackermann_msgs/lib:/opt/ros/humble/opt/rviz_ogre_vendor/lib:/opt/ros/humble/lib/aarch64-linux-gnu:/opt/ros/humble/lib', 'MOTD_SHOWN': 'pam', 'HOME': '/home/sunrise', 'OLDPWD': '/home/sunrise', 'ROS_PYTHON_VERSION': '3', 'DBUS_SESSION_BUS_ADDRESS': 'unix:path=/run/user/1000/bus', 'ROS_DISTRO': 'humble', 'LOGNAME': 'sunrise', '_': '/usr/bin/colcon', 'ROS_VERSION': '2', 'XDG_SESSION_CLASS': 'user', 'XDG_SESSION_ID': '27', 'ROS_LOCALHOST_ONLY': '0', 'PATH': '/opt/ros/humble/bin:/usr/local/sbin:/usr/local/bin:/usr/sbin:/usr/bin:/sbin:/bin:/usr/games:/usr/local/games:/snap/bin', 'XDG_RUNTIME_DIR': '/run/user/1000', 'LANG': 'en_US.UTF-8', 'AMENT_PREFIX_PATH': '/home/sunrise/dev_ws/install/racing_stage2:/home/sunrise/dev_ws/install/racing_stage1:/home/sunrise/dev_ws/install/origincar_base:/home/sunrise/dev_ws/install/lslidar_driver:/home/sunrise/dev_ws/install/serial:/home/sunrise/dev_ws/install/qr_scanner:/home/sunrise/dev_ws/install/origincar_msg:/home/sunrise/dev_ws/install/origincar_description:/home/sunrise/dev_ws/install/origincar_bringup:/home/sunrise/dev_ws/install/lslidar_msgs:/home/sunrise/dev_ws/install/bno055:/home/sunrise/dev_ws/install/ackermann_msgs:/opt/ros/humble', 'SHELL': '/bin/bash', 'PWD': '/home/sunrise/dev_ws/build/racing_stage2_param_test', 'SSH_CONNECTION': '10.147.109.1 59492 10.147.109.8 22', 'PYTHONPATH': '/home/sunrise/dev_ws/build/racing_stage2_param_test/prefix_override:/usr/lib/python3/dist-packages/colcon_core/task/python/colcon_distutils_commands:/home/sunrise/dev_ws/install/racing_stage2_param_test/lib/python3.10/site-packages:/home/sunrise/dev_ws/build/racing_stage2:/home/sunrise/dev_ws/install/racing_stage2/lib/python3.10/site-packages:/home/sunrise/dev_ws/build/racing_stage1:/home/sunrise/dev_ws/install/racing_stage1/lib/python3.10/site-packages:/home/sunrise/dev_ws/install/origincar_base/local/lib/python3.10/dist-packages:/home/sunrise/dev_ws/build/qr_scanner:/home/sunrise/dev_ws/install/qr_scanner/lib/python3.10/site-packages:/home/sunrise/dev_ws/install/origincar_msg/local/lib/python3.10/dist-packages:/home/sunrise/dev_ws/install/lslidar_msgs/local/lib/python3.10/dist-packages:/home/sunrise/dev_ws/build/bno055:/home/sunrise/dev_ws/install/bno055/lib/python3.10/site-packages:/home/sunrise/dev_ws/install/ackermann_msgs/local/lib/python3.10/dist-packages:/opt/ros/humble/lib/python3.10/site-packages:/opt/ros/humble/local/lib/python3.10/dist-packages', 'COLCON': '1', 'CMAKE_PREFIX_PATH': '/home/sunrise/dev_ws/install/origincar_base:/home/sunrise/dev_ws/install/lslidar_driver:/home/sunrise/dev_ws/install/serial:/home/sunrise/dev_ws/install/origincar_msg:/home/sunrise/dev_ws/install/origincar_description:/home/sunrise/dev_ws/install/origincar_bringup:/home/sunrise/dev_ws/install/lslidar_msgs:/home/sunrise/dev_ws/install/ackermann_msgs'}, 'shell': False}
[4.316398] (-) TimerEvent: {}
[4.416778] (-) TimerEvent: {}
[4.517152] (-) TimerEvent: {}
[4.617535] (-) TimerEvent: {}
[4.717899] (-) TimerEvent: {}
[4.818243] (-) TimerEvent: {}
[4.918591] (-) TimerEvent: {}
[5.018935] (-) TimerEvent: {}
[5.119293] (-) TimerEvent: {}
[5.219660] (-) TimerEvent: {}
[5.320002] (-) TimerEvent: {}
[5.420347] (-) TimerEvent: {}
[5.520706] (-) TimerEvent: {}
[5.621061] (-) TimerEvent: {}
[5.721407] (-) TimerEvent: {}
[5.821760] (-) TimerEvent: {}
[5.922129] (-) TimerEvent: {}
[5.960650] (racing_stage2_param_test) StdoutLine: {'line': b'running develop\n'}
[6.022265] (-) TimerEvent: {}
[6.122621] (-) TimerEvent: {}
[6.222974] (-) TimerEvent: {}
[6.323332] (-) TimerEvent: {}
[6.423764] (-) TimerEvent: {}
[6.524183] (-) TimerEvent: {}
[6.624582] (-) TimerEvent: {}
[6.724951] (-) TimerEvent: {}
[6.825303] (-) TimerEvent: {}
[6.925709] (-) TimerEvent: {}
[7.026064] (-) TimerEvent: {}
[7.059838] (racing_stage2_param_test) StdoutLine: {'line': b'running egg_info\n'}
[7.060506] (racing_stage2_param_test) StdoutLine: {'line': b'creating racing_stage2_param_test.egg-info\n'}
[7.061283] (racing_stage2_param_test) StdoutLine: {'line': b'writing racing_stage2_param_test.egg-info/PKG-INFO\n'}
[7.062162] (racing_stage2_param_test) StdoutLine: {'line': b'writing dependency_links to racing_stage2_param_test.egg-info/dependency_links.txt\n'}
[7.063058] (racing_stage2_param_test) StdoutLine: {'line': b'writing entry points to racing_stage2_param_test.egg-info/entry_points.txt\n'}
[7.063999] (racing_stage2_param_test) StdoutLine: {'line': b'writing requirements to racing_stage2_param_test.egg-info/requires.txt\n'}
[7.064422] (racing_stage2_param_test) StdoutLine: {'line': b'writing top-level names to racing_stage2_param_test.egg-info/top_level.txt\n'}
[7.065164] (racing_stage2_param_test) StdoutLine: {'line': b"writing manifest file 'racing_stage2_param_test.egg-info/SOURCES.txt'\n"}
[7.074978] (racing_stage2_param_test) StdoutLine: {'line': b"reading manifest file 'racing_stage2_param_test.egg-info/SOURCES.txt'\n"}
[7.078917] (racing_stage2_param_test) StdoutLine: {'line': b"writing manifest file 'racing_stage2_param_test.egg-info/SOURCES.txt'\n"}
[7.088026] (racing_stage2_param_test) StdoutLine: {'line': b'running build_ext\n'}
[7.089195] (racing_stage2_param_test) StdoutLine: {'line': b'Creating /home/sunrise/dev_ws/install/racing_stage2_param_test/lib/python3.10/site-packages/racing-stage2-param-test.egg-link (link to .)\n'}
[7.093427] (racing_stage2_param_test) StdoutLine: {'line': b'Installing avoidance_straight_tester script to /home/sunrise/dev_ws/install/racing_stage2_param_test/lib/racing_stage2_param_test\n'}
[7.094340] (racing_stage2_param_test) StdoutLine: {'line': b'Installing camera_video_recorder script to /home/sunrise/dev_ws/install/racing_stage2_param_test/lib/racing_stage2_param_test\n'}
[7.095696] (racing_stage2_param_test) StdoutLine: {'line': b'Installing direct_inertial_tester script to /home/sunrise/dev_ws/install/racing_stage2_param_test/lib/racing_stage2_param_test\n'}
[7.096189] (racing_stage2_param_test) StdoutLine: {'line': b'Installing lane_follow script to /home/sunrise/dev_ws/install/racing_stage2_param_test/lib/racing_stage2_param_test\n'}
[7.098119] (racing_stage2_param_test) StdoutLine: {'line': b'Installing twist_cmd_relay script to /home/sunrise/dev_ws/install/racing_stage2_param_test/lib/racing_stage2_param_test\n'}
[7.099555] (racing_stage2_param_test) StdoutLine: {'line': b'\n'}
[7.101247] (racing_stage2_param_test) StdoutLine: {'line': b'Installed /home/sunrise/dev_ws/build/racing_stage2_param_test\n'}
[7.101785] (racing_stage2_param_test) StdoutLine: {'line': b'running symlink_data\n'}
[7.102223] (racing_stage2_param_test) StdoutLine: {'line': b'creating /home/sunrise/dev_ws/install/racing_stage2_param_test/share/ament_index\n'}
[7.102642] (racing_stage2_param_test) StdoutLine: {'line': b'creating /home/sunrise/dev_ws/install/racing_stage2_param_test/share/ament_index/resource_index\n'}
[7.103049] (racing_stage2_param_test) StdoutLine: {'line': b'creating /home/sunrise/dev_ws/install/racing_stage2_param_test/share/ament_index/resource_index/packages\n'}
[7.103451] (racing_stage2_param_test) StdoutLine: {'line': b'symbolically linking /home/sunrise/dev_ws/build/racing_stage2_param_test/resource/racing_stage2_param_test -> /home/sunrise/dev_ws/install/racing_stage2_param_test/share/ament_index/resource_index/packages\n'}
[7.103860] (racing_stage2_param_test) StdoutLine: {'line': b'symbolically linking /home/sunrise/dev_ws/build/racing_stage2_param_test/package.xml -> /home/sunrise/dev_ws/install/racing_stage2_param_test/share/racing_stage2_param_test\n'}
[7.104264] (racing_stage2_param_test) StdoutLine: {'line': b'creating /home/sunrise/dev_ws/install/racing_stage2_param_test/share/racing_stage2_param_test/launch\n'}
[7.104667] (racing_stage2_param_test) StdoutLine: {'line': b'symbolically linking /home/sunrise/dev_ws/build/racing_stage2_param_test/launch/direct_inertial_test.launch.py -> /home/sunrise/dev_ws/install/racing_stage2_param_test/share/racing_stage2_param_test/launch\n'}
[7.105074] (racing_stage2_param_test) StdoutLine: {'line': b'symbolically linking /home/sunrise/dev_ws/build/racing_stage2_param_test/launch/avoidance_straight_test.launch.py -> /home/sunrise/dev_ws/install/racing_stage2_param_test/share/racing_stage2_param_test/launch\n'}
[7.105582] (racing_stage2_param_test) StdoutLine: {'line': b'symbolically linking /home/sunrise/dev_ws/build/racing_stage2_param_test/launch/lane_follow_test.launch.py -> /home/sunrise/dev_ws/install/racing_stage2_param_test/share/racing_stage2_param_test/launch\n'}
[7.105996] (racing_stage2_param_test) StdoutLine: {'line': b'symbolically linking /home/sunrise/dev_ws/build/racing_stage2_param_test/launch/direct_inertial_camera_record_test.launch.py -> /home/sunrise/dev_ws/install/racing_stage2_param_test/share/racing_stage2_param_test/launch\n'}
[7.106403] (racing_stage2_param_test) StdoutLine: {'line': b'creating /home/sunrise/dev_ws/install/racing_stage2_param_test/share/racing_stage2_param_test/config\n'}
[7.106803] (racing_stage2_param_test) StdoutLine: {'line': b'symbolically linking /home/sunrise/dev_ws/build/racing_stage2_param_test/config/avoidance_straight_test.yaml -> /home/sunrise/dev_ws/install/racing_stage2_param_test/share/racing_stage2_param_test/config\n'}
[7.107204] (racing_stage2_param_test) StdoutLine: {'line': b'symbolically linking /home/sunrise/dev_ws/build/racing_stage2_param_test/config/direct_inertial_test.yaml -> /home/sunrise/dev_ws/install/racing_stage2_param_test/share/racing_stage2_param_test/config\n'}
[7.126260] (-) TimerEvent: {}
[7.226703] (-) TimerEvent: {}
[7.327131] (-) TimerEvent: {}
[7.338437] (racing_stage2_param_test) CommandEnded: {'returncode': 0}
[7.427949] (-) TimerEvent: {}
[7.460104] (racing_stage2_param_test) JobEnded: {'identifier': 'racing_stage2_param_test', 'rc': 0}
[7.462569] (-) EventReactorShutdown: {}
