[2.452s] Invoking command in '/home/sunrise/dev_ws/build/lslidar_msgs': CMAKE_PREFIX_PATH=${CMAKE_PREFIX_PATH}:/home/sunrise/dev_ws/install/simple_avoidance:/home/sunrise/dev_ws/install/racing_stage2_param_test:/home/sunrise/dev_ws/install/racing_vision_ai:/home/sunrise/dev_ws/install/racing_stage3_param_test:/home/sunrise/dev_ws/install/racing_bringup:/home/sunrise/dev_ws/install/racing_stage3:/home/sunrise/dev_ws/install/line_follower_pkg:/home/sunrise/dev_ws/install/racing_stage2:/home/sunrise/dev_ws/install/racing_stage1:/home/sunrise/dev_ws/install/qr_scanner:/home/sunrise/dev_ws/install/bno055:/opt/tros/humble:/opt/ros/humble /usr/bin/cmake --build /home/sunrise/dev_ws/build/lslidar_msgs -- -j8 -l8
[5.603s] [35m[1mConsolidate compiler generated dependencies of target lslidar_msgs__rosidl_generator_c[0m
[5.606s] [  1%] Built target lslidar_msgs__rs
[5.607s] [ 12%] Built target lslidar_msgs__rosidl_generator_c
[5.608s] [ 14%] Built target lslidar_msgs__cpp
[5.611s] [ 14%] Built target ament_cmake_python_symlink_lslidar_msgs
[5.611s] [35m[1mConsolidate compiler generated dependencies of target lslidar_msgs__rosidl_typesupport_fastrtps_c[0m
[5.612s] [35m[1mConsolidate compiler generated dependencies of target lslidar_msgs__rosidl_typesupport_c[0m
[5.614s] [35m[1mConsolidate compiler generated dependencies of target lslidar_msgs__rosidl_typesupport_introspection_c[0m
[5.615s] [35m[1mConsolidate compiler generated dependencies of target lslidar_msgs__rosidl_typesupport_fastrtps_cpp[0m
[5.617s] [35m[1mConsolidate compiler generated dependencies of target lslidar_msgs__rosidl_typesupport_introspection_cpp[0m
[5.619s] [35m[1mConsolidate compiler generated dependencies of target lslidar_msgs__rosidl_typesupport_cpp[0m
[5.620s] [ 25%] Built target lslidar_msgs__rosidl_typesupport_fastrtps_c
[5.621s] [ 35%] Built target lslidar_msgs__rosidl_typesupport_introspection_c
[5.623s] [ 46%] Built target lslidar_msgs__rosidl_typesupport_c
[5.624s] [ 57%] Built target lslidar_msgs__rosidl_typesupport_cpp
[5.625s] [ 75%] Built target lslidar_msgs__rosidl_typesupport_introspection_cpp
[5.627s] [ 79%] Built target lslidar_msgs__rosidl_typesupport_fastrtps_cpp
[5.628s] [ 79%] Built target lslidar_msgs
[5.630s] [ 81%] Built target lslidar_msgs__py
[5.631s] [35m[1mConsolidate compiler generated dependencies of target lslidar_msgs__rosidl_generator_py[0m
[5.632s] [ 90%] Built target lslidar_msgs__rosidl_generator_py
[5.633s] [35m[1mConsolidate compiler generated dependencies of target lslidar_msgs__rosidl_typesupport_introspection_c__pyext[0m
[5.635s] [35m[1mConsolidate compiler generated dependencies of target lslidar_msgs__rosidl_typesupport_fastrtps_c__pyext[0m
[5.637s] [35m[1mConsolidate compiler generated dependencies of target lslidar_msgs__rosidl_typesupport_c__pyext[0m
[5.639s] [ 93%] Built target lslidar_msgs__rosidl_typesupport_introspection_c__pyext
[5.640s] [ 96%] Built target lslidar_msgs__rosidl_typesupport_fastrtps_c__pyext
[5.641s] [100%] Built target lslidar_msgs__rosidl_typesupport_c__pyext
[5.643s] running egg_info
[5.644s] writing lslidar_msgs.egg-info/PKG-INFO
[5.645s] writing dependency_links to lslidar_msgs.egg-info/dependency_links.txt
[5.647s] writing top-level names to lslidar_msgs.egg-info/top_level.txt
[5.648s] reading manifest file 'lslidar_msgs.egg-info/SOURCES.txt'
[5.649s] writing manifest file 'lslidar_msgs.egg-info/SOURCES.txt'
[6.029s] [100%] Built target ament_cmake_python_build_lslidar_msgs_egg
[6.257s] Invoked command in '/home/sunrise/dev_ws/build/lslidar_msgs' returned '0': CMAKE_PREFIX_PATH=${CMAKE_PREFIX_PATH}:/home/sunrise/dev_ws/install/simple_avoidance:/home/sunrise/dev_ws/install/racing_stage2_param_test:/home/sunrise/dev_ws/install/racing_vision_ai:/home/sunrise/dev_ws/install/racing_stage3_param_test:/home/sunrise/dev_ws/install/racing_bringup:/home/sunrise/dev_ws/install/racing_stage3:/home/sunrise/dev_ws/install/line_follower_pkg:/home/sunrise/dev_ws/install/racing_stage2:/home/sunrise/dev_ws/install/racing_stage1:/home/sunrise/dev_ws/install/qr_scanner:/home/sunrise/dev_ws/install/bno055:/opt/tros/humble:/opt/ros/humble /usr/bin/cmake --build /home/sunrise/dev_ws/build/lslidar_msgs -- -j8 -l8
[6.264s] Invoking command in '/home/sunrise/dev_ws/build/lslidar_msgs': CMAKE_PREFIX_PATH=${CMAKE_PREFIX_PATH}:/home/sunrise/dev_ws/install/simple_avoidance:/home/sunrise/dev_ws/install/racing_stage2_param_test:/home/sunrise/dev_ws/install/racing_vision_ai:/home/sunrise/dev_ws/install/racing_stage3_param_test:/home/sunrise/dev_ws/install/racing_bringup:/home/sunrise/dev_ws/install/racing_stage3:/home/sunrise/dev_ws/install/line_follower_pkg:/home/sunrise/dev_ws/install/racing_stage2:/home/sunrise/dev_ws/install/racing_stage1:/home/sunrise/dev_ws/install/qr_scanner:/home/sunrise/dev_ws/install/bno055:/opt/tros/humble:/opt/ros/humble /usr/bin/cmake --install /home/sunrise/dev_ws/build/lslidar_msgs
[6.411s] -- Install configuration: ""
[6.414s] -- Execute custom install script
[6.419s] -- Up-to-date symlink: /home/sunrise/dev_ws/install/lslidar_msgs/share/ament_index/resource_index/rosidl_interfaces/lslidar_msgs
[6.424s] -- Up-to-date symlink: /home/sunrise/dev_ws/install/lslidar_msgs/include/lslidar_msgs/lslidar_msgs/msg/detail/lslidar_difop__functions.h
[6.424s] -- Up-to-date symlink: /home/sunrise/dev_ws/install/lslidar_msgs/include/lslidar_msgs/lslidar_msgs/msg/detail/lslidar_difop__struct.h
[6.425s] -- Up-to-date symlink: /home/sunrise/dev_ws/install/lslidar_msgs/include/lslidar_msgs/lslidar_msgs/msg/detail/lslidar_difop__type_support.h
[6.426s] -- Up-to-date symlink: /home/sunrise/dev_ws/install/lslidar_msgs/include/lslidar_msgs/lslidar_msgs/msg/detail/lslidar_packet__functions.h
[6.427s] -- Up-to-date symlink: /home/sunrise/dev_ws/install/lslidar_msgs/include/lslidar_msgs/lslidar_msgs/msg/detail/lslidar_packet__struct.h
[6.427s] -- Up-to-date symlink: /home/sunrise/dev_ws/install/lslidar_msgs/include/lslidar_msgs/lslidar_msgs/msg/detail/lslidar_packet__type_support.h
[6.428s] -- Up-to-date symlink: /home/sunrise/dev_ws/install/lslidar_msgs/include/lslidar_msgs/lslidar_msgs/msg/detail/lslidar_point__functions.h
[6.429s] -- Up-to-date symlink: /home/sunrise/dev_ws/install/lslidar_msgs/include/lslidar_msgs/lslidar_msgs/msg/detail/lslidar_point__struct.h
[6.429s] -- Up-to-date symlink: /home/sunrise/dev_ws/install/lslidar_msgs/include/lslidar_msgs/lslidar_msgs/msg/detail/lslidar_point__type_support.h
[6.430s] -- Up-to-date symlink: /home/sunrise/dev_ws/install/lslidar_msgs/include/lslidar_msgs/lslidar_msgs/msg/detail/lslidar_scan__functions.h
[6.431s] -- Up-to-date symlink: /home/sunrise/dev_ws/install/lslidar_msgs/include/lslidar_msgs/lslidar_msgs/msg/detail/lslidar_scan__struct.h
[6.431s] -- Up-to-date symlink: /home/sunrise/dev_ws/install/lslidar_msgs/include/lslidar_msgs/lslidar_msgs/msg/detail/lslidar_scan__type_support.h
[6.432s] -- Up-to-date symlink: /home/sunrise/dev_ws/install/lslidar_msgs/include/lslidar_msgs/lslidar_msgs/msg/detail/lslidar_sweep__functions.h
[6.433s] -- Up-to-date symlink: /home/sunrise/dev_ws/install/lslidar_msgs/include/lslidar_msgs/lslidar_msgs/msg/detail/lslidar_sweep__struct.h
[6.433s] -- Up-to-date symlink: /home/sunrise/dev_ws/install/lslidar_msgs/include/lslidar_msgs/lslidar_msgs/msg/detail/lslidar_sweep__type_support.h
[6.434s] -- Up-to-date symlink: /home/sunrise/dev_ws/install/lslidar_msgs/include/lslidar_msgs/lslidar_msgs/msg/lslidar_difop.h
[6.435s] -- Up-to-date symlink: /home/sunrise/dev_ws/install/lslidar_msgs/include/lslidar_msgs/lslidar_msgs/msg/lslidar_packet.h
[6.435s] -- Up-to-date symlink: /home/sunrise/dev_ws/install/lslidar_msgs/include/lslidar_msgs/lslidar_msgs/msg/lslidar_point.h
[6.436s] -- Up-to-date symlink: /home/sunrise/dev_ws/install/lslidar_msgs/include/lslidar_msgs/lslidar_msgs/msg/lslidar_scan.h
[6.446s] -- Up-to-date symlink: /home/sunrise/dev_ws/install/lslidar_msgs/include/lslidar_msgs/lslidar_msgs/msg/lslidar_sweep.h
[6.447s] -- Up-to-date symlink: /home/sunrise/dev_ws/install/lslidar_msgs/include/lslidar_msgs/lslidar_msgs/msg/rosidl_generator_c__visibility_control.h
[6.448s] -- Up-to-date symlink: /home/sunrise/dev_ws/install/lslidar_msgs/share/lslidar_msgs/environment/library_path.sh
[6.449s] -- Up-to-date symlink: /home/sunrise/dev_ws/install/lslidar_msgs/share/lslidar_msgs/environment/library_path.dsv
[6.450s] -- Up-to-date symlink: /home/sunrise/dev_ws/install/lslidar_msgs/include/lslidar_msgs/lslidar_msgs/msg/detail/lslidar_difop__rosidl_typesupport_fastrtps_c.h
[6.451s] -- Up-to-date symlink: /home/sunrise/dev_ws/install/lslidar_msgs/include/lslidar_msgs/lslidar_msgs/msg/detail/lslidar_packet__rosidl_typesupport_fastrtps_c.h
[6.452s] -- Up-to-date symlink: /home/sunrise/dev_ws/install/lslidar_msgs/include/lslidar_msgs/lslidar_msgs/msg/detail/lslidar_point__rosidl_typesupport_fastrtps_c.h
[6.453s] -- Up-to-date symlink: /home/sunrise/dev_ws/install/lslidar_msgs/include/lslidar_msgs/lslidar_msgs/msg/detail/lslidar_scan__rosidl_typesupport_fastrtps_c.h
[6.454s] -- Up-to-date symlink: /home/sunrise/dev_ws/install/lslidar_msgs/include/lslidar_msgs/lslidar_msgs/msg/detail/lslidar_sweep__rosidl_typesupport_fastrtps_c.h
[6.455s] -- Up-to-date symlink: /home/sunrise/dev_ws/install/lslidar_msgs/include/lslidar_msgs/lslidar_msgs/msg/rosidl_typesupport_fastrtps_c__visibility_control.h
[6.456s] -- Up-to-date symlink: /home/sunrise/dev_ws/install/lslidar_msgs/include/lslidar_msgs/lslidar_msgs/msg/detail/lslidar_difop__builder.hpp
[6.457s] -- Up-to-date symlink: /home/sunrise/dev_ws/install/lslidar_msgs/include/lslidar_msgs/lslidar_msgs/msg/detail/lslidar_difop__struct.hpp
[6.458s] -- Up-to-date symlink: /home/sunrise/dev_ws/install/lslidar_msgs/include/lslidar_msgs/lslidar_msgs/msg/detail/lslidar_difop__traits.hpp
[6.459s] -- Up-to-date symlink: /home/sunrise/dev_ws/install/lslidar_msgs/include/lslidar_msgs/lslidar_msgs/msg/detail/lslidar_difop__type_support.hpp
[6.460s] -- Up-to-date symlink: /home/sunrise/dev_ws/install/lslidar_msgs/include/lslidar_msgs/lslidar_msgs/msg/detail/lslidar_packet__builder.hpp
[6.461s] -- Up-to-date symlink: /home/sunrise/dev_ws/install/lslidar_msgs/include/lslidar_msgs/lslidar_msgs/msg/detail/lslidar_packet__struct.hpp
[6.462s] -- Up-to-date symlink: /home/sunrise/dev_ws/install/lslidar_msgs/include/lslidar_msgs/lslidar_msgs/msg/detail/lslidar_packet__traits.hpp
[6.464s] -- Up-to-date symlink: /home/sunrise/dev_ws/install/lslidar_msgs/include/lslidar_msgs/lslidar_msgs/msg/detail/lslidar_packet__type_support.hpp
[6.465s] -- Up-to-date symlink: /home/sunrise/dev_ws/install/lslidar_msgs/include/lslidar_msgs/lslidar_msgs/msg/detail/lslidar_point__builder.hpp
[6.466s] -- Up-to-date symlink: /home/sunrise/dev_ws/install/lslidar_msgs/include/lslidar_msgs/lslidar_msgs/msg/detail/lslidar_point__struct.hpp
[6.467s] -- Up-to-date symlink: /home/sunrise/dev_ws/install/lslidar_msgs/include/lslidar_msgs/lslidar_msgs/msg/detail/lslidar_point__traits.hpp
[6.468s] -- Up-to-date symlink: /home/sunrise/dev_ws/install/lslidar_msgs/include/lslidar_msgs/lslidar_msgs/msg/detail/lslidar_point__type_support.hpp
[6.469s] -- Up-to-date symlink: /home/sunrise/dev_ws/install/lslidar_msgs/include/lslidar_msgs/lslidar_msgs/msg/detail/lslidar_scan__builder.hpp
[6.471s] -- Up-to-date symlink: /home/sunrise/dev_ws/install/lslidar_msgs/include/lslidar_msgs/lslidar_msgs/msg/detail/lslidar_scan__struct.hpp
[6.471s] -- Up-to-date symlink: /home/sunrise/dev_ws/install/lslidar_msgs/include/lslidar_msgs/lslidar_msgs/msg/detail/lslidar_scan__traits.hpp
[6.472s] -- Up-to-date symlink: /home/sunrise/dev_ws/install/lslidar_msgs/include/lslidar_msgs/lslidar_msgs/msg/detail/lslidar_scan__type_support.hpp
[6.473s] -- Up-to-date symlink: /home/sunrise/dev_ws/install/lslidar_msgs/include/lslidar_msgs/lslidar_msgs/msg/detail/lslidar_sweep__builder.hpp
[6.475s] -- Up-to-date symlink: /home/sunrise/dev_ws/install/lslidar_msgs/include/lslidar_msgs/lslidar_msgs/msg/detail/lslidar_sweep__struct.hpp
[6.476s] -- Up-to-date symlink: /home/sunrise/dev_ws/install/lslidar_msgs/include/lslidar_msgs/lslidar_msgs/msg/detail/lslidar_sweep__traits.hpp
[6.477s] -- Up-to-date symlink: /home/sunrise/dev_ws/install/lslidar_msgs/include/lslidar_msgs/lslidar_msgs/msg/detail/lslidar_sweep__type_support.hpp
[6.478s] -- Up-to-date symlink: /home/sunrise/dev_ws/install/lslidar_msgs/include/lslidar_msgs/lslidar_msgs/msg/lslidar_difop.hpp
[6.479s] -- Up-to-date symlink: /home/sunrise/dev_ws/install/lslidar_msgs/include/lslidar_msgs/lslidar_msgs/msg/lslidar_packet.hpp
[6.480s] -- Up-to-date symlink: /home/sunrise/dev_ws/install/lslidar_msgs/include/lslidar_msgs/lslidar_msgs/msg/lslidar_point.hpp
[6.481s] -- Up-to-date symlink: /home/sunrise/dev_ws/install/lslidar_msgs/include/lslidar_msgs/lslidar_msgs/msg/lslidar_scan.hpp
[6.483s] -- Up-to-date symlink: /home/sunrise/dev_ws/install/lslidar_msgs/include/lslidar_msgs/lslidar_msgs/msg/lslidar_sweep.hpp
[6.484s] -- Up-to-date symlink: /home/sunrise/dev_ws/install/lslidar_msgs/include/lslidar_msgs/lslidar_msgs/msg/rosidl_generator_cpp__visibility_control.hpp
[6.485s] -- Up-to-date symlink: /home/sunrise/dev_ws/install/lslidar_msgs/include/lslidar_msgs/lslidar_msgs/msg/detail/lslidar_difop__rosidl_typesupport_fastrtps_cpp.hpp
[6.487s] -- Up-to-date symlink: /home/sunrise/dev_ws/install/lslidar_msgs/include/lslidar_msgs/lslidar_msgs/msg/detail/lslidar_packet__rosidl_typesupport_fastrtps_cpp.hpp
[6.488s] -- Up-to-date symlink: /home/sunrise/dev_ws/install/lslidar_msgs/include/lslidar_msgs/lslidar_msgs/msg/detail/lslidar_point__rosidl_typesupport_fastrtps_cpp.hpp
[6.490s] -- Up-to-date symlink: /home/sunrise/dev_ws/install/lslidar_msgs/include/lslidar_msgs/lslidar_msgs/msg/detail/lslidar_scan__rosidl_typesupport_fastrtps_cpp.hpp
[6.491s] -- Up-to-date symlink: /home/sunrise/dev_ws/install/lslidar_msgs/include/lslidar_msgs/lslidar_msgs/msg/detail/lslidar_sweep__rosidl_typesupport_fastrtps_cpp.hpp
[6.492s] -- Up-to-date symlink: /home/sunrise/dev_ws/install/lslidar_msgs/include/lslidar_msgs/lslidar_msgs/msg/rosidl_typesupport_fastrtps_cpp__visibility_control.h
[6.494s] -- Up-to-date symlink: /home/sunrise/dev_ws/install/lslidar_msgs/include/lslidar_msgs/lslidar_msgs/msg/detail/lslidar_difop__rosidl_typesupport_introspection_c.h
[6.495s] -- Up-to-date symlink: /home/sunrise/dev_ws/install/lslidar_msgs/include/lslidar_msgs/lslidar_msgs/msg/detail/lslidar_packet__rosidl_typesupport_introspection_c.h
[6.496s] -- Up-to-date symlink: /home/sunrise/dev_ws/install/lslidar_msgs/include/lslidar_msgs/lslidar_msgs/msg/detail/lslidar_point__rosidl_typesupport_introspection_c.h
[6.498s] -- Up-to-date symlink: /home/sunrise/dev_ws/install/lslidar_msgs/include/lslidar_msgs/lslidar_msgs/msg/detail/lslidar_scan__rosidl_typesupport_introspection_c.h
[6.499s] -- Up-to-date symlink: /home/sunrise/dev_ws/install/lslidar_msgs/include/lslidar_msgs/lslidar_msgs/msg/detail/lslidar_sweep__rosidl_typesupport_introspection_c.h
[6.500s] -- Up-to-date symlink: /home/sunrise/dev_ws/install/lslidar_msgs/include/lslidar_msgs/lslidar_msgs/msg/rosidl_typesupport_introspection_c__visibility_control.h
[6.504s] -- Up-to-date symlink: /home/sunrise/dev_ws/install/lslidar_msgs/include/lslidar_msgs/lslidar_msgs/msg/detail/lslidar_difop__rosidl_typesupport_introspection_cpp.hpp
[6.505s] -- Up-to-date symlink: /home/sunrise/dev_ws/install/lslidar_msgs/include/lslidar_msgs/lslidar_msgs/msg/detail/lslidar_packet__rosidl_typesupport_introspection_cpp.hpp
[6.508s] -- Up-to-date symlink: /home/sunrise/dev_ws/install/lslidar_msgs/include/lslidar_msgs/lslidar_msgs/msg/detail/lslidar_point__rosidl_typesupport_introspection_cpp.hpp
[6.509s] -- Up-to-date symlink: /home/sunrise/dev_ws/install/lslidar_msgs/include/lslidar_msgs/lslidar_msgs/msg/detail/lslidar_scan__rosidl_typesupport_introspection_cpp.hpp
[6.510s] -- Up-to-date symlink: /home/sunrise/dev_ws/install/lslidar_msgs/include/lslidar_msgs/lslidar_msgs/msg/detail/lslidar_sweep__rosidl_typesupport_introspection_cpp.hpp
[6.511s] -- Up-to-date symlink: /home/sunrise/dev_ws/install/lslidar_msgs/share/lslidar_msgs/environment/pythonpath.sh
[6.512s] -- Up-to-date symlink: /home/sunrise/dev_ws/install/lslidar_msgs/share/lslidar_msgs/environment/pythonpath.dsv
[6.513s] -- Up-to-date symlink: /home/sunrise/dev_ws/install/lslidar_msgs/local/lib/python3.10/dist-packages/lslidar_msgs-1.2.0-py3.10.egg-info/PKG-INFO
[6.514s] -- Up-to-date symlink: /home/sunrise/dev_ws/install/lslidar_msgs/local/lib/python3.10/dist-packages/lslidar_msgs-1.2.0-py3.10.egg-info/SOURCES.txt
[6.516s] -- Up-to-date symlink: /home/sunrise/dev_ws/install/lslidar_msgs/local/lib/python3.10/dist-packages/lslidar_msgs-1.2.0-py3.10.egg-info/dependency_links.txt
[6.517s] -- Up-to-date symlink: /home/sunrise/dev_ws/install/lslidar_msgs/local/lib/python3.10/dist-packages/lslidar_msgs-1.2.0-py3.10.egg-info/top_level.txt
[6.518s] -- Up-to-date symlink: /home/sunrise/dev_ws/install/lslidar_msgs/local/lib/python3.10/dist-packages/lslidar_msgs/__init__.py
[6.519s] -- Up-to-date symlink: /home/sunrise/dev_ws/install/lslidar_msgs/local/lib/python3.10/dist-packages/lslidar_msgs/_lslidar_msgs_s.ep.rosidl_typesupport_c.c
[6.521s] -- Up-to-date symlink: /home/sunrise/dev_ws/install/lslidar_msgs/local/lib/python3.10/dist-packages/lslidar_msgs/_lslidar_msgs_s.ep.rosidl_typesupport_fastrtps_c.c
[6.521s] -- Up-to-date symlink: /home/sunrise/dev_ws/install/lslidar_msgs/local/lib/python3.10/dist-packages/lslidar_msgs/_lslidar_msgs_s.ep.rosidl_typesupport_introspection_c.c
[6.522s] -- Up-to-date symlink: /home/sunrise/dev_ws/install/lslidar_msgs/local/lib/python3.10/dist-packages/lslidar_msgs/liblslidar_msgs__rosidl_generator_py.so
[6.523s] -- Up-to-date symlink: /home/sunrise/dev_ws/install/lslidar_msgs/local/lib/python3.10/dist-packages/lslidar_msgs/lslidar_msgs_s__rosidl_typesupport_c.cpython-310-aarch64-linux-gnu.so
[6.524s] -- Up-to-date symlink: /home/sunrise/dev_ws/install/lslidar_msgs/local/lib/python3.10/dist-packages/lslidar_msgs/lslidar_msgs_s__rosidl_typesupport_fastrtps_c.cpython-310-aarch64-linux-gnu.so
[6.525s] -- Up-to-date symlink: /home/sunrise/dev_ws/install/lslidar_msgs/local/lib/python3.10/dist-packages/lslidar_msgs/lslidar_msgs_s__rosidl_typesupport_introspection_c.cpython-310-aarch64-linux-gnu.so
[6.526s] -- Up-to-date symlink: /home/sunrise/dev_ws/install/lslidar_msgs/local/lib/python3.10/dist-packages/lslidar_msgs/msg/__init__.py
[6.527s] -- Up-to-date symlink: /home/sunrise/dev_ws/install/lslidar_msgs/local/lib/python3.10/dist-packages/lslidar_msgs/msg/_lslidar_difop.py
[6.529s] -- Up-to-date symlink: /home/sunrise/dev_ws/install/lslidar_msgs/local/lib/python3.10/dist-packages/lslidar_msgs/msg/_lslidar_difop_s.c
[6.530s] -- Up-to-date symlink: /home/sunrise/dev_ws/install/lslidar_msgs/local/lib/python3.10/dist-packages/lslidar_msgs/msg/_lslidar_packet.py
[6.531s] -- Up-to-date symlink: /home/sunrise/dev_ws/install/lslidar_msgs/local/lib/python3.10/dist-packages/lslidar_msgs/msg/_lslidar_packet_s.c
[6.532s] -- Up-to-date symlink: /home/sunrise/dev_ws/install/lslidar_msgs/local/lib/python3.10/dist-packages/lslidar_msgs/msg/_lslidar_point.py
[6.533s] -- Up-to-date symlink: /home/sunrise/dev_ws/install/lslidar_msgs/local/lib/python3.10/dist-packages/lslidar_msgs/msg/_lslidar_point_s.c
[6.535s] -- Up-to-date symlink: /home/sunrise/dev_ws/install/lslidar_msgs/local/lib/python3.10/dist-packages/lslidar_msgs/msg/_lslidar_scan.py
[6.535s] -- Up-to-date symlink: /home/sunrise/dev_ws/install/lslidar_msgs/local/lib/python3.10/dist-packages/lslidar_msgs/msg/_lslidar_scan_s.c
[6.538s] -- Up-to-date symlink: /home/sunrise/dev_ws/install/lslidar_msgs/local/lib/python3.10/dist-packages/lslidar_msgs/msg/_lslidar_sweep.py
[6.538s] -- Up-to-date symlink: /home/sunrise/dev_ws/install/lslidar_msgs/local/lib/python3.10/dist-packages/lslidar_msgs/msg/_lslidar_sweep_s.c
[6.543s] -- Up-to-date symlink: /home/sunrise/dev_ws/install/lslidar_msgs/local/lib/python3.10/dist-packages/lslidar_msgs/lslidar_msgs_s__rosidl_typesupport_fastrtps_c.cpython-310-aarch64-linux-gnu.so
[6.544s] -- Up-to-date symlink: /home/sunrise/dev_ws/install/lslidar_msgs/local/lib/python3.10/dist-packages/lslidar_msgs/lslidar_msgs_s__rosidl_typesupport_introspection_c.cpython-310-aarch64-linux-gnu.so
[6.545s] -- Up-to-date symlink: /home/sunrise/dev_ws/install/lslidar_msgs/local/lib/python3.10/dist-packages/lslidar_msgs/lslidar_msgs_s__rosidl_typesupport_c.cpython-310-aarch64-linux-gnu.so
[6.546s] -- Up-to-date symlink: /home/sunrise/dev_ws/install/lslidar_msgs/share/ament_index/resource_index/rust_packages/lslidar_msgs
[6.547s] -- Up-to-date symlink: /home/sunrise/dev_ws/install/lslidar_msgs/share/lslidar_msgs/rust/Cargo.toml
[6.548s] -- Up-to-date symlink: /home/sunrise/dev_ws/install/lslidar_msgs/share/lslidar_msgs/rust/build.rs
[6.549s] -- Up-to-date symlink: /home/sunrise/dev_ws/install/lslidar_msgs/share/lslidar_msgs/rust/src/lib.rs
[6.550s] -- Up-to-date symlink: /home/sunrise/dev_ws/install/lslidar_msgs/share/lslidar_msgs/rust/src/msg.rs
[6.551s] -- Up-to-date symlink: /home/sunrise/dev_ws/install/lslidar_msgs/share/lslidar_msgs/rust/src/msg/rmw.rs
[6.552s] -- Up-to-date symlink: /home/sunrise/dev_ws/install/lslidar_msgs/share/lslidar_msgs/msg/LslidarDifop.idl
[6.553s] -- Up-to-date symlink: /home/sunrise/dev_ws/install/lslidar_msgs/share/lslidar_msgs/msg/LslidarPacket.idl
[6.554s] -- Up-to-date symlink: /home/sunrise/dev_ws/install/lslidar_msgs/share/lslidar_msgs/msg/LslidarPoint.idl
[6.555s] -- Up-to-date symlink: /home/sunrise/dev_ws/install/lslidar_msgs/share/lslidar_msgs/msg/LslidarScan.idl
[6.556s] -- Up-to-date symlink: /home/sunrise/dev_ws/install/lslidar_msgs/share/lslidar_msgs/msg/LslidarSweep.idl
[6.557s] -- Up-to-date symlink: /home/sunrise/dev_ws/install/lslidar_msgs/share/lslidar_msgs/msg/LslidarDifop.msg
[6.558s] -- Up-to-date symlink: /home/sunrise/dev_ws/install/lslidar_msgs/share/lslidar_msgs/msg/LslidarPacket.msg
[6.559s] -- Up-to-date symlink: /home/sunrise/dev_ws/install/lslidar_msgs/share/lslidar_msgs/msg/LslidarPoint.msg
[6.560s] -- Up-to-date symlink: /home/sunrise/dev_ws/install/lslidar_msgs/share/lslidar_msgs/msg/LslidarScan.msg
[6.562s] -- Up-to-date symlink: /home/sunrise/dev_ws/install/lslidar_msgs/share/lslidar_msgs/msg/LslidarSweep.msg
[6.563s] -- Up-to-date symlink: /home/sunrise/dev_ws/install/lslidar_msgs/share/ament_index/resource_index/package_run_dependencies/lslidar_msgs
[6.564s] -- Up-to-date symlink: /home/sunrise/dev_ws/install/lslidar_msgs/share/ament_index/resource_index/parent_prefix_path/lslidar_msgs
[6.565s] -- Up-to-date symlink: /home/sunrise/dev_ws/install/lslidar_msgs/share/lslidar_msgs/environment/ament_prefix_path.sh
[6.566s] -- Up-to-date symlink: /home/sunrise/dev_ws/install/lslidar_msgs/share/lslidar_msgs/environment/ament_prefix_path.dsv
[6.567s] -- Up-to-date symlink: /home/sunrise/dev_ws/install/lslidar_msgs/share/lslidar_msgs/environment/path.sh
[6.569s] -- Up-to-date symlink: /home/sunrise/dev_ws/install/lslidar_msgs/share/lslidar_msgs/environment/path.dsv
[6.570s] -- Up-to-date symlink: /home/sunrise/dev_ws/install/lslidar_msgs/share/lslidar_msgs/local_setup.bash
[6.571s] -- Up-to-date symlink: /home/sunrise/dev_ws/install/lslidar_msgs/share/lslidar_msgs/local_setup.sh
[6.575s] -- Up-to-date symlink: /home/sunrise/dev_ws/install/lslidar_msgs/share/lslidar_msgs/local_setup.zsh
[6.576s] -- Up-to-date symlink: /home/sunrise/dev_ws/install/lslidar_msgs/share/lslidar_msgs/local_setup.dsv
[6.577s] -- Symlinking: /home/sunrise/dev_ws/install/lslidar_msgs/share/lslidar_msgs/package.dsv
[6.641s] -- Up-to-date symlink: /home/sunrise/dev_ws/install/lslidar_msgs/share/ament_index/resource_index/packages/lslidar_msgs
[6.644s] -- Up-to-date symlink: /home/sunrise/dev_ws/install/lslidar_msgs/share/lslidar_msgs/cmake/rosidl_cmake-extras.cmake
[6.647s] -- Up-to-date symlink: /home/sunrise/dev_ws/install/lslidar_msgs/share/lslidar_msgs/cmake/ament_cmake_export_dependencies-extras.cmake
[6.648s] -- Up-to-date symlink: /home/sunrise/dev_ws/install/lslidar_msgs/share/lslidar_msgs/cmake/ament_cmake_export_include_directories-extras.cmake
[6.650s] -- Up-to-date symlink: /home/sunrise/dev_ws/install/lslidar_msgs/share/lslidar_msgs/cmake/ament_cmake_export_libraries-extras.cmake
[6.652s] -- Up-to-date symlink: /home/sunrise/dev_ws/install/lslidar_msgs/share/lslidar_msgs/cmake/ament_cmake_export_targets-extras.cmake
[6.653s] -- Up-to-date symlink: /home/sunrise/dev_ws/install/lslidar_msgs/share/lslidar_msgs/cmake/rosidl_cmake_export_typesupport_targets-extras.cmake
[6.657s] -- Up-to-date symlink: /home/sunrise/dev_ws/install/lslidar_msgs/share/lslidar_msgs/cmake/rosidl_cmake_export_typesupport_libraries-extras.cmake
[6.658s] -- Up-to-date symlink: /home/sunrise/dev_ws/install/lslidar_msgs/share/lslidar_msgs/cmake/lslidar_msgsConfig.cmake
[6.659s] -- Up-to-date symlink: /home/sunrise/dev_ws/install/lslidar_msgs/share/lslidar_msgs/cmake/lslidar_msgsConfig-version.cmake
[6.663s] -- Up-to-date symlink: /home/sunrise/dev_ws/install/lslidar_msgs/share/lslidar_msgs/package.xml
[6.668s] -- Up-to-date: /home/sunrise/dev_ws/install/lslidar_msgs/lib/liblslidar_msgs__rosidl_generator_c.so
[6.672s] -- Up-to-date: /home/sunrise/dev_ws/install/lslidar_msgs/lib/liblslidar_msgs__rosidl_typesupport_fastrtps_c.so
[6.673s] -- Up-to-date: /home/sunrise/dev_ws/install/lslidar_msgs/lib/liblslidar_msgs__rosidl_typesupport_fastrtps_cpp.so
[6.677s] -- Up-to-date: /home/sunrise/dev_ws/install/lslidar_msgs/lib/liblslidar_msgs__rosidl_typesupport_introspection_c.so
[6.678s] -- Up-to-date: /home/sunrise/dev_ws/install/lslidar_msgs/lib/liblslidar_msgs__rosidl_typesupport_c.so
[6.682s] -- Up-to-date: /home/sunrise/dev_ws/install/lslidar_msgs/lib/liblslidar_msgs__rosidl_typesupport_introspection_cpp.so
[6.686s] -- Up-to-date: /home/sunrise/dev_ws/install/lslidar_msgs/lib/liblslidar_msgs__rosidl_typesupport_cpp.so
[6.862s] Listing '/home/sunrise/dev_ws/install/lslidar_msgs/local/lib/python3.10/dist-packages/lslidar_msgs'...
[6.863s] Listing '/home/sunrise/dev_ws/install/lslidar_msgs/local/lib/python3.10/dist-packages/lslidar_msgs/msg'...
[6.917s] -- Up-to-date: /home/sunrise/dev_ws/install/lslidar_msgs/lib/liblslidar_msgs__rosidl_generator_py.so
[6.926s] -- Up-to-date: /home/sunrise/dev_ws/install/lslidar_msgs/share/lslidar_msgs/cmake/export_lslidar_msgs__rosidl_generator_cExport.cmake
[6.927s] -- Up-to-date: /home/sunrise/dev_ws/install/lslidar_msgs/share/lslidar_msgs/cmake/export_lslidar_msgs__rosidl_generator_cExport-noconfig.cmake
[6.928s] -- Up-to-date: /home/sunrise/dev_ws/install/lslidar_msgs/share/lslidar_msgs/cmake/export_lslidar_msgs__rosidl_typesupport_fastrtps_cExport.cmake
[6.929s] -- Up-to-date: /home/sunrise/dev_ws/install/lslidar_msgs/share/lslidar_msgs/cmake/export_lslidar_msgs__rosidl_typesupport_fastrtps_cExport-noconfig.cmake
[6.931s] -- Up-to-date: /home/sunrise/dev_ws/install/lslidar_msgs/share/lslidar_msgs/cmake/export_lslidar_msgs__rosidl_generator_cppExport.cmake
[6.932s] -- Up-to-date: /home/sunrise/dev_ws/install/lslidar_msgs/share/lslidar_msgs/cmake/export_lslidar_msgs__rosidl_typesupport_fastrtps_cppExport.cmake
[6.937s] -- Up-to-date: /home/sunrise/dev_ws/install/lslidar_msgs/share/lslidar_msgs/cmake/export_lslidar_msgs__rosidl_typesupport_fastrtps_cppExport-noconfig.cmake
[6.940s] -- Up-to-date: /home/sunrise/dev_ws/install/lslidar_msgs/share/lslidar_msgs/cmake/lslidar_msgs__rosidl_typesupport_introspection_cExport.cmake
[6.940s] -- Up-to-date: /home/sunrise/dev_ws/install/lslidar_msgs/share/lslidar_msgs/cmake/lslidar_msgs__rosidl_typesupport_introspection_cExport-noconfig.cmake
[6.941s] -- Up-to-date: /home/sunrise/dev_ws/install/lslidar_msgs/share/lslidar_msgs/cmake/lslidar_msgs__rosidl_typesupport_cExport.cmake
[6.942s] -- Up-to-date: /home/sunrise/dev_ws/install/lslidar_msgs/share/lslidar_msgs/cmake/lslidar_msgs__rosidl_typesupport_cExport-noconfig.cmake
[6.943s] -- Up-to-date: /home/sunrise/dev_ws/install/lslidar_msgs/share/lslidar_msgs/cmake/lslidar_msgs__rosidl_typesupport_introspection_cppExport.cmake
[6.944s] -- Up-to-date: /home/sunrise/dev_ws/install/lslidar_msgs/share/lslidar_msgs/cmake/lslidar_msgs__rosidl_typesupport_introspection_cppExport-noconfig.cmake
[6.945s] -- Up-to-date: /home/sunrise/dev_ws/install/lslidar_msgs/share/lslidar_msgs/cmake/lslidar_msgs__rosidl_typesupport_cppExport.cmake
[6.946s] -- Up-to-date: /home/sunrise/dev_ws/install/lslidar_msgs/share/lslidar_msgs/cmake/lslidar_msgs__rosidl_typesupport_cppExport-noconfig.cmake
[6.947s] -- Up-to-date: /home/sunrise/dev_ws/install/lslidar_msgs/share/lslidar_msgs/cmake/export_lslidar_msgs__rosidl_generator_pyExport.cmake
[6.948s] -- Up-to-date: /home/sunrise/dev_ws/install/lslidar_msgs/share/lslidar_msgs/cmake/export_lslidar_msgs__rosidl_generator_pyExport-noconfig.cmake
[6.950s] Invoked command in '/home/sunrise/dev_ws/build/lslidar_msgs' returned '0': CMAKE_PREFIX_PATH=${CMAKE_PREFIX_PATH}:/home/sunrise/dev_ws/install/simple_avoidance:/home/sunrise/dev_ws/install/racing_stage2_param_test:/home/sunrise/dev_ws/install/racing_vision_ai:/home/sunrise/dev_ws/install/racing_stage3_param_test:/home/sunrise/dev_ws/install/racing_bringup:/home/sunrise/dev_ws/install/racing_stage3:/home/sunrise/dev_ws/install/line_follower_pkg:/home/sunrise/dev_ws/install/racing_stage2:/home/sunrise/dev_ws/install/racing_stage1:/home/sunrise/dev_ws/install/qr_scanner:/home/sunrise/dev_ws/install/bno055:/opt/tros/humble:/opt/ros/humble /usr/bin/cmake --install /home/sunrise/dev_ws/build/lslidar_msgs
