[0.000000] (-) TimerEvent: {}
[0.000755] (-) JobUnselected: {'identifier': 'ackermann_msgs'}
[0.001928] (-) JobUnselected: {'identifier': 'bno055'}
[0.002764] (-) JobUnselected: {'identifier': 'line_follower_pkg'}
[0.003592] (-) JobUnselected: {'identifier': 'lslidar_driver'}
[0.003822] (-) JobUnselected: {'identifier': 'lslidar_msgs'}
[0.004015] (-) JobUnselected: {'identifier': 'origincar_base'}
[0.004200] (-) JobUnselected: {'identifier': 'origincar_bringup'}
[0.004386] (-) JobUnselected: {'identifier': 'origincar_description'}
[0.004575] (-) JobUnselected: {'identifier': 'origincar_msg'}
[0.004760] (-) JobUnselected: {'identifier': 'qr_scanner'}
[0.004933] (-) JobUnselected: {'identifier': 'racing_bringup'}
[0.005119] (-) JobUnselected: {'identifier': 'racing_stage1'}
[0.005302] (-) JobUnselected: {'identifier': 'racing_stage2'}
[0.005486] (-) JobUnselected: {'identifier': 'racing_stage3'}
[0.005669] (-) JobUnselected: {'identifier': 'racing_stage3_param_test'}
[0.005854] (-) JobUnselected: {'identifier': 'racing_vision_ai'}
[0.006036] (-) JobUnselected: {'identifier': 'serial'}
[0.006221] (-) JobUnselected: {'identifier': 'simple_avoidance'}
[0.006404] (-) JobUnselected: {'identifier': 'utils'}
[0.006593] (-) JobUnselected: {'identifier': 'voice_driver'}
[0.006856] (racing_stage2_param_test) JobQueued: {'identifier': 'racing_stage2_param_test', 'dependencies': OrderedDict([('ackermann_msgs', '/home/sunrise/dev_ws/install/ackermann_msgs'), ('bno055', '/home/sunrise/dev_ws/install/bno055'), ('lslidar_msgs', '/home/sunrise/dev_ws/install/lslidar_msgs'), ('origincar_bringup', '/home/sunrise/dev_ws/install/origincar_bringup'), ('origincar_description', '/home/sunrise/dev_ws/install/origincar_description'), ('origincar_msg', '/home/sunrise/dev_ws/install/origincar_msg'), ('qr_scanner', '/home/sunrise/dev_ws/install/qr_scanner'), ('serial', '/home/sunrise/dev_ws/install/serial'), ('lslidar_driver', '/home/sunrise/dev_ws/install/lslidar_driver'), ('origincar_base', '/home/sunrise/dev_ws/install/origincar_base'), ('racing_stage1', '/home/sunrise/dev_ws/install/racing_stage1'), ('racing_stage2', '/home/sunrise/dev_ws/install/racing_stage2')])}
[0.007183] (racing_stage2_param_test) JobStarted: {'identifier': 'racing_stage2_param_test'}
[0.098298] (-) TimerEvent: {}
[0.198793] (-) TimerEvent: {}
[0.299280] (-) TimerEvent: {}
[0.399784] (-) TimerEvent: {}
[0.500306] (-) TimerEvent: {}
[0.600806] (-) TimerEvent: {}
[0.701302] (-) TimerEvent: {}
[0.801815] (-) TimerEvent: {}
[0.902306] (-) TimerEvent: {}
[1.002787] (-) TimerEvent: {}
[1.103277] (-) TimerEvent: {}
[1.203781] (-) TimerEvent: {}
[1.304268] (-) TimerEvent: {}
[1.404750] (-) TimerEvent: {}
[1.505242] (-) TimerEvent: {}
[1.605734] (-) TimerEvent: {}
[1.706214] (-) TimerEvent: {}
[1.806698] (-) TimerEvent: {}
[1.907192] (-) TimerEvent: {}
[2.007678] (-) TimerEvent: {}
[2.108174] (-) TimerEvent: {}
[2.208710] (-) TimerEvent: {}
[2.309269] (-) TimerEvent: {}
[2.409824] (-) TimerEvent: {}
[2.510429] (-) TimerEvent: {}
[2.610940] (-) TimerEvent: {}
[2.711460] (-) TimerEvent: {}
[2.811952] (-) TimerEvent: {}
[2.912430] (-) TimerEvent: {}
[3.012908] (-) TimerEvent: {}
[3.113409] (-) TimerEvent: {}
[3.213936] (-) TimerEvent: {}
[3.314456] (-) TimerEvent: {}
[3.414944] (-) TimerEvent: {}
[3.515447] (-) TimerEvent: {}
[3.615981] (-) TimerEvent: {}
[3.716503] (-) TimerEvent: {}
[3.817062] (-) TimerEvent: {}
[3.917565] (-) TimerEvent: {}
[4.018039] (-) TimerEvent: {}
[4.118528] (-) TimerEvent: {}
[4.219017] (-) TimerEvent: {}
[4.319503] (-) TimerEvent: {}
[4.419986] (-) TimerEvent: {}
[4.520492] (-) TimerEvent: {}
[4.620993] (-) TimerEvent: {}
[4.721481] (-) TimerEvent: {}
[4.821966] (-) TimerEvent: {}
[4.922521] (-) TimerEvent: {}
[5.023057] (-) TimerEvent: {}
[5.123965] (-) TimerEvent: {}
[5.224479] (-) TimerEvent: {}
[5.325006] (-) TimerEvent: {}
[5.425519] (-) TimerEvent: {}
[5.526021] (-) TimerEvent: {}
[5.624587] (racing_stage2_param_test) Command: {'cmd': ['/usr/bin/python3', '-W', 'ignore:setup.py install is deprecated', '-W', 'ignore:easy_install command is deprecated', 'setup.py', 'develop', '--editable', '--build-directory', '/home/sunrise/dev_ws/build/racing_stage2_param_test/build', '--no-deps', 'symlink_data'], 'cwd': '/home/sunrise/dev_ws/build/racing_stage2_param_test', 'env': {'VSCODE_CWD': '/home/sunrise', 'VSCODE_ESM_ENTRYPOINT': 'vs/workbench/api/node/extensionHostProcess', 'LANGUAGE': 'en_US.UTF-8', 'USER': 'sunrise', 'SSH_CLIENT': '10.147.109.1 50078 22', 'VSCODE_NLS_CONFIG': '{"userLocale":"en","osLocale":"en","resolvedLanguage":"en","defaultMessagesFile":"/home/sunrise/.cursor-server/bin/linux-arm64/81fcf2931d7687b4ff3f3017858d0c6dee7e2a60/out/nls.messages.json","locale":"en","availableLanguages":{}}', 'VSCODE_HANDLES_UNCAUGHT_ERRORS': 'true', 'XDG_SESSION_TYPE': 'tty', 'SHLVL': '1', 'LD_LIBRARY_PATH': '/home/sunrise/dev_ws/install/origincar_base/lib:/home/sunrise/dev_ws/install/origincar_msg/lib:/home/sunrise/dev_ws/install/lslidar_msgs/lib:/home/sunrise/dev_ws/install/ackermann_msgs/lib:/usr/hobot/lib:/app/lib:/app/pub/lib:/middleware/lib:/middleware/pub/lib:/usr/hobot/lib/sensor:/system/lib:/system/usr/lib:/lib:/home/sunrise/dev_ws/install/voice_driver/lib:/home/sunrise/dev_ws/install/serial/lib:/opt/tros/humble/lib/aarch64-linux-gnu:/opt/tros/humble/lib:/opt/ros/humble/opt/rviz_ogre_vendor/lib:/opt/ros/humble/lib/aarch64-linux-gnu:/opt/ros/humble/lib:/usr/hobot/lib:/app/lib:/app/pub/lib:/middleware/lib:/middleware/pub/lib:/usr/hobot/lib/sensor:/system/lib:/system/usr/lib:/lib:/usr/hobot/lib:/app/lib:/app/pub/lib:/middleware/lib:/middleware/pub/lib:/usr/hobot/lib/sensor:/system/lib:/system/usr/lib:/lib', 'BROWSER': '/home/sunrise/.cursor-server/bin/linux-arm64/81fcf2931d7687b4ff3f3017858d0c6dee7e2a60/bin/helpers/browser.sh', 'MOTD_SHOWN': 'pam', 'HOME': '/home/sunrise', 'OLDPWD': '/home/sunrise/dev_ws', 'VSCODE_IPC_HOOK_CLI': '/run/user/1000/vscode-ipc-f7290d0b-d8d6-46da-ac5f-da415eb5acfb.sock', 'ROS_PYTHON_VERSION': '3', 'NO_COLOR': '1', 'DBUS_SESSION_BUS_ADDRESS': 'unix:path=/run/user/1000/bus', 'TROS_DISTRO': 'humble', 'COLCON_PREFIX_PATH': '/home/sunrise/dev_ws/install', 'ROS_DISTRO': 'humble', 'OVSX_REGISTRY_URL': 'https://open-vsx.org', 'LOGNAME': 'sunrise', 'FORCE_COLOR': '0', 'VSCODE_HANDLES_SIGPIPE': 'true', '_': '/usr/bin/colcon', 'ROS_VERSION': '2', 'CURSOR_LAYOUT': 'unifiedAgent', 'XDG_SESSION_CLASS': 'user', 'TERM': 'dumb', 'XDG_SESSION_ID': '2', 'ROS_LOCALHOST_ONLY': '0', 'PATH': '/home/sunrise/.local/bin:/usr/hobot/bin/:/home/sunrise/.cursor-server/bin/linux-arm64/81fcf2931d7687b4ff3f3017858d0c6dee7e2a60:/home/sunrise/.cursor-server/bin/linux-arm64/81fcf2931d7687b4ff3f3017858d0c6dee7e2a60/bin/remote-cli:/home/sunrise/.local/bin:/opt/tros/humble/bin:/opt/ros/humble/bin:/usr/hobot/bin/:/home/sunrise/.cursor-server/bin/linux-arm64/81fcf2931d7687b4ff3f3017858d0c6dee7e2a60/bin/remote-cli:/home/sunrise/.local/bin:/usr/hobot/bin/:/usr/local/sbin:/usr/local/bin:/usr/sbin:/usr/bin:/sbin:/bin:/usr/games:/usr/local/games:/snap/bin', 'VSCODE_AGENT_FOLDER': '/home/sunrise/.cursor-server', 'XDG_RUNTIME_DIR': '/run/user/1000', 'CURSOR_AGENT': '1', 'LANG': 'en_US.UTF-8', 'LS_COLORS': '', 'AMENT_PREFIX_PATH': '/home/sunrise/dev_ws/install/racing_stage2:/home/sunrise/dev_ws/install/racing_stage1:/home/sunrise/dev_ws/install/qr_scanner:/home/sunrise/dev_ws/install/bno055:/home/sunrise/dev_ws/install/voice_driver:/home/sunrise/dev_ws/install/utils:/home/sunrise/dev_ws/install/simple_avoidance:/home/sunrise/dev_ws/install/racing_stage2_param_test:/home/sunrise/dev_ws/install/origincar_base:/home/sunrise/dev_ws/install/serial:/home/sunrise/dev_ws/install/racing_vision_ai:/home/sunrise/dev_ws/install/racing_stage3_param_test:/home/sunrise/dev_ws/install/racing_bringup:/home/sunrise/dev_ws/install/racing_stage3:/home/sunrise/dev_ws/install/origincar_msg:/home/sunrise/dev_ws/install/origincar_description:/home/sunrise/dev_ws/install/origincar_bringup:/home/sunrise/dev_ws/install/lslidar_driver:/home/sunrise/dev_ws/install/lslidar_msgs:/home/sunrise/dev_ws/install/line_follower_pkg:/home/sunrise/dev_ws/install/ackermann_msgs:/opt/tros/humble:/opt/ros/humble', 'SHELL': '/bin/bash', 'VSCODE_SERVER_SHUTDOWN_TIMEOUT': '300', 'PWD': '/home/sunrise/dev_ws/build/racing_stage2_param_test', 'SSH_CONNECTION': '10.147.109.1 50078 10.147.109.8 22', 'PYTHONPATH': '/home/sunrise/dev_ws/build/racing_stage2_param_test/prefix_override:/usr/lib/python3/dist-packages/colcon_core/task/python/colcon_distutils_commands:/home/sunrise/dev_ws/install/racing_stage2_param_test/lib/python3.10/site-packages:/home/sunrise/dev_ws/build/racing_stage2:/home/sunrise/dev_ws/install/racing_stage2/lib/python3.10/site-packages:/home/sunrise/dev_ws/build/racing_stage1:/home/sunrise/dev_ws/install/racing_stage1/lib/python3.10/site-packages:/home/sunrise/dev_ws/build/qr_scanner:/home/sunrise/dev_ws/install/qr_scanner/lib/python3.10/site-packages:/home/sunrise/dev_ws/build/bno055:/home/sunrise/dev_ws/install/bno055/lib/python3.10/site-packages:/home/sunrise/dev_ws/install/voice_driver/local/lib/python3.10/dist-packages:/home/sunrise/dev_ws/build/simple_avoidance:/home/sunrise/dev_ws/install/simple_avoidance/lib/python3.10/site-packages:/home/sunrise/dev_ws/build/racing_stage2_param_test:/home/sunrise/dev_ws/install/racing_stage2_param_test/lib/python3.10/site-packages:/home/sunrise/dev_ws/install/origincar_base/local/lib/python3.10/dist-packages:/home/sunrise/dev_ws/build/racing_vision_ai:/home/sunrise/dev_ws/install/racing_vision_ai/lib/python3.10/site-packages:/home/sunrise/dev_ws/build/racing_stage3_param_test:/home/sunrise/dev_ws/install/racing_stage3_param_test/lib/python3.10/site-packages:/home/sunrise/dev_ws/build/racing_bringup:/home/sunrise/dev_ws/install/racing_bringup/lib/python3.10/site-packages:/home/sunrise/dev_ws/build/racing_stage3:/home/sunrise/dev_ws/install/racing_stage3/lib/python3.10/site-packages:/home/sunrise/dev_ws/install/origincar_msg/local/lib/python3.10/dist-packages:/home/sunrise/dev_ws/install/lslidar_msgs/local/lib/python3.10/dist-packages:/home/sunrise/dev_ws/build/line_follower_pkg:/home/sunrise/dev_ws/install/line_follower_pkg/lib/python3.10/site-packages:/home/sunrise/dev_ws/install/ackermann_msgs/local/lib/python3.10/dist-packages:/opt/tros/humble/lib/python3.10/site-packages:/opt/tros/humble/local/lib/python3.10/dist-packages:/opt/ros/humble/lib/python3.10/site-packages:/opt/ros/humble/local/lib/python3.10/dist-packages', 'COLCON': '1', '_ZO_DOCTOR': '0', 'CMAKE_PREFIX_PATH': '/home/sunrise/dev_ws/install/origincar_base:/home/sunrise/dev_ws/install/lslidar_driver:/home/sunrise/dev_ws/install/serial:/home/sunrise/dev_ws/install/origincar_msg:/home/sunrise/dev_ws/install/origincar_description:/home/sunrise/dev_ws/install/origincar_bringup:/home/sunrise/dev_ws/install/lslidar_msgs:/home/sunrise/dev_ws/install/ackermann_msgs:/home/sunrise/dev_ws/install/voice_driver:/home/sunrise/dev_ws/install/utils'}, 'shell': False}
[5.633085] (-) TimerEvent: {}
[5.733492] (-) TimerEvent: {}
[5.833956] (-) TimerEvent: {}
[5.934405] (-) TimerEvent: {}
[6.034856] (-) TimerEvent: {}
[6.135315] (-) TimerEvent: {}
[6.235798] (-) TimerEvent: {}
[6.336278] (-) TimerEvent: {}
[6.436781] (-) TimerEvent: {}
[6.537297] (-) TimerEvent: {}
[6.637798] (-) TimerEvent: {}
[6.738402] (-) TimerEvent: {}
[6.838943] (-) TimerEvent: {}
[6.939472] (-) TimerEvent: {}
[7.039967] (-) TimerEvent: {}
[7.140432] (-) TimerEvent: {}
[7.240890] (-) TimerEvent: {}
[7.341412] (-) TimerEvent: {}
[7.442015] (-) TimerEvent: {}
[7.542590] (-) TimerEvent: {}
[7.643125] (-) TimerEvent: {}
[7.743627] (-) TimerEvent: {}
[7.827260] (racing_stage2_param_test) StdoutLine: {'line': b'running develop\n'}
[7.843871] (-) TimerEvent: {}
[7.944418] (-) TimerEvent: {}
[8.044924] (-) TimerEvent: {}
[8.145420] (-) TimerEvent: {}
[8.245894] (-) TimerEvent: {}
[8.346390] (-) TimerEvent: {}
[8.446876] (-) TimerEvent: {}
[8.547410] (-) TimerEvent: {}
[8.647892] (-) TimerEvent: {}
[8.748372] (-) TimerEvent: {}
[8.848879] (-) TimerEvent: {}
[8.949375] (-) TimerEvent: {}
[9.049876] (-) TimerEvent: {}
[9.150402] (-) TimerEvent: {}
[9.250902] (-) TimerEvent: {}
[9.301313] (racing_stage2_param_test) StdoutLine: {'line': b'running egg_info\n'}
[9.302609] (racing_stage2_param_test) StdoutLine: {'line': b'writing racing_stage2_param_test.egg-info/PKG-INFO\n'}
[9.304024] (racing_stage2_param_test) StdoutLine: {'line': b'writing dependency_links to racing_stage2_param_test.egg-info/dependency_links.txt\n'}
[9.305345] (racing_stage2_param_test) StdoutLine: {'line': b'writing entry points to racing_stage2_param_test.egg-info/entry_points.txt\n'}
[9.306453] (racing_stage2_param_test) StdoutLine: {'line': b'writing requirements to racing_stage2_param_test.egg-info/requires.txt\n'}
[9.307620] (racing_stage2_param_test) StdoutLine: {'line': b'writing top-level names to racing_stage2_param_test.egg-info/top_level.txt\n'}
[9.319148] (racing_stage2_param_test) StdoutLine: {'line': b"reading manifest file 'racing_stage2_param_test.egg-info/SOURCES.txt'\n"}
[9.324526] (racing_stage2_param_test) StdoutLine: {'line': b"writing manifest file 'racing_stage2_param_test.egg-info/SOURCES.txt'\n"}
[9.337075] (racing_stage2_param_test) StdoutLine: {'line': b'running build_ext\n'}
[9.338685] (racing_stage2_param_test) StdoutLine: {'line': b'Creating /home/sunrise/dev_ws/install/racing_stage2_param_test/lib/python3.10/site-packages/racing-stage2-param-test.egg-link (link to .)\n'}
[9.344432] (racing_stage2_param_test) StdoutLine: {'line': b'Installing avoidance_straight_tester script to /home/sunrise/dev_ws/install/racing_stage2_param_test/lib/racing_stage2_param_test\n'}
[9.345628] (racing_stage2_param_test) StdoutLine: {'line': b'Installing camera_video_recorder script to /home/sunrise/dev_ws/install/racing_stage2_param_test/lib/racing_stage2_param_test\n'}
[9.346729] (racing_stage2_param_test) StdoutLine: {'line': b'Installing direct_inertial_tester script to /home/sunrise/dev_ws/install/racing_stage2_param_test/lib/racing_stage2_param_test\n'}
[9.347902] (racing_stage2_param_test) StdoutLine: {'line': b'Installing twist_cmd_relay script to /home/sunrise/dev_ws/install/racing_stage2_param_test/lib/racing_stage2_param_test\n'}
[9.349402] (racing_stage2_param_test) StdoutLine: {'line': b'\n'}
[9.350183] (racing_stage2_param_test) StdoutLine: {'line': b'Installed /home/sunrise/dev_ws/build/racing_stage2_param_test\n'}
[9.350794] (racing_stage2_param_test) StdoutLine: {'line': b'running symlink_data\n'}
[9.351368] (-) TimerEvent: {}
[9.451795] (-) TimerEvent: {}
[9.552346] (-) TimerEvent: {}
[9.635510] (racing_stage2_param_test) CommandEnded: {'returncode': 0}
[9.652535] (-) TimerEvent: {}
[9.740043] (racing_stage2_param_test) JobEnded: {'identifier': 'racing_stage2_param_test', 'rc': 0}
[9.743231] (-) EventReactorShutdown: {}
