[0.000000] (-) TimerEvent: {}
[0.000438] (-) JobUnselected: {'identifier': 'ackermann_msgs'}
[0.001046] (-) JobUnselected: {'identifier': 'bno055'}
[0.002075] (-) JobUnselected: {'identifier': 'line_follower_pkg'}
[0.002795] (-) JobUnselected: {'identifier': 'lslidar_driver'}
[0.003539] (-) JobUnselected: {'identifier': 'lslidar_msgs'}
[0.003765] (-) JobUnselected: {'identifier': 'origincar_base'}
[0.003961] (-) JobUnselected: {'identifier': 'origincar_bringup'}
[0.004154] (-) JobUnselected: {'identifier': 'origincar_description'}
[0.004341] (-) JobUnselected: {'identifier': 'origincar_msg'}
[0.004527] (-) JobUnselected: {'identifier': 'qr_scanner'}
[0.004714] (-) JobUnselected: {'identifier': 'racing_bringup'}
[0.004929] (-) JobUnselected: {'identifier': 'racing_stage1'}
[0.005190] (-) JobUnselected: {'identifier': 'racing_stage2'}
[0.005543] (-) JobUnselected: {'identifier': 'racing_stage3'}
[0.005719] (-) JobUnselected: {'identifier': 'racing_stage3_param_test'}
[0.005895] (-) JobUnselected: {'identifier': 'racing_vision_ai'}
[0.006034] (-) JobUnselected: {'identifier': 'serial'}
[0.006391] (-) JobUnselected: {'identifier': 'simple_avoidance'}
[0.006614] (-) JobUnselected: {'identifier': 'utils'}
[0.006761] (-) JobUnselected: {'identifier': 'voice_driver'}
[0.006890] (racing_stage2_param_test) JobQueued: {'identifier': 'racing_stage2_param_test', 'dependencies': OrderedDict([('ackermann_msgs', '/home/sunrise/dev_ws/install/ackermann_msgs'), ('bno055', '/home/sunrise/dev_ws/install/bno055'), ('lslidar_msgs', '/home/sunrise/dev_ws/install/lslidar_msgs'), ('origincar_bringup', '/home/sunrise/dev_ws/install/origincar_bringup'), ('origincar_description', '/home/sunrise/dev_ws/install/origincar_description'), ('origincar_msg', '/home/sunrise/dev_ws/install/origincar_msg'), ('qr_scanner', '/home/sunrise/dev_ws/install/qr_scanner'), ('serial', '/home/sunrise/dev_ws/install/serial'), ('lslidar_driver', '/home/sunrise/dev_ws/install/lslidar_driver'), ('origincar_base', '/home/sunrise/dev_ws/install/origincar_base'), ('racing_stage1', '/home/sunrise/dev_ws/install/racing_stage1'), ('racing_stage2', '/home/sunrise/dev_ws/install/racing_stage2')])}
[0.007102] (racing_stage2_param_test) JobStarted: {'identifier': 'racing_stage2_param_test'}
[0.098712] (-) TimerEvent: {}
[0.199213] (-) TimerEvent: {}
[0.299674] (-) TimerEvent: {}
[0.400112] (-) TimerEvent: {}
[0.500536] (-) TimerEvent: {}
[0.600954] (-) TimerEvent: {}
[0.701386] (-) TimerEvent: {}
[0.801807] (-) TimerEvent: {}
[0.902236] (-) TimerEvent: {}
[1.002657] (-) TimerEvent: {}
[1.103081] (-) TimerEvent: {}
[1.203493] (-) TimerEvent: {}
[1.303859] (-) TimerEvent: {}
[1.404215] (-) TimerEvent: {}
[1.504640] (-) TimerEvent: {}
[1.605071] (-) TimerEvent: {}
[1.705535] (-) TimerEvent: {}
[1.806022] (-) TimerEvent: {}
[1.906583] (-) TimerEvent: {}
[2.007073] (-) TimerEvent: {}
[2.107532] (-) TimerEvent: {}
[2.207969] (-) TimerEvent: {}
[2.308404] (-) TimerEvent: {}
[2.408848] (-) TimerEvent: {}
[2.511573] (-) TimerEvent: {}
[2.611995] (-) TimerEvent: {}
[2.712414] (-) TimerEvent: {}
[2.812833] (-) TimerEvent: {}
[2.913241] (-) TimerEvent: {}
[3.013651] (-) TimerEvent: {}
[3.114075] (-) TimerEvent: {}
[3.214526] (-) TimerEvent: {}
[3.314966] (-) TimerEvent: {}
[3.415393] (-) TimerEvent: {}
[3.515808] (-) TimerEvent: {}
[3.616249] (-) TimerEvent: {}
[3.716689] (-) TimerEvent: {}
[3.817130] (-) TimerEvent: {}
[3.917589] (-) TimerEvent: {}
[4.018066] (-) TimerEvent: {}
[4.118569] (-) TimerEvent: {}
[4.219067] (-) TimerEvent: {}
[4.283143] (racing_stage2_param_test) Command: {'cmd': ['/usr/bin/python3', '-W', 'ignore:setup.py install is deprecated', '-W', 'ignore:easy_install command is deprecated', 'setup.py', 'develop', '--editable', '--build-directory', '/home/sunrise/dev_ws/build/racing_stage2_param_test/build', '--no-deps', 'symlink_data'], 'cwd': '/home/sunrise/dev_ws/build/racing_stage2_param_test', 'env': {'LANGUAGE': 'en_US.UTF-8', 'USER': 'sunrise', 'SSH_CLIENT': '10.147.109.1 8742 22', 'XDG_SESSION_TYPE': 'tty', 'SHLVL': '1', 'LD_LIBRARY_PATH': '/home/sunrise/dev_ws/install/origincar_base/lib:/home/sunrise/dev_ws/install/serial/lib:/home/sunrise/dev_ws/install/origincar_msg/lib:/home/sunrise/dev_ws/install/lslidar_msgs/lib:/home/sunrise/dev_ws/install/ackermann_msgs/lib:/opt/ros/humble/opt/rviz_ogre_vendor/lib:/opt/ros/humble/lib/aarch64-linux-gnu:/opt/ros/humble/lib', 'MOTD_SHOWN': 'pam', 'HOME': '/home/sunrise', 'OLDPWD': '/home/sunrise', 'ROS_PYTHON_VERSION': '3', 'DBUS_SESSION_BUS_ADDRESS': 'unix:path=/run/user/1000/bus', 'ROS_DISTRO': 'humble', 'LOGNAME': 'sunrise', '_': '/usr/bin/colcon', 'ROS_VERSION': '2', 'XDG_SESSION_CLASS': 'user', 'XDG_SESSION_ID': '75', 'ROS_LOCALHOST_ONLY': '0', 'PATH': '/opt/ros/humble/bin:/usr/local/sbin:/usr/local/bin:/usr/sbin:/usr/bin:/sbin:/bin:/usr/games:/usr/local/games:/snap/bin', 'XDG_RUNTIME_DIR': '/run/user/1000', 'LANG': 'en_US.UTF-8', 'AMENT_PREFIX_PATH': '/home/sunrise/dev_ws/install/racing_stage2:/home/sunrise/dev_ws/install/racing_stage1:/home/sunrise/dev_ws/install/origincar_base:/home/sunrise/dev_ws/install/lslidar_driver:/home/sunrise/dev_ws/install/serial:/home/sunrise/dev_ws/install/qr_scanner:/home/sunrise/dev_ws/install/origincar_msg:/home/sunrise/dev_ws/install/origincar_description:/home/sunrise/dev_ws/install/origincar_bringup:/home/sunrise/dev_ws/install/lslidar_msgs:/home/sunrise/dev_ws/install/bno055:/home/sunrise/dev_ws/install/ackermann_msgs:/opt/ros/humble', 'SHELL': '/bin/bash', 'PWD': '/home/sunrise/dev_ws/build/racing_stage2_param_test', 'SSH_CONNECTION': '10.147.109.1 8742 10.147.109.8 22', 'PYTHONPATH': '/home/sunrise/dev_ws/build/racing_stage2_param_test/prefix_override:/usr/lib/python3/dist-packages/colcon_core/task/python/colcon_distutils_commands:/home/sunrise/dev_ws/install/racing_stage2_param_test/lib/python3.10/site-packages:/home/sunrise/dev_ws/build/racing_stage2:/home/sunrise/dev_ws/install/racing_stage2/lib/python3.10/site-packages:/home/sunrise/dev_ws/build/racing_stage1:/home/sunrise/dev_ws/install/racing_stage1/lib/python3.10/site-packages:/home/sunrise/dev_ws/install/origincar_base/local/lib/python3.10/dist-packages:/home/sunrise/dev_ws/build/qr_scanner:/home/sunrise/dev_ws/install/qr_scanner/lib/python3.10/site-packages:/home/sunrise/dev_ws/install/origincar_msg/local/lib/python3.10/dist-packages:/home/sunrise/dev_ws/install/lslidar_msgs/local/lib/python3.10/dist-packages:/home/sunrise/dev_ws/build/bno055:/home/sunrise/dev_ws/install/bno055/lib/python3.10/site-packages:/home/sunrise/dev_ws/install/ackermann_msgs/local/lib/python3.10/dist-packages:/opt/ros/humble/lib/python3.10/site-packages:/opt/ros/humble/local/lib/python3.10/dist-packages', 'COLCON': '1', 'CMAKE_PREFIX_PATH': '/home/sunrise/dev_ws/install/origincar_base:/home/sunrise/dev_ws/install/lslidar_driver:/home/sunrise/dev_ws/install/serial:/home/sunrise/dev_ws/install/origincar_msg:/home/sunrise/dev_ws/install/origincar_description:/home/sunrise/dev_ws/install/origincar_bringup:/home/sunrise/dev_ws/install/lslidar_msgs:/home/sunrise/dev_ws/install/ackermann_msgs'}, 'shell': False}
[4.319219] (-) TimerEvent: {}
[4.419662] (-) TimerEvent: {}
[4.520106] (-) TimerEvent: {}
[4.620564] (-) TimerEvent: {}
[4.721026] (-) TimerEvent: {}
[4.821478] (-) TimerEvent: {}
[4.921925] (-) TimerEvent: {}
[5.022368] (-) TimerEvent: {}
[5.122820] (-) TimerEvent: {}
[5.223279] (-) TimerEvent: {}
[5.323721] (-) TimerEvent: {}
[5.424165] (-) TimerEvent: {}
[5.524609] (-) TimerEvent: {}
[5.625052] (-) TimerEvent: {}
[5.725500] (-) TimerEvent: {}
[5.825943] (-) TimerEvent: {}
[5.926433] (-) TimerEvent: {}
[5.988095] (racing_stage2_param_test) StdoutLine: {'line': b'running develop\n'}
[6.026604] (-) TimerEvent: {}
[6.127062] (-) TimerEvent: {}
[6.227525] (-) TimerEvent: {}
[6.327969] (-) TimerEvent: {}
[6.428415] (-) TimerEvent: {}
[6.528853] (-) TimerEvent: {}
[6.629309] (-) TimerEvent: {}
[6.729757] (-) TimerEvent: {}
[6.830215] (-) TimerEvent: {}
[6.930676] (-) TimerEvent: {}
[7.031120] (-) TimerEvent: {}
[7.086333] (racing_stage2_param_test) StdoutLine: {'line': b'running egg_info\n'}
[7.087053] (racing_stage2_param_test) StdoutLine: {'line': b'creating racing_stage2_param_test.egg-info\n'}
[7.087969] (racing_stage2_param_test) StdoutLine: {'line': b'writing racing_stage2_param_test.egg-info/PKG-INFO\n'}
[7.088832] (racing_stage2_param_test) StdoutLine: {'line': b'writing dependency_links to racing_stage2_param_test.egg-info/dependency_links.txt\n'}
[7.089667] (racing_stage2_param_test) StdoutLine: {'line': b'writing entry points to racing_stage2_param_test.egg-info/entry_points.txt\n'}
[7.090719] (racing_stage2_param_test) StdoutLine: {'line': b'writing requirements to racing_stage2_param_test.egg-info/requires.txt\n'}
[7.091199] (racing_stage2_param_test) StdoutLine: {'line': b'writing top-level names to racing_stage2_param_test.egg-info/top_level.txt\n'}
[7.091972] (racing_stage2_param_test) StdoutLine: {'line': b"writing manifest file 'racing_stage2_param_test.egg-info/SOURCES.txt'\n"}
[7.102036] (racing_stage2_param_test) StdoutLine: {'line': b"reading manifest file 'racing_stage2_param_test.egg-info/SOURCES.txt'\n"}
[7.106162] (racing_stage2_param_test) StdoutLine: {'line': b"writing manifest file 'racing_stage2_param_test.egg-info/SOURCES.txt'\n"}
[7.115284] (racing_stage2_param_test) StdoutLine: {'line': b'running build_ext\n'}
[7.116538] (racing_stage2_param_test) StdoutLine: {'line': b'Creating /home/sunrise/dev_ws/install/racing_stage2_param_test/lib/python3.10/site-packages/racing-stage2-param-test.egg-link (link to .)\n'}
[7.120956] (racing_stage2_param_test) StdoutLine: {'line': b'Installing avoidance_straight_tester script to /home/sunrise/dev_ws/install/racing_stage2_param_test/lib/racing_stage2_param_test\n'}
[7.121937] (racing_stage2_param_test) StdoutLine: {'line': b'Installing camera_video_recorder script to /home/sunrise/dev_ws/install/racing_stage2_param_test/lib/racing_stage2_param_test\n'}
[7.123349] (racing_stage2_param_test) StdoutLine: {'line': b'Installing data_recorder script to /home/sunrise/dev_ws/install/racing_stage2_param_test/lib/racing_stage2_param_test\n'}
[7.124467] (racing_stage2_param_test) StdoutLine: {'line': b'Installing direct_inertial_tester script to /home/sunrise/dev_ws/install/racing_stage2_param_test/lib/racing_stage2_param_test\n'}
[7.125572] (racing_stage2_param_test) StdoutLine: {'line': b'Installing lane_follow script to /home/sunrise/dev_ws/install/racing_stage2_param_test/lib/racing_stage2_param_test\n'}
[7.127056] (racing_stage2_param_test) StdoutLine: {'line': b'Installing twist_cmd_relay script to /home/sunrise/dev_ws/install/racing_stage2_param_test/lib/racing_stage2_param_test\n'}
[7.128580] (racing_stage2_param_test) StdoutLine: {'line': b'Installing vision_inertial_tester script to /home/sunrise/dev_ws/install/racing_stage2_param_test/lib/racing_stage2_param_test\n'}
[7.130098] (racing_stage2_param_test) StdoutLine: {'line': b'\n'}
[7.131362] (-) TimerEvent: {}
[7.131510] (racing_stage2_param_test) StdoutLine: {'line': b'Installed /home/sunrise/dev_ws/build/racing_stage2_param_test\n'}
[7.132022] (racing_stage2_param_test) StdoutLine: {'line': b'running symlink_data\n'}
[7.132493] (racing_stage2_param_test) StdoutLine: {'line': b'creating /home/sunrise/dev_ws/install/racing_stage2_param_test/share/ament_index\n'}
[7.132947] (racing_stage2_param_test) StdoutLine: {'line': b'creating /home/sunrise/dev_ws/install/racing_stage2_param_test/share/ament_index/resource_index\n'}
[7.133394] (racing_stage2_param_test) StdoutLine: {'line': b'creating /home/sunrise/dev_ws/install/racing_stage2_param_test/share/ament_index/resource_index/packages\n'}
[7.133835] (racing_stage2_param_test) StdoutLine: {'line': b'symbolically linking /home/sunrise/dev_ws/build/racing_stage2_param_test/resource/racing_stage2_param_test -> /home/sunrise/dev_ws/install/racing_stage2_param_test/share/ament_index/resource_index/packages\n'}
[7.134282] (racing_stage2_param_test) StdoutLine: {'line': b'symbolically linking /home/sunrise/dev_ws/build/racing_stage2_param_test/package.xml -> /home/sunrise/dev_ws/install/racing_stage2_param_test/share/racing_stage2_param_test\n'}
[7.134729] (racing_stage2_param_test) StdoutLine: {'line': b'creating /home/sunrise/dev_ws/install/racing_stage2_param_test/share/racing_stage2_param_test/launch\n'}
[7.135227] (racing_stage2_param_test) StdoutLine: {'line': b'symbolically linking /home/sunrise/dev_ws/build/racing_stage2_param_test/launch/vision_inertial_test.launch.py -> /home/sunrise/dev_ws/install/racing_stage2_param_test/share/racing_stage2_param_test/launch\n'}
[7.135670] (racing_stage2_param_test) StdoutLine: {'line': b'symbolically linking /home/sunrise/dev_ws/build/racing_stage2_param_test/launch/direct_inertial_test.launch.py -> /home/sunrise/dev_ws/install/racing_stage2_param_test/share/racing_stage2_param_test/launch\n'}
[7.136162] (racing_stage2_param_test) StdoutLine: {'line': b'symbolically linking /home/sunrise/dev_ws/build/racing_stage2_param_test/launch/record.launch.py -> /home/sunrise/dev_ws/install/racing_stage2_param_test/share/racing_stage2_param_test/launch\n'}
[7.136626] (racing_stage2_param_test) StdoutLine: {'line': b'symbolically linking /home/sunrise/dev_ws/build/racing_stage2_param_test/launch/avoidance_straight_test.launch.py -> /home/sunrise/dev_ws/install/racing_stage2_param_test/share/racing_stage2_param_test/launch\n'}
[7.137071] (racing_stage2_param_test) StdoutLine: {'line': b'symbolically linking /home/sunrise/dev_ws/build/racing_stage2_param_test/launch/lane_follow_test.launch.py -> /home/sunrise/dev_ws/install/racing_stage2_param_test/share/racing_stage2_param_test/launch\n'}
[7.137512] (racing_stage2_param_test) StdoutLine: {'line': b'symbolically linking /home/sunrise/dev_ws/build/racing_stage2_param_test/launch/direct_inertial_camera_record_test.launch.py -> /home/sunrise/dev_ws/install/racing_stage2_param_test/share/racing_stage2_param_test/launch\n'}
[7.137958] (racing_stage2_param_test) StdoutLine: {'line': b'creating /home/sunrise/dev_ws/install/racing_stage2_param_test/share/racing_stage2_param_test/config\n'}
[7.138395] (racing_stage2_param_test) StdoutLine: {'line': b'symbolically linking /home/sunrise/dev_ws/build/racing_stage2_param_test/config/avoidance_straight_test.yaml -> /home/sunrise/dev_ws/install/racing_stage2_param_test/share/racing_stage2_param_test/config\n'}
[7.138833] (racing_stage2_param_test) StdoutLine: {'line': b'symbolically linking /home/sunrise/dev_ws/build/racing_stage2_param_test/config/direct_inertial_test.yaml -> /home/sunrise/dev_ws/install/racing_stage2_param_test/share/racing_stage2_param_test/config\n'}
[7.231602] (-) TimerEvent: {}
[7.332124] (-) TimerEvent: {}
[7.369742] (racing_stage2_param_test) CommandEnded: {'returncode': 0}
[7.432340] (-) TimerEvent: {}
[7.499285] (racing_stage2_param_test) JobEnded: {'identifier': 'racing_stage2_param_test', 'rc': 0}
[7.502040] (-) EventReactorShutdown: {}
