[0.000000] (-) TimerEvent: {}
[0.000423] (-) JobUnselected: {'identifier': 'ackermann_msgs'}
[0.001041] (-) JobUnselected: {'identifier': 'bno055'}
[0.002066] (-) JobUnselected: {'identifier': 'line_follower_pkg'}
[0.002779] (-) JobUnselected: {'identifier': 'lslidar_driver'}
[0.003510] (-) JobUnselected: {'identifier': 'lslidar_msgs'}
[0.003744] (-) JobUnselected: {'identifier': 'origincar_base'}
[0.003943] (-) JobUnselected: {'identifier': 'origincar_bringup'}
[0.004137] (-) JobUnselected: {'identifier': 'origincar_description'}
[0.004325] (-) JobUnselected: {'identifier': 'origincar_msg'}
[0.004514] (-) JobUnselected: {'identifier': 'qr_scanner'}
[0.004702] (-) JobUnselected: {'identifier': 'racing_bringup'}
[0.004918] (-) JobUnselected: {'identifier': 'racing_stage1'}
[0.005178] (-) JobUnselected: {'identifier': 'racing_stage2'}
[0.005529] (-) JobUnselected: {'identifier': 'racing_stage3'}
[0.005703] (-) JobUnselected: {'identifier': 'racing_stage3_param_test'}
[0.005881] (-) JobUnselected: {'identifier': 'racing_vision_ai'}
[0.006022] (-) JobUnselected: {'identifier': 'serial'}
[0.006356] (-) JobUnselected: {'identifier': 'simple_avoidance'}
[0.006577] (-) JobUnselected: {'identifier': 'utils'}
[0.006721] (-) JobUnselected: {'identifier': 'voice_driver'}
[0.006850] (racing_stage2_param_test) JobQueued: {'identifier': 'racing_stage2_param_test', 'dependencies': OrderedDict([('ackermann_msgs', '/home/sunrise/dev_ws/install/ackermann_msgs'), ('bno055', '/home/sunrise/dev_ws/install/bno055'), ('lslidar_msgs', '/home/sunrise/dev_ws/install/lslidar_msgs'), ('origincar_bringup', '/home/sunrise/dev_ws/install/origincar_bringup'), ('origincar_description', '/home/sunrise/dev_ws/install/origincar_description'), ('origincar_msg', '/home/sunrise/dev_ws/install/origincar_msg'), ('qr_scanner', '/home/sunrise/dev_ws/install/qr_scanner'), ('serial', '/home/sunrise/dev_ws/install/serial'), ('lslidar_driver', '/home/sunrise/dev_ws/install/lslidar_driver'), ('origincar_base', '/home/sunrise/dev_ws/install/origincar_base'), ('racing_stage1', '/home/sunrise/dev_ws/install/racing_stage1'), ('racing_stage2', '/home/sunrise/dev_ws/install/racing_stage2')])}
[0.007058] (racing_stage2_param_test) JobStarted: {'identifier': 'racing_stage2_param_test'}
[0.098787] (-) TimerEvent: {}
[0.199246] (-) TimerEvent: {}
[0.299663] (-) TimerEvent: {}
[0.400082] (-) TimerEvent: {}
[0.500510] (-) TimerEvent: {}
[0.600978] (-) TimerEvent: {}
[0.701413] (-) TimerEvent: {}
[0.801838] (-) TimerEvent: {}
[0.902265] (-) TimerEvent: {}
[1.002706] (-) TimerEvent: {}
[1.103126] (-) TimerEvent: {}
[1.203559] (-) TimerEvent: {}
[1.304001] (-) TimerEvent: {}
[1.404450] (-) TimerEvent: {}
[1.504899] (-) TimerEvent: {}
[1.605329] (-) TimerEvent: {}
[1.705784] (-) TimerEvent: {}
[1.806254] (-) TimerEvent: {}
[1.906749] (-) TimerEvent: {}
[2.007219] (-) TimerEvent: {}
[2.107685] (-) TimerEvent: {}
[2.208103] (-) TimerEvent: {}
[2.308520] (-) TimerEvent: {}
[2.408964] (-) TimerEvent: {}
[2.509417] (-) TimerEvent: {}
[2.609846] (-) TimerEvent: {}
[2.710259] (-) TimerEvent: {}
[2.810679] (-) TimerEvent: {}
[2.911117] (-) TimerEvent: {}
[3.011521] (-) TimerEvent: {}
[3.111937] (-) TimerEvent: {}
[3.212342] (-) TimerEvent: {}
[3.312748] (-) TimerEvent: {}
[3.413183] (-) TimerEvent: {}
[3.513617] (-) TimerEvent: {}
[3.614039] (-) TimerEvent: {}
[3.714456] (-) TimerEvent: {}
[3.814861] (-) TimerEvent: {}
[3.915294] (-) TimerEvent: {}
[4.015770] (-) TimerEvent: {}
[4.116287] (-) TimerEvent: {}
[4.216803] (-) TimerEvent: {}
[4.240627] (racing_stage2_param_test) Command: {'cmd': ['/usr/bin/python3', '-W', 'ignore:setup.py install is deprecated', '-W', 'ignore:easy_install command is deprecated', 'setup.py', 'develop', '--editable', '--build-directory', '/home/sunrise/dev_ws/build/racing_stage2_param_test/build', '--no-deps', 'symlink_data'], 'cwd': '/home/sunrise/dev_ws/build/racing_stage2_param_test', 'env': {'LANGUAGE': 'en_US.UTF-8', 'USER': 'sunrise', 'SSH_CLIENT': '10.147.109.1 7415 22', 'XDG_SESSION_TYPE': 'tty', 'SHLVL': '1', 'LD_LIBRARY_PATH': '/home/sunrise/dev_ws/install/origincar_base/lib:/home/sunrise/dev_ws/install/serial/lib:/home/sunrise/dev_ws/install/origincar_msg/lib:/home/sunrise/dev_ws/install/lslidar_msgs/lib:/home/sunrise/dev_ws/install/ackermann_msgs/lib:/opt/ros/humble/opt/rviz_ogre_vendor/lib:/opt/ros/humble/lib/aarch64-linux-gnu:/opt/ros/humble/lib', 'MOTD_SHOWN': 'pam', 'HOME': '/home/sunrise', 'OLDPWD': '/home/sunrise', 'ROS_PYTHON_VERSION': '3', 'DBUS_SESSION_BUS_ADDRESS': 'unix:path=/run/user/1000/bus', 'ROS_DISTRO': 'humble', 'LOGNAME': 'sunrise', '_': '/usr/bin/colcon', 'ROS_VERSION': '2', 'XDG_SESSION_CLASS': 'user', 'XDG_SESSION_ID': '181', 'ROS_LOCALHOST_ONLY': '0', 'PATH': '/opt/ros/humble/bin:/usr/local/sbin:/usr/local/bin:/usr/sbin:/usr/bin:/sbin:/bin:/usr/games:/usr/local/games:/snap/bin', 'XDG_RUNTIME_DIR': '/run/user/1000', 'LANG': 'en_US.UTF-8', 'AMENT_PREFIX_PATH': '/home/sunrise/dev_ws/install/racing_stage2:/home/sunrise/dev_ws/install/racing_stage1:/home/sunrise/dev_ws/install/origincar_base:/home/sunrise/dev_ws/install/lslidar_driver:/home/sunrise/dev_ws/install/serial:/home/sunrise/dev_ws/install/qr_scanner:/home/sunrise/dev_ws/install/origincar_msg:/home/sunrise/dev_ws/install/origincar_description:/home/sunrise/dev_ws/install/origincar_bringup:/home/sunrise/dev_ws/install/lslidar_msgs:/home/sunrise/dev_ws/install/bno055:/home/sunrise/dev_ws/install/ackermann_msgs:/opt/ros/humble', 'SHELL': '/bin/bash', 'PWD': '/home/sunrise/dev_ws/build/racing_stage2_param_test', 'SSH_CONNECTION': '10.147.109.1 7415 10.147.109.8 22', 'PYTHONPATH': '/home/sunrise/dev_ws/build/racing_stage2_param_test/prefix_override:/usr/lib/python3/dist-packages/colcon_core/task/python/colcon_distutils_commands:/home/sunrise/dev_ws/install/racing_stage2_param_test/lib/python3.10/site-packages:/home/sunrise/dev_ws/build/racing_stage2:/home/sunrise/dev_ws/install/racing_stage2/lib/python3.10/site-packages:/home/sunrise/dev_ws/build/racing_stage1:/home/sunrise/dev_ws/install/racing_stage1/lib/python3.10/site-packages:/home/sunrise/dev_ws/install/origincar_base/local/lib/python3.10/dist-packages:/home/sunrise/dev_ws/build/qr_scanner:/home/sunrise/dev_ws/install/qr_scanner/lib/python3.10/site-packages:/home/sunrise/dev_ws/install/origincar_msg/local/lib/python3.10/dist-packages:/home/sunrise/dev_ws/install/lslidar_msgs/local/lib/python3.10/dist-packages:/home/sunrise/dev_ws/build/bno055:/home/sunrise/dev_ws/install/bno055/lib/python3.10/site-packages:/home/sunrise/dev_ws/install/ackermann_msgs/local/lib/python3.10/dist-packages:/opt/ros/humble/lib/python3.10/site-packages:/opt/ros/humble/local/lib/python3.10/dist-packages', 'COLCON': '1', 'CMAKE_PREFIX_PATH': '/home/sunrise/dev_ws/install/origincar_base:/home/sunrise/dev_ws/install/lslidar_driver:/home/sunrise/dev_ws/install/serial:/home/sunrise/dev_ws/install/origincar_msg:/home/sunrise/dev_ws/install/origincar_description:/home/sunrise/dev_ws/install/origincar_bringup:/home/sunrise/dev_ws/install/lslidar_msgs:/home/sunrise/dev_ws/install/ackermann_msgs'}, 'shell': False}
[4.316979] (-) TimerEvent: {}
[4.417447] (-) TimerEvent: {}
[4.517913] (-) TimerEvent: {}
[4.618404] (-) TimerEvent: {}
[4.718862] (-) TimerEvent: {}
[4.819310] (-) TimerEvent: {}
[4.919750] (-) TimerEvent: {}
[5.020190] (-) TimerEvent: {}
[5.120638] (-) TimerEvent: {}
[5.221079] (-) TimerEvent: {}
[5.321483] (-) TimerEvent: {}
[5.421918] (-) TimerEvent: {}
[5.522340] (-) TimerEvent: {}
[5.622748] (-) TimerEvent: {}
[5.723163] (-) TimerEvent: {}
[5.823587] (-) TimerEvent: {}
[5.924012] (-) TimerEvent: {}
[5.939410] (racing_stage2_param_test) StdoutLine: {'line': b'running develop\n'}
[6.024183] (-) TimerEvent: {}
[6.124611] (-) TimerEvent: {}
[6.225063] (-) TimerEvent: {}
[6.325513] (-) TimerEvent: {}
[6.426058] (-) TimerEvent: {}
[6.526512] (-) TimerEvent: {}
[6.626921] (-) TimerEvent: {}
[6.727336] (-) TimerEvent: {}
[6.827736] (-) TimerEvent: {}
[6.928132] (-) TimerEvent: {}
[7.028535] (-) TimerEvent: {}
[7.036455] (racing_stage2_param_test) StdoutLine: {'line': b'running egg_info\n'}
[7.037155] (racing_stage2_param_test) StdoutLine: {'line': b'creating racing_stage2_param_test.egg-info\n'}
[7.038058] (racing_stage2_param_test) StdoutLine: {'line': b'writing racing_stage2_param_test.egg-info/PKG-INFO\n'}
[7.038895] (racing_stage2_param_test) StdoutLine: {'line': b'writing dependency_links to racing_stage2_param_test.egg-info/dependency_links.txt\n'}
[7.039800] (racing_stage2_param_test) StdoutLine: {'line': b'writing entry points to racing_stage2_param_test.egg-info/entry_points.txt\n'}
[7.040923] (racing_stage2_param_test) StdoutLine: {'line': b'writing requirements to racing_stage2_param_test.egg-info/requires.txt\n'}
[7.041444] (racing_stage2_param_test) StdoutLine: {'line': b'writing top-level names to racing_stage2_param_test.egg-info/top_level.txt\n'}
[7.042268] (racing_stage2_param_test) StdoutLine: {'line': b"writing manifest file 'racing_stage2_param_test.egg-info/SOURCES.txt'\n"}
[7.052436] (racing_stage2_param_test) StdoutLine: {'line': b"reading manifest file 'racing_stage2_param_test.egg-info/SOURCES.txt'\n"}
[7.056818] (racing_stage2_param_test) StdoutLine: {'line': b"writing manifest file 'racing_stage2_param_test.egg-info/SOURCES.txt'\n"}
[7.066038] (racing_stage2_param_test) StdoutLine: {'line': b'running build_ext\n'}
[7.067248] (racing_stage2_param_test) StdoutLine: {'line': b'Creating /home/sunrise/dev_ws/install/racing_stage2_param_test/lib/python3.10/site-packages/racing-stage2-param-test.egg-link (link to .)\n'}
[7.071738] (racing_stage2_param_test) StdoutLine: {'line': b'Installing avoidance_straight_tester script to /home/sunrise/dev_ws/install/racing_stage2_param_test/lib/racing_stage2_param_test\n'}
[7.073108] (racing_stage2_param_test) StdoutLine: {'line': b'Installing camera_video_recorder script to /home/sunrise/dev_ws/install/racing_stage2_param_test/lib/racing_stage2_param_test\n'}
[7.074577] (racing_stage2_param_test) StdoutLine: {'line': b'Installing data_recorder script to /home/sunrise/dev_ws/install/racing_stage2_param_test/lib/racing_stage2_param_test\n'}
[7.075122] (racing_stage2_param_test) StdoutLine: {'line': b'Installing direct_inertial_tester script to /home/sunrise/dev_ws/install/racing_stage2_param_test/lib/racing_stage2_param_test\n'}
[7.077289] (racing_stage2_param_test) StdoutLine: {'line': b'Installing twist_cmd_relay script to /home/sunrise/dev_ws/install/racing_stage2_param_test/lib/racing_stage2_param_test\n'}
[7.078849] (racing_stage2_param_test) StdoutLine: {'line': b'Installing vision_inertial_tester script to /home/sunrise/dev_ws/install/racing_stage2_param_test/lib/racing_stage2_param_test\n'}
[7.080642] (racing_stage2_param_test) StdoutLine: {'line': b'\n'}
[7.081803] (racing_stage2_param_test) StdoutLine: {'line': b'Installed /home/sunrise/dev_ws/build/racing_stage2_param_test\n'}
[7.082353] (racing_stage2_param_test) StdoutLine: {'line': b'running symlink_data\n'}
[7.082871] (racing_stage2_param_test) StdoutLine: {'line': b'creating /home/sunrise/dev_ws/install/racing_stage2_param_test/share/ament_index\n'}
[7.083380] (racing_stage2_param_test) StdoutLine: {'line': b'creating /home/sunrise/dev_ws/install/racing_stage2_param_test/share/ament_index/resource_index\n'}
[7.083882] (racing_stage2_param_test) StdoutLine: {'line': b'creating /home/sunrise/dev_ws/install/racing_stage2_param_test/share/ament_index/resource_index/packages\n'}
[7.084383] (racing_stage2_param_test) StdoutLine: {'line': b'symbolically linking /home/sunrise/dev_ws/build/racing_stage2_param_test/resource/racing_stage2_param_test -> /home/sunrise/dev_ws/install/racing_stage2_param_test/share/ament_index/resource_index/packages\n'}
[7.084890] (racing_stage2_param_test) StdoutLine: {'line': b'symbolically linking /home/sunrise/dev_ws/build/racing_stage2_param_test/package.xml -> /home/sunrise/dev_ws/install/racing_stage2_param_test/share/racing_stage2_param_test\n'}
[7.085382] (racing_stage2_param_test) StdoutLine: {'line': b'creating /home/sunrise/dev_ws/install/racing_stage2_param_test/share/racing_stage2_param_test/launch\n'}
[7.085863] (racing_stage2_param_test) StdoutLine: {'line': b'symbolically linking /home/sunrise/dev_ws/build/racing_stage2_param_test/launch/vision_inertial_test.launch.py -> /home/sunrise/dev_ws/install/racing_stage2_param_test/share/racing_stage2_param_test/launch\n'}
[7.086412] (racing_stage2_param_test) StdoutLine: {'line': b'symbolically linking /home/sunrise/dev_ws/build/racing_stage2_param_test/launch/direct_inertial_test.launch.py -> /home/sunrise/dev_ws/install/racing_stage2_param_test/share/racing_stage2_param_test/launch\n'}
[7.086896] (racing_stage2_param_test) StdoutLine: {'line': b'symbolically linking /home/sunrise/dev_ws/build/racing_stage2_param_test/launch/record.launch.py -> /home/sunrise/dev_ws/install/racing_stage2_param_test/share/racing_stage2_param_test/launch\n'}
[7.087372] (racing_stage2_param_test) StdoutLine: {'line': b'symbolically linking /home/sunrise/dev_ws/build/racing_stage2_param_test/launch/avoidance_straight_test.launch.py -> /home/sunrise/dev_ws/install/racing_stage2_param_test/share/racing_stage2_param_test/launch\n'}
[7.087847] (racing_stage2_param_test) StdoutLine: {'line': b'symbolically linking /home/sunrise/dev_ws/build/racing_stage2_param_test/launch/lane_follow_test.launch.py -> /home/sunrise/dev_ws/install/racing_stage2_param_test/share/racing_stage2_param_test/launch\n'}
[7.088317] (racing_stage2_param_test) StdoutLine: {'line': b'symbolically linking /home/sunrise/dev_ws/build/racing_stage2_param_test/launch/direct_inertial_camera_record_test.launch.py -> /home/sunrise/dev_ws/install/racing_stage2_param_test/share/racing_stage2_param_test/launch\n'}
[7.088786] (racing_stage2_param_test) StdoutLine: {'line': b'creating /home/sunrise/dev_ws/install/racing_stage2_param_test/share/racing_stage2_param_test/config\n'}
[7.089245] (racing_stage2_param_test) StdoutLine: {'line': b'symbolically linking /home/sunrise/dev_ws/build/racing_stage2_param_test/config/avoidance_straight_test.yaml -> /home/sunrise/dev_ws/install/racing_stage2_param_test/share/racing_stage2_param_test/config\n'}
[7.089709] (racing_stage2_param_test) StdoutLine: {'line': b'symbolically linking /home/sunrise/dev_ws/build/racing_stage2_param_test/config/direct_inertial_test.yaml -> /home/sunrise/dev_ws/install/racing_stage2_param_test/share/racing_stage2_param_test/config\n'}
[7.128754] (-) TimerEvent: {}
[7.229283] (-) TimerEvent: {}
[7.317935] (racing_stage2_param_test) CommandEnded: {'returncode': 0}
[7.329659] (-) TimerEvent: {}
[7.427594] (racing_stage2_param_test) JobEnded: {'identifier': 'racing_stage2_param_test', 'rc': 0}
[7.430085] (-) TimerEvent: {}
[7.430238] (-) EventReactorShutdown: {}
