[0.160s] Invoking command in '/home/sunrise/dev_ws/build/voice_driver': CMAKE_PREFIX_PATH=${CMAKE_PREFIX_PATH}:/home/sunrise/dev_ws/install/racing_stage2:/home/sunrise/dev_ws/install/racing_stage1:/home/sunrise/dev_ws/install/qr_scanner:/home/sunrise/dev_ws/install/bno055:/opt/tros/humble:/opt/ros/humble /usr/bin/cmake /home/sunrise/dev_ws/src/racing/voice_driver -DAMENT_CMAKE_SYMLINK_INSTALL=1 -DCMAKE_INSTALL_PREFIX=/home/sunrise/dev_ws/install/voice_driver
[0.824s] -- The C compiler identification is GNU 11.2.0
[1.344s] -- The CXX compiler identification is GNU 11.2.0
[1.390s] -- Detecting C compiler ABI info
[2.179s] -- Detecting C compiler ABI info - done
[2.232s] -- Check for working C compiler: /usr/bin/cc - skipped
[2.234s] -- Detecting C compile features
[2.237s] -- Detecting C compile features - done
[2.258s] -- Detecting CXX compiler ABI info
[2.876s] -- Detecting CXX compiler ABI info - done
[2.932s] -- Check for working CXX compiler: /usr/bin/c++ - skipped
[2.935s] -- Detecting CXX compile features
[2.940s] -- Detecting CXX compile features - done
[2.961s] -- Found ament_cmake: 1.3.14 (/opt/ros/humble/share/ament_cmake/cmake)
[4.608s] -- Found Python3: /usr/bin/python3 (found version "3.10.12") found components: Interpreter 
[5.375s] -- Override CMake install command with custom implementation using symlinks instead of copying resources
[5.611s] -- Found rclcpp: 16.0.19 (/opt/ros/humble/share/rclcpp/cmake)
[5.916s] -- Found rosidl_generator_c: 3.1.8 (/opt/ros/humble/share/rosidl_generator_c/cmake)
[5.956s] -- Found rosidl_adapter: 3.1.8 (/opt/ros/humble/share/rosidl_adapter/cmake)
[6.015s] -- Found rosidl_generator_cpp: 3.1.8 (/opt/ros/humble/share/rosidl_generator_cpp/cmake)
[6.105s] -- Using all available rosidl_typesupport_c: rosidl_typesupport_fastrtps_c;rosidl_typesupport_introspection_c
[6.227s] -- Using all available rosidl_typesupport_cpp: rosidl_typesupport_fastrtps_cpp;rosidl_typesupport_introspection_cpp
[6.620s] -- Found rmw_implementation_cmake: 6.1.2 (/opt/ros/humble/share/rmw_implementation_cmake/cmake)
[6.642s] -- Found rmw_fastrtps_cpp: 6.2.10 (/opt/ros/humble/share/rmw_fastrtps_cpp/cmake)
[7.175s] -- Found OpenSSL: /usr/lib/aarch64-linux-gnu/libcrypto.so (found version "3.0.2")  
[7.342s] -- Found FastRTPS: /opt/ros/humble/include  
[7.601s] -- Using RMW implementation 'rmw_fastrtps_cpp' as default
[7.689s] -- Looking for pthread.h
[8.169s] -- Looking for pthread.h - found
[8.181s] -- Performing Test CMAKE_HAVE_LIBC_PTHREAD
[8.629s] -- Performing Test CMAKE_HAVE_LIBC_PTHREAD - Success
[8.636s] -- Found Threads: TRUE  
[9.033s] -- Found rosidl_default_generators: 1.2.1 (/opt/ros/humble/share/rosidl_default_generators/cmake)
[11.415s] -- Found ament_cmake_ros: 0.10.0 (/opt/ros/humble/share/ament_cmake_ros/cmake)
[13.901s] -- Using all available rosidl_typesupport_c: rosidl_typesupport_fastrtps_c;rosidl_typesupport_introspection_c
[14.915s] -- Using all available rosidl_typesupport_cpp: rosidl_typesupport_fastrtps_cpp;rosidl_typesupport_introspection_cpp
[15.116s] -- Found PythonInterp: /usr/bin/python3 (found suitable version "3.10.12", minimum required is "3.6") 
[15.128s] -- Found python_cmake_module: 0.10.0 (/opt/ros/humble/share/python_cmake_module/cmake)
[15.342s] -- Found PythonLibs: /usr/lib/aarch64-linux-gnu/libpython3.10.so (found suitable version "3.10.12", minimum required is "3.5") 
[15.343s] -- Using PYTHON_EXECUTABLE: /usr/bin/python3
[15.344s] -- Using PYTHON_INCLUDE_DIRS: /usr/include/python3.10
[15.344s] -- Using PYTHON_LIBRARIES: /usr/lib/aarch64-linux-gnu/libpython3.10.so
[15.537s] -- Found PythonExtra: .so  
[16.415s] -- Configuring done
[16.620s] -- Generating done
[16.699s] -- Build files have been written to: /home/sunrise/dev_ws/build/voice_driver
[16.804s] Invoked command in '/home/sunrise/dev_ws/build/voice_driver' returned '0': CMAKE_PREFIX_PATH=${CMAKE_PREFIX_PATH}:/home/sunrise/dev_ws/install/racing_stage2:/home/sunrise/dev_ws/install/racing_stage1:/home/sunrise/dev_ws/install/qr_scanner:/home/sunrise/dev_ws/install/bno055:/opt/tros/humble:/opt/ros/humble /usr/bin/cmake /home/sunrise/dev_ws/src/racing/voice_driver -DAMENT_CMAKE_SYMLINK_INSTALL=1 -DCMAKE_INSTALL_PREFIX=/home/sunrise/dev_ws/install/voice_driver
[16.814s] Invoking command in '/home/sunrise/dev_ws/build/voice_driver': CMAKE_PREFIX_PATH=${CMAKE_PREFIX_PATH}:/home/sunrise/dev_ws/install/racing_stage2:/home/sunrise/dev_ws/install/racing_stage1:/home/sunrise/dev_ws/install/qr_scanner:/home/sunrise/dev_ws/install/bno055:/opt/tros/humble:/opt/ros/humble /usr/bin/cmake --build /home/sunrise/dev_ws/build/voice_driver -- -j8 -l8
[17.066s] [  2%] [34m[1mGenerating Rust code for ROS interfaces[0m
[19.132s] [  2%] Built target voice_driver__rs
[19.270s] [  2%] Built target ament_cmake_python_symlink_voice_api
[19.378s] [  5%] [32mBuilding CXX object CMakeFiles/voice_node.dir/src/voice_node.cpp.o[0m
[79.302s] [  8%] [32m[1mLinking CXX executable voice_node[0m
[82.697s] [  8%] Built target voice_node
[82.748s] [ 11%] [34m[1mGenerating C code for ROS interfaces[0m
[82.807s] [ 14%] [34m[1mGenerating C++ code for ROS interfaces[0m
[82.851s] [ 14%] Built target ament_cmake_python_symlink_voice_driver
[85.047s] running egg_info
[85.053s] creating voice_api.egg-info
[85.056s] writing voice_api.egg-info/PKG-INFO
[85.058s] writing dependency_links to voice_api.egg-info/dependency_links.txt
[85.061s] writing top-level names to voice_api.egg-info/top_level.txt
[85.063s] writing manifest file 'voice_api.egg-info/SOURCES.txt'
[85.081s] reading manifest file 'voice_api.egg-info/SOURCES.txt'
[85.087s] writing manifest file 'voice_api.egg-info/SOURCES.txt'
[85.263s] running egg_info
[85.270s] creating voice_driver.egg-info
[85.273s] writing voice_driver.egg-info/PKG-INFO
[85.274s] writing dependency_links to voice_driver.egg-info/dependency_links.txt
[85.276s] writing top-level names to voice_driver.egg-info/top_level.txt
[85.279s] writing manifest file 'voice_driver.egg-info/SOURCES.txt'
[85.303s] reading manifest file 'voice_driver.egg-info/SOURCES.txt'
[85.306s] [ 17%] [32mBuilding C object CMakeFiles/voice_driver__rosidl_generator_c.dir/rosidl_generator_c/voice_driver/srv/detail/play_voice__functions.c.o[0m
[85.308s] writing manifest file 'voice_driver.egg-info/SOURCES.txt'
[85.312s] [ 17%] Built target voice_driver__cpp
[85.378s] [ 20%] [34m[1mGenerating C++ type support dispatch for ROS interfaces[0m
[85.387s] [ 23%] [34m[1mGenerating C++ type support for eProsima Fast-RTPS[0m
[85.389s] [ 23%] Built target ament_cmake_python_build_voice_api_egg
[85.415s] [ 26%] [34m[1mGenerating C++ introspection for ROS interfaces[0m
[85.603s] [ 26%] Built target ament_cmake_python_build_voice_driver_egg
[85.738s] [ 29%] [32m[1mLinking C shared library libvoice_driver__rosidl_generator_c.so[0m
[85.980s] [ 29%] Built target voice_driver__rosidl_generator_c
[86.041s] [ 35%] [34m[1mGenerating C introspection for ROS interfaces[0m
[86.042s] [ 35%] [34m[1mGenerating C type support for eProsima Fast-RTPS[0m
[87.502s] [ 38%] [32mBuilding CXX object CMakeFiles/voice_driver__rosidl_typesupport_cpp.dir/rosidl_typesupport_cpp/voice_driver/srv/play_voice__type_support.cpp.o[0m
[87.929s] [ 41%] [32mBuilding CXX object CMakeFiles/voice_driver__rosidl_typesupport_fastrtps_cpp.dir/rosidl_typesupport_fastrtps_cpp/voice_driver/srv/detail/dds_fastrtps/play_voice__type_support.cpp.o[0m
[88.266s] [ 44%] [32mBuilding CXX object CMakeFiles/voice_driver__rosidl_typesupport_introspection_cpp.dir/rosidl_typesupport_introspection_cpp/voice_driver/srv/detail/play_voice__type_support.cpp.o[0m
[88.522s] [ 47%] [32mBuilding C object CMakeFiles/voice_driver__rosidl_typesupport_introspection_c.dir/rosidl_typesupport_introspection_c/voice_driver/srv/detail/play_voice__type_support.c.o[0m
[88.591s] [ 50%] [32mBuilding CXX object CMakeFiles/voice_driver__rosidl_typesupport_fastrtps_c.dir/rosidl_typesupport_fastrtps_c/voice_driver/srv/detail/play_voice__type_support_c.cpp.o[0m
[88.764s] [ 52%] [32m[1mLinking C shared library libvoice_driver__rosidl_typesupport_introspection_c.so[0m
[89.078s] [ 52%] Built target voice_driver__rosidl_typesupport_introspection_c
[89.223s] [ 55%] [34m[1mGenerating C type support dispatch for ROS interfaces[0m
[89.733s] [ 58%] [32m[1mLinking CXX shared library libvoice_driver__rosidl_typesupport_cpp.so[0m
[90.294s] [ 58%] Built target voice_driver__rosidl_typesupport_cpp
[91.031s] [ 61%] [32m[1mLinking CXX shared library libvoice_driver__rosidl_typesupport_fastrtps_cpp.so[0m
[91.332s] [ 64%] [32m[1mLinking CXX shared library libvoice_driver__rosidl_typesupport_introspection_cpp.so[0m
[91.520s] [ 67%] [32m[1mLinking CXX shared library libvoice_driver__rosidl_typesupport_fastrtps_c.so[0m
[91.610s] [ 70%] [32mBuilding CXX object CMakeFiles/voice_driver__rosidl_typesupport_c.dir/rosidl_typesupport_c/voice_driver/srv/play_voice__type_support.cpp.o[0m
[91.664s] [ 70%] Built target voice_driver__rosidl_typesupport_fastrtps_cpp
[91.798s] [ 73%] [32m[1mLinking CXX shared library libvoice_driver__rosidl_typesupport_c.so[0m
[91.855s] [ 73%] Built target voice_driver__rosidl_typesupport_introspection_cpp
[92.006s] [ 73%] Built target voice_driver__rosidl_typesupport_c
[92.096s] [ 73%] Built target voice_driver__rosidl_typesupport_fastrtps_c
[92.199s] [ 73%] Built target voice_driver
[92.303s] [ 76%] [34m[1mGenerating Python code for ROS interfaces[0m
[95.459s] [ 76%] Built target voice_driver__py
[95.560s] [ 79%] [32mBuilding C object CMakeFiles/voice_driver__rosidl_generator_py.dir/rosidl_generator_py/voice_driver/srv/_play_voice_s.c.o[0m
[96.231s] [ 82%] [32m[1mLinking C shared library rosidl_generator_py/voice_driver/libvoice_driver__rosidl_generator_py.so[0m
[96.506s] [ 82%] Built target voice_driver__rosidl_generator_py
[96.608s] [ 88%] [32mBuilding C object CMakeFiles/voice_driver__rosidl_typesupport_introspection_c__pyext.dir/rosidl_generator_py/voice_driver/_voice_driver_s.ep.rosidl_typesupport_introspection_c.c.o[0m
[96.609s] [ 88%] [32mBuilding C object CMakeFiles/voice_driver__rosidl_typesupport_fastrtps_c__pyext.dir/rosidl_generator_py/voice_driver/_voice_driver_s.ep.rosidl_typesupport_fastrtps_c.c.o[0m
[97.211s] [ 91%] [32m[1mLinking C shared library rosidl_generator_py/voice_driver/voice_driver_s__rosidl_typesupport_introspection_c.cpython-310-aarch64-linux-gnu.so[0m
[97.223s] [ 94%] [32m[1mLinking C shared library rosidl_generator_py/voice_driver/voice_driver_s__rosidl_typesupport_fastrtps_c.cpython-310-aarch64-linux-gnu.so[0m
[97.416s] [ 94%] Built target voice_driver__rosidl_typesupport_introspection_c__pyext
[97.435s] [ 94%] Built target voice_driver__rosidl_typesupport_fastrtps_c__pyext
[97.520s] [ 97%] [32mBuilding C object CMakeFiles/voice_driver__rosidl_typesupport_c__pyext.dir/rosidl_generator_py/voice_driver/_voice_driver_s.ep.rosidl_typesupport_c.c.o[0m
[98.120s] [100%] [32m[1mLinking C shared library rosidl_generator_py/voice_driver/voice_driver_s__rosidl_typesupport_c.cpython-310-aarch64-linux-gnu.so[0m
[98.313s] [100%] Built target voice_driver__rosidl_typesupport_c__pyext
[98.373s] Invoked command in '/home/sunrise/dev_ws/build/voice_driver' returned '0': CMAKE_PREFIX_PATH=${CMAKE_PREFIX_PATH}:/home/sunrise/dev_ws/install/racing_stage2:/home/sunrise/dev_ws/install/racing_stage1:/home/sunrise/dev_ws/install/qr_scanner:/home/sunrise/dev_ws/install/bno055:/opt/tros/humble:/opt/ros/humble /usr/bin/cmake --build /home/sunrise/dev_ws/build/voice_driver -- -j8 -l8
[98.381s] Invoking command in '/home/sunrise/dev_ws/build/voice_driver': CMAKE_PREFIX_PATH=${CMAKE_PREFIX_PATH}:/home/sunrise/dev_ws/install/racing_stage2:/home/sunrise/dev_ws/install/racing_stage1:/home/sunrise/dev_ws/install/qr_scanner:/home/sunrise/dev_ws/install/bno055:/opt/tros/humble:/opt/ros/humble /usr/bin/cmake --install /home/sunrise/dev_ws/build/voice_driver
[98.423s] -- Install configuration: ""
[98.426s] -- Execute custom install script
[98.428s] -- Symlinking: /home/sunrise/dev_ws/install/voice_driver/share/ament_index/resource_index/rosidl_interfaces/voice_driver
[98.474s] -- Symlinking: /home/sunrise/dev_ws/install/voice_driver/include/voice_driver/voice_driver/msg/rosidl_generator_c__visibility_control.h
[98.520s] -- Symlinking: /home/sunrise/dev_ws/install/voice_driver/include/voice_driver/voice_driver/srv/detail/play_voice__functions.h
[98.564s] -- Symlinking: /home/sunrise/dev_ws/install/voice_driver/include/voice_driver/voice_driver/srv/detail/play_voice__struct.h
[98.608s] -- Symlinking: /home/sunrise/dev_ws/install/voice_driver/include/voice_driver/voice_driver/srv/detail/play_voice__type_support.h
[98.653s] -- Symlinking: /home/sunrise/dev_ws/install/voice_driver/include/voice_driver/voice_driver/srv/play_voice.h
[98.699s] -- Symlinking: /home/sunrise/dev_ws/install/voice_driver/share/voice_driver/environment/library_path.sh
[98.745s] -- Symlinking: /home/sunrise/dev_ws/install/voice_driver/share/voice_driver/environment/library_path.dsv
[98.794s] -- Symlinking: /home/sunrise/dev_ws/install/voice_driver/include/voice_driver/voice_driver/msg/rosidl_typesupport_fastrtps_c__visibility_control.h
[98.838s] -- Symlinking: /home/sunrise/dev_ws/install/voice_driver/include/voice_driver/voice_driver/srv/detail/play_voice__rosidl_typesupport_fastrtps_c.h
[98.884s] -- Symlinking: /home/sunrise/dev_ws/install/voice_driver/include/voice_driver/voice_driver/msg/rosidl_generator_cpp__visibility_control.hpp
[98.929s] -- Symlinking: /home/sunrise/dev_ws/install/voice_driver/include/voice_driver/voice_driver/srv/detail/play_voice__builder.hpp
[98.975s] -- Symlinking: /home/sunrise/dev_ws/install/voice_driver/include/voice_driver/voice_driver/srv/detail/play_voice__struct.hpp
[99.018s] -- Symlinking: /home/sunrise/dev_ws/install/voice_driver/include/voice_driver/voice_driver/srv/detail/play_voice__traits.hpp
[99.064s] -- Symlinking: /home/sunrise/dev_ws/install/voice_driver/include/voice_driver/voice_driver/srv/detail/play_voice__type_support.hpp
[99.108s] -- Symlinking: /home/sunrise/dev_ws/install/voice_driver/include/voice_driver/voice_driver/srv/play_voice.hpp
[99.156s] -- Symlinking: /home/sunrise/dev_ws/install/voice_driver/include/voice_driver/voice_driver/msg/rosidl_typesupport_fastrtps_cpp__visibility_control.h
[99.202s] -- Symlinking: /home/sunrise/dev_ws/install/voice_driver/include/voice_driver/voice_driver/srv/detail/play_voice__rosidl_typesupport_fastrtps_cpp.hpp
[99.250s] -- Symlinking: /home/sunrise/dev_ws/install/voice_driver/include/voice_driver/voice_driver/msg/rosidl_typesupport_introspection_c__visibility_control.h
[99.295s] -- Symlinking: /home/sunrise/dev_ws/install/voice_driver/include/voice_driver/voice_driver/srv/detail/play_voice__rosidl_typesupport_introspection_c.h
[99.340s] -- Symlinking: /home/sunrise/dev_ws/install/voice_driver/include/voice_driver/voice_driver/srv/detail/play_voice__rosidl_typesupport_introspection_cpp.hpp
[99.386s] -- Symlinking: /home/sunrise/dev_ws/install/voice_driver/share/voice_driver/environment/pythonpath.sh
[99.432s] -- Symlinking: /home/sunrise/dev_ws/install/voice_driver/share/voice_driver/environment/pythonpath.dsv
[99.478s] -- Symlinking: /home/sunrise/dev_ws/install/voice_driver/local/lib/python3.10/dist-packages/voice_driver-0.1.0-py3.10.egg-info/PKG-INFO
[99.522s] -- Symlinking: /home/sunrise/dev_ws/install/voice_driver/local/lib/python3.10/dist-packages/voice_driver-0.1.0-py3.10.egg-info/SOURCES.txt
[99.571s] -- Symlinking: /home/sunrise/dev_ws/install/voice_driver/local/lib/python3.10/dist-packages/voice_driver-0.1.0-py3.10.egg-info/dependency_links.txt
[99.618s] -- Symlinking: /home/sunrise/dev_ws/install/voice_driver/local/lib/python3.10/dist-packages/voice_driver-0.1.0-py3.10.egg-info/top_level.txt
[99.666s] -- Symlinking: /home/sunrise/dev_ws/install/voice_driver/local/lib/python3.10/dist-packages/voice_driver/__init__.py
[99.712s] -- Symlinking: /home/sunrise/dev_ws/install/voice_driver/local/lib/python3.10/dist-packages/voice_driver/_voice_driver_s.ep.rosidl_typesupport_c.c
[99.756s] -- Symlinking: /home/sunrise/dev_ws/install/voice_driver/local/lib/python3.10/dist-packages/voice_driver/_voice_driver_s.ep.rosidl_typesupport_fastrtps_c.c
[99.802s] -- Symlinking: /home/sunrise/dev_ws/install/voice_driver/local/lib/python3.10/dist-packages/voice_driver/_voice_driver_s.ep.rosidl_typesupport_introspection_c.c
[99.845s] -- Symlinking: /home/sunrise/dev_ws/install/voice_driver/local/lib/python3.10/dist-packages/voice_driver/libvoice_driver__rosidl_generator_py.so
[99.889s] -- Symlinking: /home/sunrise/dev_ws/install/voice_driver/local/lib/python3.10/dist-packages/voice_driver/srv/__init__.py
[99.935s] -- Symlinking: /home/sunrise/dev_ws/install/voice_driver/local/lib/python3.10/dist-packages/voice_driver/srv/_play_voice.py
[99.981s] -- Symlinking: /home/sunrise/dev_ws/install/voice_driver/local/lib/python3.10/dist-packages/voice_driver/srv/_play_voice_s.c
[100.026s] -- Symlinking: /home/sunrise/dev_ws/install/voice_driver/local/lib/python3.10/dist-packages/voice_driver/voice_driver_s__rosidl_typesupport_c.cpython-310-aarch64-linux-gnu.so
[100.070s] -- Symlinking: /home/sunrise/dev_ws/install/voice_driver/local/lib/python3.10/dist-packages/voice_driver/voice_driver_s__rosidl_typesupport_fastrtps_c.cpython-310-aarch64-linux-gnu.so
[100.115s] -- Symlinking: /home/sunrise/dev_ws/install/voice_driver/local/lib/python3.10/dist-packages/voice_driver/voice_driver_s__rosidl_typesupport_introspection_c.cpython-310-aarch64-linux-gnu.so
[100.162s] -- Up-to-date symlink: /home/sunrise/dev_ws/install/voice_driver/local/lib/python3.10/dist-packages/voice_driver/voice_driver_s__rosidl_typesupport_fastrtps_c.cpython-310-aarch64-linux-gnu.so
[100.164s] -- Up-to-date symlink: /home/sunrise/dev_ws/install/voice_driver/local/lib/python3.10/dist-packages/voice_driver/voice_driver_s__rosidl_typesupport_introspection_c.cpython-310-aarch64-linux-gnu.so
[100.165s] -- Up-to-date symlink: /home/sunrise/dev_ws/install/voice_driver/local/lib/python3.10/dist-packages/voice_driver/voice_driver_s__rosidl_typesupport_c.cpython-310-aarch64-linux-gnu.so
[100.166s] -- Symlinking: /home/sunrise/dev_ws/install/voice_driver/share/ament_index/resource_index/rust_packages/voice_driver
[100.216s] -- Symlinking: /home/sunrise/dev_ws/install/voice_driver/share/voice_driver/rust/Cargo.toml
[100.259s] -- Symlinking: /home/sunrise/dev_ws/install/voice_driver/share/voice_driver/rust/build.rs
[100.305s] -- Symlinking: /home/sunrise/dev_ws/install/voice_driver/share/voice_driver/rust/src/lib.rs
[100.349s] -- Symlinking: /home/sunrise/dev_ws/install/voice_driver/share/voice_driver/rust/src/srv.rs
[100.393s] -- Symlinking: /home/sunrise/dev_ws/install/voice_driver/share/voice_driver/rust/src/srv/rmw.rs
[100.438s] -- Symlinking: /home/sunrise/dev_ws/install/voice_driver/share/voice_driver/srv/PlayVoice.idl
[100.482s] -- Symlinking: /home/sunrise/dev_ws/install/voice_driver/share/voice_driver/srv/PlayVoice.srv
[100.527s] -- Symlinking: /home/sunrise/dev_ws/install/voice_driver/share/voice_driver/srv/PlayVoice_Request.msg
[100.575s] -- Symlinking: /home/sunrise/dev_ws/install/voice_driver/share/voice_driver/srv/PlayVoice_Response.msg
[100.620s] -- Symlinking: /home/sunrise/dev_ws/install/voice_driver/local/lib/python3.10/dist-packages/voice_api-0.1.0-py3.10.egg-info/PKG-INFO
[100.664s] -- Symlinking: /home/sunrise/dev_ws/install/voice_driver/local/lib/python3.10/dist-packages/voice_api-0.1.0-py3.10.egg-info/SOURCES.txt
[100.708s] -- Symlinking: /home/sunrise/dev_ws/install/voice_driver/local/lib/python3.10/dist-packages/voice_api-0.1.0-py3.10.egg-info/dependency_links.txt
[100.751s] -- Symlinking: /home/sunrise/dev_ws/install/voice_driver/local/lib/python3.10/dist-packages/voice_api-0.1.0-py3.10.egg-info/top_level.txt
[100.804s] -- Symlinking: /home/sunrise/dev_ws/install/voice_driver/local/lib/python3.10/dist-packages/voice_api/__init__.py
[100.849s] -- Symlinking: /home/sunrise/dev_ws/install/voice_driver/local/lib/python3.10/dist-packages/voice_api/audio_player.py
[100.894s] -- Symlinking: /home/sunrise/dev_ws/install/voice_driver/local/lib/python3.10/dist-packages/voice_api/dashscope_qwen_tts_realtime.py
[100.938s] -- Symlinking: /home/sunrise/dev_ws/install/voice_driver/local/lib/python3.10/dist-packages/voice_api/dashscope_tts_ws.py
[100.984s] -- Symlinking: /home/sunrise/dev_ws/install/voice_driver/local/lib/python3.10/dist-packages/voice_api/env_config.py
[101.029s] -- Symlinking: /home/sunrise/dev_ws/install/voice_driver/local/lib/python3.10/dist-packages/voice_api/i2c_player.py
[101.074s] -- Symlinking: /home/sunrise/dev_ws/install/voice_driver/local/lib/python3.10/dist-packages/voice_api/mae01_player.py
[101.118s] -- Symlinking: /home/sunrise/dev_ws/install/voice_driver/local/lib/python3.10/dist-packages/voice_api/module_player.py
[101.162s] -- Symlinking: /home/sunrise/dev_ws/install/voice_driver/local/lib/python3.10/dist-packages/voice_api/play_voice_cli.py
[101.217s] -- Symlinking: /home/sunrise/dev_ws/install/voice_driver/local/lib/python3.10/dist-packages/voice_api/setup.cfg
[101.262s] -- Symlinking: /home/sunrise/dev_ws/install/voice_driver/local/lib/python3.10/dist-packages/voice_api/setup.py
[101.308s] -- Symlinking: /home/sunrise/dev_ws/install/voice_driver/local/lib/python3.10/dist-packages/voice_api/tts_client.py
[101.355s] -- Symlinking: /home/sunrise/dev_ws/install/voice_driver/local/lib/python3.10/dist-packages/voice_api/vision_analyzer.py
[101.400s] -- Symlinking: /home/sunrise/dev_ws/install/voice_driver/local/lib/python3.10/dist-packages/voice_api/voice_broadcast.py
[101.446s] -- Symlinking: /home/sunrise/dev_ws/install/voice_driver/local/lib/python3.10/dist-packages/voice_api/voice_broadcast_cli.py
[101.491s] -- Symlinking: /home/sunrise/dev_ws/install/voice_driver/local/lib/python3.10/dist-packages/voice_api/voice_broadcast_node.py
[101.535s] -- Symlinking: /home/sunrise/dev_ws/install/voice_driver/local/lib/python3.10/dist-packages/voice_api/voice_client.py
[101.581s] -- Symlinking: /home/sunrise/dev_ws/install/voice_driver/local/lib/python3.10/dist-packages/voice_api/voice_force_play.py
[101.626s] -- Symlinking: /home/sunrise/dev_ws/install/voice_driver/local/lib/python3.10/dist-packages/voice_api/voice_hardware_cli.py
[101.671s] -- Symlinking: /home/sunrise/dev_ws/install/voice_driver/local/lib/python3.10/dist-packages/voice_api/voice_ids.py
[101.714s] -- Symlinking: /home/sunrise/dev_ws/install/voice_driver/local/lib/python3.10/dist-packages/voice_api/voice_probe_cli.py
[101.758s] -- Symlinking: /home/sunrise/dev_ws/install/voice_driver/local/lib/python3.10/dist-packages/voice_api/voice_speak_now.py
[101.804s] -- Symlinking: /home/sunrise/dev_ws/install/voice_driver/local/lib/python3.10/dist-packages/voice_api/voice_speak_text.py
[101.849s] -- Symlinking: /home/sunrise/dev_ws/install/voice_driver/lib/voice_driver/voice_node
[101.894s] -- Symlinking: /home/sunrise/dev_ws/install/voice_driver/share/voice_driver/launch/voice_broadcast.launch.py
[101.939s] -- Symlinking: /home/sunrise/dev_ws/install/voice_driver/share/voice_driver/launch/voice_tts.launch.py
[101.984s] -- Symlinking: /home/sunrise/dev_ws/install/voice_driver/share/voice_driver/config/voice_broadcast.yaml
[102.030s] -- Symlinking: /home/sunrise/dev_ws/install/voice_driver/share/ament_index/resource_index/package_run_dependencies/voice_driver
[102.075s] -- Symlinking: /home/sunrise/dev_ws/install/voice_driver/share/ament_index/resource_index/parent_prefix_path/voice_driver
[102.120s] -- Symlinking: /home/sunrise/dev_ws/install/voice_driver/share/voice_driver/environment/ament_prefix_path.sh
[102.163s] -- Symlinking: /home/sunrise/dev_ws/install/voice_driver/share/voice_driver/environment/ament_prefix_path.dsv
[102.208s] -- Symlinking: /home/sunrise/dev_ws/install/voice_driver/share/voice_driver/environment/path.sh
[102.252s] -- Symlinking: /home/sunrise/dev_ws/install/voice_driver/share/voice_driver/environment/path.dsv
[102.295s] -- Symlinking: /home/sunrise/dev_ws/install/voice_driver/share/voice_driver/local_setup.bash
[102.342s] -- Symlinking: /home/sunrise/dev_ws/install/voice_driver/share/voice_driver/local_setup.sh
[102.394s] -- Symlinking: /home/sunrise/dev_ws/install/voice_driver/share/voice_driver/local_setup.zsh
[102.430s] -- Symlinking: /home/sunrise/dev_ws/install/voice_driver/share/voice_driver/local_setup.dsv
[102.475s] -- Symlinking: /home/sunrise/dev_ws/install/voice_driver/share/voice_driver/package.dsv
[102.521s] -- Symlinking: /home/sunrise/dev_ws/install/voice_driver/share/ament_index/resource_index/packages/voice_driver
[102.567s] -- Symlinking: /home/sunrise/dev_ws/install/voice_driver/share/voice_driver/cmake/rosidl_cmake-extras.cmake
[102.613s] -- Symlinking: /home/sunrise/dev_ws/install/voice_driver/share/voice_driver/cmake/ament_cmake_export_include_directories-extras.cmake
[102.659s] -- Symlinking: /home/sunrise/dev_ws/install/voice_driver/share/voice_driver/cmake/ament_cmake_export_libraries-extras.cmake
[102.701s] -- Symlinking: /home/sunrise/dev_ws/install/voice_driver/share/voice_driver/cmake/ament_cmake_export_targets-extras.cmake
[102.748s] -- Symlinking: /home/sunrise/dev_ws/install/voice_driver/share/voice_driver/cmake/rosidl_cmake_export_typesupport_targets-extras.cmake
[102.791s] -- Symlinking: /home/sunrise/dev_ws/install/voice_driver/share/voice_driver/cmake/ament_cmake_export_dependencies-extras.cmake
[102.835s] -- Symlinking: /home/sunrise/dev_ws/install/voice_driver/share/voice_driver/cmake/rosidl_cmake_export_typesupport_libraries-extras.cmake
[102.880s] -- Symlinking: /home/sunrise/dev_ws/install/voice_driver/share/voice_driver/cmake/voice_driverConfig.cmake
[102.925s] -- Symlinking: /home/sunrise/dev_ws/install/voice_driver/share/voice_driver/cmake/voice_driverConfig-version.cmake
[102.974s] -- Symlinking: /home/sunrise/dev_ws/install/voice_driver/share/voice_driver/package.xml
[103.017s] -- Installing: /home/sunrise/dev_ws/install/voice_driver/lib/libvoice_driver__rosidl_generator_c.so
[103.019s] -- Set runtime path of "/home/sunrise/dev_ws/install/voice_driver/lib/libvoice_driver__rosidl_generator_c.so" to ""
[103.020s] -- Installing: /home/sunrise/dev_ws/install/voice_driver/lib/libvoice_driver__rosidl_typesupport_fastrtps_c.so
[103.021s] -- Set runtime path of "/home/sunrise/dev_ws/install/voice_driver/lib/libvoice_driver__rosidl_typesupport_fastrtps_c.so" to ""
[103.022s] -- Installing: /home/sunrise/dev_ws/install/voice_driver/lib/libvoice_driver__rosidl_typesupport_fastrtps_cpp.so
[103.024s] -- Set runtime path of "/home/sunrise/dev_ws/install/voice_driver/lib/libvoice_driver__rosidl_typesupport_fastrtps_cpp.so" to ""
[103.025s] -- Installing: /home/sunrise/dev_ws/install/voice_driver/lib/libvoice_driver__rosidl_typesupport_introspection_c.so
[103.027s] -- Set runtime path of "/home/sunrise/dev_ws/install/voice_driver/lib/libvoice_driver__rosidl_typesupport_introspection_c.so" to ""
[103.027s] -- Installing: /home/sunrise/dev_ws/install/voice_driver/lib/libvoice_driver__rosidl_typesupport_c.so
[103.029s] -- Set runtime path of "/home/sunrise/dev_ws/install/voice_driver/lib/libvoice_driver__rosidl_typesupport_c.so" to ""
[103.029s] -- Installing: /home/sunrise/dev_ws/install/voice_driver/lib/libvoice_driver__rosidl_typesupport_introspection_cpp.so
[103.031s] -- Set runtime path of "/home/sunrise/dev_ws/install/voice_driver/lib/libvoice_driver__rosidl_typesupport_introspection_cpp.so" to ""
[103.032s] -- Installing: /home/sunrise/dev_ws/install/voice_driver/lib/libvoice_driver__rosidl_typesupport_cpp.so
[103.033s] -- Set runtime path of "/home/sunrise/dev_ws/install/voice_driver/lib/libvoice_driver__rosidl_typesupport_cpp.so" to ""
[103.351s] Listing '/home/sunrise/dev_ws/install/voice_driver/local/lib/python3.10/dist-packages/voice_driver'...
[103.352s] Compiling '/home/sunrise/dev_ws/install/voice_driver/local/lib/python3.10/dist-packages/voice_driver/__init__.py'...
[103.353s] Listing '/home/sunrise/dev_ws/install/voice_driver/local/lib/python3.10/dist-packages/voice_driver/srv'...
[103.353s] Compiling '/home/sunrise/dev_ws/install/voice_driver/local/lib/python3.10/dist-packages/voice_driver/srv/__init__.py'...
[103.354s] Compiling '/home/sunrise/dev_ws/install/voice_driver/local/lib/python3.10/dist-packages/voice_driver/srv/_play_voice.py'...
[103.406s] -- Installing: /home/sunrise/dev_ws/install/voice_driver/lib/libvoice_driver__rosidl_generator_py.so
[103.408s] -- Set runtime path of "/home/sunrise/dev_ws/install/voice_driver/lib/libvoice_driver__rosidl_generator_py.so" to ""
[103.823s] Listing '/home/sunrise/dev_ws/install/voice_driver/local/lib/python3.10/dist-packages/voice_api'...
[103.824s] Compiling '/home/sunrise/dev_ws/install/voice_driver/local/lib/python3.10/dist-packages/voice_api/__init__.py'...
[103.824s] Compiling '/home/sunrise/dev_ws/install/voice_driver/local/lib/python3.10/dist-packages/voice_api/audio_player.py'...
[103.825s] Compiling '/home/sunrise/dev_ws/install/voice_driver/local/lib/python3.10/dist-packages/voice_api/dashscope_qwen_tts_realtime.py'...
[103.826s] Compiling '/home/sunrise/dev_ws/install/voice_driver/local/lib/python3.10/dist-packages/voice_api/dashscope_tts_ws.py'...
[103.826s] Compiling '/home/sunrise/dev_ws/install/voice_driver/local/lib/python3.10/dist-packages/voice_api/env_config.py'...
[103.827s] Compiling '/home/sunrise/dev_ws/install/voice_driver/local/lib/python3.10/dist-packages/voice_api/i2c_player.py'...
[103.827s] Compiling '/home/sunrise/dev_ws/install/voice_driver/local/lib/python3.10/dist-packages/voice_api/mae01_player.py'...
[103.828s] Compiling '/home/sunrise/dev_ws/install/voice_driver/local/lib/python3.10/dist-packages/voice_api/module_player.py'...
[103.828s] Compiling '/home/sunrise/dev_ws/install/voice_driver/local/lib/python3.10/dist-packages/voice_api/play_voice_cli.py'...
[103.829s] Compiling '/home/sunrise/dev_ws/install/voice_driver/local/lib/python3.10/dist-packages/voice_api/setup.py'...
[103.829s] Compiling '/home/sunrise/dev_ws/install/voice_driver/local/lib/python3.10/dist-packages/voice_api/tts_client.py'...
[103.830s] Compiling '/home/sunrise/dev_ws/install/voice_driver/local/lib/python3.10/dist-packages/voice_api/vision_analyzer.py'...
[103.830s] Compiling '/home/sunrise/dev_ws/install/voice_driver/local/lib/python3.10/dist-packages/voice_api/voice_broadcast.py'...
[103.831s] Compiling '/home/sunrise/dev_ws/install/voice_driver/local/lib/python3.10/dist-packages/voice_api/voice_broadcast_cli.py'...
[103.831s] Compiling '/home/sunrise/dev_ws/install/voice_driver/local/lib/python3.10/dist-packages/voice_api/voice_broadcast_node.py'...
[103.832s] Compiling '/home/sunrise/dev_ws/install/voice_driver/local/lib/python3.10/dist-packages/voice_api/voice_client.py'...
[103.832s] Compiling '/home/sunrise/dev_ws/install/voice_driver/local/lib/python3.10/dist-packages/voice_api/voice_force_play.py'...
[103.833s] Compiling '/home/sunrise/dev_ws/install/voice_driver/local/lib/python3.10/dist-packages/voice_api/voice_hardware_cli.py'...
[103.834s] Compiling '/home/sunrise/dev_ws/install/voice_driver/local/lib/python3.10/dist-packages/voice_api/voice_ids.py'...
[103.834s] Compiling '/home/sunrise/dev_ws/install/voice_driver/local/lib/python3.10/dist-packages/voice_api/voice_probe_cli.py'...
[103.835s] Compiling '/home/sunrise/dev_ws/install/voice_driver/local/lib/python3.10/dist-packages/voice_api/voice_speak_now.py'...
[103.835s] Compiling '/home/sunrise/dev_ws/install/voice_driver/local/lib/python3.10/dist-packages/voice_api/voice_speak_text.py'...
[103.878s] -- Installing: /home/sunrise/dev_ws/install/voice_driver/lib/voice_driver/play_voice
[103.879s] -- Installing: /home/sunrise/dev_ws/install/voice_driver/lib/voice_driver/voice_broadcast
[103.880s] -- Installing: /home/sunrise/dev_ws/install/voice_driver/lib/voice_driver/voice_broadcast_node
[103.880s] -- Installing: /home/sunrise/dev_ws/install/voice_driver/lib/voice_driver/voice_probe
[103.881s] -- Installing: /home/sunrise/dev_ws/install/voice_driver/lib/voice_driver/voice_hardware_test
[103.882s] -- Installing: /home/sunrise/dev_ws/install/voice_driver/lib/voice_driver/voice_force_play
[103.882s] -- Installing: /home/sunrise/dev_ws/install/voice_driver/lib/voice_driver/voice_speak
[103.883s] -- Installing: /home/sunrise/dev_ws/install/voice_driver/lib/voice_driver/voice_speak_text
[103.884s] -- Installing: /home/sunrise/dev_ws/install/voice_driver/share/voice_driver/cmake/export_voice_driver__rosidl_generator_cExport.cmake
[103.885s] -- Installing: /home/sunrise/dev_ws/install/voice_driver/share/voice_driver/cmake/export_voice_driver__rosidl_generator_cExport-noconfig.cmake
[103.886s] -- Installing: /home/sunrise/dev_ws/install/voice_driver/share/voice_driver/cmake/export_voice_driver__rosidl_typesupport_fastrtps_cExport.cmake
[103.887s] -- Installing: /home/sunrise/dev_ws/install/voice_driver/share/voice_driver/cmake/export_voice_driver__rosidl_typesupport_fastrtps_cExport-noconfig.cmake
[103.888s] -- Installing: /home/sunrise/dev_ws/install/voice_driver/share/voice_driver/cmake/export_voice_driver__rosidl_generator_cppExport.cmake
[103.888s] -- Installing: /home/sunrise/dev_ws/install/voice_driver/share/voice_driver/cmake/export_voice_driver__rosidl_typesupport_fastrtps_cppExport.cmake
[103.889s] -- Installing: /home/sunrise/dev_ws/install/voice_driver/share/voice_driver/cmake/export_voice_driver__rosidl_typesupport_fastrtps_cppExport-noconfig.cmake
[103.890s] -- Installing: /home/sunrise/dev_ws/install/voice_driver/share/voice_driver/cmake/voice_driver__rosidl_typesupport_introspection_cExport.cmake
[103.891s] -- Installing: /home/sunrise/dev_ws/install/voice_driver/share/voice_driver/cmake/voice_driver__rosidl_typesupport_introspection_cExport-noconfig.cmake
[103.892s] -- Installing: /home/sunrise/dev_ws/install/voice_driver/share/voice_driver/cmake/voice_driver__rosidl_typesupport_cExport.cmake
[103.893s] -- Installing: /home/sunrise/dev_ws/install/voice_driver/share/voice_driver/cmake/voice_driver__rosidl_typesupport_cExport-noconfig.cmake
[103.894s] -- Installing: /home/sunrise/dev_ws/install/voice_driver/share/voice_driver/cmake/voice_driver__rosidl_typesupport_introspection_cppExport.cmake
[103.895s] -- Installing: /home/sunrise/dev_ws/install/voice_driver/share/voice_driver/cmake/voice_driver__rosidl_typesupport_introspection_cppExport-noconfig.cmake
[103.896s] -- Installing: /home/sunrise/dev_ws/install/voice_driver/share/voice_driver/cmake/voice_driver__rosidl_typesupport_cppExport.cmake
[103.897s] -- Installing: /home/sunrise/dev_ws/install/voice_driver/share/voice_driver/cmake/voice_driver__rosidl_typesupport_cppExport-noconfig.cmake
[103.898s] -- Installing: /home/sunrise/dev_ws/install/voice_driver/share/voice_driver/cmake/export_voice_driver__rosidl_generator_pyExport.cmake
[103.899s] -- Installing: /home/sunrise/dev_ws/install/voice_driver/share/voice_driver/cmake/export_voice_driver__rosidl_generator_pyExport-noconfig.cmake
[103.913s] Invoked command in '/home/sunrise/dev_ws/build/voice_driver' returned '0': CMAKE_PREFIX_PATH=${CMAKE_PREFIX_PATH}:/home/sunrise/dev_ws/install/racing_stage2:/home/sunrise/dev_ws/install/racing_stage1:/home/sunrise/dev_ws/install/qr_scanner:/home/sunrise/dev_ws/install/bno055:/opt/tros/humble:/opt/ros/humble /usr/bin/cmake --install /home/sunrise/dev_ws/build/voice_driver
