[0.000000] (-) TimerEvent: {}
[0.000466] (-) JobUnselected: {'identifier': 'ackermann_msgs'}
[0.001172] (-) JobUnselected: {'identifier': 'bno055'}
[0.002300] (-) JobUnselected: {'identifier': 'line_follower_pkg'}
[0.003128] (-) JobUnselected: {'identifier': 'lslidar_driver'}
[0.004005] (-) JobUnselected: {'identifier': 'lslidar_msgs'}
[0.004316] (-) JobUnselected: {'identifier': 'origincar_base'}
[0.004606] (-) JobUnselected: {'identifier': 'origincar_bringup'}
[0.004834] (-) JobUnselected: {'identifier': 'origincar_description'}
[0.005034] (-) JobUnselected: {'identifier': 'origincar_msg'}
[0.005225] (-) JobUnselected: {'identifier': 'qr_scanner'}
[0.005413] (-) JobUnselected: {'identifier': 'racing_bringup'}
[0.005599] (-) JobUnselected: {'identifier': 'racing_stage1'}
[0.005784] (-) JobUnselected: {'identifier': 'racing_stage2'}
[0.005972] (-) JobUnselected: {'identifier': 'racing_stage3'}
[0.006160] (-) JobUnselected: {'identifier': 'racing_stage3_param_test'}
[0.006346] (-) JobUnselected: {'identifier': 'racing_vision_ai'}
[0.006531] (-) JobUnselected: {'identifier': 'serial'}
[0.006784] (-) JobUnselected: {'identifier': 'simple_avoidance'}
[0.006970] (-) JobUnselected: {'identifier': 'utils'}
[0.007161] (-) JobUnselected: {'identifier': 'voice_driver'}
[0.007361] (racing_stage2_param_test) JobQueued: {'identifier': 'racing_stage2_param_test', 'dependencies': OrderedDict([('ackermann_msgs', '/home/sunrise/dev_ws/install/ackermann_msgs'), ('bno055', '/home/sunrise/dev_ws/install/bno055'), ('lslidar_msgs', '/home/sunrise/dev_ws/install/lslidar_msgs'), ('origincar_bringup', '/home/sunrise/dev_ws/install/origincar_bringup'), ('origincar_description', '/home/sunrise/dev_ws/install/origincar_description'), ('origincar_msg', '/home/sunrise/dev_ws/install/origincar_msg'), ('qr_scanner', '/home/sunrise/dev_ws/install/qr_scanner'), ('serial', '/home/sunrise/dev_ws/install/serial'), ('lslidar_driver', '/home/sunrise/dev_ws/install/lslidar_driver'), ('origincar_base', '/home/sunrise/dev_ws/install/origincar_base'), ('racing_stage1', '/home/sunrise/dev_ws/install/racing_stage1'), ('racing_stage2', '/home/sunrise/dev_ws/install/racing_stage2')])}
[0.007656] (racing_stage2_param_test) JobStarted: {'identifier': 'racing_stage2_param_test'}
[0.098584] (-) TimerEvent: {}
[0.199113] (-) TimerEvent: {}
[0.299599] (-) TimerEvent: {}
[0.400076] (-) TimerEvent: {}
[0.500579] (-) TimerEvent: {}
[0.601084] (-) TimerEvent: {}
[0.701576] (-) TimerEvent: {}
[0.802087] (-) TimerEvent: {}
[0.902584] (-) TimerEvent: {}
[1.003070] (-) TimerEvent: {}
[1.103553] (-) TimerEvent: {}
[1.204095] (-) TimerEvent: {}
[1.304652] (-) TimerEvent: {}
[1.405142] (-) TimerEvent: {}
[1.505621] (-) TimerEvent: {}
[1.606098] (-) TimerEvent: {}
[1.706580] (-) TimerEvent: {}
[1.807058] (-) TimerEvent: {}
[1.907590] (-) TimerEvent: {}
[2.008120] (-) TimerEvent: {}
[2.108582] (-) TimerEvent: {}
[2.209107] (-) TimerEvent: {}
[2.309647] (-) TimerEvent: {}
[2.410202] (-) TimerEvent: {}
[2.510776] (-) TimerEvent: {}
[2.611248] (-) TimerEvent: {}
[2.711760] (-) TimerEvent: {}
[2.812236] (-) TimerEvent: {}
[2.912705] (-) TimerEvent: {}
[3.013178] (-) TimerEvent: {}
[3.113730] (-) TimerEvent: {}
[3.214221] (-) TimerEvent: {}
[3.314698] (-) TimerEvent: {}
[3.415160] (-) TimerEvent: {}
[3.515625] (-) TimerEvent: {}
[3.616096] (-) TimerEvent: {}
[3.716596] (-) TimerEvent: {}
[3.817272] (-) TimerEvent: {}
[3.917962] (-) TimerEvent: {}
[4.018445] (-) TimerEvent: {}
[4.118910] (-) TimerEvent: {}
[4.219385] (-) TimerEvent: {}
[4.319891] (-) TimerEvent: {}
[4.420379] (-) TimerEvent: {}
[4.520881] (-) TimerEvent: {}
[4.621378] (-) TimerEvent: {}
[4.721947] (-) TimerEvent: {}
[4.822433] (-) TimerEvent: {}
[4.922917] (-) TimerEvent: {}
[5.023480] (-) TimerEvent: {}
[5.123975] (-) TimerEvent: {}
[5.224471] (-) TimerEvent: {}
[5.321597] (racing_stage2_param_test) Command: {'cmd': ['/usr/bin/python3', '-W', 'ignore:setup.py install is deprecated', '-W', 'ignore:easy_install command is deprecated', 'setup.py', 'develop', '--editable', '--build-directory', '/home/sunrise/dev_ws/build/racing_stage2_param_test/build', '--no-deps', 'symlink_data'], 'cwd': '/home/sunrise/dev_ws/build/racing_stage2_param_test', 'env': {'VSCODE_CWD': '/home/sunrise', 'VSCODE_ESM_ENTRYPOINT': 'vs/workbench/api/node/extensionHostProcess', 'LANGUAGE': 'en_US.UTF-8', 'USER': 'sunrise', 'SSH_CLIENT': '10.147.109.1 50078 22', 'VSCODE_NLS_CONFIG': '{"userLocale":"en","osLocale":"en","resolvedLanguage":"en","defaultMessagesFile":"/home/sunrise/.cursor-server/bin/linux-arm64/81fcf2931d7687b4ff3f3017858d0c6dee7e2a60/out/nls.messages.json","locale":"en","availableLanguages":{}}', 'VSCODE_HANDLES_UNCAUGHT_ERRORS': 'true', 'XDG_SESSION_TYPE': 'tty', 'SHLVL': '1', 'LD_LIBRARY_PATH': '/home/sunrise/dev_ws/install/origincar_base/lib:/home/sunrise/dev_ws/install/origincar_msg/lib:/home/sunrise/dev_ws/install/lslidar_msgs/lib:/home/sunrise/dev_ws/install/ackermann_msgs/lib:/usr/hobot/lib:/app/lib:/app/pub/lib:/middleware/lib:/middleware/pub/lib:/usr/hobot/lib/sensor:/system/lib:/system/usr/lib:/lib:/home/sunrise/dev_ws/install/voice_driver/lib:/home/sunrise/dev_ws/install/serial/lib:/opt/tros/humble/lib/aarch64-linux-gnu:/opt/tros/humble/lib:/opt/ros/humble/opt/rviz_ogre_vendor/lib:/opt/ros/humble/lib/aarch64-linux-gnu:/opt/ros/humble/lib:/usr/hobot/lib:/app/lib:/app/pub/lib:/middleware/lib:/middleware/pub/lib:/usr/hobot/lib/sensor:/system/lib:/system/usr/lib:/lib:/usr/hobot/lib:/app/lib:/app/pub/lib:/middleware/lib:/middleware/pub/lib:/usr/hobot/lib/sensor:/system/lib:/system/usr/lib:/lib', 'BROWSER': '/home/sunrise/.cursor-server/bin/linux-arm64/81fcf2931d7687b4ff3f3017858d0c6dee7e2a60/bin/helpers/browser.sh', 'MOTD_SHOWN': 'pam', 'HOME': '/home/sunrise', 'OLDPWD': '/home/sunrise/dev_ws', 'VSCODE_IPC_HOOK_CLI': '/run/user/1000/vscode-ipc-d7974d91-6e13-4571-8fa1-755181d800c7.sock', 'ROS_PYTHON_VERSION': '3', 'NO_COLOR': '1', 'DBUS_SESSION_BUS_ADDRESS': 'unix:path=/run/user/1000/bus', 'TROS_DISTRO': 'humble', 'COLCON_PREFIX_PATH': '/home/sunrise/dev_ws/install', 'ROS_DISTRO': 'humble', 'OVSX_REGISTRY_URL': 'https://open-vsx.org', 'LOGNAME': 'sunrise', 'FORCE_COLOR': '0', 'VSCODE_HANDLES_SIGPIPE': 'true', '_': '/usr/bin/colcon', 'ROS_VERSION': '2', 'CURSOR_LAYOUT': 'unifiedAgent', 'XDG_SESSION_CLASS': 'user', 'TERM': 'dumb', 'XDG_SESSION_ID': '2', 'ROS_LOCALHOST_ONLY': '0', 'PATH': '/home/sunrise/.local/bin:/usr/hobot/bin/:/home/sunrise/.cursor-server/bin/linux-arm64/81fcf2931d7687b4ff3f3017858d0c6dee7e2a60:/home/sunrise/.cursor-server/bin/linux-arm64/81fcf2931d7687b4ff3f3017858d0c6dee7e2a60/bin/remote-cli:/home/sunrise/.local/bin:/opt/tros/humble/bin:/opt/ros/humble/bin:/usr/hobot/bin/:/home/sunrise/.cursor-server/bin/linux-arm64/81fcf2931d7687b4ff3f3017858d0c6dee7e2a60/bin/remote-cli:/home/sunrise/.local/bin:/usr/hobot/bin/:/usr/local/sbin:/usr/local/bin:/usr/sbin:/usr/bin:/sbin:/bin:/usr/games:/usr/local/games:/snap/bin', 'VSCODE_AGENT_FOLDER': '/home/sunrise/.cursor-server', 'XDG_RUNTIME_DIR': '/run/user/1000', 'CURSOR_AGENT': '1', 'LANG': 'en_US.UTF-8', 'LS_COLORS': '', 'AMENT_PREFIX_PATH': '/home/sunrise/dev_ws/install/racing_stage2:/home/sunrise/dev_ws/install/racing_stage1:/home/sunrise/dev_ws/install/qr_scanner:/home/sunrise/dev_ws/install/bno055:/home/sunrise/dev_ws/install/voice_driver:/home/sunrise/dev_ws/install/utils:/home/sunrise/dev_ws/install/simple_avoidance:/home/sunrise/dev_ws/install/racing_stage2_param_test:/home/sunrise/dev_ws/install/origincar_base:/home/sunrise/dev_ws/install/serial:/home/sunrise/dev_ws/install/racing_vision_ai:/home/sunrise/dev_ws/install/racing_stage3_param_test:/home/sunrise/dev_ws/install/racing_bringup:/home/sunrise/dev_ws/install/racing_stage3:/home/sunrise/dev_ws/install/origincar_msg:/home/sunrise/dev_ws/install/origincar_description:/home/sunrise/dev_ws/install/origincar_bringup:/home/sunrise/dev_ws/install/lslidar_driver:/home/sunrise/dev_ws/install/lslidar_msgs:/home/sunrise/dev_ws/install/line_follower_pkg:/home/sunrise/dev_ws/install/ackermann_msgs:/opt/tros/humble:/opt/ros/humble', 'SHELL': '/bin/bash', 'VSCODE_SERVER_SHUTDOWN_TIMEOUT': '300', 'PWD': '/home/sunrise/dev_ws/build/racing_stage2_param_test', 'SSH_CONNECTION': '10.147.109.1 50078 10.147.109.8 22', 'PYTHONPATH': '/home/sunrise/dev_ws/build/racing_stage2_param_test/prefix_override:/usr/lib/python3/dist-packages/colcon_core/task/python/colcon_distutils_commands:/home/sunrise/dev_ws/install/racing_stage2_param_test/lib/python3.10/site-packages:/home/sunrise/dev_ws/build/racing_stage2:/home/sunrise/dev_ws/install/racing_stage2/lib/python3.10/site-packages:/home/sunrise/dev_ws/build/racing_stage1:/home/sunrise/dev_ws/install/racing_stage1/lib/python3.10/site-packages:/home/sunrise/dev_ws/build/qr_scanner:/home/sunrise/dev_ws/install/qr_scanner/lib/python3.10/site-packages:/home/sunrise/dev_ws/build/bno055:/home/sunrise/dev_ws/install/bno055/lib/python3.10/site-packages:/home/sunrise/dev_ws/install/voice_driver/local/lib/python3.10/dist-packages:/home/sunrise/dev_ws/build/simple_avoidance:/home/sunrise/dev_ws/install/simple_avoidance/lib/python3.10/site-packages:/home/sunrise/dev_ws/build/racing_stage2_param_test:/home/sunrise/dev_ws/install/racing_stage2_param_test/lib/python3.10/site-packages:/home/sunrise/dev_ws/install/origincar_base/local/lib/python3.10/dist-packages:/home/sunrise/dev_ws/build/racing_vision_ai:/home/sunrise/dev_ws/install/racing_vision_ai/lib/python3.10/site-packages:/home/sunrise/dev_ws/build/racing_stage3_param_test:/home/sunrise/dev_ws/install/racing_stage3_param_test/lib/python3.10/site-packages:/home/sunrise/dev_ws/build/racing_bringup:/home/sunrise/dev_ws/install/racing_bringup/lib/python3.10/site-packages:/home/sunrise/dev_ws/build/racing_stage3:/home/sunrise/dev_ws/install/racing_stage3/lib/python3.10/site-packages:/home/sunrise/dev_ws/install/origincar_msg/local/lib/python3.10/dist-packages:/home/sunrise/dev_ws/install/lslidar_msgs/local/lib/python3.10/dist-packages:/home/sunrise/dev_ws/build/line_follower_pkg:/home/sunrise/dev_ws/install/line_follower_pkg/lib/python3.10/site-packages:/home/sunrise/dev_ws/install/ackermann_msgs/local/lib/python3.10/dist-packages:/opt/tros/humble/lib/python3.10/site-packages:/opt/tros/humble/local/lib/python3.10/dist-packages:/opt/ros/humble/lib/python3.10/site-packages:/opt/ros/humble/local/lib/python3.10/dist-packages', 'COLCON': '1', '_ZO_DOCTOR': '0', 'CMAKE_PREFIX_PATH': '/home/sunrise/dev_ws/install/origincar_base:/home/sunrise/dev_ws/install/lslidar_driver:/home/sunrise/dev_ws/install/serial:/home/sunrise/dev_ws/install/origincar_msg:/home/sunrise/dev_ws/install/origincar_description:/home/sunrise/dev_ws/install/origincar_bringup:/home/sunrise/dev_ws/install/lslidar_msgs:/home/sunrise/dev_ws/install/ackermann_msgs:/home/sunrise/dev_ws/install/voice_driver:/home/sunrise/dev_ws/install/utils'}, 'shell': False}
[5.329206] (-) TimerEvent: {}
[5.429610] (-) TimerEvent: {}
[5.530071] (-) TimerEvent: {}
[5.630535] (-) TimerEvent: {}
[5.731019] (-) TimerEvent: {}
[5.831500] (-) TimerEvent: {}
[5.931980] (-) TimerEvent: {}
[6.032550] (-) TimerEvent: {}
[6.133030] (-) TimerEvent: {}
[6.233501] (-) TimerEvent: {}
[6.333990] (-) TimerEvent: {}
[6.434467] (-) TimerEvent: {}
[6.534936] (-) TimerEvent: {}
[6.635410] (-) TimerEvent: {}
[6.735938] (-) TimerEvent: {}
[6.836418] (-) TimerEvent: {}
[6.936887] (-) TimerEvent: {}
[7.037365] (-) TimerEvent: {}
[7.137869] (-) TimerEvent: {}
[7.238351] (-) TimerEvent: {}
[7.338829] (-) TimerEvent: {}
[7.403595] (racing_stage2_param_test) StdoutLine: {'line': b'running develop\n'}
[7.438989] (-) TimerEvent: {}
[7.539438] (-) TimerEvent: {}
[7.639896] (-) TimerEvent: {}
[7.740342] (-) TimerEvent: {}
[7.840791] (-) TimerEvent: {}
[7.941230] (-) TimerEvent: {}
[8.041671] (-) TimerEvent: {}
[8.142119] (-) TimerEvent: {}
[8.242575] (-) TimerEvent: {}
[8.343047] (-) TimerEvent: {}
[8.443507] (-) TimerEvent: {}
[8.543994] (-) TimerEvent: {}
[8.603337] (racing_stage2_param_test) StdoutLine: {'line': b'running egg_info\n'}
[8.604517] (racing_stage2_param_test) StdoutLine: {'line': b'writing racing_stage2_param_test.egg-info/PKG-INFO\n'}
[8.605722] (racing_stage2_param_test) StdoutLine: {'line': b'writing dependency_links to racing_stage2_param_test.egg-info/dependency_links.txt\n'}
[8.606855] (racing_stage2_param_test) StdoutLine: {'line': b'writing entry points to racing_stage2_param_test.egg-info/entry_points.txt\n'}
[8.608233] (racing_stage2_param_test) StdoutLine: {'line': b'writing requirements to racing_stage2_param_test.egg-info/requires.txt\n'}
[8.608767] (racing_stage2_param_test) StdoutLine: {'line': b'writing top-level names to racing_stage2_param_test.egg-info/top_level.txt\n'}
[8.618907] (racing_stage2_param_test) StdoutLine: {'line': b"reading manifest file 'racing_stage2_param_test.egg-info/SOURCES.txt'\n"}
[8.624462] (racing_stage2_param_test) StdoutLine: {'line': b"writing manifest file 'racing_stage2_param_test.egg-info/SOURCES.txt'\n"}
[8.636805] (racing_stage2_param_test) StdoutLine: {'line': b'running build_ext\n'}
[8.638247] (racing_stage2_param_test) StdoutLine: {'line': b'Creating /home/sunrise/dev_ws/install/racing_stage2_param_test/lib/python3.10/site-packages/racing-stage2-param-test.egg-link (link to .)\n'}
[8.644105] (racing_stage2_param_test) StdoutLine: {'line': b'Installing avoidance_straight_tester script to /home/sunrise/dev_ws/install/racing_stage2_param_test/lib/racing_stage2_param_test\n'}
[8.645852] (-) TimerEvent: {}
[8.646039] (racing_stage2_param_test) StdoutLine: {'line': b'Installing camera_video_recorder script to /home/sunrise/dev_ws/install/racing_stage2_param_test/lib/racing_stage2_param_test\n'}
[8.647121] (racing_stage2_param_test) StdoutLine: {'line': b'Installing direct_inertial_tester script to /home/sunrise/dev_ws/install/racing_stage2_param_test/lib/racing_stage2_param_test\n'}
[8.647738] (racing_stage2_param_test) StdoutLine: {'line': b'Installing twist_cmd_relay script to /home/sunrise/dev_ws/install/racing_stage2_param_test/lib/racing_stage2_param_test\n'}
[8.649113] (racing_stage2_param_test) StdoutLine: {'line': b'\n'}
[8.649643] (racing_stage2_param_test) StdoutLine: {'line': b'Installed /home/sunrise/dev_ws/build/racing_stage2_param_test\n'}
[8.650121] (racing_stage2_param_test) StdoutLine: {'line': b'running symlink_data\n'}
[8.746109] (-) TimerEvent: {}
[8.846665] (-) TimerEvent: {}
[8.900934] (racing_stage2_param_test) CommandEnded: {'returncode': 0}
[8.948541] (-) TimerEvent: {}
[8.989692] (racing_stage2_param_test) JobEnded: {'identifier': 'racing_stage2_param_test', 'rc': 0}
[8.992370] (-) EventReactorShutdown: {}
