[0.000000] (-) TimerEvent: {}
[0.000420] (-) JobUnselected: {'identifier': 'ackermann_msgs'}
[0.001001] (-) JobUnselected: {'identifier': 'bno055'}
[0.002026] (-) JobUnselected: {'identifier': 'line_follower_pkg'}
[0.002735] (-) JobUnselected: {'identifier': 'lslidar_driver'}
[0.003461] (-) JobUnselected: {'identifier': 'lslidar_msgs'}
[0.003686] (-) JobUnselected: {'identifier': 'origincar_base'}
[0.003882] (-) JobUnselected: {'identifier': 'origincar_bringup'}
[0.004073] (-) JobUnselected: {'identifier': 'origincar_description'}
[0.004261] (-) JobUnselected: {'identifier': 'origincar_msg'}
[0.004447] (-) JobUnselected: {'identifier': 'qr_scanner'}
[0.004631] (-) JobUnselected: {'identifier': 'racing_bringup'}
[0.004842] (-) JobUnselected: {'identifier': 'racing_stage1'}
[0.004993] (-) JobUnselected: {'identifier': 'racing_stage2'}
[0.005243] (-) JobUnselected: {'identifier': 'racing_stage3'}
[0.005663] (-) JobUnselected: {'identifier': 'racing_stage3_param_test'}
[0.005842] (-) JobUnselected: {'identifier': 'racing_vision_ai'}
[0.005986] (-) JobUnselected: {'identifier': 'serial'}
[0.006325] (-) JobUnselected: {'identifier': 'simple_avoidance'}
[0.006570] (-) JobUnselected: {'identifier': 'utils'}
[0.006692] (-) JobUnselected: {'identifier': 'voice_driver'}
[0.006821] (racing_stage2_param_test) JobQueued: {'identifier': 'racing_stage2_param_test', 'dependencies': OrderedDict([('ackermann_msgs', '/home/sunrise/dev_ws/install/ackermann_msgs'), ('bno055', '/home/sunrise/dev_ws/install/bno055'), ('lslidar_msgs', '/home/sunrise/dev_ws/install/lslidar_msgs'), ('origincar_bringup', '/home/sunrise/dev_ws/install/origincar_bringup'), ('origincar_description', '/home/sunrise/dev_ws/install/origincar_description'), ('origincar_msg', '/home/sunrise/dev_ws/install/origincar_msg'), ('qr_scanner', '/home/sunrise/dev_ws/install/qr_scanner'), ('serial', '/home/sunrise/dev_ws/install/serial'), ('lslidar_driver', '/home/sunrise/dev_ws/install/lslidar_driver'), ('origincar_base', '/home/sunrise/dev_ws/install/origincar_base'), ('racing_stage1', '/home/sunrise/dev_ws/install/racing_stage1'), ('racing_stage2', '/home/sunrise/dev_ws/install/racing_stage2')])}
[0.007161] (racing_stage2_param_test) JobStarted: {'identifier': 'racing_stage2_param_test'}
[0.098709] (-) TimerEvent: {}
[0.199210] (-) TimerEvent: {}
[0.299701] (-) TimerEvent: {}
[0.400183] (-) TimerEvent: {}
[0.500659] (-) TimerEvent: {}
[0.601156] (-) TimerEvent: {}
[0.701676] (-) TimerEvent: {}
[0.802147] (-) TimerEvent: {}
[0.902618] (-) TimerEvent: {}
[1.003078] (-) TimerEvent: {}
[1.103527] (-) TimerEvent: {}
[1.203983] (-) TimerEvent: {}
[1.304439] (-) TimerEvent: {}
[1.404902] (-) TimerEvent: {}
[1.505381] (-) TimerEvent: {}
[1.605846] (-) TimerEvent: {}
[1.706357] (-) TimerEvent: {}
[1.806898] (-) TimerEvent: {}
[1.907446] (-) TimerEvent: {}
[2.007935] (-) TimerEvent: {}
[2.108410] (-) TimerEvent: {}
[2.208874] (-) TimerEvent: {}
[2.309371] (-) TimerEvent: {}
[2.409862] (-) TimerEvent: {}
[2.510333] (-) TimerEvent: {}
[2.610802] (-) TimerEvent: {}
[2.711265] (-) TimerEvent: {}
[2.811721] (-) TimerEvent: {}
[2.912188] (-) TimerEvent: {}
[3.012652] (-) TimerEvent: {}
[3.113108] (-) TimerEvent: {}
[3.213576] (-) TimerEvent: {}
[3.314046] (-) TimerEvent: {}
[3.414525] (-) TimerEvent: {}
[3.514997] (-) TimerEvent: {}
[3.615515] (-) TimerEvent: {}
[3.715989] (-) TimerEvent: {}
[3.816449] (-) TimerEvent: {}
[3.916913] (-) TimerEvent: {}
[4.017434] (-) TimerEvent: {}
[4.117974] (-) TimerEvent: {}
[4.218521] (-) TimerEvent: {}
[4.258777] (racing_stage2_param_test) Command: {'cmd': ['/usr/bin/python3', '-W', 'ignore:setup.py install is deprecated', '-W', 'ignore:easy_install command is deprecated', 'setup.py', 'develop', '--editable', '--build-directory', '/home/sunrise/dev_ws/build/racing_stage2_param_test/build', '--no-deps', 'symlink_data'], 'cwd': '/home/sunrise/dev_ws/build/racing_stage2_param_test', 'env': {'LANGUAGE': 'en_US.UTF-8', 'USER': 'sunrise', 'SSH_CLIENT': '10.147.109.1 27705 22', 'XDG_SESSION_TYPE': 'tty', 'SHLVL': '1', 'LD_LIBRARY_PATH': '/home/sunrise/dev_ws/install/origincar_base/lib:/home/sunrise/dev_ws/install/serial/lib:/home/sunrise/dev_ws/install/origincar_msg/lib:/home/sunrise/dev_ws/install/lslidar_msgs/lib:/home/sunrise/dev_ws/install/ackermann_msgs/lib:/opt/ros/humble/opt/rviz_ogre_vendor/lib:/opt/ros/humble/lib/aarch64-linux-gnu:/opt/ros/humble/lib', 'MOTD_SHOWN': 'pam', 'HOME': '/home/sunrise', 'OLDPWD': '/home/sunrise', 'ROS_PYTHON_VERSION': '3', 'DBUS_SESSION_BUS_ADDRESS': 'unix:path=/run/user/1000/bus', 'ROS_DISTRO': 'humble', 'LOGNAME': 'sunrise', '_': '/usr/bin/colcon', 'ROS_VERSION': '2', 'XDG_SESSION_CLASS': 'user', 'XDG_SESSION_ID': '120', 'ROS_LOCALHOST_ONLY': '0', 'PATH': '/opt/ros/humble/bin:/usr/local/sbin:/usr/local/bin:/usr/sbin:/usr/bin:/sbin:/bin:/usr/games:/usr/local/games:/snap/bin', 'XDG_RUNTIME_DIR': '/run/user/1000', 'LANG': 'en_US.UTF-8', 'AMENT_PREFIX_PATH': '/home/sunrise/dev_ws/install/racing_stage2:/home/sunrise/dev_ws/install/racing_stage1:/home/sunrise/dev_ws/install/origincar_base:/home/sunrise/dev_ws/install/lslidar_driver:/home/sunrise/dev_ws/install/serial:/home/sunrise/dev_ws/install/qr_scanner:/home/sunrise/dev_ws/install/origincar_msg:/home/sunrise/dev_ws/install/origincar_description:/home/sunrise/dev_ws/install/origincar_bringup:/home/sunrise/dev_ws/install/lslidar_msgs:/home/sunrise/dev_ws/install/bno055:/home/sunrise/dev_ws/install/ackermann_msgs:/opt/ros/humble', 'SHELL': '/bin/bash', 'PWD': '/home/sunrise/dev_ws/build/racing_stage2_param_test', 'SSH_CONNECTION': '10.147.109.1 27705 10.147.109.8 22', 'PYTHONPATH': '/home/sunrise/dev_ws/build/racing_stage2_param_test/prefix_override:/usr/lib/python3/dist-packages/colcon_core/task/python/colcon_distutils_commands:/home/sunrise/dev_ws/install/racing_stage2_param_test/lib/python3.10/site-packages:/home/sunrise/dev_ws/build/racing_stage2:/home/sunrise/dev_ws/install/racing_stage2/lib/python3.10/site-packages:/home/sunrise/dev_ws/build/racing_stage1:/home/sunrise/dev_ws/install/racing_stage1/lib/python3.10/site-packages:/home/sunrise/dev_ws/install/origincar_base/local/lib/python3.10/dist-packages:/home/sunrise/dev_ws/build/qr_scanner:/home/sunrise/dev_ws/install/qr_scanner/lib/python3.10/site-packages:/home/sunrise/dev_ws/install/origincar_msg/local/lib/python3.10/dist-packages:/home/sunrise/dev_ws/install/lslidar_msgs/local/lib/python3.10/dist-packages:/home/sunrise/dev_ws/build/bno055:/home/sunrise/dev_ws/install/bno055/lib/python3.10/site-packages:/home/sunrise/dev_ws/install/ackermann_msgs/local/lib/python3.10/dist-packages:/opt/ros/humble/lib/python3.10/site-packages:/opt/ros/humble/local/lib/python3.10/dist-packages', 'COLCON': '1', 'CMAKE_PREFIX_PATH': '/home/sunrise/dev_ws/install/origincar_base:/home/sunrise/dev_ws/install/lslidar_driver:/home/sunrise/dev_ws/install/serial:/home/sunrise/dev_ws/install/origincar_msg:/home/sunrise/dev_ws/install/origincar_description:/home/sunrise/dev_ws/install/origincar_bringup:/home/sunrise/dev_ws/install/lslidar_msgs:/home/sunrise/dev_ws/install/ackermann_msgs'}, 'shell': False}
[4.318691] (-) TimerEvent: {}
[4.419143] (-) TimerEvent: {}
[4.519594] (-) TimerEvent: {}
[4.620056] (-) TimerEvent: {}
[4.720521] (-) TimerEvent: {}
[4.820977] (-) TimerEvent: {}
[4.921444] (-) TimerEvent: {}
[5.021899] (-) TimerEvent: {}
[5.122366] (-) TimerEvent: {}
[5.222826] (-) TimerEvent: {}
[5.323290] (-) TimerEvent: {}
[5.423743] (-) TimerEvent: {}
[5.524221] (-) TimerEvent: {}
[5.624687] (-) TimerEvent: {}
[5.725150] (-) TimerEvent: {}
[5.825648] (-) TimerEvent: {}
[5.926115] (-) TimerEvent: {}
[5.964865] (racing_stage2_param_test) StdoutLine: {'line': b'running develop\n'}
[6.026301] (-) TimerEvent: {}
[6.126758] (-) TimerEvent: {}
[6.227218] (-) TimerEvent: {}
[6.327688] (-) TimerEvent: {}
[6.428160] (-) TimerEvent: {}
[6.528629] (-) TimerEvent: {}
[6.629084] (-) TimerEvent: {}
[6.729546] (-) TimerEvent: {}
[6.830018] (-) TimerEvent: {}
[6.930517] (-) TimerEvent: {}
[7.031004] (-) TimerEvent: {}
[7.093292] (racing_stage2_param_test) StdoutLine: {'line': b'running egg_info\n'}
[7.094427] (racing_stage2_param_test) StdoutLine: {'line': b'writing racing_stage2_param_test.egg-info/PKG-INFO\n'}
[7.095610] (racing_stage2_param_test) StdoutLine: {'line': b'writing dependency_links to racing_stage2_param_test.egg-info/dependency_links.txt\n'}
[7.096818] (racing_stage2_param_test) StdoutLine: {'line': b'writing entry points to racing_stage2_param_test.egg-info/entry_points.txt\n'}
[7.097669] (racing_stage2_param_test) StdoutLine: {'line': b'writing requirements to racing_stage2_param_test.egg-info/requires.txt\n'}
[7.098468] (racing_stage2_param_test) StdoutLine: {'line': b'writing top-level names to racing_stage2_param_test.egg-info/top_level.txt\n'}
[7.109101] (racing_stage2_param_test) StdoutLine: {'line': b"reading manifest file 'racing_stage2_param_test.egg-info/SOURCES.txt'\n"}
[7.114816] (racing_stage2_param_test) StdoutLine: {'line': b"writing manifest file 'racing_stage2_param_test.egg-info/SOURCES.txt'\n"}
[7.124086] (racing_stage2_param_test) StdoutLine: {'line': b'running build_ext\n'}
[7.125312] (racing_stage2_param_test) StdoutLine: {'line': b'Creating /home/sunrise/dev_ws/install/racing_stage2_param_test/lib/python3.10/site-packages/racing-stage2-param-test.egg-link (link to .)\n'}
[7.130144] (racing_stage2_param_test) StdoutLine: {'line': b'Installing avoidance_straight_tester script to /home/sunrise/dev_ws/install/racing_stage2_param_test/lib/racing_stage2_param_test\n'}
[7.131090] (-) TimerEvent: {}
[7.131228] (racing_stage2_param_test) StdoutLine: {'line': b'Installing camera_video_recorder script to /home/sunrise/dev_ws/install/racing_stage2_param_test/lib/racing_stage2_param_test\n'}
[7.132314] (racing_stage2_param_test) StdoutLine: {'line': b'Installing data_recorder script to /home/sunrise/dev_ws/install/racing_stage2_param_test/lib/racing_stage2_param_test\n'}
[7.133107] (racing_stage2_param_test) StdoutLine: {'line': b'Installing direct_inertial_tester script to /home/sunrise/dev_ws/install/racing_stage2_param_test/lib/racing_stage2_param_test\n'}
[7.133903] (racing_stage2_param_test) StdoutLine: {'line': b'Installing twist_cmd_relay script to /home/sunrise/dev_ws/install/racing_stage2_param_test/lib/racing_stage2_param_test\n'}
[7.134397] (racing_stage2_param_test) StdoutLine: {'line': b'Installing vision_inertial_tester script to /home/sunrise/dev_ws/install/racing_stage2_param_test/lib/racing_stage2_param_test\n'}
[7.135515] (racing_stage2_param_test) StdoutLine: {'line': b'\n'}
[7.135999] (racing_stage2_param_test) StdoutLine: {'line': b'Installed /home/sunrise/dev_ws/build/racing_stage2_param_test\n'}
[7.136489] (racing_stage2_param_test) StdoutLine: {'line': b'running symlink_data\n'}
[7.231366] (-) TimerEvent: {}
[7.331922] (-) TimerEvent: {}
[7.376171] (racing_stage2_param_test) CommandEnded: {'returncode': 0}
[7.432980] (-) TimerEvent: {}
[7.497858] (racing_stage2_param_test) JobEnded: {'identifier': 'racing_stage2_param_test', 'rc': 0}
[7.500772] (-) EventReactorShutdown: {}
