[0.000000] (-) TimerEvent: {}
[0.000768] (-) JobUnselected: {'identifier': 'ackermann_msgs'}
[0.001999] (-) JobUnselected: {'identifier': 'bno055'}
[0.002865] (-) JobUnselected: {'identifier': 'line_follower_pkg'}
[0.003692] (-) JobUnselected: {'identifier': 'lslidar_driver'}
[0.003936] (-) JobUnselected: {'identifier': 'lslidar_msgs'}
[0.004141] (-) JobUnselected: {'identifier': 'origincar_base'}
[0.004335] (-) JobUnselected: {'identifier': 'origincar_bringup'}
[0.004524] (-) JobUnselected: {'identifier': 'origincar_description'}
[0.004712] (-) JobUnselected: {'identifier': 'origincar_msg'}
[0.004905] (-) JobUnselected: {'identifier': 'qr_scanner'}
[0.005092] (-) JobUnselected: {'identifier': 'racing_bringup'}
[0.005277] (-) JobUnselected: {'identifier': 'racing_stage1'}
[0.005460] (-) JobUnselected: {'identifier': 'racing_stage2'}
[0.005644] (-) JobUnselected: {'identifier': 'racing_stage3'}
[0.005827] (-) JobUnselected: {'identifier': 'racing_stage3_param_test'}
[0.006053] (-) JobUnselected: {'identifier': 'racing_vision_ai'}
[0.006238] (-) JobUnselected: {'identifier': 'serial'}
[0.006424] (-) JobUnselected: {'identifier': 'simple_avoidance'}
[0.006608] (-) JobUnselected: {'identifier': 'utils'}
[0.006797] (-) JobUnselected: {'identifier': 'voice_driver'}
[0.006994] (racing_stage2_param_test) JobQueued: {'identifier': 'racing_stage2_param_test', 'dependencies': OrderedDict([('ackermann_msgs', '/home/sunrise/dev_ws/install/ackermann_msgs'), ('bno055', '/home/sunrise/dev_ws/install/bno055'), ('lslidar_msgs', '/home/sunrise/dev_ws/install/lslidar_msgs'), ('origincar_bringup', '/home/sunrise/dev_ws/install/origincar_bringup'), ('origincar_description', '/home/sunrise/dev_ws/install/origincar_description'), ('origincar_msg', '/home/sunrise/dev_ws/install/origincar_msg'), ('qr_scanner', '/home/sunrise/dev_ws/install/qr_scanner'), ('serial', '/home/sunrise/dev_ws/install/serial'), ('lslidar_driver', '/home/sunrise/dev_ws/install/lslidar_driver'), ('origincar_base', '/home/sunrise/dev_ws/install/origincar_base'), ('racing_stage1', '/home/sunrise/dev_ws/install/racing_stage1'), ('racing_stage2', '/home/sunrise/dev_ws/install/racing_stage2')])}
[0.007288] (racing_stage2_param_test) JobStarted: {'identifier': 'racing_stage2_param_test'}
[0.098368] (-) TimerEvent: {}
[0.198859] (-) TimerEvent: {}
[0.299329] (-) TimerEvent: {}
[0.399801] (-) TimerEvent: {}
[0.500287] (-) TimerEvent: {}
[0.600761] (-) TimerEvent: {}
[0.701242] (-) TimerEvent: {}
[0.801729] (-) TimerEvent: {}
[0.902236] (-) TimerEvent: {}
[1.002709] (-) TimerEvent: {}
[1.103142] (-) TimerEvent: {}
[1.203566] (-) TimerEvent: {}
[1.304002] (-) TimerEvent: {}
[1.404446] (-) TimerEvent: {}
[1.504904] (-) TimerEvent: {}
[1.605354] (-) TimerEvent: {}
[1.705814] (-) TimerEvent: {}
[1.806307] (-) TimerEvent: {}
[1.906766] (-) TimerEvent: {}
[2.007221] (-) TimerEvent: {}
[2.107733] (-) TimerEvent: {}
[2.208214] (-) TimerEvent: {}
[2.308901] (-) TimerEvent: {}
[2.409409] (-) TimerEvent: {}
[2.509867] (-) TimerEvent: {}
[2.610286] (-) TimerEvent: {}
[2.710698] (-) TimerEvent: {}
[2.811102] (-) TimerEvent: {}
[2.911542] (-) TimerEvent: {}
[3.011973] (-) TimerEvent: {}
[3.112421] (-) TimerEvent: {}
[3.212824] (-) TimerEvent: {}
[3.313220] (-) TimerEvent: {}
[3.413644] (-) TimerEvent: {}
[3.514077] (-) TimerEvent: {}
[3.614470] (-) TimerEvent: {}
[3.714873] (-) TimerEvent: {}
[3.815296] (-) TimerEvent: {}
[3.915692] (-) TimerEvent: {}
[4.016117] (-) TimerEvent: {}
[4.116498] (-) TimerEvent: {}
[4.216964] (-) TimerEvent: {}
[4.317459] (-) TimerEvent: {}
[4.417926] (-) TimerEvent: {}
[4.518399] (-) TimerEvent: {}
[4.619330] (-) TimerEvent: {}
[4.719890] (-) TimerEvent: {}
[4.820437] (-) TimerEvent: {}
[4.920976] (-) TimerEvent: {}
[5.003125] (racing_stage2_param_test) Command: {'cmd': ['/usr/bin/python3', '-W', 'ignore:setup.py install is deprecated', '-W', 'ignore:easy_install command is deprecated', 'setup.py', 'develop', '--editable', '--build-directory', '/home/sunrise/dev_ws/build/racing_stage2_param_test/build', '--no-deps', 'symlink_data'], 'cwd': '/home/sunrise/dev_ws/build/racing_stage2_param_test', 'env': {'VSCODE_CWD': '/home/sunrise', 'VSCODE_ESM_ENTRYPOINT': 'vs/workbench/api/node/extensionHostProcess', 'LANGUAGE': 'en_US.UTF-8', 'USER': 'sunrise', 'SSH_CLIENT': '10.147.109.1 50078 22', 'VSCODE_NLS_CONFIG': '{"userLocale":"en","osLocale":"en","resolvedLanguage":"en","defaultMessagesFile":"/home/sunrise/.cursor-server/bin/linux-arm64/81fcf2931d7687b4ff3f3017858d0c6dee7e2a60/out/nls.messages.json","locale":"en","availableLanguages":{}}', 'VSCODE_HANDLES_UNCAUGHT_ERRORS': 'true', 'XDG_SESSION_TYPE': 'tty', 'SHLVL': '1', 'LD_LIBRARY_PATH': '/home/sunrise/dev_ws/install/origincar_base/lib:/home/sunrise/dev_ws/install/origincar_msg/lib:/home/sunrise/dev_ws/install/lslidar_msgs/lib:/home/sunrise/dev_ws/install/ackermann_msgs/lib:/usr/hobot/lib:/app/lib:/app/pub/lib:/middleware/lib:/middleware/pub/lib:/usr/hobot/lib/sensor:/system/lib:/system/usr/lib:/lib:/home/sunrise/dev_ws/install/voice_driver/lib:/home/sunrise/dev_ws/install/serial/lib:/opt/tros/humble/lib/aarch64-linux-gnu:/opt/tros/humble/lib:/opt/ros/humble/opt/rviz_ogre_vendor/lib:/opt/ros/humble/lib/aarch64-linux-gnu:/opt/ros/humble/lib:/usr/hobot/lib:/app/lib:/app/pub/lib:/middleware/lib:/middleware/pub/lib:/usr/hobot/lib/sensor:/system/lib:/system/usr/lib:/lib:/usr/hobot/lib:/app/lib:/app/pub/lib:/middleware/lib:/middleware/pub/lib:/usr/hobot/lib/sensor:/system/lib:/system/usr/lib:/lib', 'BROWSER': '/home/sunrise/.cursor-server/bin/linux-arm64/81fcf2931d7687b4ff3f3017858d0c6dee7e2a60/bin/helpers/browser.sh', 'MOTD_SHOWN': 'pam', 'HOME': '/home/sunrise', 'OLDPWD': '/home/sunrise/dev_ws', 'VSCODE_IPC_HOOK_CLI': '/run/user/1000/vscode-ipc-8d19f24b-2b83-4564-aa6d-f8048f056fda.sock', 'ROS_PYTHON_VERSION': '3', 'NO_COLOR': '1', 'DBUS_SESSION_BUS_ADDRESS': 'unix:path=/run/user/1000/bus', 'TROS_DISTRO': 'humble', 'COLCON_PREFIX_PATH': '/home/sunrise/dev_ws/install', 'ROS_DISTRO': 'humble', 'OVSX_REGISTRY_URL': 'https://open-vsx.org', 'LOGNAME': 'sunrise', 'FORCE_COLOR': '0', 'VSCODE_HANDLES_SIGPIPE': 'true', '_': '/usr/bin/colcon', 'ROS_VERSION': '2', 'CURSOR_LAYOUT': 'unifiedAgent', 'XDG_SESSION_CLASS': 'user', 'TERM': 'dumb', 'XDG_SESSION_ID': '2', 'ROS_LOCALHOST_ONLY': '0', 'PATH': '/home/sunrise/.local/bin:/usr/hobot/bin/:/home/sunrise/.cursor-server/bin/linux-arm64/81fcf2931d7687b4ff3f3017858d0c6dee7e2a60:/home/sunrise/.cursor-server/bin/linux-arm64/81fcf2931d7687b4ff3f3017858d0c6dee7e2a60/bin/remote-cli:/home/sunrise/.local/bin:/opt/tros/humble/bin:/opt/ros/humble/bin:/usr/hobot/bin/:/home/sunrise/.cursor-server/bin/linux-arm64/81fcf2931d7687b4ff3f3017858d0c6dee7e2a60/bin/remote-cli:/home/sunrise/.local/bin:/usr/hobot/bin/:/usr/local/sbin:/usr/local/bin:/usr/sbin:/usr/bin:/sbin:/bin:/usr/games:/usr/local/games:/snap/bin', 'VSCODE_AGENT_FOLDER': '/home/sunrise/.cursor-server', 'XDG_RUNTIME_DIR': '/run/user/1000', 'CURSOR_AGENT': '1', 'LANG': 'en_US.UTF-8', 'LS_COLORS': '', 'AMENT_PREFIX_PATH': '/home/sunrise/dev_ws/install/racing_stage2:/home/sunrise/dev_ws/install/racing_stage1:/home/sunrise/dev_ws/install/qr_scanner:/home/sunrise/dev_ws/install/bno055:/home/sunrise/dev_ws/install/voice_driver:/home/sunrise/dev_ws/install/utils:/home/sunrise/dev_ws/install/simple_avoidance:/home/sunrise/dev_ws/install/racing_stage2_param_test:/home/sunrise/dev_ws/install/origincar_base:/home/sunrise/dev_ws/install/serial:/home/sunrise/dev_ws/install/racing_vision_ai:/home/sunrise/dev_ws/install/racing_stage3_param_test:/home/sunrise/dev_ws/install/racing_bringup:/home/sunrise/dev_ws/install/racing_stage3:/home/sunrise/dev_ws/install/origincar_msg:/home/sunrise/dev_ws/install/origincar_description:/home/sunrise/dev_ws/install/origincar_bringup:/home/sunrise/dev_ws/install/lslidar_driver:/home/sunrise/dev_ws/install/lslidar_msgs:/home/sunrise/dev_ws/install/line_follower_pkg:/home/sunrise/dev_ws/install/ackermann_msgs:/opt/tros/humble:/opt/ros/humble', 'SHELL': '/bin/bash', 'VSCODE_SERVER_SHUTDOWN_TIMEOUT': '300', 'PWD': '/home/sunrise/dev_ws/build/racing_stage2_param_test', 'SSH_CONNECTION': '10.147.109.1 50078 10.147.109.8 22', 'PYTHONPATH': '/home/sunrise/dev_ws/build/racing_stage2_param_test/prefix_override:/usr/lib/python3/dist-packages/colcon_core/task/python/colcon_distutils_commands:/home/sunrise/dev_ws/install/racing_stage2_param_test/lib/python3.10/site-packages:/home/sunrise/dev_ws/build/racing_stage2:/home/sunrise/dev_ws/install/racing_stage2/lib/python3.10/site-packages:/home/sunrise/dev_ws/build/racing_stage1:/home/sunrise/dev_ws/install/racing_stage1/lib/python3.10/site-packages:/home/sunrise/dev_ws/build/qr_scanner:/home/sunrise/dev_ws/install/qr_scanner/lib/python3.10/site-packages:/home/sunrise/dev_ws/build/bno055:/home/sunrise/dev_ws/install/bno055/lib/python3.10/site-packages:/home/sunrise/dev_ws/install/voice_driver/local/lib/python3.10/dist-packages:/home/sunrise/dev_ws/build/simple_avoidance:/home/sunrise/dev_ws/install/simple_avoidance/lib/python3.10/site-packages:/home/sunrise/dev_ws/build/racing_stage2_param_test:/home/sunrise/dev_ws/install/racing_stage2_param_test/lib/python3.10/site-packages:/home/sunrise/dev_ws/install/origincar_base/local/lib/python3.10/dist-packages:/home/sunrise/dev_ws/build/racing_vision_ai:/home/sunrise/dev_ws/install/racing_vision_ai/lib/python3.10/site-packages:/home/sunrise/dev_ws/build/racing_stage3_param_test:/home/sunrise/dev_ws/install/racing_stage3_param_test/lib/python3.10/site-packages:/home/sunrise/dev_ws/build/racing_bringup:/home/sunrise/dev_ws/install/racing_bringup/lib/python3.10/site-packages:/home/sunrise/dev_ws/build/racing_stage3:/home/sunrise/dev_ws/install/racing_stage3/lib/python3.10/site-packages:/home/sunrise/dev_ws/install/origincar_msg/local/lib/python3.10/dist-packages:/home/sunrise/dev_ws/install/lslidar_msgs/local/lib/python3.10/dist-packages:/home/sunrise/dev_ws/build/line_follower_pkg:/home/sunrise/dev_ws/install/line_follower_pkg/lib/python3.10/site-packages:/home/sunrise/dev_ws/install/ackermann_msgs/local/lib/python3.10/dist-packages:/opt/tros/humble/lib/python3.10/site-packages:/opt/tros/humble/local/lib/python3.10/dist-packages:/opt/ros/humble/lib/python3.10/site-packages:/opt/ros/humble/local/lib/python3.10/dist-packages', 'COLCON': '1', '_ZO_DOCTOR': '0', 'CMAKE_PREFIX_PATH': '/home/sunrise/dev_ws/install/origincar_base:/home/sunrise/dev_ws/install/lslidar_driver:/home/sunrise/dev_ws/install/serial:/home/sunrise/dev_ws/install/origincar_msg:/home/sunrise/dev_ws/install/origincar_description:/home/sunrise/dev_ws/install/origincar_bringup:/home/sunrise/dev_ws/install/lslidar_msgs:/home/sunrise/dev_ws/install/ackermann_msgs:/home/sunrise/dev_ws/install/voice_driver:/home/sunrise/dev_ws/install/utils'}, 'shell': False}
[5.021118] (-) TimerEvent: {}
[5.121596] (-) TimerEvent: {}
[5.222055] (-) TimerEvent: {}
[5.322555] (-) TimerEvent: {}
[5.423054] (-) TimerEvent: {}
[5.523518] (-) TimerEvent: {}
[5.623979] (-) TimerEvent: {}
[5.724441] (-) TimerEvent: {}
[5.824909] (-) TimerEvent: {}
[5.925364] (-) TimerEvent: {}
[6.025842] (-) TimerEvent: {}
[6.126343] (-) TimerEvent: {}
[6.226804] (-) TimerEvent: {}
[6.327268] (-) TimerEvent: {}
[6.427725] (-) TimerEvent: {}
[6.528184] (-) TimerEvent: {}
[6.628636] (-) TimerEvent: {}
[6.729149] (-) TimerEvent: {}
[6.829649] (-) TimerEvent: {}
[6.930165] (-) TimerEvent: {}
[7.030040] (racing_stage2_param_test) StdoutLine: {'line': b'running develop\n'}
[7.030894] (-) TimerEvent: {}
[7.131226] (-) TimerEvent: {}
[7.231690] (-) TimerEvent: {}
[7.332158] (-) TimerEvent: {}
[7.432621] (-) TimerEvent: {}
[7.533084] (-) TimerEvent: {}
[7.633564] (-) TimerEvent: {}
[7.734043] (-) TimerEvent: {}
[7.834511] (-) TimerEvent: {}
[7.934970] (-) TimerEvent: {}
[8.035434] (-) TimerEvent: {}
[8.135912] (-) TimerEvent: {}
[8.236382] (-) TimerEvent: {}
[8.257167] (racing_stage2_param_test) StdoutLine: {'line': b'running egg_info\n'}
[8.258354] (racing_stage2_param_test) StdoutLine: {'line': b'writing racing_stage2_param_test.egg-info/PKG-INFO\n'}
[8.259587] (racing_stage2_param_test) StdoutLine: {'line': b'writing dependency_links to racing_stage2_param_test.egg-info/dependency_links.txt\n'}
[8.260659] (racing_stage2_param_test) StdoutLine: {'line': b'writing entry points to racing_stage2_param_test.egg-info/entry_points.txt\n'}
[8.261559] (racing_stage2_param_test) StdoutLine: {'line': b'writing requirements to racing_stage2_param_test.egg-info/requires.txt\n'}
[8.262465] (racing_stage2_param_test) StdoutLine: {'line': b'writing top-level names to racing_stage2_param_test.egg-info/top_level.txt\n'}
[8.273171] (racing_stage2_param_test) StdoutLine: {'line': b"reading manifest file 'racing_stage2_param_test.egg-info/SOURCES.txt'\n"}
[8.278216] (racing_stage2_param_test) StdoutLine: {'line': b"writing manifest file 'racing_stage2_param_test.egg-info/SOURCES.txt'\n"}
[8.290320] (racing_stage2_param_test) StdoutLine: {'line': b'running build_ext\n'}
[8.291513] (racing_stage2_param_test) StdoutLine: {'line': b'Creating /home/sunrise/dev_ws/install/racing_stage2_param_test/lib/python3.10/site-packages/racing-stage2-param-test.egg-link (link to .)\n'}
[8.296094] (racing_stage2_param_test) StdoutLine: {'line': b'Installing avoidance_straight_tester script to /home/sunrise/dev_ws/install/racing_stage2_param_test/lib/racing_stage2_param_test\n'}
[8.297124] (racing_stage2_param_test) StdoutLine: {'line': b'Installing camera_video_recorder script to /home/sunrise/dev_ws/install/racing_stage2_param_test/lib/racing_stage2_param_test\n'}
[8.297979] (racing_stage2_param_test) StdoutLine: {'line': b'Installing direct_inertial_tester script to /home/sunrise/dev_ws/install/racing_stage2_param_test/lib/racing_stage2_param_test\n'}
[8.298773] (racing_stage2_param_test) StdoutLine: {'line': b'Installing twist_cmd_relay script to /home/sunrise/dev_ws/install/racing_stage2_param_test/lib/racing_stage2_param_test\n'}
[8.299838] (racing_stage2_param_test) StdoutLine: {'line': b'\n'}
[8.300326] (racing_stage2_param_test) StdoutLine: {'line': b'Installed /home/sunrise/dev_ws/build/racing_stage2_param_test\n'}
[8.300773] (racing_stage2_param_test) StdoutLine: {'line': b'running symlink_data\n'}
[8.336592] (-) TimerEvent: {}
[8.437117] (-) TimerEvent: {}
[8.537637] (-) TimerEvent: {}
[8.548235] (racing_stage2_param_test) CommandEnded: {'returncode': 0}
[8.636400] (racing_stage2_param_test) JobEnded: {'identifier': 'racing_stage2_param_test', 'rc': 0}
[8.639334] (-) TimerEvent: {}
[8.639518] (-) EventReactorShutdown: {}
