[2.473s] Invoking command in '/home/sunrise/dev_ws/build/ackermann_msgs': CMAKE_PREFIX_PATH=${CMAKE_PREFIX_PATH}:/home/sunrise/dev_ws/install/simple_avoidance:/home/sunrise/dev_ws/install/racing_stage2_param_test:/home/sunrise/dev_ws/install/racing_vision_ai:/home/sunrise/dev_ws/install/racing_stage3_param_test:/home/sunrise/dev_ws/install/racing_bringup:/home/sunrise/dev_ws/install/racing_stage3:/home/sunrise/dev_ws/install/line_follower_pkg:/home/sunrise/dev_ws/install/racing_stage2:/home/sunrise/dev_ws/install/racing_stage1:/home/sunrise/dev_ws/install/qr_scanner:/home/sunrise/dev_ws/install/bno055:/opt/tros/humble:/opt/ros/humble /usr/bin/cmake --build /home/sunrise/dev_ws/build/ackermann_msgs -- -j8 -l8
[5.598s] [35m[1mConsolidate compiler generated dependencies of target ackermann_msgs__rosidl_generator_c[0m
[5.600s] [  2%] Built target ackermann_msgs__rs
[5.601s] [  5%] Built target ackermann_msgs__cpp
[5.602s] [ 15%] Built target ackermann_msgs__rosidl_generator_c
[5.603s] [35m[1mConsolidate compiler generated dependencies of target ackermann_msgs__rosidl_typesupport_introspection_cpp[0m
[5.603s] [35m[1mConsolidate compiler generated dependencies of target ackermann_msgs__rosidl_typesupport_cpp[0m
[5.604s] [ 15%] Built target ament_cmake_python_symlink_ackermann_msgs
[5.604s] [35m[1mConsolidate compiler generated dependencies of target ackermann_msgs__rosidl_typesupport_fastrtps_c[0m
[5.605s] [35m[1mConsolidate compiler generated dependencies of target ackermann_msgs__rosidl_typesupport_c[0m
[5.605s] [35m[1mConsolidate compiler generated dependencies of target ackermann_msgs__rosidl_typesupport_fastrtps_cpp[0m
[5.606s] [35m[1mConsolidate compiler generated dependencies of target ackermann_msgs__rosidl_typesupport_introspection_c[0m
[5.607s] [ 25%] Built target ackermann_msgs__rosidl_typesupport_introspection_cpp
[5.607s] [ 35%] Built target ackermann_msgs__rosidl_typesupport_cpp
[5.608s] [ 45%] Built target ackermann_msgs__rosidl_typesupport_fastrtps_c
[5.608s] [ 55%] Built target ackermann_msgs__rosidl_typesupport_fastrtps_cpp
[5.609s] [ 65%] Built target ackermann_msgs__rosidl_typesupport_introspection_c
[5.610s] [ 75%] Built target ackermann_msgs__rosidl_typesupport_c
[5.611s] [ 75%] Built target ackermann_msgs
[5.611s] [ 77%] Built target ackermann_msgs__py
[5.615s] [35m[1mConsolidate compiler generated dependencies of target ackermann_msgs__rosidl_generator_py[0m
[5.618s] [ 85%] Built target ackermann_msgs__rosidl_generator_py
[5.622s] [35m[1mConsolidate compiler generated dependencies of target ackermann_msgs__rosidl_typesupport_fastrtps_c__pyext[0m
[5.624s] [35m[1mConsolidate compiler generated dependencies of target ackermann_msgs__rosidl_typesupport_introspection_c__pyext[0m
[5.626s] [35m[1mConsolidate compiler generated dependencies of target ackermann_msgs__rosidl_typesupport_c__pyext[0m
[5.628s] [ 90%] Built target ackermann_msgs__rosidl_typesupport_fastrtps_c__pyext
[5.630s] [ 95%] Built target ackermann_msgs__rosidl_typesupport_introspection_c__pyext
[5.633s] [100%] Built target ackermann_msgs__rosidl_typesupport_c__pyext
[5.868s] running egg_info
[5.884s] writing ackermann_msgs.egg-info/PKG-INFO
[5.887s] writing dependency_links to ackermann_msgs.egg-info/dependency_links.txt
[5.888s] writing top-level names to ackermann_msgs.egg-info/top_level.txt
[5.926s] reading manifest file 'ackermann_msgs.egg-info/SOURCES.txt'
[6.002s] writing manifest file 'ackermann_msgs.egg-info/SOURCES.txt'
[6.075s] [100%] Built target ament_cmake_python_build_ackermann_msgs_egg
[6.440s] Invoked command in '/home/sunrise/dev_ws/build/ackermann_msgs' returned '0': CMAKE_PREFIX_PATH=${CMAKE_PREFIX_PATH}:/home/sunrise/dev_ws/install/simple_avoidance:/home/sunrise/dev_ws/install/racing_stage2_param_test:/home/sunrise/dev_ws/install/racing_vision_ai:/home/sunrise/dev_ws/install/racing_stage3_param_test:/home/sunrise/dev_ws/install/racing_bringup:/home/sunrise/dev_ws/install/racing_stage3:/home/sunrise/dev_ws/install/line_follower_pkg:/home/sunrise/dev_ws/install/racing_stage2:/home/sunrise/dev_ws/install/racing_stage1:/home/sunrise/dev_ws/install/qr_scanner:/home/sunrise/dev_ws/install/bno055:/opt/tros/humble:/opt/ros/humble /usr/bin/cmake --build /home/sunrise/dev_ws/build/ackermann_msgs -- -j8 -l8
[6.574s] Invoking command in '/home/sunrise/dev_ws/build/ackermann_msgs': CMAKE_PREFIX_PATH=${CMAKE_PREFIX_PATH}:/home/sunrise/dev_ws/install/simple_avoidance:/home/sunrise/dev_ws/install/racing_stage2_param_test:/home/sunrise/dev_ws/install/racing_vision_ai:/home/sunrise/dev_ws/install/racing_stage3_param_test:/home/sunrise/dev_ws/install/racing_bringup:/home/sunrise/dev_ws/install/racing_stage3:/home/sunrise/dev_ws/install/line_follower_pkg:/home/sunrise/dev_ws/install/racing_stage2:/home/sunrise/dev_ws/install/racing_stage1:/home/sunrise/dev_ws/install/qr_scanner:/home/sunrise/dev_ws/install/bno055:/opt/tros/humble:/opt/ros/humble /usr/bin/cmake --install /home/sunrise/dev_ws/build/ackermann_msgs
[6.648s] -- Install configuration: ""
[6.652s] -- Execute custom install script
[6.653s] -- Up-to-date symlink: /home/sunrise/dev_ws/install/ackermann_msgs/share/ament_index/resource_index/rosidl_interfaces/ackermann_msgs
[6.657s] -- Up-to-date symlink: /home/sunrise/dev_ws/install/ackermann_msgs/include/ackermann_msgs/ackermann_msgs/msg/ackermann_drive.h
[6.658s] -- Up-to-date symlink: /home/sunrise/dev_ws/install/ackermann_msgs/include/ackermann_msgs/ackermann_msgs/msg/ackermann_drive_stamped.h
[6.658s] -- Up-to-date symlink: /home/sunrise/dev_ws/install/ackermann_msgs/include/ackermann_msgs/ackermann_msgs/msg/detail/ackermann_drive__functions.h
[6.659s] -- Up-to-date symlink: /home/sunrise/dev_ws/install/ackermann_msgs/include/ackermann_msgs/ackermann_msgs/msg/detail/ackermann_drive__struct.h
[6.660s] -- Up-to-date symlink: /home/sunrise/dev_ws/install/ackermann_msgs/include/ackermann_msgs/ackermann_msgs/msg/detail/ackermann_drive__type_support.h
[6.662s] -- Up-to-date symlink: /home/sunrise/dev_ws/install/ackermann_msgs/include/ackermann_msgs/ackermann_msgs/msg/detail/ackermann_drive_stamped__functions.h
[6.664s] -- Up-to-date symlink: /home/sunrise/dev_ws/install/ackermann_msgs/include/ackermann_msgs/ackermann_msgs/msg/detail/ackermann_drive_stamped__struct.h
[6.665s] -- Up-to-date symlink: /home/sunrise/dev_ws/install/ackermann_msgs/include/ackermann_msgs/ackermann_msgs/msg/detail/ackermann_drive_stamped__type_support.h
[6.667s] -- Up-to-date symlink: /home/sunrise/dev_ws/install/ackermann_msgs/include/ackermann_msgs/ackermann_msgs/msg/rosidl_generator_c__visibility_control.h
[6.669s] -- Up-to-date symlink: /home/sunrise/dev_ws/install/ackermann_msgs/share/ackermann_msgs/environment/library_path.sh
[6.671s] -- Up-to-date symlink: /home/sunrise/dev_ws/install/ackermann_msgs/share/ackermann_msgs/environment/library_path.dsv
[6.676s] -- Up-to-date symlink: /home/sunrise/dev_ws/install/ackermann_msgs/include/ackermann_msgs/ackermann_msgs/msg/detail/ackermann_drive__rosidl_typesupport_fastrtps_c.h
[6.678s] -- Up-to-date symlink: /home/sunrise/dev_ws/install/ackermann_msgs/include/ackermann_msgs/ackermann_msgs/msg/detail/ackermann_drive_stamped__rosidl_typesupport_fastrtps_c.h
[6.680s] -- Up-to-date symlink: /home/sunrise/dev_ws/install/ackermann_msgs/include/ackermann_msgs/ackermann_msgs/msg/rosidl_typesupport_fastrtps_c__visibility_control.h
[6.683s] -- Up-to-date symlink: /home/sunrise/dev_ws/install/ackermann_msgs/include/ackermann_msgs/ackermann_msgs/msg/detail/ackermann_drive__rosidl_typesupport_introspection_c.h
[6.685s] -- Up-to-date symlink: /home/sunrise/dev_ws/install/ackermann_msgs/include/ackermann_msgs/ackermann_msgs/msg/detail/ackermann_drive_stamped__rosidl_typesupport_introspection_c.h
[6.686s] -- Up-to-date symlink: /home/sunrise/dev_ws/install/ackermann_msgs/include/ackermann_msgs/ackermann_msgs/msg/rosidl_typesupport_introspection_c__visibility_control.h
[6.693s] -- Up-to-date symlink: /home/sunrise/dev_ws/install/ackermann_msgs/include/ackermann_msgs/ackermann_msgs/msg/ackermann_drive.hpp
[6.694s] -- Up-to-date symlink: /home/sunrise/dev_ws/install/ackermann_msgs/include/ackermann_msgs/ackermann_msgs/msg/ackermann_drive_stamped.hpp
[6.695s] -- Up-to-date symlink: /home/sunrise/dev_ws/install/ackermann_msgs/include/ackermann_msgs/ackermann_msgs/msg/detail/ackermann_drive__builder.hpp
[6.696s] -- Up-to-date symlink: /home/sunrise/dev_ws/install/ackermann_msgs/include/ackermann_msgs/ackermann_msgs/msg/detail/ackermann_drive__struct.hpp
[6.698s] -- Up-to-date symlink: /home/sunrise/dev_ws/install/ackermann_msgs/include/ackermann_msgs/ackermann_msgs/msg/detail/ackermann_drive__traits.hpp
[6.700s] -- Up-to-date symlink: /home/sunrise/dev_ws/install/ackermann_msgs/include/ackermann_msgs/ackermann_msgs/msg/detail/ackermann_drive__type_support.hpp
[6.702s] -- Up-to-date symlink: /home/sunrise/dev_ws/install/ackermann_msgs/include/ackermann_msgs/ackermann_msgs/msg/detail/ackermann_drive_stamped__builder.hpp
[6.704s] -- Up-to-date symlink: /home/sunrise/dev_ws/install/ackermann_msgs/include/ackermann_msgs/ackermann_msgs/msg/detail/ackermann_drive_stamped__struct.hpp
[6.704s] -- Up-to-date symlink: /home/sunrise/dev_ws/install/ackermann_msgs/include/ackermann_msgs/ackermann_msgs/msg/detail/ackermann_drive_stamped__traits.hpp
[6.707s] -- Up-to-date symlink: /home/sunrise/dev_ws/install/ackermann_msgs/include/ackermann_msgs/ackermann_msgs/msg/detail/ackermann_drive_stamped__type_support.hpp
[6.710s] -- Up-to-date symlink: /home/sunrise/dev_ws/install/ackermann_msgs/include/ackermann_msgs/ackermann_msgs/msg/rosidl_generator_cpp__visibility_control.hpp
[6.713s] -- Up-to-date symlink: /home/sunrise/dev_ws/install/ackermann_msgs/include/ackermann_msgs/ackermann_msgs/msg/detail/ackermann_drive__rosidl_typesupport_fastrtps_cpp.hpp
[6.715s] -- Up-to-date symlink: /home/sunrise/dev_ws/install/ackermann_msgs/include/ackermann_msgs/ackermann_msgs/msg/detail/ackermann_drive_stamped__rosidl_typesupport_fastrtps_cpp.hpp
[6.718s] -- Up-to-date symlink: /home/sunrise/dev_ws/install/ackermann_msgs/include/ackermann_msgs/ackermann_msgs/msg/rosidl_typesupport_fastrtps_cpp__visibility_control.h
[6.722s] -- Up-to-date symlink: /home/sunrise/dev_ws/install/ackermann_msgs/include/ackermann_msgs/ackermann_msgs/msg/detail/ackermann_drive__rosidl_typesupport_introspection_cpp.hpp
[6.723s] -- Up-to-date symlink: /home/sunrise/dev_ws/install/ackermann_msgs/include/ackermann_msgs/ackermann_msgs/msg/detail/ackermann_drive_stamped__rosidl_typesupport_introspection_cpp.hpp
[6.724s] -- Up-to-date symlink: /home/sunrise/dev_ws/install/ackermann_msgs/share/ackermann_msgs/environment/pythonpath.sh
[6.726s] -- Up-to-date symlink: /home/sunrise/dev_ws/install/ackermann_msgs/share/ackermann_msgs/environment/pythonpath.dsv
[6.728s] -- Up-to-date symlink: /home/sunrise/dev_ws/install/ackermann_msgs/local/lib/python3.10/dist-packages/ackermann_msgs-2.0.2-py3.10.egg-info/PKG-INFO
[6.729s] -- Up-to-date symlink: /home/sunrise/dev_ws/install/ackermann_msgs/local/lib/python3.10/dist-packages/ackermann_msgs-2.0.2-py3.10.egg-info/SOURCES.txt
[6.731s] -- Up-to-date symlink: /home/sunrise/dev_ws/install/ackermann_msgs/local/lib/python3.10/dist-packages/ackermann_msgs-2.0.2-py3.10.egg-info/dependency_links.txt
[6.732s] -- Up-to-date symlink: /home/sunrise/dev_ws/install/ackermann_msgs/local/lib/python3.10/dist-packages/ackermann_msgs-2.0.2-py3.10.egg-info/top_level.txt
[6.732s] -- Up-to-date symlink: /home/sunrise/dev_ws/install/ackermann_msgs/local/lib/python3.10/dist-packages/ackermann_msgs/__init__.py
[6.733s] -- Up-to-date symlink: /home/sunrise/dev_ws/install/ackermann_msgs/local/lib/python3.10/dist-packages/ackermann_msgs/_ackermann_msgs_s.ep.rosidl_typesupport_c.c
[6.734s] -- Up-to-date symlink: /home/sunrise/dev_ws/install/ackermann_msgs/local/lib/python3.10/dist-packages/ackermann_msgs/_ackermann_msgs_s.ep.rosidl_typesupport_fastrtps_c.c
[6.735s] -- Up-to-date symlink: /home/sunrise/dev_ws/install/ackermann_msgs/local/lib/python3.10/dist-packages/ackermann_msgs/_ackermann_msgs_s.ep.rosidl_typesupport_introspection_c.c
[6.736s] -- Up-to-date symlink: /home/sunrise/dev_ws/install/ackermann_msgs/local/lib/python3.10/dist-packages/ackermann_msgs/ackermann_msgs_s__rosidl_typesupport_c.cpython-310-aarch64-linux-gnu.so
[6.736s] -- Up-to-date symlink: /home/sunrise/dev_ws/install/ackermann_msgs/local/lib/python3.10/dist-packages/ackermann_msgs/ackermann_msgs_s__rosidl_typesupport_fastrtps_c.cpython-310-aarch64-linux-gnu.so
[6.737s] -- Up-to-date symlink: /home/sunrise/dev_ws/install/ackermann_msgs/local/lib/python3.10/dist-packages/ackermann_msgs/ackermann_msgs_s__rosidl_typesupport_introspection_c.cpython-310-aarch64-linux-gnu.so
[6.738s] -- Up-to-date symlink: /home/sunrise/dev_ws/install/ackermann_msgs/local/lib/python3.10/dist-packages/ackermann_msgs/libackermann_msgs__rosidl_generator_py.so
[6.739s] -- Up-to-date symlink: /home/sunrise/dev_ws/install/ackermann_msgs/local/lib/python3.10/dist-packages/ackermann_msgs/msg/__init__.py
[6.739s] -- Up-to-date symlink: /home/sunrise/dev_ws/install/ackermann_msgs/local/lib/python3.10/dist-packages/ackermann_msgs/msg/_ackermann_drive.py
[6.740s] -- Up-to-date symlink: /home/sunrise/dev_ws/install/ackermann_msgs/local/lib/python3.10/dist-packages/ackermann_msgs/msg/_ackermann_drive_s.c
[6.741s] -- Up-to-date symlink: /home/sunrise/dev_ws/install/ackermann_msgs/local/lib/python3.10/dist-packages/ackermann_msgs/msg/_ackermann_drive_stamped.py
[6.742s] -- Up-to-date symlink: /home/sunrise/dev_ws/install/ackermann_msgs/local/lib/python3.10/dist-packages/ackermann_msgs/msg/_ackermann_drive_stamped_s.c
[6.743s] -- Up-to-date symlink: /home/sunrise/dev_ws/install/ackermann_msgs/local/lib/python3.10/dist-packages/ackermann_msgs/ackermann_msgs_s__rosidl_typesupport_fastrtps_c.cpython-310-aarch64-linux-gnu.so
[6.743s] -- Up-to-date symlink: /home/sunrise/dev_ws/install/ackermann_msgs/local/lib/python3.10/dist-packages/ackermann_msgs/ackermann_msgs_s__rosidl_typesupport_introspection_c.cpython-310-aarch64-linux-gnu.so
[6.744s] -- Up-to-date symlink: /home/sunrise/dev_ws/install/ackermann_msgs/local/lib/python3.10/dist-packages/ackermann_msgs/ackermann_msgs_s__rosidl_typesupport_c.cpython-310-aarch64-linux-gnu.so
[6.745s] -- Up-to-date symlink: /home/sunrise/dev_ws/install/ackermann_msgs/share/ament_index/resource_index/rust_packages/ackermann_msgs
[6.746s] -- Up-to-date symlink: /home/sunrise/dev_ws/install/ackermann_msgs/share/ackermann_msgs/rust/Cargo.toml
[6.746s] -- Up-to-date symlink: /home/sunrise/dev_ws/install/ackermann_msgs/share/ackermann_msgs/rust/build.rs
[6.747s] -- Up-to-date symlink: /home/sunrise/dev_ws/install/ackermann_msgs/share/ackermann_msgs/rust/src/lib.rs
[6.748s] -- Up-to-date symlink: /home/sunrise/dev_ws/install/ackermann_msgs/share/ackermann_msgs/rust/src/msg.rs
[6.748s] -- Up-to-date symlink: /home/sunrise/dev_ws/install/ackermann_msgs/share/ackermann_msgs/rust/src/msg/rmw.rs
[6.749s] -- Up-to-date symlink: /home/sunrise/dev_ws/install/ackermann_msgs/share/ackermann_msgs/msg/AckermannDrive.idl
[6.750s] -- Up-to-date symlink: /home/sunrise/dev_ws/install/ackermann_msgs/share/ackermann_msgs/msg/AckermannDriveStamped.idl
[6.751s] -- Up-to-date symlink: /home/sunrise/dev_ws/install/ackermann_msgs/share/ackermann_msgs/msg/AckermannDrive.msg
[6.751s] -- Up-to-date symlink: /home/sunrise/dev_ws/install/ackermann_msgs/share/ackermann_msgs/msg/AckermannDriveStamped.msg
[6.752s] -- Up-to-date symlink: /home/sunrise/dev_ws/install/ackermann_msgs/share/ament_index/resource_index/package_run_dependencies/ackermann_msgs
[6.753s] -- Up-to-date symlink: /home/sunrise/dev_ws/install/ackermann_msgs/share/ament_index/resource_index/parent_prefix_path/ackermann_msgs
[6.754s] -- Up-to-date symlink: /home/sunrise/dev_ws/install/ackermann_msgs/share/ackermann_msgs/environment/ament_prefix_path.sh
[6.755s] -- Up-to-date symlink: /home/sunrise/dev_ws/install/ackermann_msgs/share/ackermann_msgs/environment/ament_prefix_path.dsv
[6.755s] -- Up-to-date symlink: /home/sunrise/dev_ws/install/ackermann_msgs/share/ackermann_msgs/environment/path.sh
[6.756s] -- Up-to-date symlink: /home/sunrise/dev_ws/install/ackermann_msgs/share/ackermann_msgs/environment/path.dsv
[6.757s] -- Up-to-date symlink: /home/sunrise/dev_ws/install/ackermann_msgs/share/ackermann_msgs/local_setup.bash
[6.758s] -- Up-to-date symlink: /home/sunrise/dev_ws/install/ackermann_msgs/share/ackermann_msgs/local_setup.sh
[6.758s] -- Up-to-date symlink: /home/sunrise/dev_ws/install/ackermann_msgs/share/ackermann_msgs/local_setup.zsh
[6.759s] -- Up-to-date symlink: /home/sunrise/dev_ws/install/ackermann_msgs/share/ackermann_msgs/local_setup.dsv
[6.760s] -- Symlinking: /home/sunrise/dev_ws/install/ackermann_msgs/share/ackermann_msgs/package.dsv
[6.774s] -- Up-to-date symlink: /home/sunrise/dev_ws/install/ackermann_msgs/share/ament_index/resource_index/packages/ackermann_msgs
[6.775s] -- Up-to-date symlink: /home/sunrise/dev_ws/install/ackermann_msgs/share/ackermann_msgs/cmake/rosidl_cmake-extras.cmake
[6.776s] -- Up-to-date symlink: /home/sunrise/dev_ws/install/ackermann_msgs/share/ackermann_msgs/cmake/ament_cmake_export_dependencies-extras.cmake
[6.777s] -- Up-to-date symlink: /home/sunrise/dev_ws/install/ackermann_msgs/share/ackermann_msgs/cmake/ament_cmake_export_include_directories-extras.cmake
[6.777s] -- Up-to-date symlink: /home/sunrise/dev_ws/install/ackermann_msgs/share/ackermann_msgs/cmake/ament_cmake_export_libraries-extras.cmake
[6.778s] -- Up-to-date symlink: /home/sunrise/dev_ws/install/ackermann_msgs/share/ackermann_msgs/cmake/ament_cmake_export_targets-extras.cmake
[6.779s] -- Up-to-date symlink: /home/sunrise/dev_ws/install/ackermann_msgs/share/ackermann_msgs/cmake/rosidl_cmake_export_typesupport_targets-extras.cmake
[6.780s] -- Up-to-date symlink: /home/sunrise/dev_ws/install/ackermann_msgs/share/ackermann_msgs/cmake/rosidl_cmake_export_typesupport_libraries-extras.cmake
[6.781s] -- Up-to-date symlink: /home/sunrise/dev_ws/install/ackermann_msgs/share/ackermann_msgs/cmake/ackermann_msgsConfig.cmake
[6.781s] -- Up-to-date symlink: /home/sunrise/dev_ws/install/ackermann_msgs/share/ackermann_msgs/cmake/ackermann_msgsConfig-version.cmake
[6.782s] -- Up-to-date symlink: /home/sunrise/dev_ws/install/ackermann_msgs/share/ackermann_msgs/package.xml
[6.783s] -- Up-to-date: /home/sunrise/dev_ws/install/ackermann_msgs/lib/libackermann_msgs__rosidl_generator_c.so
[6.783s] -- Up-to-date: /home/sunrise/dev_ws/install/ackermann_msgs/lib/libackermann_msgs__rosidl_typesupport_fastrtps_c.so
[6.784s] -- Up-to-date: /home/sunrise/dev_ws/install/ackermann_msgs/lib/libackermann_msgs__rosidl_typesupport_introspection_c.so
[6.785s] -- Up-to-date: /home/sunrise/dev_ws/install/ackermann_msgs/lib/libackermann_msgs__rosidl_typesupport_c.so
[6.786s] -- Up-to-date: /home/sunrise/dev_ws/install/ackermann_msgs/lib/libackermann_msgs__rosidl_typesupport_fastrtps_cpp.so
[6.786s] -- Up-to-date: /home/sunrise/dev_ws/install/ackermann_msgs/lib/libackermann_msgs__rosidl_typesupport_introspection_cpp.so
[6.787s] -- Up-to-date: /home/sunrise/dev_ws/install/ackermann_msgs/lib/libackermann_msgs__rosidl_typesupport_cpp.so
[7.081s] Listing '/home/sunrise/dev_ws/install/ackermann_msgs/local/lib/python3.10/dist-packages/ackermann_msgs'...
[7.083s] Listing '/home/sunrise/dev_ws/install/ackermann_msgs/local/lib/python3.10/dist-packages/ackermann_msgs/msg'...
[7.142s] -- Up-to-date: /home/sunrise/dev_ws/install/ackermann_msgs/lib/libackermann_msgs__rosidl_generator_py.so
[7.144s] -- Up-to-date: /home/sunrise/dev_ws/install/ackermann_msgs/share/ackermann_msgs/cmake/export_ackermann_msgs__rosidl_generator_cExport.cmake
[7.145s] -- Up-to-date: /home/sunrise/dev_ws/install/ackermann_msgs/share/ackermann_msgs/cmake/export_ackermann_msgs__rosidl_generator_cExport-noconfig.cmake
[7.145s] -- Up-to-date: /home/sunrise/dev_ws/install/ackermann_msgs/share/ackermann_msgs/cmake/export_ackermann_msgs__rosidl_typesupport_fastrtps_cExport.cmake
[7.146s] -- Up-to-date: /home/sunrise/dev_ws/install/ackermann_msgs/share/ackermann_msgs/cmake/export_ackermann_msgs__rosidl_typesupport_fastrtps_cExport-noconfig.cmake
[7.147s] -- Up-to-date: /home/sunrise/dev_ws/install/ackermann_msgs/share/ackermann_msgs/cmake/ackermann_msgs__rosidl_typesupport_introspection_cExport.cmake
[7.148s] -- Up-to-date: /home/sunrise/dev_ws/install/ackermann_msgs/share/ackermann_msgs/cmake/ackermann_msgs__rosidl_typesupport_introspection_cExport-noconfig.cmake
[7.149s] -- Up-to-date: /home/sunrise/dev_ws/install/ackermann_msgs/share/ackermann_msgs/cmake/ackermann_msgs__rosidl_typesupport_cExport.cmake
[7.150s] -- Up-to-date: /home/sunrise/dev_ws/install/ackermann_msgs/share/ackermann_msgs/cmake/ackermann_msgs__rosidl_typesupport_cExport-noconfig.cmake
[7.151s] -- Up-to-date: /home/sunrise/dev_ws/install/ackermann_msgs/share/ackermann_msgs/cmake/export_ackermann_msgs__rosidl_generator_cppExport.cmake
[7.152s] -- Up-to-date: /home/sunrise/dev_ws/install/ackermann_msgs/share/ackermann_msgs/cmake/export_ackermann_msgs__rosidl_typesupport_fastrtps_cppExport.cmake
[7.153s] -- Up-to-date: /home/sunrise/dev_ws/install/ackermann_msgs/share/ackermann_msgs/cmake/export_ackermann_msgs__rosidl_typesupport_fastrtps_cppExport-noconfig.cmake
[7.154s] -- Up-to-date: /home/sunrise/dev_ws/install/ackermann_msgs/share/ackermann_msgs/cmake/ackermann_msgs__rosidl_typesupport_introspection_cppExport.cmake
[7.155s] -- Up-to-date: /home/sunrise/dev_ws/install/ackermann_msgs/share/ackermann_msgs/cmake/ackermann_msgs__rosidl_typesupport_introspection_cppExport-noconfig.cmake
[7.155s] -- Up-to-date: /home/sunrise/dev_ws/install/ackermann_msgs/share/ackermann_msgs/cmake/ackermann_msgs__rosidl_typesupport_cppExport.cmake
[7.156s] -- Up-to-date: /home/sunrise/dev_ws/install/ackermann_msgs/share/ackermann_msgs/cmake/ackermann_msgs__rosidl_typesupport_cppExport-noconfig.cmake
[7.157s] -- Up-to-date: /home/sunrise/dev_ws/install/ackermann_msgs/share/ackermann_msgs/cmake/export_ackermann_msgs__rosidl_generator_pyExport.cmake
[7.158s] -- Up-to-date: /home/sunrise/dev_ws/install/ackermann_msgs/share/ackermann_msgs/cmake/export_ackermann_msgs__rosidl_generator_pyExport-noconfig.cmake
[7.308s] Invoked command in '/home/sunrise/dev_ws/build/ackermann_msgs' returned '0': CMAKE_PREFIX_PATH=${CMAKE_PREFIX_PATH}:/home/sunrise/dev_ws/install/simple_avoidance:/home/sunrise/dev_ws/install/racing_stage2_param_test:/home/sunrise/dev_ws/install/racing_vision_ai:/home/sunrise/dev_ws/install/racing_stage3_param_test:/home/sunrise/dev_ws/install/racing_bringup:/home/sunrise/dev_ws/install/racing_stage3:/home/sunrise/dev_ws/install/line_follower_pkg:/home/sunrise/dev_ws/install/racing_stage2:/home/sunrise/dev_ws/install/racing_stage1:/home/sunrise/dev_ws/install/qr_scanner:/home/sunrise/dev_ws/install/bno055:/opt/tros/humble:/opt/ros/humble /usr/bin/cmake --install /home/sunrise/dev_ws/build/ackermann_msgs
