[0.000000] (-) TimerEvent: {}
[0.000452] (-) JobUnselected: {'identifier': 'ackermann_msgs'}
[0.001166] (-) JobUnselected: {'identifier': 'bno055'}
[0.002289] (-) JobUnselected: {'identifier': 'line_follower_pkg'}
[0.003153] (-) JobUnselected: {'identifier': 'lslidar_driver'}
[0.003991] (-) JobUnselected: {'identifier': 'lslidar_msgs'}
[0.004227] (-) JobUnselected: {'identifier': 'origincar_base'}
[0.004419] (-) JobUnselected: {'identifier': 'origincar_bringup'}
[0.004606] (-) JobUnselected: {'identifier': 'origincar_description'}
[0.004793] (-) JobUnselected: {'identifier': 'origincar_msg'}
[0.004983] (-) JobUnselected: {'identifier': 'qr_scanner'}
[0.005172] (-) JobUnselected: {'identifier': 'racing_bringup'}
[0.005357] (-) JobUnselected: {'identifier': 'racing_stage1'}
[0.005545] (-) JobUnselected: {'identifier': 'racing_stage2'}
[0.005729] (-) JobUnselected: {'identifier': 'racing_stage3'}
[0.005915] (-) JobUnselected: {'identifier': 'racing_stage3_param_test'}
[0.006103] (-) JobUnselected: {'identifier': 'racing_vision_ai'}
[0.006289] (-) JobUnselected: {'identifier': 'serial'}
[0.006475] (-) JobUnselected: {'identifier': 'simple_avoidance'}
[0.006662] (-) JobUnselected: {'identifier': 'utils'}
[0.006852] (-) JobUnselected: {'identifier': 'voice_driver'}
[0.007051] (racing_stage2_param_test) JobQueued: {'identifier': 'racing_stage2_param_test', 'dependencies': OrderedDict([('ackermann_msgs', '/home/sunrise/dev_ws/install/ackermann_msgs'), ('bno055', '/home/sunrise/dev_ws/install/bno055'), ('lslidar_msgs', '/home/sunrise/dev_ws/install/lslidar_msgs'), ('origincar_bringup', '/home/sunrise/dev_ws/install/origincar_bringup'), ('origincar_description', '/home/sunrise/dev_ws/install/origincar_description'), ('origincar_msg', '/home/sunrise/dev_ws/install/origincar_msg'), ('qr_scanner', '/home/sunrise/dev_ws/install/qr_scanner'), ('serial', '/home/sunrise/dev_ws/install/serial'), ('lslidar_driver', '/home/sunrise/dev_ws/install/lslidar_driver'), ('origincar_base', '/home/sunrise/dev_ws/install/origincar_base'), ('racing_stage1', '/home/sunrise/dev_ws/install/racing_stage1'), ('racing_stage2', '/home/sunrise/dev_ws/install/racing_stage2')])}
[0.007409] (racing_stage2_param_test) JobStarted: {'identifier': 'racing_stage2_param_test'}
[0.098632] (-) TimerEvent: {}
[0.199132] (-) TimerEvent: {}
[0.299628] (-) TimerEvent: {}
[0.400088] (-) TimerEvent: {}
[0.500559] (-) TimerEvent: {}
[0.601044] (-) TimerEvent: {}
[0.701503] (-) TimerEvent: {}
[0.802000] (-) TimerEvent: {}
[0.902492] (-) TimerEvent: {}
[1.002960] (-) TimerEvent: {}
[1.103413] (-) TimerEvent: {}
[1.203860] (-) TimerEvent: {}
[1.304327] (-) TimerEvent: {}
[1.404782] (-) TimerEvent: {}
[1.505235] (-) TimerEvent: {}
[1.605687] (-) TimerEvent: {}
[1.706138] (-) TimerEvent: {}
[1.806592] (-) TimerEvent: {}
[1.907041] (-) TimerEvent: {}
[2.007547] (-) TimerEvent: {}
[2.108095] (-) TimerEvent: {}
[2.208625] (-) TimerEvent: {}
[2.309117] (-) TimerEvent: {}
[2.409634] (-) TimerEvent: {}
[2.510104] (-) TimerEvent: {}
[2.610597] (-) TimerEvent: {}
[2.711093] (-) TimerEvent: {}
[2.811564] (-) TimerEvent: {}
[2.912046] (-) TimerEvent: {}
[3.012558] (-) TimerEvent: {}
[3.113033] (-) TimerEvent: {}
[3.213499] (-) TimerEvent: {}
[3.313981] (-) TimerEvent: {}
[3.414457] (-) TimerEvent: {}
[3.514920] (-) TimerEvent: {}
[3.615390] (-) TimerEvent: {}
[3.715854] (-) TimerEvent: {}
[3.816324] (-) TimerEvent: {}
[3.916837] (-) TimerEvent: {}
[4.017333] (-) TimerEvent: {}
[4.117824] (-) TimerEvent: {}
[4.218321] (-) TimerEvent: {}
[4.318802] (-) TimerEvent: {}
[4.419277] (-) TimerEvent: {}
[4.519813] (-) TimerEvent: {}
[4.620353] (-) TimerEvent: {}
[4.720904] (-) TimerEvent: {}
[4.821449] (-) TimerEvent: {}
[4.891577] (racing_stage2_param_test) Command: {'cmd': ['/usr/bin/python3', '-W', 'ignore:setup.py install is deprecated', '-W', 'ignore:easy_install command is deprecated', 'setup.py', 'develop', '--editable', '--build-directory', '/home/sunrise/dev_ws/build/racing_stage2_param_test/build', '--no-deps', 'symlink_data'], 'cwd': '/home/sunrise/dev_ws/build/racing_stage2_param_test', 'env': {'VSCODE_CWD': '/home/sunrise', 'VSCODE_ESM_ENTRYPOINT': 'vs/workbench/api/node/extensionHostProcess', 'LANGUAGE': 'en_US.UTF-8', 'USER': 'sunrise', 'SSH_CLIENT': '10.14.117.1 2504 22', 'VSCODE_NLS_CONFIG': '{"userLocale":"en","osLocale":"en","resolvedLanguage":"en","defaultMessagesFile":"/home/sunrise/.cursor-server/bin/linux-arm64/81fcf2931d7687b4ff3f3017858d0c6dee7e2a60/out/nls.messages.json","locale":"en","availableLanguages":{}}', 'VSCODE_HANDLES_UNCAUGHT_ERRORS': 'true', 'XDG_SESSION_TYPE': 'tty', 'SHLVL': '1', 'LD_LIBRARY_PATH': '/home/sunrise/dev_ws/install/origincar_base/lib:/home/sunrise/dev_ws/install/origincar_msg/lib:/home/sunrise/dev_ws/install/lslidar_msgs/lib:/home/sunrise/dev_ws/install/ackermann_msgs/lib:/usr/hobot/lib:/app/lib:/app/pub/lib:/middleware/lib:/middleware/pub/lib:/usr/hobot/lib/sensor:/system/lib:/system/usr/lib:/lib:/home/sunrise/dev_ws/install/voice_driver/lib:/home/sunrise/dev_ws/install/serial/lib:/opt/tros/humble/lib/aarch64-linux-gnu:/opt/tros/humble/lib:/opt/ros/humble/opt/rviz_ogre_vendor/lib:/opt/ros/humble/lib/aarch64-linux-gnu:/opt/ros/humble/lib:/usr/hobot/lib:/app/lib:/app/pub/lib:/middleware/lib:/middleware/pub/lib:/usr/hobot/lib/sensor:/system/lib:/system/usr/lib:/lib:/usr/hobot/lib:/app/lib:/app/pub/lib:/middleware/lib:/middleware/pub/lib:/usr/hobot/lib/sensor:/system/lib:/system/usr/lib:/lib', 'BROWSER': '/home/sunrise/.cursor-server/bin/linux-arm64/81fcf2931d7687b4ff3f3017858d0c6dee7e2a60/bin/helpers/browser.sh', 'MOTD_SHOWN': 'pam', 'HOME': '/home/sunrise', 'OLDPWD': '/home/sunrise/dev_ws', 'VSCODE_IPC_HOOK_CLI': '/run/user/1000/vscode-ipc-3386dc89-c75e-4b34-9e1a-8eb8b195c53e.sock', 'ROS_PYTHON_VERSION': '3', 'NO_COLOR': '1', 'DBUS_SESSION_BUS_ADDRESS': 'unix:path=/run/user/1000/bus', 'TROS_DISTRO': 'humble', 'VSCODE_L10N_BUNDLE_LOCATION': '', 'COLCON_PREFIX_PATH': '/home/sunrise/dev_ws/install', 'ROS_DISTRO': 'humble', 'OVSX_REGISTRY_URL': 'https://open-vsx.org', 'LOGNAME': 'sunrise', 'FORCE_COLOR': '0', 'VSCODE_HANDLES_SIGPIPE': 'true', '_': '/usr/bin/colcon', 'ROS_VERSION': '2', 'CURSOR_LAYOUT': 'unifiedAgent', 'XDG_SESSION_CLASS': 'user', 'TERM': 'dumb', 'XDG_SESSION_ID': '2', 'ROS_LOCALHOST_ONLY': '0', 'PATH': '/home/sunrise/.local/bin:/usr/hobot/bin/:/home/sunrise/.cursor-server/bin/linux-arm64/81fcf2931d7687b4ff3f3017858d0c6dee7e2a60:/home/sunrise/.cursor-server/bin/linux-arm64/81fcf2931d7687b4ff3f3017858d0c6dee7e2a60/bin/remote-cli:/home/sunrise/.local/bin:/opt/tros/humble/bin:/opt/ros/humble/bin:/usr/hobot/bin/:/home/sunrise/.cursor-server/bin/linux-arm64/81fcf2931d7687b4ff3f3017858d0c6dee7e2a60/bin/remote-cli:/home/sunrise/.local/bin:/usr/hobot/bin/:/usr/local/sbin:/usr/local/bin:/usr/sbin:/usr/bin:/sbin:/bin:/usr/games:/usr/local/games:/snap/bin', 'VSCODE_AGENT_FOLDER': '/home/sunrise/.cursor-server', 'XDG_RUNTIME_DIR': '/run/user/1000', 'CURSOR_AGENT': '1', 'LANG': 'en_US.UTF-8', 'LS_COLORS': '', 'AMENT_PREFIX_PATH': '/home/sunrise/dev_ws/install/racing_stage2:/home/sunrise/dev_ws/install/racing_stage1:/home/sunrise/dev_ws/install/qr_scanner:/home/sunrise/dev_ws/install/bno055:/home/sunrise/dev_ws/install/voice_driver:/home/sunrise/dev_ws/install/utils:/home/sunrise/dev_ws/install/simple_avoidance:/home/sunrise/dev_ws/install/racing_stage2_param_test:/home/sunrise/dev_ws/install/origincar_base:/home/sunrise/dev_ws/install/serial:/home/sunrise/dev_ws/install/racing_vision_ai:/home/sunrise/dev_ws/install/racing_stage3_param_test:/home/sunrise/dev_ws/install/racing_bringup:/home/sunrise/dev_ws/install/racing_stage3:/home/sunrise/dev_ws/install/origincar_msg:/home/sunrise/dev_ws/install/origincar_description:/home/sunrise/dev_ws/install/origincar_bringup:/home/sunrise/dev_ws/install/lslidar_driver:/home/sunrise/dev_ws/install/lslidar_msgs:/home/sunrise/dev_ws/install/line_follower_pkg:/home/sunrise/dev_ws/install/ackermann_msgs:/opt/tros/humble:/opt/ros/humble', 'SHELL': '/bin/bash', 'VSCODE_SERVER_SHUTDOWN_TIMEOUT': '300', 'PWD': '/home/sunrise/dev_ws/build/racing_stage2_param_test', 'SSH_CONNECTION': '10.14.117.1 2504 10.14.117.8 22', 'PYTHONPATH': '/home/sunrise/dev_ws/build/racing_stage2_param_test/prefix_override:/usr/lib/python3/dist-packages/colcon_core/task/python/colcon_distutils_commands:/home/sunrise/dev_ws/install/racing_stage2_param_test/lib/python3.10/site-packages:/home/sunrise/dev_ws/build/racing_stage2:/home/sunrise/dev_ws/install/racing_stage2/lib/python3.10/site-packages:/home/sunrise/dev_ws/build/racing_stage1:/home/sunrise/dev_ws/install/racing_stage1/lib/python3.10/site-packages:/home/sunrise/dev_ws/build/qr_scanner:/home/sunrise/dev_ws/install/qr_scanner/lib/python3.10/site-packages:/home/sunrise/dev_ws/build/bno055:/home/sunrise/dev_ws/install/bno055/lib/python3.10/site-packages:/home/sunrise/dev_ws/install/voice_driver/local/lib/python3.10/dist-packages:/home/sunrise/dev_ws/build/simple_avoidance:/home/sunrise/dev_ws/install/simple_avoidance/lib/python3.10/site-packages:/home/sunrise/dev_ws/build/racing_stage2_param_test:/home/sunrise/dev_ws/install/racing_stage2_param_test/lib/python3.10/site-packages:/home/sunrise/dev_ws/install/origincar_base/local/lib/python3.10/dist-packages:/home/sunrise/dev_ws/build/racing_vision_ai:/home/sunrise/dev_ws/install/racing_vision_ai/lib/python3.10/site-packages:/home/sunrise/dev_ws/build/racing_stage3_param_test:/home/sunrise/dev_ws/install/racing_stage3_param_test/lib/python3.10/site-packages:/home/sunrise/dev_ws/build/racing_bringup:/home/sunrise/dev_ws/install/racing_bringup/lib/python3.10/site-packages:/home/sunrise/dev_ws/build/racing_stage3:/home/sunrise/dev_ws/install/racing_stage3/lib/python3.10/site-packages:/home/sunrise/dev_ws/install/origincar_msg/local/lib/python3.10/dist-packages:/home/sunrise/dev_ws/install/lslidar_msgs/local/lib/python3.10/dist-packages:/home/sunrise/dev_ws/build/line_follower_pkg:/home/sunrise/dev_ws/install/line_follower_pkg/lib/python3.10/site-packages:/home/sunrise/dev_ws/install/ackermann_msgs/local/lib/python3.10/dist-packages:/opt/tros/humble/lib/python3.10/site-packages:/opt/tros/humble/local/lib/python3.10/dist-packages:/opt/ros/humble/lib/python3.10/site-packages:/opt/ros/humble/local/lib/python3.10/dist-packages', 'COLCON': '1', '_ZO_DOCTOR': '0', 'CMAKE_PREFIX_PATH': '/home/sunrise/dev_ws/install/origincar_base:/home/sunrise/dev_ws/install/lslidar_driver:/home/sunrise/dev_ws/install/serial:/home/sunrise/dev_ws/install/origincar_msg:/home/sunrise/dev_ws/install/origincar_description:/home/sunrise/dev_ws/install/origincar_bringup:/home/sunrise/dev_ws/install/lslidar_msgs:/home/sunrise/dev_ws/install/ackermann_msgs:/home/sunrise/dev_ws/install/voice_driver:/home/sunrise/dev_ws/install/utils'}, 'shell': False}
[4.921623] (-) TimerEvent: {}
[5.022074] (-) TimerEvent: {}
[5.122549] (-) TimerEvent: {}
[5.222991] (-) TimerEvent: {}
[5.323419] (-) TimerEvent: {}
[5.423843] (-) TimerEvent: {}
[5.524274] (-) TimerEvent: {}
[5.624706] (-) TimerEvent: {}
[5.725139] (-) TimerEvent: {}
[5.825562] (-) TimerEvent: {}
[5.926020] (-) TimerEvent: {}
[6.026498] (-) TimerEvent: {}
[6.126964] (-) TimerEvent: {}
[6.227433] (-) TimerEvent: {}
[6.327894] (-) TimerEvent: {}
[6.428363] (-) TimerEvent: {}
[6.528839] (-) TimerEvent: {}
[6.629306] (-) TimerEvent: {}
[6.729777] (-) TimerEvent: {}
[6.830248] (-) TimerEvent: {}
[6.895532] (racing_stage2_param_test) StdoutLine: {'line': b'running develop\n'}
[6.930381] (-) TimerEvent: {}
[7.030826] (-) TimerEvent: {}
[7.131296] (-) TimerEvent: {}
[7.231766] (-) TimerEvent: {}
[7.332253] (-) TimerEvent: {}
[7.432755] (-) TimerEvent: {}
[7.533233] (-) TimerEvent: {}
[7.633727] (-) TimerEvent: {}
[7.734204] (-) TimerEvent: {}
[7.834688] (-) TimerEvent: {}
[7.935174] (-) TimerEvent: {}
[8.035689] (-) TimerEvent: {}
[8.136173] (-) TimerEvent: {}
[8.157008] (racing_stage2_param_test) StdoutLine: {'line': b'running egg_info\n'}
[8.158176] (racing_stage2_param_test) StdoutLine: {'line': b'writing racing_stage2_param_test.egg-info/PKG-INFO\n'}
[8.159432] (racing_stage2_param_test) StdoutLine: {'line': b'writing dependency_links to racing_stage2_param_test.egg-info/dependency_links.txt\n'}
[8.160656] (racing_stage2_param_test) StdoutLine: {'line': b'writing entry points to racing_stage2_param_test.egg-info/entry_points.txt\n'}
[8.161529] (racing_stage2_param_test) StdoutLine: {'line': b'writing requirements to racing_stage2_param_test.egg-info/requires.txt\n'}
[8.162486] (racing_stage2_param_test) StdoutLine: {'line': b'writing top-level names to racing_stage2_param_test.egg-info/top_level.txt\n'}
[8.174199] (racing_stage2_param_test) StdoutLine: {'line': b"reading manifest file 'racing_stage2_param_test.egg-info/SOURCES.txt'\n"}
[8.179132] (racing_stage2_param_test) StdoutLine: {'line': b"writing manifest file 'racing_stage2_param_test.egg-info/SOURCES.txt'\n"}
[8.190549] (racing_stage2_param_test) StdoutLine: {'line': b'running build_ext\n'}
[8.191915] (racing_stage2_param_test) StdoutLine: {'line': b'Creating /home/sunrise/dev_ws/install/racing_stage2_param_test/lib/python3.10/site-packages/racing-stage2-param-test.egg-link (link to .)\n'}
[8.196878] (racing_stage2_param_test) StdoutLine: {'line': b'Installing avoidance_straight_tester script to /home/sunrise/dev_ws/install/racing_stage2_param_test/lib/racing_stage2_param_test\n'}
[8.197919] (racing_stage2_param_test) StdoutLine: {'line': b'Installing camera_video_recorder script to /home/sunrise/dev_ws/install/racing_stage2_param_test/lib/racing_stage2_param_test\n'}
[8.198886] (racing_stage2_param_test) StdoutLine: {'line': b'Installing direct_inertial_tester script to /home/sunrise/dev_ws/install/racing_stage2_param_test/lib/racing_stage2_param_test\n'}
[8.199894] (racing_stage2_param_test) StdoutLine: {'line': b'Installing twist_cmd_relay script to /home/sunrise/dev_ws/install/racing_stage2_param_test/lib/racing_stage2_param_test\n'}
[8.201269] (racing_stage2_param_test) StdoutLine: {'line': b'\n'}
[8.201852] (racing_stage2_param_test) StdoutLine: {'line': b'Installed /home/sunrise/dev_ws/build/racing_stage2_param_test\n'}
[8.202378] (racing_stage2_param_test) StdoutLine: {'line': b'running symlink_data\n'}
[8.236361] (-) TimerEvent: {}
[8.336871] (-) TimerEvent: {}
[8.437348] (-) TimerEvent: {}
[8.450918] (racing_stage2_param_test) CommandEnded: {'returncode': 0}
[8.537591] (-) TimerEvent: {}
[8.557413] (racing_stage2_param_test) JobEnded: {'identifier': 'racing_stage2_param_test', 'rc': 0}
[8.560613] (-) EventReactorShutdown: {}
