[0.000000] (-) TimerEvent: {}
[0.000291] (-) JobUnselected: {'identifier': 'ackermann_msgs'}
[0.000508] (-) JobUnselected: {'identifier': 'bno055'}
[0.000700] (-) JobUnselected: {'identifier': 'line_follower_pkg'}
[0.000889] (-) JobUnselected: {'identifier': 'lslidar_driver'}
[0.001103] (-) JobUnselected: {'identifier': 'lslidar_msgs'}
[0.001369] (-) JobUnselected: {'identifier': 'origincar_base'}
[0.001735] (-) JobUnselected: {'identifier': 'origincar_bringup'}
[0.001912] (-) JobUnselected: {'identifier': 'origincar_description'}
[0.002089] (-) JobUnselected: {'identifier': 'origincar_msg'}
[0.002212] (-) JobUnselected: {'identifier': 'qr_scanner'}
[0.002356] (-) JobUnselected: {'identifier': 'racing_bringup'}
[0.002692] (-) JobUnselected: {'identifier': 'racing_stage1'}
[0.002917] (-) JobUnselected: {'identifier': 'racing_stage2'}
[0.003056] (-) JobUnselected: {'identifier': 'racing_stage3'}
[0.003175] (-) JobUnselected: {'identifier': 'racing_stage3_param_test'}
[0.003294] (-) JobUnselected: {'identifier': 'racing_vision_ai'}
[0.003548] (-) JobUnselected: {'identifier': 'serial'}
[0.003851] (-) JobUnselected: {'identifier': 'simple_avoidance'}
[0.004016] (-) JobUnselected: {'identifier': 'utils'}
[0.004144] (-) JobUnselected: {'identifier': 'voice_driver'}
[0.004276] (racing_stage2_param_test) JobQueued: {'identifier': 'racing_stage2_param_test', 'dependencies': OrderedDict([('ackermann_msgs', '/home/sunrise/dev_ws/install/ackermann_msgs'), ('bno055', '/home/sunrise/dev_ws/install/bno055'), ('lslidar_msgs', '/home/sunrise/dev_ws/install/lslidar_msgs'), ('origincar_bringup', '/home/sunrise/dev_ws/install/origincar_bringup'), ('origincar_description', '/home/sunrise/dev_ws/install/origincar_description'), ('origincar_msg', '/home/sunrise/dev_ws/install/origincar_msg'), ('qr_scanner', '/home/sunrise/dev_ws/install/qr_scanner'), ('serial', '/home/sunrise/dev_ws/install/serial'), ('lslidar_driver', '/home/sunrise/dev_ws/install/lslidar_driver'), ('origincar_base', '/home/sunrise/dev_ws/install/origincar_base'), ('racing_stage1', '/home/sunrise/dev_ws/install/racing_stage1'), ('racing_stage2', '/home/sunrise/dev_ws/install/racing_stage2')])}
[0.004487] (racing_stage2_param_test) JobStarted: {'identifier': 'racing_stage2_param_test'}
[0.095668] (-) TimerEvent: {}
[0.196211] (-) TimerEvent: {}
[0.296709] (-) TimerEvent: {}
[0.397190] (-) TimerEvent: {}
[0.497675] (-) TimerEvent: {}
[0.598162] (-) TimerEvent: {}
[0.698661] (-) TimerEvent: {}
[0.799145] (-) TimerEvent: {}
[0.899605] (-) TimerEvent: {}
[1.000084] (-) TimerEvent: {}
[1.100604] (-) TimerEvent: {}
[1.201085] (-) TimerEvent: {}
[1.301558] (-) TimerEvent: {}
[1.402022] (-) TimerEvent: {}
[1.502491] (-) TimerEvent: {}
[1.602962] (-) TimerEvent: {}
[1.703433] (-) TimerEvent: {}
[1.803912] (-) TimerEvent: {}
[1.904431] (-) TimerEvent: {}
[2.004988] (-) TimerEvent: {}
[2.105587] (-) TimerEvent: {}
[2.206096] (-) TimerEvent: {}
[2.306611] (-) TimerEvent: {}
[2.407131] (-) TimerEvent: {}
[2.507642] (-) TimerEvent: {}
[2.608187] (-) TimerEvent: {}
[2.708765] (-) TimerEvent: {}
[2.809367] (-) TimerEvent: {}
[2.909855] (-) TimerEvent: {}
[3.010289] (-) TimerEvent: {}
[3.110715] (-) TimerEvent: {}
[3.211122] (-) TimerEvent: {}
[3.311509] (-) TimerEvent: {}
[3.411903] (-) TimerEvent: {}
[3.512346] (-) TimerEvent: {}
[3.612765] (-) TimerEvent: {}
[3.713162] (-) TimerEvent: {}
[3.813579] (-) TimerEvent: {}
[3.913995] (-) TimerEvent: {}
[4.014449] (-) TimerEvent: {}
[4.114915] (-) TimerEvent: {}
[4.215430] (-) TimerEvent: {}
[4.315906] (-) TimerEvent: {}
[4.416427] (-) TimerEvent: {}
[4.517010] (-) TimerEvent: {}
[4.617541] (-) TimerEvent: {}
[4.637938] (racing_stage2_param_test) Command: {'cmd': ['/usr/bin/python3', '-W', 'ignore:setup.py install is deprecated', '-W', 'ignore:easy_install command is deprecated', 'setup.py', 'develop', '--editable', '--build-directory', '/home/sunrise/dev_ws/build/racing_stage2_param_test/build', '--no-deps', 'symlink_data'], 'cwd': '/home/sunrise/dev_ws/build/racing_stage2_param_test', 'env': {'LANGUAGE': 'en_US.UTF-8', 'USER': 'sunrise', 'SSH_CLIENT': '10.147.109.1 52398 22', 'XDG_SESSION_TYPE': 'tty', 'SHLVL': '1', 'LD_LIBRARY_PATH': '/home/sunrise/dev_ws/install/origincar_base/lib:/home/sunrise/dev_ws/install/serial/lib:/home/sunrise/dev_ws/install/origincar_msg/lib:/home/sunrise/dev_ws/install/lslidar_msgs/lib:/home/sunrise/dev_ws/install/ackermann_msgs/lib:/opt/ros/humble/opt/rviz_ogre_vendor/lib:/opt/ros/humble/lib/aarch64-linux-gnu:/opt/ros/humble/lib', 'MOTD_SHOWN': 'pam', 'HOME': '/home/sunrise', 'OLDPWD': '/home/sunrise', 'ROS_PYTHON_VERSION': '3', 'DBUS_SESSION_BUS_ADDRESS': 'unix:path=/run/user/1000/bus', 'ROS_DISTRO': 'humble', 'LOGNAME': 'sunrise', '_': '/usr/bin/colcon', 'ROS_VERSION': '2', 'XDG_SESSION_CLASS': 'user', 'XDG_SESSION_ID': '157', 'ROS_LOCALHOST_ONLY': '0', 'PATH': '/opt/ros/humble/bin:/usr/local/sbin:/usr/local/bin:/usr/sbin:/usr/bin:/sbin:/bin:/usr/games:/usr/local/games:/snap/bin', 'XDG_RUNTIME_DIR': '/run/user/1000', 'LANG': 'en_US.UTF-8', 'AMENT_PREFIX_PATH': '/home/sunrise/dev_ws/install/racing_stage2:/home/sunrise/dev_ws/install/racing_stage1:/home/sunrise/dev_ws/install/origincar_base:/home/sunrise/dev_ws/install/lslidar_driver:/home/sunrise/dev_ws/install/serial:/home/sunrise/dev_ws/install/qr_scanner:/home/sunrise/dev_ws/install/origincar_msg:/home/sunrise/dev_ws/install/origincar_description:/home/sunrise/dev_ws/install/origincar_bringup:/home/sunrise/dev_ws/install/lslidar_msgs:/home/sunrise/dev_ws/install/bno055:/home/sunrise/dev_ws/install/ackermann_msgs:/opt/ros/humble', 'SHELL': '/bin/bash', 'PWD': '/home/sunrise/dev_ws/build/racing_stage2_param_test', 'SSH_CONNECTION': '10.147.109.1 52398 10.147.109.8 22', 'PYTHONPATH': '/home/sunrise/dev_ws/build/racing_stage2_param_test/prefix_override:/usr/lib/python3/dist-packages/colcon_core/task/python/colcon_distutils_commands:/home/sunrise/dev_ws/install/racing_stage2_param_test/lib/python3.10/site-packages:/home/sunrise/dev_ws/build/racing_stage2:/home/sunrise/dev_ws/install/racing_stage2/lib/python3.10/site-packages:/home/sunrise/dev_ws/build/racing_stage1:/home/sunrise/dev_ws/install/racing_stage1/lib/python3.10/site-packages:/home/sunrise/dev_ws/install/origincar_base/local/lib/python3.10/dist-packages:/home/sunrise/dev_ws/build/qr_scanner:/home/sunrise/dev_ws/install/qr_scanner/lib/python3.10/site-packages:/home/sunrise/dev_ws/install/origincar_msg/local/lib/python3.10/dist-packages:/home/sunrise/dev_ws/install/lslidar_msgs/local/lib/python3.10/dist-packages:/home/sunrise/dev_ws/build/bno055:/home/sunrise/dev_ws/install/bno055/lib/python3.10/site-packages:/home/sunrise/dev_ws/install/ackermann_msgs/local/lib/python3.10/dist-packages:/opt/ros/humble/lib/python3.10/site-packages:/opt/ros/humble/local/lib/python3.10/dist-packages', 'COLCON': '1', 'CMAKE_PREFIX_PATH': '/home/sunrise/dev_ws/install/origincar_base:/home/sunrise/dev_ws/install/lslidar_driver:/home/sunrise/dev_ws/install/serial:/home/sunrise/dev_ws/install/origincar_msg:/home/sunrise/dev_ws/install/origincar_description:/home/sunrise/dev_ws/install/origincar_bringup:/home/sunrise/dev_ws/install/lslidar_msgs:/home/sunrise/dev_ws/install/ackermann_msgs'}, 'shell': False}
[4.717729] (-) TimerEvent: {}
[4.818193] (-) TimerEvent: {}
[4.918613] (-) TimerEvent: {}
[5.019076] (-) TimerEvent: {}
[5.119566] (-) TimerEvent: {}
[5.219965] (-) TimerEvent: {}
[5.320391] (-) TimerEvent: {}
[5.420818] (-) TimerEvent: {}
[5.521244] (-) TimerEvent: {}
[5.621680] (-) TimerEvent: {}
[5.722132] (-) TimerEvent: {}
[5.822588] (-) TimerEvent: {}
[5.923047] (-) TimerEvent: {}
[6.023512] (-) TimerEvent: {}
[6.123974] (-) TimerEvent: {}
[6.224395] (-) TimerEvent: {}
[6.324848] (-) TimerEvent: {}
[6.356689] (racing_stage2_param_test) StdoutLine: {'line': b'running develop\n'}
[6.425022] (-) TimerEvent: {}
[6.525497] (-) TimerEvent: {}
[6.625921] (-) TimerEvent: {}
[6.726340] (-) TimerEvent: {}
[6.826786] (-) TimerEvent: {}
[6.927225] (-) TimerEvent: {}
[7.027664] (-) TimerEvent: {}
[7.128121] (-) TimerEvent: {}
[7.228567] (-) TimerEvent: {}
[7.329097] (-) TimerEvent: {}
[7.429550] (-) TimerEvent: {}
[7.448047] (racing_stage2_param_test) StdoutLine: {'line': b'running egg_info\n'}
[7.448807] (racing_stage2_param_test) StdoutLine: {'line': b'creating racing_stage2_param_test.egg-info\n'}
[7.449649] (racing_stage2_param_test) StdoutLine: {'line': b'writing racing_stage2_param_test.egg-info/PKG-INFO\n'}
[7.450494] (racing_stage2_param_test) StdoutLine: {'line': b'writing dependency_links to racing_stage2_param_test.egg-info/dependency_links.txt\n'}
[7.451495] (racing_stage2_param_test) StdoutLine: {'line': b'writing entry points to racing_stage2_param_test.egg-info/entry_points.txt\n'}
[7.452575] (racing_stage2_param_test) StdoutLine: {'line': b'writing requirements to racing_stage2_param_test.egg-info/requires.txt\n'}
[7.453075] (racing_stage2_param_test) StdoutLine: {'line': b'writing top-level names to racing_stage2_param_test.egg-info/top_level.txt\n'}
[7.453872] (racing_stage2_param_test) StdoutLine: {'line': b"writing manifest file 'racing_stage2_param_test.egg-info/SOURCES.txt'\n"}
[7.464895] (racing_stage2_param_test) StdoutLine: {'line': b"reading manifest file 'racing_stage2_param_test.egg-info/SOURCES.txt'\n"}
[7.469255] (racing_stage2_param_test) StdoutLine: {'line': b"writing manifest file 'racing_stage2_param_test.egg-info/SOURCES.txt'\n"}
[7.478539] (racing_stage2_param_test) StdoutLine: {'line': b'running build_ext\n'}
[7.479798] (racing_stage2_param_test) StdoutLine: {'line': b'Creating /home/sunrise/dev_ws/install/racing_stage2_param_test/lib/python3.10/site-packages/racing-stage2-param-test.egg-link (link to .)\n'}
[7.484203] (racing_stage2_param_test) StdoutLine: {'line': b'Installing avoidance_straight_tester script to /home/sunrise/dev_ws/install/racing_stage2_param_test/lib/racing_stage2_param_test\n'}
[7.485398] (racing_stage2_param_test) StdoutLine: {'line': b'Installing camera_video_recorder script to /home/sunrise/dev_ws/install/racing_stage2_param_test/lib/racing_stage2_param_test\n'}
[7.487025] (racing_stage2_param_test) StdoutLine: {'line': b'Installing data_recorder script to /home/sunrise/dev_ws/install/racing_stage2_param_test/lib/racing_stage2_param_test\n'}
[7.488177] (racing_stage2_param_test) StdoutLine: {'line': b'Installing direct_inertial_tester script to /home/sunrise/dev_ws/install/racing_stage2_param_test/lib/racing_stage2_param_test\n'}
[7.489023] (racing_stage2_param_test) StdoutLine: {'line': b'Installing lane_follow script to /home/sunrise/dev_ws/install/racing_stage2_param_test/lib/racing_stage2_param_test\n'}
[7.490144] (racing_stage2_param_test) StdoutLine: {'line': b'Installing pure_vision_controller script to /home/sunrise/dev_ws/install/racing_stage2_param_test/lib/racing_stage2_param_test\n'}
[7.491834] (racing_stage2_param_test) StdoutLine: {'line': b'Installing twist_cmd_relay script to /home/sunrise/dev_ws/install/racing_stage2_param_test/lib/racing_stage2_param_test\n'}
[7.493384] (racing_stage2_param_test) StdoutLine: {'line': b'Installing vision_inertial_tester script to /home/sunrise/dev_ws/install/racing_stage2_param_test/lib/racing_stage2_param_test\n'}
[7.495158] (racing_stage2_param_test) StdoutLine: {'line': b'\n'}
[7.496591] (racing_stage2_param_test) StdoutLine: {'line': b'Installed /home/sunrise/dev_ws/build/racing_stage2_param_test\n'}
[7.497227] (racing_stage2_param_test) StdoutLine: {'line': b'running symlink_data\n'}
[7.497812] (racing_stage2_param_test) StdoutLine: {'line': b'creating /home/sunrise/dev_ws/install/racing_stage2_param_test/share/ament_index\n'}
[7.498381] (racing_stage2_param_test) StdoutLine: {'line': b'creating /home/sunrise/dev_ws/install/racing_stage2_param_test/share/ament_index/resource_index\n'}
[7.498938] (racing_stage2_param_test) StdoutLine: {'line': b'creating /home/sunrise/dev_ws/install/racing_stage2_param_test/share/ament_index/resource_index/packages\n'}
[7.499489] (racing_stage2_param_test) StdoutLine: {'line': b'symbolically linking /home/sunrise/dev_ws/build/racing_stage2_param_test/resource/racing_stage2_param_test -> /home/sunrise/dev_ws/install/racing_stage2_param_test/share/ament_index/resource_index/packages\n'}
[7.500032] (racing_stage2_param_test) StdoutLine: {'line': b'symbolically linking /home/sunrise/dev_ws/build/racing_stage2_param_test/package.xml -> /home/sunrise/dev_ws/install/racing_stage2_param_test/share/racing_stage2_param_test\n'}
[7.500625] (racing_stage2_param_test) StdoutLine: {'line': b'creating /home/sunrise/dev_ws/install/racing_stage2_param_test/share/racing_stage2_param_test/launch\n'}
[7.501147] (racing_stage2_param_test) StdoutLine: {'line': b'symbolically linking /home/sunrise/dev_ws/build/racing_stage2_param_test/launch/vision_inertial_test.launch.py -> /home/sunrise/dev_ws/install/racing_stage2_param_test/share/racing_stage2_param_test/launch\n'}
[7.501664] (racing_stage2_param_test) StdoutLine: {'line': b'symbolically linking /home/sunrise/dev_ws/build/racing_stage2_param_test/launch/pure_vision_test.launch.py -> /home/sunrise/dev_ws/install/racing_stage2_param_test/share/racing_stage2_param_test/launch\n'}
[7.502174] (racing_stage2_param_test) StdoutLine: {'line': b'symbolically linking /home/sunrise/dev_ws/build/racing_stage2_param_test/launch/direct_inertial_test.launch.py -> /home/sunrise/dev_ws/install/racing_stage2_param_test/share/racing_stage2_param_test/launch\n'}
[7.502674] (racing_stage2_param_test) StdoutLine: {'line': b'symbolically linking /home/sunrise/dev_ws/build/racing_stage2_param_test/launch/record.launch.py -> /home/sunrise/dev_ws/install/racing_stage2_param_test/share/racing_stage2_param_test/launch\n'}
[7.503168] (racing_stage2_param_test) StdoutLine: {'line': b'symbolically linking /home/sunrise/dev_ws/build/racing_stage2_param_test/launch/avoidance_straight_test.launch.py -> /home/sunrise/dev_ws/install/racing_stage2_param_test/share/racing_stage2_param_test/launch\n'}
[7.503660] (racing_stage2_param_test) StdoutLine: {'line': b'symbolically linking /home/sunrise/dev_ws/build/racing_stage2_param_test/launch/lane_follow_test.launch.py -> /home/sunrise/dev_ws/install/racing_stage2_param_test/share/racing_stage2_param_test/launch\n'}
[7.504148] (racing_stage2_param_test) StdoutLine: {'line': b'symbolically linking /home/sunrise/dev_ws/build/racing_stage2_param_test/launch/direct_inertial_camera_record_test.launch.py -> /home/sunrise/dev_ws/install/racing_stage2_param_test/share/racing_stage2_param_test/launch\n'}
[7.504633] (racing_stage2_param_test) StdoutLine: {'line': b'creating /home/sunrise/dev_ws/install/racing_stage2_param_test/share/racing_stage2_param_test/config\n'}
[7.505212] (racing_stage2_param_test) StdoutLine: {'line': b'symbolically linking /home/sunrise/dev_ws/build/racing_stage2_param_test/config/avoidance_straight_test.yaml -> /home/sunrise/dev_ws/install/racing_stage2_param_test/share/racing_stage2_param_test/config\n'}
[7.505746] (racing_stage2_param_test) StdoutLine: {'line': b'symbolically linking /home/sunrise/dev_ws/build/racing_stage2_param_test/config/direct_inertial_test.yaml -> /home/sunrise/dev_ws/install/racing_stage2_param_test/share/racing_stage2_param_test/config\n'}
[7.529796] (-) TimerEvent: {}
[7.630375] (-) TimerEvent: {}
[7.731083] (-) TimerEvent: {}
[7.734192] (racing_stage2_param_test) CommandEnded: {'returncode': 0}
[7.831781] (-) TimerEvent: {}
[7.833706] (racing_stage2_param_test) JobEnded: {'identifier': 'racing_stage2_param_test', 'rc': 0}
[7.836553] (-) EventReactorShutdown: {}
