[2.092s] Invoking command in '/home/sunrise/dev_ws/build/origincar_msg': CMAKE_PREFIX_PATH=${CMAKE_PREFIX_PATH}:/home/sunrise/dev_ws/install/racing_stage2:/home/sunrise/dev_ws/install/racing_stage1:/home/sunrise/dev_ws/install/qr_scanner:/home/sunrise/dev_ws/install/bno055:/opt/tros/humble:/opt/ros/humble /usr/bin/cmake /home/sunrise/dev_ws/src/origincar/origincar_msg -DAMENT_CMAKE_SYMLINK_INSTALL=1 -DCMAKE_INSTALL_PREFIX=/home/sunrise/dev_ws/install/origincar_msg
[4.742s] -- The C compiler identification is GNU 11.2.0
[4.743s] -- The CXX compiler identification is GNU 11.2.0
[4.744s] -- Detecting C compiler ABI info
[4.744s] -- Detecting C compiler ABI info - done
[4.745s] -- Check for working C compiler: /usr/bin/cc - skipped
[4.746s] -- Detecting C compile features
[4.746s] -- Detecting C compile features - done
[4.747s] -- Detecting CXX compiler ABI info
[4.748s] -- Detecting CXX compiler ABI info - done
[4.748s] -- Check for working CXX compiler: /usr/bin/c++ - skipped
[4.749s] -- Detecting CXX compile features
[4.750s] -- Detecting CXX compile features - done
[4.751s] -- Found ament_cmake: 1.3.14 (/opt/ros/humble/share/ament_cmake/cmake)
[5.190s] -- Found Python3: /usr/bin/python3 (found version "3.10.12") found components: Interpreter 
[5.757s] -- Override CMake install command with custom implementation using symlinks instead of copying resources
[5.949s] -- Found rosidl_default_generators: 1.2.1 (/opt/ros/humble/share/rosidl_default_generators/cmake)
[6.003s] -- Using all available rosidl_typesupport_c: rosidl_typesupport_fastrtps_c;rosidl_typesupport_introspection_c
[6.060s] -- Found rosidl_adapter: 3.1.8 (/opt/ros/humble/share/rosidl_adapter/cmake)
[6.365s] -- Using all available rosidl_typesupport_cpp: rosidl_typesupport_fastrtps_cpp;rosidl_typesupport_introspection_cpp
[6.642s] -- Found std_msgs: 4.9.1 (/opt/ros/humble/share/std_msgs/cmake)
[9.031s] -- Found ament_cmake_cppcheck: 0.12.15 (/opt/ros/humble/share/ament_cmake_cppcheck/cmake)
[9.044s] -- Found ament_cmake_cpplint: 0.12.15 (/opt/ros/humble/share/ament_cmake_cpplint/cmake)
[9.056s] -- Found ament_cmake_uncrustify: 0.12.15 (/opt/ros/humble/share/ament_cmake_uncrustify/cmake)
[9.072s] -- Found ament_cmake_ros: 0.10.0 (/opt/ros/humble/share/ament_cmake_ros/cmake)
[11.068s] -- Using all available rosidl_typesupport_c: rosidl_typesupport_fastrtps_c;rosidl_typesupport_introspection_c
[14.146s] -- Using all available rosidl_typesupport_cpp: rosidl_typesupport_fastrtps_cpp;rosidl_typesupport_introspection_cpp
[14.369s] -- Found PythonInterp: /usr/bin/python3 (found suitable version "3.10.12", minimum required is "3.6") 
[14.383s] -- Found python_cmake_module: 0.10.0 (/opt/ros/humble/share/python_cmake_module/cmake)
[14.598s] -- Found PythonLibs: /usr/lib/aarch64-linux-gnu/libpython3.10.so (found suitable version "3.10.12", minimum required is "3.5") 
[14.599s] -- Using PYTHON_EXECUTABLE: /usr/bin/python3
[14.600s] -- Using PYTHON_INCLUDE_DIRS: /usr/include/python3.10
[14.600s] -- Using PYTHON_LIBRARIES: /usr/lib/aarch64-linux-gnu/libpython3.10.so
[14.798s] -- Found PythonExtra: .so  
[15.225s] -- Found ament_cmake_flake8: 0.12.15 (/opt/ros/humble/share/ament_cmake_flake8/cmake)
[15.238s] -- Found ament_cmake_pep257: 0.12.15 (/opt/ros/humble/share/ament_cmake_pep257/cmake)
[15.856s] -- Configuring done
[16.062s] -- Generating done
[16.138s] -- Build files have been written to: /home/sunrise/dev_ws/build/origincar_msg
[18.634s] Invoked command in '/home/sunrise/dev_ws/build/origincar_msg' returned '0': CMAKE_PREFIX_PATH=${CMAKE_PREFIX_PATH}:/home/sunrise/dev_ws/install/racing_stage2:/home/sunrise/dev_ws/install/racing_stage1:/home/sunrise/dev_ws/install/qr_scanner:/home/sunrise/dev_ws/install/bno055:/opt/tros/humble:/opt/ros/humble /usr/bin/cmake /home/sunrise/dev_ws/src/origincar/origincar_msg -DAMENT_CMAKE_SYMLINK_INSTALL=1 -DCMAKE_INSTALL_PREFIX=/home/sunrise/dev_ws/install/origincar_msg
[18.641s] Invoking command in '/home/sunrise/dev_ws/build/origincar_msg': CMAKE_PREFIX_PATH=${CMAKE_PREFIX_PATH}:/home/sunrise/dev_ws/install/racing_stage2:/home/sunrise/dev_ws/install/racing_stage1:/home/sunrise/dev_ws/install/qr_scanner:/home/sunrise/dev_ws/install/bno055:/opt/tros/humble:/opt/ros/humble /usr/bin/cmake --build /home/sunrise/dev_ws/build/origincar_msg -- -j8 -l8
[18.932s] [  2%] [34m[1mGenerating C code for ROS interfaces[0m
[18.943s] [  5%] [34m[1mGenerating Rust code for ROS interfaces[0m
[19.053s] [  7%] [34m[1mGenerating C++ code for ROS interfaces[0m
[19.062s] [  7%] Built target ament_cmake_python_symlink_origincar_msg
[23.482s] [  7%] Built target origincar_msg__rs
[24.262s] running egg_info
[24.268s] creating origincar_msg.egg-info
[24.271s] writing origincar_msg.egg-info/PKG-INFO
[24.291s] writing dependency_links to origincar_msg.egg-info/dependency_links.txt
[24.292s] writing top-level names to origincar_msg.egg-info/top_level.txt
[24.294s] writing manifest file 'origincar_msg.egg-info/SOURCES.txt'
[24.330s] [ 10%] [32mBuilding C object CMakeFiles/origincar_msg__rosidl_generator_c.dir/rosidl_generator_c/origincar_msg/msg/detail/data__functions.c.o[0m
[24.332s] reading manifest file 'origincar_msg.egg-info/SOURCES.txt'
[24.344s] writing manifest file 'origincar_msg.egg-info/SOURCES.txt'
[24.351s] [ 12%] [32mBuilding C object CMakeFiles/origincar_msg__rosidl_generator_c.dir/rosidl_generator_c/origincar_msg/msg/detail/sign__functions.c.o[0m
[24.677s] [ 12%] Built target origincar_msg__cpp
[24.736s] [ 12%] Built target ament_cmake_python_build_origincar_msg_egg
[24.748s] [ 15%] [34m[1mGenerating C++ introspection for ROS interfaces[0m
[24.791s] [ 17%] [34m[1mGenerating C++ type support dispatch for ROS interfaces[0m
[24.859s] [ 20%] [34m[1mGenerating C++ type support for eProsima Fast-RTPS[0m
[25.060s] [ 22%] [32m[1mLinking C shared library liborigincar_msg__rosidl_generator_c.so[0m
[25.488s] [ 22%] Built target origincar_msg__rosidl_generator_c
[25.670s] [ 25%] [34m[1mGenerating C introspection for ROS interfaces[0m
[25.691s] [ 27%] [34m[1mGenerating C type support for eProsima Fast-RTPS[0m
[25.716s] [ 30%] [34m[1mGenerating C type support dispatch for ROS interfaces[0m
[28.469s] [ 32%] [32mBuilding CXX object CMakeFiles/origincar_msg__rosidl_typesupport_cpp.dir/rosidl_typesupport_cpp/origincar_msg/msg/sign__type_support.cpp.o[0m
[28.507s] [ 35%] [32mBuilding CXX object CMakeFiles/origincar_msg__rosidl_typesupport_cpp.dir/rosidl_typesupport_cpp/origincar_msg/msg/data__type_support.cpp.o[0m
[28.985s] [ 37%] [32mBuilding CXX object CMakeFiles/origincar_msg__rosidl_typesupport_introspection_cpp.dir/rosidl_typesupport_introspection_cpp/origincar_msg/msg/detail/data__type_support.cpp.o[0m
[28.996s] [ 40%] [32mBuilding CXX object CMakeFiles/origincar_msg__rosidl_typesupport_introspection_cpp.dir/rosidl_typesupport_introspection_cpp/origincar_msg/msg/detail/sign__type_support.cpp.o[0m
[29.791s] [ 42%] [32mBuilding CXX object CMakeFiles/origincar_msg__rosidl_typesupport_c.dir/rosidl_typesupport_c/origincar_msg/msg/data__type_support.cpp.o[0m
[30.322s] [ 45%] [32mBuilding CXX object CMakeFiles/origincar_msg__rosidl_typesupport_c.dir/rosidl_typesupport_c/origincar_msg/msg/sign__type_support.cpp.o[0m
[30.407s] [ 47%] [32mBuilding CXX object CMakeFiles/origincar_msg__rosidl_typesupport_fastrtps_cpp.dir/rosidl_typesupport_fastrtps_cpp/origincar_msg/msg/detail/dds_fastrtps/data__type_support.cpp.o[0m
[30.641s] [ 50%] [32mBuilding C object CMakeFiles/origincar_msg__rosidl_typesupport_introspection_c.dir/rosidl_typesupport_introspection_c/origincar_msg/msg/detail/data__type_support.c.o[0m
[30.647s] [ 52%] [32mBuilding CXX object CMakeFiles/origincar_msg__rosidl_typesupport_fastrtps_c.dir/rosidl_typesupport_fastrtps_c/origincar_msg/msg/detail/data__type_support_c.cpp.o[0m
[30.761s] [ 55%] [32m[1mLinking CXX shared library liborigincar_msg__rosidl_typesupport_c.so[0m
[31.374s] [ 57%] [32mBuilding C object CMakeFiles/origincar_msg__rosidl_typesupport_introspection_c.dir/rosidl_typesupport_introspection_c/origincar_msg/msg/detail/sign__type_support.c.o[0m
[31.788s] [ 57%] Built target origincar_msg__rosidl_typesupport_c
[31.828s] [ 60%] [32m[1mLinking C shared library liborigincar_msg__rosidl_typesupport_introspection_c.so[0m
[31.907s] [ 62%] [32mBuilding CXX object CMakeFiles/origincar_msg__rosidl_typesupport_fastrtps_c.dir/rosidl_typesupport_fastrtps_c/origincar_msg/msg/detail/sign__type_support_c.cpp.o[0m
[32.323s] [ 62%] Built target origincar_msg__rosidl_typesupport_introspection_c
[32.451s] [ 65%] [32mBuilding CXX object CMakeFiles/origincar_msg__rosidl_typesupport_fastrtps_cpp.dir/rosidl_typesupport_fastrtps_cpp/origincar_msg/msg/detail/dds_fastrtps/sign__type_support.cpp.o[0m
[35.308s] [ 67%] [32m[1mLinking CXX shared library liborigincar_msg__rosidl_typesupport_cpp.so[0m
[35.916s] [ 67%] Built target origincar_msg__rosidl_typesupport_cpp
[40.950s] [ 70%] [32m[1mLinking CXX shared library liborigincar_msg__rosidl_typesupport_introspection_cpp.so[0m
[41.533s] [ 70%] Built target origincar_msg__rosidl_typesupport_introspection_cpp
[41.914s] [ 72%] [32m[1mLinking CXX shared library liborigincar_msg__rosidl_typesupport_fastrtps_c.so[0m
[42.834s] [ 75%] [32m[1mLinking CXX shared library liborigincar_msg__rosidl_typesupport_fastrtps_cpp.so[0m
[43.205s] [ 75%] Built target origincar_msg__rosidl_typesupport_fastrtps_c
[44.073s] [ 75%] Built target origincar_msg__rosidl_typesupport_fastrtps_cpp
[44.344s] [ 75%] Built target origincar_msg
[44.572s] [ 77%] [34m[1mGenerating Python code for ROS interfaces[0m
[50.303s] [ 77%] Built target origincar_msg__py
[50.514s] [ 80%] [32mBuilding C object CMakeFiles/origincar_msg__rosidl_generator_py.dir/rosidl_generator_py/origincar_msg/msg/_data_s.c.o[0m
[51.738s] [ 82%] [32mBuilding C object CMakeFiles/origincar_msg__rosidl_generator_py.dir/rosidl_generator_py/origincar_msg/msg/_sign_s.c.o[0m
[52.539s] [ 85%] [32m[1mLinking C shared library rosidl_generator_py/origincar_msg/liborigincar_msg__rosidl_generator_py.so[0m
[52.988s] [ 85%] Built target origincar_msg__rosidl_generator_py
[53.097s] [ 87%] [32mBuilding C object CMakeFiles/origincar_msg__rosidl_typesupport_fastrtps_c__pyext.dir/rosidl_generator_py/origincar_msg/_origincar_msg_s.ep.rosidl_typesupport_fastrtps_c.c.o[0m
[54.015s] [ 90%] [32m[1mLinking C shared library rosidl_generator_py/origincar_msg/origincar_msg_s__rosidl_typesupport_fastrtps_c.cpython-310-aarch64-linux-gnu.so[0m
[54.438s] [ 90%] Built target origincar_msg__rosidl_typesupport_fastrtps_c__pyext
[54.614s] [ 92%] [32mBuilding C object CMakeFiles/origincar_msg__rosidl_typesupport_c__pyext.dir/rosidl_generator_py/origincar_msg/_origincar_msg_s.ep.rosidl_typesupport_c.c.o[0m
[55.319s] [ 95%] [32m[1mLinking C shared library rosidl_generator_py/origincar_msg/origincar_msg_s__rosidl_typesupport_c.cpython-310-aarch64-linux-gnu.so[0m
[55.619s] [ 95%] Built target origincar_msg__rosidl_typesupport_c__pyext
[55.760s] [ 97%] [32mBuilding C object CMakeFiles/origincar_msg__rosidl_typesupport_introspection_c__pyext.dir/rosidl_generator_py/origincar_msg/_origincar_msg_s.ep.rosidl_typesupport_introspection_c.c.o[0m
[56.636s] [100%] [32m[1mLinking C shared library rosidl_generator_py/origincar_msg/origincar_msg_s__rosidl_typesupport_introspection_c.cpython-310-aarch64-linux-gnu.so[0m
[57.001s] [100%] Built target origincar_msg__rosidl_typesupport_introspection_c__pyext
[57.141s] Invoked command in '/home/sunrise/dev_ws/build/origincar_msg' returned '0': CMAKE_PREFIX_PATH=${CMAKE_PREFIX_PATH}:/home/sunrise/dev_ws/install/racing_stage2:/home/sunrise/dev_ws/install/racing_stage1:/home/sunrise/dev_ws/install/qr_scanner:/home/sunrise/dev_ws/install/bno055:/opt/tros/humble:/opt/ros/humble /usr/bin/cmake --build /home/sunrise/dev_ws/build/origincar_msg -- -j8 -l8
[57.171s] Invoking command in '/home/sunrise/dev_ws/build/origincar_msg': CMAKE_PREFIX_PATH=${CMAKE_PREFIX_PATH}:/home/sunrise/dev_ws/install/racing_stage2:/home/sunrise/dev_ws/install/racing_stage1:/home/sunrise/dev_ws/install/qr_scanner:/home/sunrise/dev_ws/install/bno055:/opt/tros/humble:/opt/ros/humble /usr/bin/cmake --install /home/sunrise/dev_ws/build/origincar_msg
[57.220s] -- Install configuration: ""
[57.224s] -- Execute custom install script
[57.226s] -- Symlinking: /home/sunrise/dev_ws/install/origincar_msg/share/ament_index/resource_index/rosidl_interfaces/origincar_msg
[57.281s] -- Symlinking: /home/sunrise/dev_ws/install/origincar_msg/include/origincar_msg/origincar_msg/msg/data.h
[57.348s] -- Symlinking: /home/sunrise/dev_ws/install/origincar_msg/include/origincar_msg/origincar_msg/msg/detail/data__functions.h
[57.389s] -- Symlinking: /home/sunrise/dev_ws/install/origincar_msg/include/origincar_msg/origincar_msg/msg/detail/data__struct.h
[57.438s] -- Symlinking: /home/sunrise/dev_ws/install/origincar_msg/include/origincar_msg/origincar_msg/msg/detail/data__type_support.h
[57.512s] -- Symlinking: /home/sunrise/dev_ws/install/origincar_msg/include/origincar_msg/origincar_msg/msg/detail/sign__functions.h
[57.615s] -- Symlinking: /home/sunrise/dev_ws/install/origincar_msg/include/origincar_msg/origincar_msg/msg/detail/sign__struct.h
[57.668s] -- Symlinking: /home/sunrise/dev_ws/install/origincar_msg/include/origincar_msg/origincar_msg/msg/detail/sign__type_support.h
[57.737s] -- Symlinking: /home/sunrise/dev_ws/install/origincar_msg/include/origincar_msg/origincar_msg/msg/rosidl_generator_c__visibility_control.h
[57.796s] -- Symlinking: /home/sunrise/dev_ws/install/origincar_msg/include/origincar_msg/origincar_msg/msg/sign.h
[57.874s] -- Symlinking: /home/sunrise/dev_ws/install/origincar_msg/share/origincar_msg/environment/library_path.sh
[57.958s] -- Symlinking: /home/sunrise/dev_ws/install/origincar_msg/share/origincar_msg/environment/library_path.dsv
[58.054s] -- Symlinking: /home/sunrise/dev_ws/install/origincar_msg/include/origincar_msg/origincar_msg/msg/detail/data__rosidl_typesupport_fastrtps_c.h
[58.124s] -- Symlinking: /home/sunrise/dev_ws/install/origincar_msg/include/origincar_msg/origincar_msg/msg/detail/sign__rosidl_typesupport_fastrtps_c.h
[58.216s] -- Symlinking: /home/sunrise/dev_ws/install/origincar_msg/include/origincar_msg/origincar_msg/msg/rosidl_typesupport_fastrtps_c__visibility_control.h
[58.331s] -- Symlinking: /home/sunrise/dev_ws/install/origincar_msg/include/origincar_msg/origincar_msg/msg/detail/data__rosidl_typesupport_introspection_c.h
[58.386s] -- Symlinking: /home/sunrise/dev_ws/install/origincar_msg/include/origincar_msg/origincar_msg/msg/detail/sign__rosidl_typesupport_introspection_c.h
[58.444s] -- Symlinking: /home/sunrise/dev_ws/install/origincar_msg/include/origincar_msg/origincar_msg/msg/rosidl_typesupport_introspection_c__visibility_control.h
[58.495s] -- Symlinking: /home/sunrise/dev_ws/install/origincar_msg/include/origincar_msg/origincar_msg/msg/data.hpp
[58.547s] -- Symlinking: /home/sunrise/dev_ws/install/origincar_msg/include/origincar_msg/origincar_msg/msg/detail/data__builder.hpp
[58.622s] -- Symlinking: /home/sunrise/dev_ws/install/origincar_msg/include/origincar_msg/origincar_msg/msg/detail/data__struct.hpp
[58.698s] -- Symlinking: /home/sunrise/dev_ws/install/origincar_msg/include/origincar_msg/origincar_msg/msg/detail/data__traits.hpp
[58.750s] -- Symlinking: /home/sunrise/dev_ws/install/origincar_msg/include/origincar_msg/origincar_msg/msg/detail/data__type_support.hpp
[58.803s] -- Symlinking: /home/sunrise/dev_ws/install/origincar_msg/include/origincar_msg/origincar_msg/msg/detail/sign__builder.hpp
[58.854s] -- Symlinking: /home/sunrise/dev_ws/install/origincar_msg/include/origincar_msg/origincar_msg/msg/detail/sign__struct.hpp
[58.902s] -- Symlinking: /home/sunrise/dev_ws/install/origincar_msg/include/origincar_msg/origincar_msg/msg/detail/sign__traits.hpp
[58.965s] -- Symlinking: /home/sunrise/dev_ws/install/origincar_msg/include/origincar_msg/origincar_msg/msg/detail/sign__type_support.hpp
[59.016s] -- Symlinking: /home/sunrise/dev_ws/install/origincar_msg/include/origincar_msg/origincar_msg/msg/rosidl_generator_cpp__visibility_control.hpp
[59.069s] -- Symlinking: /home/sunrise/dev_ws/install/origincar_msg/include/origincar_msg/origincar_msg/msg/sign.hpp
[59.117s] -- Symlinking: /home/sunrise/dev_ws/install/origincar_msg/include/origincar_msg/origincar_msg/msg/detail/data__rosidl_typesupport_fastrtps_cpp.hpp
[59.164s] -- Symlinking: /home/sunrise/dev_ws/install/origincar_msg/include/origincar_msg/origincar_msg/msg/detail/sign__rosidl_typesupport_fastrtps_cpp.hpp
[59.216s] -- Symlinking: /home/sunrise/dev_ws/install/origincar_msg/include/origincar_msg/origincar_msg/msg/rosidl_typesupport_fastrtps_cpp__visibility_control.h
[59.265s] -- Symlinking: /home/sunrise/dev_ws/install/origincar_msg/include/origincar_msg/origincar_msg/msg/detail/data__rosidl_typesupport_introspection_cpp.hpp
[59.322s] -- Symlinking: /home/sunrise/dev_ws/install/origincar_msg/include/origincar_msg/origincar_msg/msg/detail/sign__rosidl_typesupport_introspection_cpp.hpp
[59.384s] -- Symlinking: /home/sunrise/dev_ws/install/origincar_msg/share/origincar_msg/environment/pythonpath.sh
[59.443s] -- Symlinking: /home/sunrise/dev_ws/install/origincar_msg/share/origincar_msg/environment/pythonpath.dsv
[59.512s] -- Symlinking: /home/sunrise/dev_ws/install/origincar_msg/local/lib/python3.10/dist-packages/origincar_msg-0.0.0-py3.10.egg-info/PKG-INFO
[59.557s] -- Symlinking: /home/sunrise/dev_ws/install/origincar_msg/local/lib/python3.10/dist-packages/origincar_msg-0.0.0-py3.10.egg-info/SOURCES.txt
[59.617s] -- Symlinking: /home/sunrise/dev_ws/install/origincar_msg/local/lib/python3.10/dist-packages/origincar_msg-0.0.0-py3.10.egg-info/dependency_links.txt
[59.665s] -- Symlinking: /home/sunrise/dev_ws/install/origincar_msg/local/lib/python3.10/dist-packages/origincar_msg-0.0.0-py3.10.egg-info/top_level.txt
[59.723s] -- Symlinking: /home/sunrise/dev_ws/install/origincar_msg/local/lib/python3.10/dist-packages/origincar_msg/__init__.py
[59.791s] -- Symlinking: /home/sunrise/dev_ws/install/origincar_msg/local/lib/python3.10/dist-packages/origincar_msg/_origincar_msg_s.ep.rosidl_typesupport_c.c
[59.857s] -- Symlinking: /home/sunrise/dev_ws/install/origincar_msg/local/lib/python3.10/dist-packages/origincar_msg/_origincar_msg_s.ep.rosidl_typesupport_fastrtps_c.c
[59.909s] -- Symlinking: /home/sunrise/dev_ws/install/origincar_msg/local/lib/python3.10/dist-packages/origincar_msg/_origincar_msg_s.ep.rosidl_typesupport_introspection_c.c
[59.972s] -- Symlinking: /home/sunrise/dev_ws/install/origincar_msg/local/lib/python3.10/dist-packages/origincar_msg/liborigincar_msg__rosidl_generator_py.so
[60.021s] -- Symlinking: /home/sunrise/dev_ws/install/origincar_msg/local/lib/python3.10/dist-packages/origincar_msg/msg/__init__.py
[60.069s] -- Symlinking: /home/sunrise/dev_ws/install/origincar_msg/local/lib/python3.10/dist-packages/origincar_msg/msg/_data.py
[60.125s] -- Symlinking: /home/sunrise/dev_ws/install/origincar_msg/local/lib/python3.10/dist-packages/origincar_msg/msg/_data_s.c
[60.173s] -- Symlinking: /home/sunrise/dev_ws/install/origincar_msg/local/lib/python3.10/dist-packages/origincar_msg/msg/_sign.py
[60.248s] -- Symlinking: /home/sunrise/dev_ws/install/origincar_msg/local/lib/python3.10/dist-packages/origincar_msg/msg/_sign_s.c
[60.299s] -- Symlinking: /home/sunrise/dev_ws/install/origincar_msg/local/lib/python3.10/dist-packages/origincar_msg/origincar_msg_s__rosidl_typesupport_c.cpython-310-aarch64-linux-gnu.so
[60.382s] -- Symlinking: /home/sunrise/dev_ws/install/origincar_msg/local/lib/python3.10/dist-packages/origincar_msg/origincar_msg_s__rosidl_typesupport_fastrtps_c.cpython-310-aarch64-linux-gnu.so
[60.446s] -- Symlinking: /home/sunrise/dev_ws/install/origincar_msg/local/lib/python3.10/dist-packages/origincar_msg/origincar_msg_s__rosidl_typesupport_introspection_c.cpython-310-aarch64-linux-gnu.so
[60.502s] -- Up-to-date symlink: /home/sunrise/dev_ws/install/origincar_msg/local/lib/python3.10/dist-packages/origincar_msg/origincar_msg_s__rosidl_typesupport_fastrtps_c.cpython-310-aarch64-linux-gnu.so
[60.509s] -- Up-to-date symlink: /home/sunrise/dev_ws/install/origincar_msg/local/lib/python3.10/dist-packages/origincar_msg/origincar_msg_s__rosidl_typesupport_introspection_c.cpython-310-aarch64-linux-gnu.so
[60.514s] -- Up-to-date symlink: /home/sunrise/dev_ws/install/origincar_msg/local/lib/python3.10/dist-packages/origincar_msg/origincar_msg_s__rosidl_typesupport_c.cpython-310-aarch64-linux-gnu.so
[60.517s] -- Symlinking: /home/sunrise/dev_ws/install/origincar_msg/share/ament_index/resource_index/rust_packages/origincar_msg
[60.569s] -- Symlinking: /home/sunrise/dev_ws/install/origincar_msg/share/origincar_msg/rust/Cargo.toml
[60.626s] -- Symlinking: /home/sunrise/dev_ws/install/origincar_msg/share/origincar_msg/rust/build.rs
[60.682s] -- Symlinking: /home/sunrise/dev_ws/install/origincar_msg/share/origincar_msg/rust/src/lib.rs
[60.746s] -- Symlinking: /home/sunrise/dev_ws/install/origincar_msg/share/origincar_msg/rust/src/msg.rs
[60.794s] -- Symlinking: /home/sunrise/dev_ws/install/origincar_msg/share/origincar_msg/rust/src/msg/rmw.rs
[60.872s] -- Symlinking: /home/sunrise/dev_ws/install/origincar_msg/share/origincar_msg/msg/Data.idl
[60.923s] -- Symlinking: /home/sunrise/dev_ws/install/origincar_msg/share/origincar_msg/msg/Sign.idl
[60.971s] -- Symlinking: /home/sunrise/dev_ws/install/origincar_msg/share/origincar_msg/msg/Data.msg
[61.021s] -- Symlinking: /home/sunrise/dev_ws/install/origincar_msg/share/origincar_msg/msg/Sign.msg
[61.133s] -- Symlinking: /home/sunrise/dev_ws/install/origincar_msg/share/ament_index/resource_index/package_run_dependencies/origincar_msg
[61.183s] -- Symlinking: /home/sunrise/dev_ws/install/origincar_msg/share/ament_index/resource_index/parent_prefix_path/origincar_msg
[61.238s] -- Symlinking: /home/sunrise/dev_ws/install/origincar_msg/share/origincar_msg/environment/ament_prefix_path.sh
[61.278s] -- Symlinking: /home/sunrise/dev_ws/install/origincar_msg/share/origincar_msg/environment/ament_prefix_path.dsv
[61.323s] -- Symlinking: /home/sunrise/dev_ws/install/origincar_msg/share/origincar_msg/environment/path.sh
[61.383s] -- Symlinking: /home/sunrise/dev_ws/install/origincar_msg/share/origincar_msg/environment/path.dsv
[61.433s] -- Symlinking: /home/sunrise/dev_ws/install/origincar_msg/share/origincar_msg/local_setup.bash
[61.481s] -- Symlinking: /home/sunrise/dev_ws/install/origincar_msg/share/origincar_msg/local_setup.sh
[61.527s] -- Symlinking: /home/sunrise/dev_ws/install/origincar_msg/share/origincar_msg/local_setup.zsh
[61.574s] -- Symlinking: /home/sunrise/dev_ws/install/origincar_msg/share/origincar_msg/local_setup.dsv
[61.627s] -- Symlinking: /home/sunrise/dev_ws/install/origincar_msg/share/origincar_msg/package.dsv
[61.673s] -- Symlinking: /home/sunrise/dev_ws/install/origincar_msg/share/ament_index/resource_index/packages/origincar_msg
[61.720s] -- Symlinking: /home/sunrise/dev_ws/install/origincar_msg/share/origincar_msg/cmake/rosidl_cmake-extras.cmake
[61.766s] -- Symlinking: /home/sunrise/dev_ws/install/origincar_msg/share/origincar_msg/cmake/ament_cmake_export_dependencies-extras.cmake
[61.816s] -- Symlinking: /home/sunrise/dev_ws/install/origincar_msg/share/origincar_msg/cmake/ament_cmake_export_include_directories-extras.cmake
[61.866s] -- Symlinking: /home/sunrise/dev_ws/install/origincar_msg/share/origincar_msg/cmake/ament_cmake_export_libraries-extras.cmake
[61.910s] -- Symlinking: /home/sunrise/dev_ws/install/origincar_msg/share/origincar_msg/cmake/ament_cmake_export_targets-extras.cmake
[61.956s] -- Symlinking: /home/sunrise/dev_ws/install/origincar_msg/share/origincar_msg/cmake/rosidl_cmake_export_typesupport_targets-extras.cmake
[62.005s] -- Symlinking: /home/sunrise/dev_ws/install/origincar_msg/share/origincar_msg/cmake/rosidl_cmake_export_typesupport_libraries-extras.cmake
[62.048s] -- Symlinking: /home/sunrise/dev_ws/install/origincar_msg/share/origincar_msg/cmake/origincar_msgConfig.cmake
[62.093s] -- Symlinking: /home/sunrise/dev_ws/install/origincar_msg/share/origincar_msg/cmake/origincar_msgConfig-version.cmake
[62.137s] -- Symlinking: /home/sunrise/dev_ws/install/origincar_msg/share/origincar_msg/package.xml
[62.184s] -- Installing: /home/sunrise/dev_ws/install/origincar_msg/lib/liborigincar_msg__rosidl_generator_c.so
[62.186s] -- Set runtime path of "/home/sunrise/dev_ws/install/origincar_msg/lib/liborigincar_msg__rosidl_generator_c.so" to ""
[62.187s] -- Installing: /home/sunrise/dev_ws/install/origincar_msg/lib/liborigincar_msg__rosidl_typesupport_fastrtps_c.so
[62.188s] -- Set runtime path of "/home/sunrise/dev_ws/install/origincar_msg/lib/liborigincar_msg__rosidl_typesupport_fastrtps_c.so" to ""
[62.189s] -- Installing: /home/sunrise/dev_ws/install/origincar_msg/lib/liborigincar_msg__rosidl_typesupport_introspection_c.so
[62.191s] -- Set runtime path of "/home/sunrise/dev_ws/install/origincar_msg/lib/liborigincar_msg__rosidl_typesupport_introspection_c.so" to ""
[62.192s] -- Installing: /home/sunrise/dev_ws/install/origincar_msg/lib/liborigincar_msg__rosidl_typesupport_c.so
[62.193s] -- Set runtime path of "/home/sunrise/dev_ws/install/origincar_msg/lib/liborigincar_msg__rosidl_typesupport_c.so" to ""
[62.194s] -- Installing: /home/sunrise/dev_ws/install/origincar_msg/lib/liborigincar_msg__rosidl_typesupport_fastrtps_cpp.so
[62.196s] -- Set runtime path of "/home/sunrise/dev_ws/install/origincar_msg/lib/liborigincar_msg__rosidl_typesupport_fastrtps_cpp.so" to ""
[62.197s] -- Installing: /home/sunrise/dev_ws/install/origincar_msg/lib/liborigincar_msg__rosidl_typesupport_introspection_cpp.so
[62.199s] -- Set runtime path of "/home/sunrise/dev_ws/install/origincar_msg/lib/liborigincar_msg__rosidl_typesupport_introspection_cpp.so" to ""
[62.199s] -- Installing: /home/sunrise/dev_ws/install/origincar_msg/lib/liborigincar_msg__rosidl_typesupport_cpp.so
[62.201s] -- Set runtime path of "/home/sunrise/dev_ws/install/origincar_msg/lib/liborigincar_msg__rosidl_typesupport_cpp.so" to ""
[62.513s] Listing '/home/sunrise/dev_ws/install/origincar_msg/local/lib/python3.10/dist-packages/origincar_msg'...
[62.514s] Compiling '/home/sunrise/dev_ws/install/origincar_msg/local/lib/python3.10/dist-packages/origincar_msg/__init__.py'...
[62.515s] Listing '/home/sunrise/dev_ws/install/origincar_msg/local/lib/python3.10/dist-packages/origincar_msg/msg'...
[62.516s] Compiling '/home/sunrise/dev_ws/install/origincar_msg/local/lib/python3.10/dist-packages/origincar_msg/msg/__init__.py'...
[62.516s] Compiling '/home/sunrise/dev_ws/install/origincar_msg/local/lib/python3.10/dist-packages/origincar_msg/msg/_data.py'...
[62.517s] Compiling '/home/sunrise/dev_ws/install/origincar_msg/local/lib/python3.10/dist-packages/origincar_msg/msg/_sign.py'...
[62.574s] -- Installing: /home/sunrise/dev_ws/install/origincar_msg/lib/liborigincar_msg__rosidl_generator_py.so
[62.579s] -- Set runtime path of "/home/sunrise/dev_ws/install/origincar_msg/lib/liborigincar_msg__rosidl_generator_py.so" to ""
[62.589s] -- Installing: /home/sunrise/dev_ws/install/origincar_msg/share/origincar_msg/cmake/export_origincar_msg__rosidl_generator_cExport.cmake
[62.590s] -- Installing: /home/sunrise/dev_ws/install/origincar_msg/share/origincar_msg/cmake/export_origincar_msg__rosidl_generator_cExport-noconfig.cmake
[62.591s] -- Installing: /home/sunrise/dev_ws/install/origincar_msg/share/origincar_msg/cmake/export_origincar_msg__rosidl_typesupport_fastrtps_cExport.cmake
[62.592s] -- Installing: /home/sunrise/dev_ws/install/origincar_msg/share/origincar_msg/cmake/export_origincar_msg__rosidl_typesupport_fastrtps_cExport-noconfig.cmake
[62.593s] -- Installing: /home/sunrise/dev_ws/install/origincar_msg/share/origincar_msg/cmake/origincar_msg__rosidl_typesupport_introspection_cExport.cmake
[62.594s] -- Installing: /home/sunrise/dev_ws/install/origincar_msg/share/origincar_msg/cmake/origincar_msg__rosidl_typesupport_introspection_cExport-noconfig.cmake
[62.594s] -- Installing: /home/sunrise/dev_ws/install/origincar_msg/share/origincar_msg/cmake/origincar_msg__rosidl_typesupport_cExport.cmake
[62.595s] -- Installing: /home/sunrise/dev_ws/install/origincar_msg/share/origincar_msg/cmake/origincar_msg__rosidl_typesupport_cExport-noconfig.cmake
[62.596s] -- Installing: /home/sunrise/dev_ws/install/origincar_msg/share/origincar_msg/cmake/export_origincar_msg__rosidl_generator_cppExport.cmake
[62.597s] -- Installing: /home/sunrise/dev_ws/install/origincar_msg/share/origincar_msg/cmake/export_origincar_msg__rosidl_typesupport_fastrtps_cppExport.cmake
[62.598s] -- Installing: /home/sunrise/dev_ws/install/origincar_msg/share/origincar_msg/cmake/export_origincar_msg__rosidl_typesupport_fastrtps_cppExport-noconfig.cmake
[62.600s] -- Installing: /home/sunrise/dev_ws/install/origincar_msg/share/origincar_msg/cmake/origincar_msg__rosidl_typesupport_introspection_cppExport.cmake
[62.600s] -- Installing: /home/sunrise/dev_ws/install/origincar_msg/share/origincar_msg/cmake/origincar_msg__rosidl_typesupport_introspection_cppExport-noconfig.cmake
[62.601s] -- Installing: /home/sunrise/dev_ws/install/origincar_msg/share/origincar_msg/cmake/origincar_msg__rosidl_typesupport_cppExport.cmake
[62.602s] -- Installing: /home/sunrise/dev_ws/install/origincar_msg/share/origincar_msg/cmake/origincar_msg__rosidl_typesupport_cppExport-noconfig.cmake
[62.603s] -- Installing: /home/sunrise/dev_ws/install/origincar_msg/share/origincar_msg/cmake/export_origincar_msg__rosidl_generator_pyExport.cmake
[62.603s] -- Installing: /home/sunrise/dev_ws/install/origincar_msg/share/origincar_msg/cmake/export_origincar_msg__rosidl_generator_pyExport-noconfig.cmake
[62.631s] Invoked command in '/home/sunrise/dev_ws/build/origincar_msg' returned '0': CMAKE_PREFIX_PATH=${CMAKE_PREFIX_PATH}:/home/sunrise/dev_ws/install/racing_stage2:/home/sunrise/dev_ws/install/racing_stage1:/home/sunrise/dev_ws/install/qr_scanner:/home/sunrise/dev_ws/install/bno055:/opt/tros/humble:/opt/ros/humble /usr/bin/cmake --install /home/sunrise/dev_ws/build/origincar_msg
