[0.058s] Invoking command in '/home/sunrise/dev_ws/build/lslidar_driver': CMAKE_PREFIX_PATH=/home/sunrise/dev_ws/install/lslidar_msgs:/home/sunrise/dev_ws/install/origincar_base:/home/sunrise/dev_ws/install/serial:/home/sunrise/dev_ws/install/origincar_msg:/home/sunrise/dev_ws/install/origincar_description:/home/sunrise/dev_ws/install/origincar_bringup:/home/sunrise/dev_ws/install/lslidar_driver:/home/sunrise/dev_ws/install/ackermann_msgs:/home/sunrise/dev_ws/install/racing_stage2:/home/sunrise/dev_ws/install/racing_stage1:/home/sunrise/dev_ws/install/qr_scanner:/home/sunrise/dev_ws/install/bno055:/opt/tros/humble:/opt/ros/humble LD_LIBRARY_PATH=/home/sunrise/dev_ws/install/lslidar_msgs/lib:/home/sunrise/dev_ws/install/origincar_base/lib:/home/sunrise/dev_ws/install/serial/lib:/home/sunrise/dev_ws/install/origincar_msg/lib:/home/sunrise/dev_ws/install/ackermann_msgs/lib:/opt/tros/humble/lib/aarch64-linux-gnu:/opt/tros/humble/lib:/opt/ros/humble/opt/rviz_ogre_vendor/lib:/opt/ros/humble/lib/aarch64-linux-gnu:/opt/ros/humble/lib:/usr/hobot/lib:/app/lib:/app/pub/lib:/middleware/lib:/middleware/pub/lib:/usr/hobot/lib/sensor:/system/lib:/system/usr/lib:/lib:/usr/hobot/lib:/app/lib:/app/pub/lib:/middleware/lib:/middleware/pub/lib:/usr/hobot/lib/sensor:/system/lib:/system/usr/lib:/lib /usr/bin/cmake /home/sunrise/dev_ws/src/LSLIDAR_X_ROS2-20240228/src/lslidar_driver -DAMENT_CMAKE_SYMLINK_INSTALL=1 -DCMAKE_INSTALL_PREFIX=/home/sunrise/dev_ws/install/lslidar_driver
[0.391s] -- The C compiler identification is GNU 11.2.0
[0.722s] -- The CXX compiler identification is GNU 11.2.0
[0.757s] -- Detecting C compiler ABI info
[1.181s] -- Detecting C compiler ABI info - done
[1.232s] -- Check for working C compiler: /usr/bin/cc - skipped
[1.233s] -- Detecting C compile features
[1.235s] -- Detecting C compile features - done
[1.252s] -- Detecting CXX compiler ABI info
[1.685s] -- Detecting CXX compiler ABI info - done
[1.735s] -- Check for working CXX compiler: /usr/bin/c++ - skipped
[1.736s] -- Detecting CXX compile features
[1.739s] -- Detecting CXX compile features - done
[2.650s] -- Found Boost: /usr/lib/aarch64-linux-gnu/cmake/Boost-1.74.0/BoostConfig.cmake (found version "1.74.0") found components: thread 
[2.674s] -- Found rclcpp: 16.0.19 (/opt/ros/humble/share/rclcpp/cmake)
[3.933s] -- Found Python3: /usr/bin/python3 (found version "3.10.12") found components: Interpreter 
[4.500s] -- Override CMake install command with custom implementation using symlinks instead of copying resources
[5.004s] -- Found rosidl_generator_c: 3.1.8 (/opt/ros/humble/share/rosidl_generator_c/cmake)
[5.042s] -- Found rosidl_adapter: 3.1.8 (/opt/ros/humble/share/rosidl_adapter/cmake)
[5.104s] -- Found rosidl_generator_cpp: 3.1.8 (/opt/ros/humble/share/rosidl_generator_cpp/cmake)
[5.189s] -- Using all available rosidl_typesupport_c: rosidl_typesupport_fastrtps_c;rosidl_typesupport_introspection_c
[5.307s] -- Using all available rosidl_typesupport_cpp: rosidl_typesupport_fastrtps_cpp;rosidl_typesupport_introspection_cpp
[5.627s] -- Found rmw_implementation_cmake: 6.1.2 (/opt/ros/humble/share/rmw_implementation_cmake/cmake)
[5.648s] -- Found rmw_fastrtps_cpp: 6.2.10 (/opt/ros/humble/share/rmw_fastrtps_cpp/cmake)
[6.131s] -- Found OpenSSL: /usr/lib/aarch64-linux-gnu/libcrypto.so (found version "3.0.2")  
[6.281s] -- Found FastRTPS: /opt/ros/humble/include  
[6.502s] -- Using RMW implementation 'rmw_fastrtps_cpp' as default
[6.566s] -- Found Threads: TRUE  
[7.019s] -- Checking for module 'eigen3'
[7.086s] --   Found eigen3, version 3.4.0
[7.248s] -- Found Eigen: /usr/include/eigen3 (Required is at least version "3.1") 
[7.249s] -- Eigen found (include: /usr/include/eigen3, version: 3.4.0)
[7.375s] -- Found Boost: /usr/lib/aarch64-linux-gnu/cmake/Boost-1.74.0/BoostConfig.cmake (found suitable version "1.74.0", minimum required is "1.65.0") found components: system filesystem date_time iostreams serialization 
[7.458s] -- Checking for module 'flann'
[7.529s] --   Found flann, version 1.9.1
[7.738s] -- Found FLANN: /usr/lib/aarch64-linux-gnu/libflann_cpp.so  
[7.738s] -- FLANN found (include: /usr/include, lib: /usr/lib/aarch64-linux-gnu/libflann_cpp.so)
[7.963s] -- Found GLEW: /usr/lib/aarch64-linux-gnu/libGLEW.so  
[8.009s] -- Found OpenGL: /usr/lib/aarch64-linux-gnu/libOpenGL.so  found components: OpenGL GLX 
[8.891s] -- Found MPI_C: /usr/lib/aarch64-linux-gnu/libmpi.so (found version "3.1") 
[8.893s] -- Found MPI: TRUE (found version "3.1") found components: C 
[8.909s] -- Found JsonCpp: /usr/lib/aarch64-linux-gnu/libjsoncpp.so (found suitable version "1.9.5", minimum required is "0.7.0") 
[8.974s] -- Found ZLIB: /usr/lib/aarch64-linux-gnu/libz.so (found version "1.2.11") 
[9.105s] -- Found PNG: /usr/lib/aarch64-linux-gnu/libpng.so (found version "1.6.37") 
[9.228s] -- Found Eigen3: /usr/include/eigen3 (found version "3.4.0") 
[9.847s] -- Found X11: /usr/include   
[9.850s] -- Looking for XOpenDisplay in /usr/lib/aarch64-linux-gnu/libX11.so;/usr/lib/aarch64-linux-gnu/libXext.so
[12.612s] -- Looking for XOpenDisplay in /usr/lib/aarch64-linux-gnu/libX11.so;/usr/lib/aarch64-linux-gnu/libXext.so - found
[12.613s] -- Looking for gethostbyname
[13.007s] -- Looking for gethostbyname - found
[13.009s] -- Looking for connect
[13.408s] -- Looking for connect - found
[13.409s] -- Looking for remove
[13.811s] -- Looking for remove - found
[13.812s] -- Looking for shmat
[14.225s] -- Looking for shmat - found
[14.226s] -- Looking for IceConnectionNumber in ICE
[14.631s] -- Looking for IceConnectionNumber in ICE - found
[15.147s] -- Found EXPAT: /usr/lib/aarch64-linux-gnu/libexpat.so (found version "2.4.7") 
[15.161s] -- Found double-conversion: /usr/lib/aarch64-linux-gnu/libdouble-conversion.so  
[15.177s] -- Found LZ4: /usr/lib/aarch64-linux-gnu/liblz4.so (found version "1.9.3") 
[15.190s] -- Found LZMA: /usr/lib/aarch64-linux-gnu/liblzma.so (found version "5.2.5") 
[15.376s] -- Found JPEG: /usr/lib/aarch64-linux-gnu/libjpeg.so (found version "80") 
[15.419s] -- Found TIFF: /usr/lib/aarch64-linux-gnu/libtiff.so (found version "4.3.0")  
[15.445s] -- Found Freetype: /usr/lib/aarch64-linux-gnu/libfreetype.so (found version "2.11.1") 
[15.482s] -- Found utf8cpp: /usr/include/utf8cpp  
[15.907s] -- Checking for module 'libusb-1.0'
[15.979s] --   Found libusb-1.0, version 1.0.25
[16.157s] -- Found libusb: /usr/lib/aarch64-linux-gnu/libusb-1.0.so  
[16.165s] -- Found OpenNI: /usr/lib/libOpenNI.so;libusb::libusb (found version "1.5.4.0") 
[16.165s] -- OpenNI found (version: 1.5.4.0, include: /usr/include/ni, lib: /usr/lib/libOpenNI.so;libusb::libusb)
[16.443s] -- Found OpenNI2: /usr/lib/aarch64-linux-gnu/libOpenNI2.so;libusb::libusb (found version "2.2.0.33") 
[16.445s] -- OpenNI2 found (version: 2.2.0.33, include: /usr/include/openni2, lib: /usr/lib/aarch64-linux-gnu/libOpenNI2.so;libusb::libusb)
[16.446s] [0m** WARNING ** io features related to pcap will be disabled[0m
[17.542s] -- Eigen found (include: /usr/include/eigen3, version: 3.4.0)
[17.575s] -- OpenNI found (version: 1.5.4.0, include: /usr/include/ni, lib: /usr/lib/libOpenNI.so;libusb::libusb)
[17.608s] -- OpenNI2 found (version: 2.2.0.33, include: /usr/include/openni2, lib: /usr/lib/aarch64-linux-gnu/libOpenNI2.so;libusb::libusb)
[18.750s] -- Found Qhull version 8.0.2
[19.819s] -- OpenNI found (version: 1.5.4.0, include: /usr/include/ni, lib: /usr/lib/libOpenNI.so;libusb::libusb)
[20.867s] -- looking for PCL_COMMON
[20.873s] -- Found PCL_COMMON: /usr/lib/aarch64-linux-gnu/libpcl_common.so  
[20.875s] -- looking for PCL_KDTREE
[20.882s] -- Found PCL_KDTREE: /usr/lib/aarch64-linux-gnu/libpcl_kdtree.so  
[20.883s] -- looking for PCL_OCTREE
[20.890s] -- Found PCL_OCTREE: /usr/lib/aarch64-linux-gnu/libpcl_octree.so  
[20.891s] -- looking for PCL_SEARCH
[20.898s] -- Found PCL_SEARCH: /usr/lib/aarch64-linux-gnu/libpcl_search.so  
[20.900s] -- looking for PCL_SAMPLE_CONSENSUS
[20.907s] -- Found PCL_SAMPLE_CONSENSUS: /usr/lib/aarch64-linux-gnu/libpcl_sample_consensus.so  
[20.908s] -- looking for PCL_FILTERS
[20.915s] -- Found PCL_FILTERS: /usr/lib/aarch64-linux-gnu/libpcl_filters.so  
[20.917s] -- looking for PCL_2D
[20.919s] -- Found PCL_2D: /usr/include/pcl-1.12  
[20.920s] -- looking for PCL_GEOMETRY
[20.922s] -- Found PCL_GEOMETRY: /usr/include/pcl-1.12  
[20.923s] -- looking for PCL_IO
[20.930s] -- Found PCL_IO: /usr/lib/aarch64-linux-gnu/libpcl_io.so  
[20.932s] -- looking for PCL_FEATURES
[20.939s] -- Found PCL_FEATURES: /usr/lib/aarch64-linux-gnu/libpcl_features.so  
[20.941s] -- looking for PCL_ML
[20.948s] -- Found PCL_ML: /usr/lib/aarch64-linux-gnu/libpcl_ml.so  
[20.949s] -- looking for PCL_SEGMENTATION
[20.957s] -- Found PCL_SEGMENTATION: /usr/lib/aarch64-linux-gnu/libpcl_segmentation.so  
[20.959s] -- looking for PCL_VISUALIZATION
[20.966s] -- Found PCL_VISUALIZATION: /usr/lib/aarch64-linux-gnu/libpcl_visualization.so  
[20.968s] -- looking for PCL_SURFACE
[20.975s] -- Found PCL_SURFACE: /usr/lib/aarch64-linux-gnu/libpcl_surface.so  
[20.977s] -- looking for PCL_REGISTRATION
[20.984s] -- Found PCL_REGISTRATION: /usr/lib/aarch64-linux-gnu/libpcl_registration.so  
[20.986s] -- looking for PCL_KEYPOINTS
[20.995s] -- Found PCL_KEYPOINTS: /usr/lib/aarch64-linux-gnu/libpcl_keypoints.so  
[20.996s] -- looking for PCL_TRACKING
[21.002s] -- Found PCL_TRACKING: /usr/lib/aarch64-linux-gnu/libpcl_tracking.so  
[21.004s] -- looking for PCL_RECOGNITION
[21.011s] -- Found PCL_RECOGNITION: /usr/lib/aarch64-linux-gnu/libpcl_recognition.so  
[21.014s] -- looking for PCL_STEREO
[21.021s] -- Found PCL_STEREO: /usr/lib/aarch64-linux-gnu/libpcl_stereo.so  
[21.022s] -- looking for PCL_APPS
[21.029s] -- Found PCL_APPS: /usr/lib/aarch64-linux-gnu/libpcl_apps.so  
[21.033s] -- looking for PCL_IN_HAND_SCANNER
[21.035s] -- Found PCL_IN_HAND_SCANNER: /usr/include/pcl-1.12  
[21.036s] -- looking for PCL_MODELER
[21.038s] -- Found PCL_MODELER: /usr/include/pcl-1.12  
[21.039s] -- looking for PCL_POINT_CLOUD_EDITOR
[21.042s] -- Found PCL_POINT_CLOUD_EDITOR: /usr/include/pcl-1.12  
[21.043s] -- looking for PCL_OUTOFCORE
[21.051s] -- Found PCL_OUTOFCORE: /usr/lib/aarch64-linux-gnu/libpcl_outofcore.so  
[21.052s] -- looking for PCL_PEOPLE
[21.060s] -- Found PCL_PEOPLE: /usr/lib/aarch64-linux-gnu/libpcl_people.so  
[21.065s] -- Found PCL: pcl_common;pcl_kdtree;pcl_octree;pcl_search;pcl_sample_consensus;pcl_filters;pcl_io;pcl_features;pcl_ml;pcl_segmentation;pcl_visualization;pcl_surface;pcl_registration;pcl_keypoints;pcl_tracking;pcl_recognition;pcl_stereo;pcl_apps;pcl_outofcore;pcl_people;Boost::system;Boost::filesystem;Boost::date_time;Boost::iostreams;Boost::serialization;/usr/lib/libOpenNI.so;libusb::libusb;/usr/lib/aarch64-linux-gnu/libOpenNI2.so;libusb::libusb;VTK::ChartsCore;VTK::CommonColor;VTK::CommonComputationalGeometry;VTK::CommonCore;VTK::CommonDataModel;VTK::CommonExecutionModel;VTK::CommonMath;VTK::CommonMisc;VTK::CommonTransforms;VTK::FiltersCore;VTK::FiltersExtraction;VTK::FiltersGeneral;VTK::FiltersGeometry;VTK::FiltersModeling;VTK::FiltersSources;VTK::ImagingCore;VTK::ImagingSources;VTK::InteractionImage;VTK::InteractionStyle;VTK::InteractionWidgets;VTK::IOCore;VTK::IOGeometry;VTK::IOImage;VTK::IOLegacy;VTK::IOPLY;VTK::RenderingAnnotation;VTK::RenderingCore;VTK::RenderingContext2D;VTK::RenderingLOD;VTK::RenderingFreeType;VTK::ViewsCore;VTK::ViewsContext2D;VTK::RenderingOpenGL2;VTK::GUISupportQt;FLANN::FLANN;QHULL::QHULL  
[21.083s] -- Found diagnostic_updater: 4.0.6 (/opt/ros/humble/share/diagnostic_updater/cmake)
[21.227s] -- Found lslidar_msgs: 1.2.0 (/home/sunrise/dev_ws/install/lslidar_msgs/share/lslidar_msgs/cmake)
[21.339s] -- Found pluginlib: 5.1.3 (/opt/ros/humble/share/pluginlib/cmake)
[21.502s] -- Found pcl_conversions: 2.4.5 (/opt/ros/humble/share/pcl_conversions/cmake)
[22.699s] -- Configuring done
[23.161s] -- Generating done
[23.241s] -- Build files have been written to: /home/sunrise/dev_ws/build/lslidar_driver
[23.404s] Invoked command in '/home/sunrise/dev_ws/build/lslidar_driver' returned '0': CMAKE_PREFIX_PATH=/home/sunrise/dev_ws/install/lslidar_msgs:/home/sunrise/dev_ws/install/origincar_base:/home/sunrise/dev_ws/install/serial:/home/sunrise/dev_ws/install/origincar_msg:/home/sunrise/dev_ws/install/origincar_description:/home/sunrise/dev_ws/install/origincar_bringup:/home/sunrise/dev_ws/install/lslidar_driver:/home/sunrise/dev_ws/install/ackermann_msgs:/home/sunrise/dev_ws/install/racing_stage2:/home/sunrise/dev_ws/install/racing_stage1:/home/sunrise/dev_ws/install/qr_scanner:/home/sunrise/dev_ws/install/bno055:/opt/tros/humble:/opt/ros/humble LD_LIBRARY_PATH=/home/sunrise/dev_ws/install/lslidar_msgs/lib:/home/sunrise/dev_ws/install/origincar_base/lib:/home/sunrise/dev_ws/install/serial/lib:/home/sunrise/dev_ws/install/origincar_msg/lib:/home/sunrise/dev_ws/install/ackermann_msgs/lib:/opt/tros/humble/lib/aarch64-linux-gnu:/opt/tros/humble/lib:/opt/ros/humble/opt/rviz_ogre_vendor/lib:/opt/ros/humble/lib/aarch64-linux-gnu:/opt/ros/humble/lib:/usr/hobot/lib:/app/lib:/app/pub/lib:/middleware/lib:/middleware/pub/lib:/usr/hobot/lib/sensor:/system/lib:/system/usr/lib:/lib:/usr/hobot/lib:/app/lib:/app/pub/lib:/middleware/lib:/middleware/pub/lib:/usr/hobot/lib/sensor:/system/lib:/system/usr/lib:/lib /usr/bin/cmake /home/sunrise/dev_ws/src/LSLIDAR_X_ROS2-20240228/src/lslidar_driver -DAMENT_CMAKE_SYMLINK_INSTALL=1 -DCMAKE_INSTALL_PREFIX=/home/sunrise/dev_ws/install/lslidar_driver
[23.415s] Invoking command in '/home/sunrise/dev_ws/build/lslidar_driver': CMAKE_PREFIX_PATH=/home/sunrise/dev_ws/install/lslidar_msgs:/home/sunrise/dev_ws/install/origincar_base:/home/sunrise/dev_ws/install/serial:/home/sunrise/dev_ws/install/origincar_msg:/home/sunrise/dev_ws/install/origincar_description:/home/sunrise/dev_ws/install/origincar_bringup:/home/sunrise/dev_ws/install/lslidar_driver:/home/sunrise/dev_ws/install/ackermann_msgs:/home/sunrise/dev_ws/install/racing_stage2:/home/sunrise/dev_ws/install/racing_stage1:/home/sunrise/dev_ws/install/qr_scanner:/home/sunrise/dev_ws/install/bno055:/opt/tros/humble:/opt/ros/humble LD_LIBRARY_PATH=/home/sunrise/dev_ws/install/lslidar_msgs/lib:/home/sunrise/dev_ws/install/origincar_base/lib:/home/sunrise/dev_ws/install/serial/lib:/home/sunrise/dev_ws/install/origincar_msg/lib:/home/sunrise/dev_ws/install/ackermann_msgs/lib:/opt/tros/humble/lib/aarch64-linux-gnu:/opt/tros/humble/lib:/opt/ros/humble/opt/rviz_ogre_vendor/lib:/opt/ros/humble/lib/aarch64-linux-gnu:/opt/ros/humble/lib:/usr/hobot/lib:/app/lib:/app/pub/lib:/middleware/lib:/middleware/pub/lib:/usr/hobot/lib/sensor:/system/lib:/system/usr/lib:/lib:/usr/hobot/lib:/app/lib:/app/pub/lib:/middleware/lib:/middleware/pub/lib:/usr/hobot/lib/sensor:/system/lib:/system/usr/lib:/lib /usr/bin/cmake --build /home/sunrise/dev_ws/build/lslidar_driver -- -j8 -l8
[23.687s] [ 20%] [32mBuilding CXX object CMakeFiles/lslidar_driver_node.dir/src/lslidar_driver_node.cc.o[0m
[23.689s] [ 40%] [32mBuilding CXX object CMakeFiles/lslidar_driver_node.dir/src/lslidar_driver.cc.o[0m
[23.690s] [ 60%] [32mBuilding CXX object CMakeFiles/lslidar_driver_node.dir/src/input.cc.o[0m
[47.599s] [ 80%] [32mBuilding CXX object CMakeFiles/lslidar_driver_node.dir/src/lsiosr.cpp.o[0m
[132.732s] [100%] [32m[1mLinking CXX executable lslidar_driver_node[0m
[149.938s] [100%] Built target lslidar_driver_node
[149.990s] Invoked command in '/home/sunrise/dev_ws/build/lslidar_driver' returned '0': CMAKE_PREFIX_PATH=/home/sunrise/dev_ws/install/lslidar_msgs:/home/sunrise/dev_ws/install/origincar_base:/home/sunrise/dev_ws/install/serial:/home/sunrise/dev_ws/install/origincar_msg:/home/sunrise/dev_ws/install/origincar_description:/home/sunrise/dev_ws/install/origincar_bringup:/home/sunrise/dev_ws/install/lslidar_driver:/home/sunrise/dev_ws/install/ackermann_msgs:/home/sunrise/dev_ws/install/racing_stage2:/home/sunrise/dev_ws/install/racing_stage1:/home/sunrise/dev_ws/install/qr_scanner:/home/sunrise/dev_ws/install/bno055:/opt/tros/humble:/opt/ros/humble LD_LIBRARY_PATH=/home/sunrise/dev_ws/install/lslidar_msgs/lib:/home/sunrise/dev_ws/install/origincar_base/lib:/home/sunrise/dev_ws/install/serial/lib:/home/sunrise/dev_ws/install/origincar_msg/lib:/home/sunrise/dev_ws/install/ackermann_msgs/lib:/opt/tros/humble/lib/aarch64-linux-gnu:/opt/tros/humble/lib:/opt/ros/humble/opt/rviz_ogre_vendor/lib:/opt/ros/humble/lib/aarch64-linux-gnu:/opt/ros/humble/lib:/usr/hobot/lib:/app/lib:/app/pub/lib:/middleware/lib:/middleware/pub/lib:/usr/hobot/lib/sensor:/system/lib:/system/usr/lib:/lib:/usr/hobot/lib:/app/lib:/app/pub/lib:/middleware/lib:/middleware/pub/lib:/usr/hobot/lib/sensor:/system/lib:/system/usr/lib:/lib /usr/bin/cmake --build /home/sunrise/dev_ws/build/lslidar_driver -- -j8 -l8
[150.000s] Invoking command in '/home/sunrise/dev_ws/build/lslidar_driver': CMAKE_PREFIX_PATH=/home/sunrise/dev_ws/install/lslidar_msgs:/home/sunrise/dev_ws/install/origincar_base:/home/sunrise/dev_ws/install/serial:/home/sunrise/dev_ws/install/origincar_msg:/home/sunrise/dev_ws/install/origincar_description:/home/sunrise/dev_ws/install/origincar_bringup:/home/sunrise/dev_ws/install/lslidar_driver:/home/sunrise/dev_ws/install/ackermann_msgs:/home/sunrise/dev_ws/install/racing_stage2:/home/sunrise/dev_ws/install/racing_stage1:/home/sunrise/dev_ws/install/qr_scanner:/home/sunrise/dev_ws/install/bno055:/opt/tros/humble:/opt/ros/humble LD_LIBRARY_PATH=/home/sunrise/dev_ws/install/lslidar_msgs/lib:/home/sunrise/dev_ws/install/origincar_base/lib:/home/sunrise/dev_ws/install/serial/lib:/home/sunrise/dev_ws/install/origincar_msg/lib:/home/sunrise/dev_ws/install/ackermann_msgs/lib:/opt/tros/humble/lib/aarch64-linux-gnu:/opt/tros/humble/lib:/opt/ros/humble/opt/rviz_ogre_vendor/lib:/opt/ros/humble/lib/aarch64-linux-gnu:/opt/ros/humble/lib:/usr/hobot/lib:/app/lib:/app/pub/lib:/middleware/lib:/middleware/pub/lib:/usr/hobot/lib/sensor:/system/lib:/system/usr/lib:/lib:/usr/hobot/lib:/app/lib:/app/pub/lib:/middleware/lib:/middleware/pub/lib:/usr/hobot/lib/sensor:/system/lib:/system/usr/lib:/lib /usr/bin/cmake --install /home/sunrise/dev_ws/build/lslidar_driver
[150.031s] -- Install configuration: ""
[150.033s] -- Execute custom install script
[150.036s] -- Symlinking: /home/sunrise/dev_ws/install/lslidar_driver/share/lslidar_driver/launch/lslidar_double_launch.py
[150.074s] -- Symlinking: /home/sunrise/dev_ws/install/lslidar_driver/share/lslidar_driver/launch/lsn10_launch.py
[150.113s] -- Symlinking: /home/sunrise/dev_ws/install/lslidar_driver/share/lslidar_driver/launch/lsn10p_launch.py
[150.152s] -- Symlinking: /home/sunrise/dev_ws/install/lslidar_driver/share/lslidar_driver/launch/viewer_scan_launch.py
[150.193s] -- Symlinking: /home/sunrise/dev_ws/install/lslidar_driver/share/lslidar_driver/params/lidar_net_ros2/lsm10_net.yaml
[150.231s] -- Symlinking: /home/sunrise/dev_ws/install/lslidar_driver/share/lslidar_driver/params/lidar_net_ros2/lsm10p_net.yaml
[150.271s] -- Symlinking: /home/sunrise/dev_ws/install/lslidar_driver/share/lslidar_driver/params/lidar_net_ros2/lsn10_net.yaml
[150.311s] -- Symlinking: /home/sunrise/dev_ws/install/lslidar_driver/share/lslidar_driver/params/lidar_net_ros2/lsn10p_net.yaml
[150.350s] -- Symlinking: /home/sunrise/dev_ws/install/lslidar_driver/share/lslidar_driver/params/lidar_uart_ros2/lsm10.yaml
[150.390s] -- Symlinking: /home/sunrise/dev_ws/install/lslidar_driver/share/lslidar_driver/params/lidar_uart_ros2/lsm10_p.yaml
[150.429s] -- Symlinking: /home/sunrise/dev_ws/install/lslidar_driver/share/lslidar_driver/params/lidar_uart_ros2/lsn10.yaml
[150.469s] -- Symlinking: /home/sunrise/dev_ws/install/lslidar_driver/share/lslidar_driver/params/lidar_uart_ros2/lsn10p.yaml
[150.509s] -- Symlinking: /home/sunrise/dev_ws/install/lslidar_driver/share/lslidar_driver/rviz/lslidar.rviz
[150.549s] -- Symlinking: /home/sunrise/dev_ws/install/lslidar_driver/lib/lslidar_driver/lslidar_driver_node
[150.588s] -- Symlinking: /home/sunrise/dev_ws/install/lslidar_driver/share/ament_index/resource_index/package_run_dependencies/lslidar_driver
[150.629s] -- Symlinking: /home/sunrise/dev_ws/install/lslidar_driver/share/ament_index/resource_index/parent_prefix_path/lslidar_driver
[150.668s] -- Symlinking: /home/sunrise/dev_ws/install/lslidar_driver/share/lslidar_driver/environment/ament_prefix_path.sh
[150.708s] -- Symlinking: /home/sunrise/dev_ws/install/lslidar_driver/share/lslidar_driver/environment/ament_prefix_path.dsv
[150.747s] -- Symlinking: /home/sunrise/dev_ws/install/lslidar_driver/share/lslidar_driver/environment/path.sh
[150.787s] -- Symlinking: /home/sunrise/dev_ws/install/lslidar_driver/share/lslidar_driver/environment/path.dsv
[150.826s] -- Symlinking: /home/sunrise/dev_ws/install/lslidar_driver/share/lslidar_driver/local_setup.bash
[150.865s] -- Symlinking: /home/sunrise/dev_ws/install/lslidar_driver/share/lslidar_driver/local_setup.sh
[150.904s] -- Symlinking: /home/sunrise/dev_ws/install/lslidar_driver/share/lslidar_driver/local_setup.zsh
[150.942s] -- Symlinking: /home/sunrise/dev_ws/install/lslidar_driver/share/lslidar_driver/local_setup.dsv
[150.982s] -- Symlinking: /home/sunrise/dev_ws/install/lslidar_driver/share/lslidar_driver/package.dsv
[151.025s] -- Symlinking: /home/sunrise/dev_ws/install/lslidar_driver/share/ament_index/resource_index/packages/lslidar_driver
[151.065s] -- Symlinking: /home/sunrise/dev_ws/install/lslidar_driver/share/lslidar_driver/cmake/ament_cmake_export_dependencies-extras.cmake
[151.107s] -- Symlinking: /home/sunrise/dev_ws/install/lslidar_driver/share/lslidar_driver/cmake/ament_cmake_export_include_directories-extras.cmake
[151.147s] -- Symlinking: /home/sunrise/dev_ws/install/lslidar_driver/share/lslidar_driver/cmake/lslidar_driverConfig.cmake
[151.189s] -- Symlinking: /home/sunrise/dev_ws/install/lslidar_driver/share/lslidar_driver/cmake/lslidar_driverConfig-version.cmake
[151.230s] -- Symlinking: /home/sunrise/dev_ws/install/lslidar_driver/share/lslidar_driver/package.xml
[151.298s] Invoked command in '/home/sunrise/dev_ws/build/lslidar_driver' returned '0': CMAKE_PREFIX_PATH=/home/sunrise/dev_ws/install/lslidar_msgs:/home/sunrise/dev_ws/install/origincar_base:/home/sunrise/dev_ws/install/serial:/home/sunrise/dev_ws/install/origincar_msg:/home/sunrise/dev_ws/install/origincar_description:/home/sunrise/dev_ws/install/origincar_bringup:/home/sunrise/dev_ws/install/lslidar_driver:/home/sunrise/dev_ws/install/ackermann_msgs:/home/sunrise/dev_ws/install/racing_stage2:/home/sunrise/dev_ws/install/racing_stage1:/home/sunrise/dev_ws/install/qr_scanner:/home/sunrise/dev_ws/install/bno055:/opt/tros/humble:/opt/ros/humble LD_LIBRARY_PATH=/home/sunrise/dev_ws/install/lslidar_msgs/lib:/home/sunrise/dev_ws/install/origincar_base/lib:/home/sunrise/dev_ws/install/serial/lib:/home/sunrise/dev_ws/install/origincar_msg/lib:/home/sunrise/dev_ws/install/ackermann_msgs/lib:/opt/tros/humble/lib/aarch64-linux-gnu:/opt/tros/humble/lib:/opt/ros/humble/opt/rviz_ogre_vendor/lib:/opt/ros/humble/lib/aarch64-linux-gnu:/opt/ros/humble/lib:/usr/hobot/lib:/app/lib:/app/pub/lib:/middleware/lib:/middleware/pub/lib:/usr/hobot/lib/sensor:/system/lib:/system/usr/lib:/lib:/usr/hobot/lib:/app/lib:/app/pub/lib:/middleware/lib:/middleware/pub/lib:/usr/hobot/lib/sensor:/system/lib:/system/usr/lib:/lib /usr/bin/cmake --install /home/sunrise/dev_ws/build/lslidar_driver
