[0.000000] (-) TimerEvent: {}
[0.000422] (-) JobUnselected: {'identifier': 'ackermann_msgs'}
[0.001033] (-) JobUnselected: {'identifier': 'bno055'}
[0.002057] (-) JobUnselected: {'identifier': 'line_follower_pkg'}
[0.002783] (-) JobUnselected: {'identifier': 'lslidar_driver'}
[0.003518] (-) JobUnselected: {'identifier': 'lslidar_msgs'}
[0.003742] (-) JobUnselected: {'identifier': 'origincar_base'}
[0.003937] (-) JobUnselected: {'identifier': 'origincar_bringup'}
[0.004133] (-) JobUnselected: {'identifier': 'origincar_description'}
[0.004387] (-) JobUnselected: {'identifier': 'origincar_msg'}
[0.004573] (-) JobUnselected: {'identifier': 'qr_scanner'}
[0.004784] (-) JobUnselected: {'identifier': 'racing_bringup'}
[0.004938] (-) JobUnselected: {'identifier': 'racing_stage1'}
[0.005159] (-) JobUnselected: {'identifier': 'racing_stage2'}
[0.005573] (-) JobUnselected: {'identifier': 'racing_stage3'}
[0.005685] (-) JobUnselected: {'identifier': 'racing_stage3_param_test'}
[0.005801] (-) JobUnselected: {'identifier': 'racing_vision_ai'}
[0.005952] (-) JobUnselected: {'identifier': 'serial'}
[0.006092] (-) JobUnselected: {'identifier': 'simple_avoidance'}
[0.006416] (-) JobUnselected: {'identifier': 'utils'}
[0.006638] (-) JobUnselected: {'identifier': 'voice_driver'}
[0.006787] (racing_stage2_param_test) JobQueued: {'identifier': 'racing_stage2_param_test', 'dependencies': OrderedDict([('ackermann_msgs', '/home/sunrise/dev_ws/install/ackermann_msgs'), ('bno055', '/home/sunrise/dev_ws/install/bno055'), ('lslidar_msgs', '/home/sunrise/dev_ws/install/lslidar_msgs'), ('origincar_bringup', '/home/sunrise/dev_ws/install/origincar_bringup'), ('origincar_description', '/home/sunrise/dev_ws/install/origincar_description'), ('origincar_msg', '/home/sunrise/dev_ws/install/origincar_msg'), ('qr_scanner', '/home/sunrise/dev_ws/install/qr_scanner'), ('serial', '/home/sunrise/dev_ws/install/serial'), ('lslidar_driver', '/home/sunrise/dev_ws/install/lslidar_driver'), ('origincar_base', '/home/sunrise/dev_ws/install/origincar_base'), ('racing_stage1', '/home/sunrise/dev_ws/install/racing_stage1'), ('racing_stage2', '/home/sunrise/dev_ws/install/racing_stage2')])}
[0.006985] (racing_stage2_param_test) JobStarted: {'identifier': 'racing_stage2_param_test'}
[0.098643] (-) TimerEvent: {}
[0.199108] (-) TimerEvent: {}
[0.299539] (-) TimerEvent: {}
[0.399928] (-) TimerEvent: {}
[0.500321] (-) TimerEvent: {}
[0.600733] (-) TimerEvent: {}
[0.701120] (-) TimerEvent: {}
[0.801489] (-) TimerEvent: {}
[0.901887] (-) TimerEvent: {}
[1.002316] (-) TimerEvent: {}
[1.110471] (-) TimerEvent: {}
[1.210850] (-) TimerEvent: {}
[1.311228] (-) TimerEvent: {}
[1.411593] (-) TimerEvent: {}
[1.511944] (-) TimerEvent: {}
[1.612302] (-) TimerEvent: {}
[1.712706] (-) TimerEvent: {}
[1.813166] (-) TimerEvent: {}
[1.913659] (-) TimerEvent: {}
[2.014111] (-) TimerEvent: {}
[2.114534] (-) TimerEvent: {}
[2.214951] (-) TimerEvent: {}
[2.315384] (-) TimerEvent: {}
[2.415780] (-) TimerEvent: {}
[2.516158] (-) TimerEvent: {}
[2.616543] (-) TimerEvent: {}
[2.716926] (-) TimerEvent: {}
[2.817333] (-) TimerEvent: {}
[2.917714] (-) TimerEvent: {}
[3.018108] (-) TimerEvent: {}
[3.118512] (-) TimerEvent: {}
[3.218891] (-) TimerEvent: {}
[3.319275] (-) TimerEvent: {}
[3.419638] (-) TimerEvent: {}
[3.520035] (-) TimerEvent: {}
[3.620430] (-) TimerEvent: {}
[3.720810] (-) TimerEvent: {}
[3.821160] (-) TimerEvent: {}
[3.921524] (-) TimerEvent: {}
[4.021986] (-) TimerEvent: {}
[4.122489] (-) TimerEvent: {}
[4.222953] (-) TimerEvent: {}
[4.263588] (racing_stage2_param_test) Command: {'cmd': ['/usr/bin/python3', '-W', 'ignore:setup.py install is deprecated', '-W', 'ignore:easy_install command is deprecated', 'setup.py', 'develop', '--editable', '--build-directory', '/home/sunrise/dev_ws/build/racing_stage2_param_test/build', '--no-deps', 'symlink_data'], 'cwd': '/home/sunrise/dev_ws/build/racing_stage2_param_test', 'env': {'LANGUAGE': 'en_US.UTF-8', 'USER': 'sunrise', 'SSH_CLIENT': '10.147.109.1 36454 22', 'XDG_SESSION_TYPE': 'tty', 'SHLVL': '0', 'LD_LIBRARY_PATH': '/home/sunrise/dev_ws/install/origincar_base/lib:/home/sunrise/dev_ws/install/serial/lib:/home/sunrise/dev_ws/install/origincar_msg/lib:/home/sunrise/dev_ws/install/lslidar_msgs/lib:/home/sunrise/dev_ws/install/ackermann_msgs/lib:/opt/ros/humble/opt/rviz_ogre_vendor/lib:/opt/ros/humble/lib/aarch64-linux-gnu:/opt/ros/humble/lib', 'MOTD_SHOWN': 'pam', 'HOME': '/home/sunrise', 'OLDPWD': '/home/sunrise', 'ROS_PYTHON_VERSION': '3', 'DBUS_SESSION_BUS_ADDRESS': 'unix:path=/run/user/1000/bus', 'ROS_DISTRO': 'humble', 'LOGNAME': 'sunrise', '_': '/usr/bin/colcon', 'ROS_VERSION': '2', 'XDG_SESSION_CLASS': 'user', 'XDG_SESSION_ID': '70', 'ROS_LOCALHOST_ONLY': '0', 'PATH': '/opt/ros/humble/bin:/usr/local/sbin:/usr/local/bin:/usr/sbin:/usr/bin:/sbin:/bin:/usr/games:/usr/local/games:/snap/bin', 'XDG_RUNTIME_DIR': '/run/user/1000', 'LANG': 'en_US.UTF-8', 'AMENT_PREFIX_PATH': '/home/sunrise/dev_ws/install/racing_stage2:/home/sunrise/dev_ws/install/racing_stage1:/home/sunrise/dev_ws/install/origincar_base:/home/sunrise/dev_ws/install/lslidar_driver:/home/sunrise/dev_ws/install/serial:/home/sunrise/dev_ws/install/qr_scanner:/home/sunrise/dev_ws/install/origincar_msg:/home/sunrise/dev_ws/install/origincar_description:/home/sunrise/dev_ws/install/origincar_bringup:/home/sunrise/dev_ws/install/lslidar_msgs:/home/sunrise/dev_ws/install/bno055:/home/sunrise/dev_ws/install/ackermann_msgs:/opt/ros/humble', 'SHELL': '/bin/bash', 'PWD': '/home/sunrise/dev_ws/build/racing_stage2_param_test', 'SSH_CONNECTION': '10.147.109.1 36454 10.147.109.8 22', 'PYTHONPATH': '/home/sunrise/dev_ws/build/racing_stage2_param_test/prefix_override:/usr/lib/python3/dist-packages/colcon_core/task/python/colcon_distutils_commands:/home/sunrise/dev_ws/install/racing_stage2_param_test/lib/python3.10/site-packages:/home/sunrise/dev_ws/build/racing_stage2:/home/sunrise/dev_ws/install/racing_stage2/lib/python3.10/site-packages:/home/sunrise/dev_ws/build/racing_stage1:/home/sunrise/dev_ws/install/racing_stage1/lib/python3.10/site-packages:/home/sunrise/dev_ws/install/origincar_base/local/lib/python3.10/dist-packages:/home/sunrise/dev_ws/build/qr_scanner:/home/sunrise/dev_ws/install/qr_scanner/lib/python3.10/site-packages:/home/sunrise/dev_ws/install/origincar_msg/local/lib/python3.10/dist-packages:/home/sunrise/dev_ws/install/lslidar_msgs/local/lib/python3.10/dist-packages:/home/sunrise/dev_ws/build/bno055:/home/sunrise/dev_ws/install/bno055/lib/python3.10/site-packages:/home/sunrise/dev_ws/install/ackermann_msgs/local/lib/python3.10/dist-packages:/opt/ros/humble/lib/python3.10/site-packages:/opt/ros/humble/local/lib/python3.10/dist-packages', 'COLCON': '1', 'CMAKE_PREFIX_PATH': '/home/sunrise/dev_ws/install/origincar_base:/home/sunrise/dev_ws/install/lslidar_driver:/home/sunrise/dev_ws/install/serial:/home/sunrise/dev_ws/install/origincar_msg:/home/sunrise/dev_ws/install/origincar_description:/home/sunrise/dev_ws/install/origincar_bringup:/home/sunrise/dev_ws/install/lslidar_msgs:/home/sunrise/dev_ws/install/ackermann_msgs'}, 'shell': False}
[4.323104] (-) TimerEvent: {}
[4.423492] (-) TimerEvent: {}
[4.523887] (-) TimerEvent: {}
[4.624301] (-) TimerEvent: {}
[4.724700] (-) TimerEvent: {}
[4.825087] (-) TimerEvent: {}
[4.925490] (-) TimerEvent: {}
[5.025894] (-) TimerEvent: {}
[5.126292] (-) TimerEvent: {}
[5.226711] (-) TimerEvent: {}
[5.327138] (-) TimerEvent: {}
[5.427537] (-) TimerEvent: {}
[5.527929] (-) TimerEvent: {}
[5.628334] (-) TimerEvent: {}
[5.728725] (-) TimerEvent: {}
[5.829116] (-) TimerEvent: {}
[5.929534] (-) TimerEvent: {}
[5.985144] (racing_stage2_param_test) StdoutLine: {'line': b'running develop\n'}
[6.029679] (-) TimerEvent: {}
[6.130070] (-) TimerEvent: {}
[6.230460] (-) TimerEvent: {}
[6.330855] (-) TimerEvent: {}
[6.431245] (-) TimerEvent: {}
[6.531632] (-) TimerEvent: {}
[6.632033] (-) TimerEvent: {}
[6.732427] (-) TimerEvent: {}
[6.832814] (-) TimerEvent: {}
[6.933208] (-) TimerEvent: {}
[7.033626] (-) TimerEvent: {}
[7.098005] (racing_stage2_param_test) StdoutLine: {'line': b'running egg_info\n'}
[7.099088] (racing_stage2_param_test) StdoutLine: {'line': b'writing racing_stage2_param_test.egg-info/PKG-INFO\n'}
[7.100260] (racing_stage2_param_test) StdoutLine: {'line': b'writing dependency_links to racing_stage2_param_test.egg-info/dependency_links.txt\n'}
[7.101380] (racing_stage2_param_test) StdoutLine: {'line': b'writing entry points to racing_stage2_param_test.egg-info/entry_points.txt\n'}
[7.102177] (racing_stage2_param_test) StdoutLine: {'line': b'writing requirements to racing_stage2_param_test.egg-info/requires.txt\n'}
[7.102946] (racing_stage2_param_test) StdoutLine: {'line': b'writing top-level names to racing_stage2_param_test.egg-info/top_level.txt\n'}
[7.113667] (racing_stage2_param_test) StdoutLine: {'line': b"reading manifest file 'racing_stage2_param_test.egg-info/SOURCES.txt'\n"}
[7.119508] (racing_stage2_param_test) StdoutLine: {'line': b"writing manifest file 'racing_stage2_param_test.egg-info/SOURCES.txt'\n"}
[7.128654] (racing_stage2_param_test) StdoutLine: {'line': b'running build_ext\n'}
[7.129833] (racing_stage2_param_test) StdoutLine: {'line': b'Creating /home/sunrise/dev_ws/install/racing_stage2_param_test/lib/python3.10/site-packages/racing-stage2-param-test.egg-link (link to .)\n'}
[7.133733] (-) TimerEvent: {}
[7.134517] (racing_stage2_param_test) StdoutLine: {'line': b'Installing avoidance_straight_tester script to /home/sunrise/dev_ws/install/racing_stage2_param_test/lib/racing_stage2_param_test\n'}
[7.135420] (racing_stage2_param_test) StdoutLine: {'line': b'Installing camera_video_recorder script to /home/sunrise/dev_ws/install/racing_stage2_param_test/lib/racing_stage2_param_test\n'}
[7.136506] (racing_stage2_param_test) StdoutLine: {'line': b'Installing data_recorder script to /home/sunrise/dev_ws/install/racing_stage2_param_test/lib/racing_stage2_param_test\n'}
[7.137326] (racing_stage2_param_test) StdoutLine: {'line': b'Installing direct_inertial_tester script to /home/sunrise/dev_ws/install/racing_stage2_param_test/lib/racing_stage2_param_test\n'}
[7.138102] (racing_stage2_param_test) StdoutLine: {'line': b'Installing twist_cmd_relay script to /home/sunrise/dev_ws/install/racing_stage2_param_test/lib/racing_stage2_param_test\n'}
[7.139149] (racing_stage2_param_test) StdoutLine: {'line': b'Installing vision_inertial_tester script to /home/sunrise/dev_ws/install/racing_stage2_param_test/lib/racing_stage2_param_test\n'}
[7.139596] (racing_stage2_param_test) StdoutLine: {'line': b'\n'}
[7.140005] (racing_stage2_param_test) StdoutLine: {'line': b'Installed /home/sunrise/dev_ws/build/racing_stage2_param_test\n'}
[7.140439] (racing_stage2_param_test) StdoutLine: {'line': b'running symlink_data\n'}
[7.233962] (-) TimerEvent: {}
[7.334442] (-) TimerEvent: {}
[7.383078] (racing_stage2_param_test) CommandEnded: {'returncode': 0}
[7.434706] (-) TimerEvent: {}
[7.514175] (racing_stage2_param_test) JobEnded: {'identifier': 'racing_stage2_param_test', 'rc': 0}
[7.516757] (-) EventReactorShutdown: {}
