[9.246s] Invoking command in '/home/sunrise/dev_ws/build/qr_scanner': PYTHONPATH=/home/sunrise/dev_ws/build/qr_scanner/prefix_override:/usr/lib/python3/dist-packages/colcon_core/task/python/colcon_distutils_commands:/home/sunrise/dev_ws/install/qr_scanner/lib/python3.10/site-packages:${PYTHONPATH} /usr/bin/python3 -W ignore:setup.py install is deprecated -W ignore:easy_install command is deprecated setup.py develop --editable --build-directory /home/sunrise/dev_ws/build/qr_scanner/build --no-deps symlink_data
[12.199s] running develop
[14.414s] running egg_info
[14.415s] creating qr_scanner.egg-info
[14.418s] writing qr_scanner.egg-info/PKG-INFO
[14.420s] writing dependency_links to qr_scanner.egg-info/dependency_links.txt
[14.423s] writing entry points to qr_scanner.egg-info/entry_points.txt
[14.424s] writing requirements to qr_scanner.egg-info/requires.txt
[14.425s] writing top-level names to qr_scanner.egg-info/top_level.txt
[14.428s] writing manifest file 'qr_scanner.egg-info/SOURCES.txt'
[14.444s] reading manifest file 'qr_scanner.egg-info/SOURCES.txt'
[14.446s] writing manifest file 'qr_scanner.egg-info/SOURCES.txt'
[14.460s] running build_ext
[14.460s] Creating /home/sunrise/dev_ws/install/qr_scanner/lib/python3.10/site-packages/qr-scanner.egg-link (link to .)
[14.466s] Installing qr_scanner script to /home/sunrise/dev_ws/install/qr_scanner/lib/qr_scanner
[14.470s] 
[14.470s] Installed /home/sunrise/dev_ws/build/qr_scanner
[14.471s] running symlink_data
[14.472s] creating /home/sunrise/dev_ws/install/qr_scanner/share/ament_index
[14.475s] creating /home/sunrise/dev_ws/install/qr_scanner/share/ament_index/resource_index
[14.478s] creating /home/sunrise/dev_ws/install/qr_scanner/share/ament_index/resource_index/packages
[14.480s] symbolically linking /home/sunrise/dev_ws/build/qr_scanner/resource/qr_scanner -> /home/sunrise/dev_ws/install/qr_scanner/share/ament_index/resource_index/packages
[14.480s] symbolically linking /home/sunrise/dev_ws/build/qr_scanner/package.xml -> /home/sunrise/dev_ws/install/qr_scanner/share/qr_scanner
[14.481s] creating /home/sunrise/dev_ws/install/qr_scanner/share/qr_scanner/launch
[14.482s] symbolically linking /home/sunrise/dev_ws/build/qr_scanner/launch/start_competition.launch.py -> /home/sunrise/dev_ws/install/qr_scanner/share/qr_scanner/launch
[14.484s] creating /home/sunrise/dev_ws/install/qr_scanner/share/qr_scanner/config
[14.485s] symbolically linking /home/sunrise/dev_ws/build/qr_scanner/config/sr.caffemodel -> /home/sunrise/dev_ws/install/qr_scanner/share/qr_scanner/config
[14.486s] symbolically linking /home/sunrise/dev_ws/build/qr_scanner/config/detect.prototxt -> /home/sunrise/dev_ws/install/qr_scanner/share/qr_scanner/config
[14.486s] symbolically linking /home/sunrise/dev_ws/build/qr_scanner/config/sr.prototxt -> /home/sunrise/dev_ws/install/qr_scanner/share/qr_scanner/config
[14.487s] symbolically linking /home/sunrise/dev_ws/build/qr_scanner/config/detect.caffemodel -> /home/sunrise/dev_ws/install/qr_scanner/share/qr_scanner/config
[18.691s] Invoked command in '/home/sunrise/dev_ws/build/qr_scanner' returned '0': PYTHONPATH=/home/sunrise/dev_ws/build/qr_scanner/prefix_override:/usr/lib/python3/dist-packages/colcon_core/task/python/colcon_distutils_commands:/home/sunrise/dev_ws/install/qr_scanner/lib/python3.10/site-packages:${PYTHONPATH} /usr/bin/python3 -W ignore:setup.py install is deprecated -W ignore:easy_install command is deprecated setup.py develop --editable --build-directory /home/sunrise/dev_ws/build/qr_scanner/build --no-deps symlink_data
