[0.000000] (-) TimerEvent: {}
[0.000414] (-) JobUnselected: {'identifier': 'ackermann_msgs'}
[0.001074] (-) JobUnselected: {'identifier': 'bno055'}
[0.002078] (-) JobUnselected: {'identifier': 'line_follower_pkg'}
[0.002796] (-) JobUnselected: {'identifier': 'lslidar_driver'}
[0.003560] (-) JobUnselected: {'identifier': 'lslidar_msgs'}
[0.003785] (-) JobUnselected: {'identifier': 'origincar_base'}
[0.003974] (-) JobUnselected: {'identifier': 'origincar_bringup'}
[0.004163] (-) JobUnselected: {'identifier': 'origincar_description'}
[0.004416] (-) JobUnselected: {'identifier': 'origincar_msg'}
[0.004606] (-) JobUnselected: {'identifier': 'qr_scanner'}
[0.004818] (-) JobUnselected: {'identifier': 'racing_bringup'}
[0.005077] (-) JobUnselected: {'identifier': 'racing_stage1'}
[0.005493] (-) JobUnselected: {'identifier': 'racing_stage2'}
[0.005679] (-) JobUnselected: {'identifier': 'racing_stage3'}
[0.005819] (-) JobUnselected: {'identifier': 'racing_stage3_param_test'}
[0.006150] (-) JobUnselected: {'identifier': 'racing_vision_ai'}
[0.006373] (-) JobUnselected: {'identifier': 'serial'}
[0.006512] (-) JobUnselected: {'identifier': 'simple_avoidance'}
[0.006642] (-) JobUnselected: {'identifier': 'utils'}
[0.006772] (-) JobUnselected: {'identifier': 'voice_driver'}
[0.006906] (racing_stage2_param_test) JobQueued: {'identifier': 'racing_stage2_param_test', 'dependencies': OrderedDict([('ackermann_msgs', '/home/sunrise/dev_ws/install/ackermann_msgs'), ('bno055', '/home/sunrise/dev_ws/install/bno055'), ('lslidar_msgs', '/home/sunrise/dev_ws/install/lslidar_msgs'), ('origincar_bringup', '/home/sunrise/dev_ws/install/origincar_bringup'), ('origincar_description', '/home/sunrise/dev_ws/install/origincar_description'), ('origincar_msg', '/home/sunrise/dev_ws/install/origincar_msg'), ('qr_scanner', '/home/sunrise/dev_ws/install/qr_scanner'), ('serial', '/home/sunrise/dev_ws/install/serial'), ('lslidar_driver', '/home/sunrise/dev_ws/install/lslidar_driver'), ('origincar_base', '/home/sunrise/dev_ws/install/origincar_base'), ('racing_stage1', '/home/sunrise/dev_ws/install/racing_stage1'), ('racing_stage2', '/home/sunrise/dev_ws/install/racing_stage2')])}
[0.007142] (racing_stage2_param_test) JobStarted: {'identifier': 'racing_stage2_param_test'}
[0.098734] (-) TimerEvent: {}
[0.199230] (-) TimerEvent: {}
[0.299741] (-) TimerEvent: {}
[0.400234] (-) TimerEvent: {}
[0.500743] (-) TimerEvent: {}
[0.601224] (-) TimerEvent: {}
[0.701689] (-) TimerEvent: {}
[0.802178] (-) TimerEvent: {}
[0.902762] (-) TimerEvent: {}
[1.003237] (-) TimerEvent: {}
[1.103715] (-) TimerEvent: {}
[1.204204] (-) TimerEvent: {}
[1.304695] (-) TimerEvent: {}
[1.405175] (-) TimerEvent: {}
[1.505677] (-) TimerEvent: {}
[1.606221] (-) TimerEvent: {}
[1.706779] (-) TimerEvent: {}
[1.807303] (-) TimerEvent: {}
[1.907826] (-) TimerEvent: {}
[2.008402] (-) TimerEvent: {}
[2.109013] (-) TimerEvent: {}
[2.209538] (-) TimerEvent: {}
[2.310031] (-) TimerEvent: {}
[2.410520] (-) TimerEvent: {}
[2.511075] (-) TimerEvent: {}
[2.611561] (-) TimerEvent: {}
[2.712068] (-) TimerEvent: {}
[2.812547] (-) TimerEvent: {}
[2.913024] (-) TimerEvent: {}
[3.013521] (-) TimerEvent: {}
[3.114010] (-) TimerEvent: {}
[3.214501] (-) TimerEvent: {}
[3.315036] (-) TimerEvent: {}
[3.415519] (-) TimerEvent: {}
[3.516012] (-) TimerEvent: {}
[3.616512] (-) TimerEvent: {}
[3.716997] (-) TimerEvent: {}
[3.817475] (-) TimerEvent: {}
[3.917977] (-) TimerEvent: {}
[4.018469] (-) TimerEvent: {}
[4.118960] (-) TimerEvent: {}
[4.219449] (-) TimerEvent: {}
[4.319936] (-) TimerEvent: {}
[4.420448] (-) TimerEvent: {}
[4.520987] (-) TimerEvent: {}
[4.621513] (racing_stage2_param_test) Command: {'cmd': ['/usr/bin/python3', '-W', 'ignore:setup.py install is deprecated', '-W', 'ignore:easy_install command is deprecated', 'setup.py', 'develop', '--editable', '--build-directory', '/home/sunrise/dev_ws/build/racing_stage2_param_test/build', '--no-deps', 'symlink_data'], 'cwd': '/home/sunrise/dev_ws/build/racing_stage2_param_test', 'env': {'LANGUAGE': 'en_US.UTF-8', 'USER': 'sunrise', 'SSH_CLIENT': '10.147.109.1 15124 22', 'XDG_SESSION_TYPE': 'tty', 'SHLVL': '1', 'LD_LIBRARY_PATH': '/home/sunrise/dev_ws/install/origincar_base/lib:/home/sunrise/dev_ws/install/serial/lib:/home/sunrise/dev_ws/install/origincar_msg/lib:/home/sunrise/dev_ws/install/lslidar_msgs/lib:/home/sunrise/dev_ws/install/ackermann_msgs/lib:/opt/ros/humble/opt/rviz_ogre_vendor/lib:/opt/ros/humble/lib/aarch64-linux-gnu:/opt/ros/humble/lib', 'MOTD_SHOWN': 'pam', 'HOME': '/home/sunrise', 'OLDPWD': '/home/sunrise', 'ROS_PYTHON_VERSION': '3', 'DBUS_SESSION_BUS_ADDRESS': 'unix:path=/run/user/1000/bus', 'ROS_DISTRO': 'humble', 'LOGNAME': 'sunrise', '_': '/usr/bin/colcon', 'ROS_VERSION': '2', 'XDG_SESSION_CLASS': 'user', 'XDG_SESSION_ID': '246', 'ROS_LOCALHOST_ONLY': '0', 'PATH': '/opt/ros/humble/bin:/usr/local/sbin:/usr/local/bin:/usr/sbin:/usr/bin:/sbin:/bin:/usr/games:/usr/local/games:/snap/bin', 'XDG_RUNTIME_DIR': '/run/user/1000', 'LANG': 'en_US.UTF-8', 'AMENT_PREFIX_PATH': '/home/sunrise/dev_ws/install/racing_stage2:/home/sunrise/dev_ws/install/racing_stage1:/home/sunrise/dev_ws/install/origincar_base:/home/sunrise/dev_ws/install/lslidar_driver:/home/sunrise/dev_ws/install/serial:/home/sunrise/dev_ws/install/qr_scanner:/home/sunrise/dev_ws/install/origincar_msg:/home/sunrise/dev_ws/install/origincar_description:/home/sunrise/dev_ws/install/origincar_bringup:/home/sunrise/dev_ws/install/lslidar_msgs:/home/sunrise/dev_ws/install/bno055:/home/sunrise/dev_ws/install/ackermann_msgs:/opt/ros/humble', 'SHELL': '/bin/bash', 'PWD': '/home/sunrise/dev_ws/build/racing_stage2_param_test', 'SSH_CONNECTION': '10.147.109.1 15124 10.147.109.8 22', 'PYTHONPATH': '/home/sunrise/dev_ws/build/racing_stage2_param_test/prefix_override:/usr/lib/python3/dist-packages/colcon_core/task/python/colcon_distutils_commands:/home/sunrise/dev_ws/install/racing_stage2_param_test/lib/python3.10/site-packages:/home/sunrise/dev_ws/build/racing_stage2:/home/sunrise/dev_ws/install/racing_stage2/lib/python3.10/site-packages:/home/sunrise/dev_ws/build/racing_stage1:/home/sunrise/dev_ws/install/racing_stage1/lib/python3.10/site-packages:/home/sunrise/dev_ws/install/origincar_base/local/lib/python3.10/dist-packages:/home/sunrise/dev_ws/build/qr_scanner:/home/sunrise/dev_ws/install/qr_scanner/lib/python3.10/site-packages:/home/sunrise/dev_ws/install/origincar_msg/local/lib/python3.10/dist-packages:/home/sunrise/dev_ws/install/lslidar_msgs/local/lib/python3.10/dist-packages:/home/sunrise/dev_ws/build/bno055:/home/sunrise/dev_ws/install/bno055/lib/python3.10/site-packages:/home/sunrise/dev_ws/install/ackermann_msgs/local/lib/python3.10/dist-packages:/opt/ros/humble/lib/python3.10/site-packages:/opt/ros/humble/local/lib/python3.10/dist-packages', 'COLCON': '1', 'CMAKE_PREFIX_PATH': '/home/sunrise/dev_ws/install/origincar_base:/home/sunrise/dev_ws/install/lslidar_driver:/home/sunrise/dev_ws/install/serial:/home/sunrise/dev_ws/install/origincar_msg:/home/sunrise/dev_ws/install/origincar_description:/home/sunrise/dev_ws/install/origincar_bringup:/home/sunrise/dev_ws/install/lslidar_msgs:/home/sunrise/dev_ws/install/ackermann_msgs'}, 'shell': False}
[4.628636] (-) TimerEvent: {}
[4.729027] (-) TimerEvent: {}
[4.829494] (-) TimerEvent: {}
[4.929977] (-) TimerEvent: {}
[5.030448] (-) TimerEvent: {}
[5.130985] (-) TimerEvent: {}
[5.231449] (-) TimerEvent: {}
[5.331928] (-) TimerEvent: {}
[5.432392] (-) TimerEvent: {}
[5.532886] (-) TimerEvent: {}
[5.633363] (-) TimerEvent: {}
[5.733830] (-) TimerEvent: {}
[5.834295] (-) TimerEvent: {}
[5.934765] (-) TimerEvent: {}
[6.035227] (-) TimerEvent: {}
[6.135708] (-) TimerEvent: {}
[6.236236] (-) TimerEvent: {}
[6.336753] (-) TimerEvent: {}
[6.437255] (-) TimerEvent: {}
[6.498246] (racing_stage2_param_test) StdoutLine: {'line': b'running develop\n'}
[6.537442] (-) TimerEvent: {}
[6.637943] (-) TimerEvent: {}
[6.738425] (-) TimerEvent: {}
[6.838965] (-) TimerEvent: {}
[6.939452] (-) TimerEvent: {}
[7.039920] (-) TimerEvent: {}
[7.140398] (-) TimerEvent: {}
[7.240940] (-) TimerEvent: {}
[7.341419] (-) TimerEvent: {}
[7.441928] (-) TimerEvent: {}
[7.542404] (-) TimerEvent: {}
[7.642868] (-) TimerEvent: {}
[7.732845] (racing_stage2_param_test) StdoutLine: {'line': b'running egg_info\n'}
[7.734006] (racing_stage2_param_test) StdoutLine: {'line': b'writing racing_stage2_param_test.egg-info/PKG-INFO\n'}
[7.735207] (racing_stage2_param_test) StdoutLine: {'line': b'writing dependency_links to racing_stage2_param_test.egg-info/dependency_links.txt\n'}
[7.736503] (racing_stage2_param_test) StdoutLine: {'line': b'writing entry points to racing_stage2_param_test.egg-info/entry_points.txt\n'}
[7.737393] (racing_stage2_param_test) StdoutLine: {'line': b'writing requirements to racing_stage2_param_test.egg-info/requires.txt\n'}
[7.738265] (racing_stage2_param_test) StdoutLine: {'line': b'writing top-level names to racing_stage2_param_test.egg-info/top_level.txt\n'}
[7.742988] (-) TimerEvent: {}
[7.750052] (racing_stage2_param_test) StdoutLine: {'line': b"reading manifest file 'racing_stage2_param_test.egg-info/SOURCES.txt'\n"}
[7.756095] (racing_stage2_param_test) StdoutLine: {'line': b"writing manifest file 'racing_stage2_param_test.egg-info/SOURCES.txt'\n"}
[7.766550] (racing_stage2_param_test) StdoutLine: {'line': b'running build_ext\n'}
[7.767883] (racing_stage2_param_test) StdoutLine: {'line': b'Creating /home/sunrise/dev_ws/install/racing_stage2_param_test/lib/python3.10/site-packages/racing-stage2-param-test.egg-link (link to .)\n'}
[7.773665] (racing_stage2_param_test) StdoutLine: {'line': b'Installing avoidance_straight_tester script to /home/sunrise/dev_ws/install/racing_stage2_param_test/lib/racing_stage2_param_test\n'}
[7.774759] (racing_stage2_param_test) StdoutLine: {'line': b'Installing camera_video_recorder script to /home/sunrise/dev_ws/install/racing_stage2_param_test/lib/racing_stage2_param_test\n'}
[7.775576] (racing_stage2_param_test) StdoutLine: {'line': b'Installing data_recorder script to /home/sunrise/dev_ws/install/racing_stage2_param_test/lib/racing_stage2_param_test\n'}
[7.776353] (racing_stage2_param_test) StdoutLine: {'line': b'Installing direct_inertial_tester script to /home/sunrise/dev_ws/install/racing_stage2_param_test/lib/racing_stage2_param_test\n'}
[7.777107] (racing_stage2_param_test) StdoutLine: {'line': b'Installing twist_cmd_relay script to /home/sunrise/dev_ws/install/racing_stage2_param_test/lib/racing_stage2_param_test\n'}
[7.777954] (racing_stage2_param_test) StdoutLine: {'line': b'Installing vision_inertial_tester script to /home/sunrise/dev_ws/install/racing_stage2_param_test/lib/racing_stage2_param_test\n'}
[7.779355] (racing_stage2_param_test) StdoutLine: {'line': b'\n'}
[7.779937] (racing_stage2_param_test) StdoutLine: {'line': b'Installed /home/sunrise/dev_ws/build/racing_stage2_param_test\n'}
[7.780518] (racing_stage2_param_test) StdoutLine: {'line': b'running symlink_data\n'}
[7.782030] (racing_stage2_param_test) StderrLine: {'line': b"error: can't copy '/home/sunrise/dev_ws/build/racing_stage2_param_test/launch/lane_follow_test.launch.py': doesn't exist or not a regular file\n"}
[7.843155] (-) TimerEvent: {}
[7.943651] (-) TimerEvent: {}
[8.033809] (racing_stage2_param_test) CommandEnded: {'returncode': 1}
[8.036013] (racing_stage2_param_test) JobEnded: {'identifier': 'racing_stage2_param_test', 'rc': 1}
[8.043758] (-) TimerEvent: {}
[8.046579] (-) EventReactorShutdown: {}
