[0.000000] (-) TimerEvent: {}
[0.000442] (-) JobUnselected: {'identifier': 'ackermann_msgs'}
[0.001120] (-) JobUnselected: {'identifier': 'bno055'}
[0.002303] (-) JobUnselected: {'identifier': 'line_follower_pkg'}
[0.003132] (-) JobUnselected: {'identifier': 'lslidar_driver'}
[0.003365] (-) JobUnselected: {'identifier': 'lslidar_msgs'}
[0.003568] (-) JobUnselected: {'identifier': 'origincar_base'}
[0.003760] (-) JobUnselected: {'identifier': 'origincar_bringup'}
[0.003952] (-) JobUnselected: {'identifier': 'origincar_description'}
[0.004142] (-) JobUnselected: {'identifier': 'origincar_msg'}
[0.004330] (-) JobUnselected: {'identifier': 'qr_scanner'}
[0.004518] (-) JobUnselected: {'identifier': 'racing_bringup'}
[0.004703] (-) JobUnselected: {'identifier': 'racing_stage1'}
[0.004889] (-) JobUnselected: {'identifier': 'racing_stage2'}
[0.005075] (-) JobUnselected: {'identifier': 'racing_stage3'}
[0.005260] (-) JobUnselected: {'identifier': 'racing_stage3_param_test'}
[0.005444] (-) JobUnselected: {'identifier': 'racing_vision_ai'}
[0.005628] (-) JobUnselected: {'identifier': 'serial'}
[0.005814] (-) JobUnselected: {'identifier': 'simple_avoidance'}
[0.006005] (-) JobUnselected: {'identifier': 'utils'}
[0.006194] (-) JobUnselected: {'identifier': 'voice_driver'}
[0.006392] (racing_stage2_param_test) JobQueued: {'identifier': 'racing_stage2_param_test', 'dependencies': OrderedDict()}
[0.006590] (racing_stage2_param_test) JobStarted: {'identifier': 'racing_stage2_param_test'}
[0.098564] (-) TimerEvent: {}
[0.199042] (-) TimerEvent: {}
[0.299508] (-) TimerEvent: {}
[0.399987] (-) TimerEvent: {}
[0.500469] (-) TimerEvent: {}
[0.600948] (-) TimerEvent: {}
[0.701405] (-) TimerEvent: {}
[0.801898] (-) TimerEvent: {}
[0.902337] (-) TimerEvent: {}
[1.002773] (-) TimerEvent: {}
[1.103214] (-) TimerEvent: {}
[1.203624] (-) TimerEvent: {}
[1.304038] (-) TimerEvent: {}
[1.404468] (-) TimerEvent: {}
[1.504917] (-) TimerEvent: {}
[1.605385] (-) TimerEvent: {}
[1.705834] (-) TimerEvent: {}
[1.806286] (-) TimerEvent: {}
[1.906776] (-) TimerEvent: {}
[2.007321] (-) TimerEvent: {}
[2.107797] (-) TimerEvent: {}
[2.208250] (-) TimerEvent: {}
[2.308684] (-) TimerEvent: {}
[2.409119] (-) TimerEvent: {}
[2.509564] (-) TimerEvent: {}
[2.610018] (-) TimerEvent: {}
[2.710468] (-) TimerEvent: {}
[2.810907] (-) TimerEvent: {}
[2.911338] (-) TimerEvent: {}
[3.011809] (-) TimerEvent: {}
[3.112292] (-) TimerEvent: {}
[3.212773] (-) TimerEvent: {}
[3.313257] (-) TimerEvent: {}
[3.413717] (-) TimerEvent: {}
[3.514230] (-) TimerEvent: {}
[3.614763] (-) TimerEvent: {}
[3.715269] (-) TimerEvent: {}
[3.815803] (-) TimerEvent: {}
[3.916334] (-) TimerEvent: {}
[4.016815] (-) TimerEvent: {}
[4.117272] (-) TimerEvent: {}
[4.217755] (-) TimerEvent: {}
[4.318224] (-) TimerEvent: {}
[4.418684] (-) TimerEvent: {}
[4.519199] (-) TimerEvent: {}
[4.619749] (-) TimerEvent: {}
[4.720295] (-) TimerEvent: {}
[4.765505] (racing_stage2_param_test) Command: {'cmd': ['/usr/bin/python3', '-W', 'ignore:setup.py install is deprecated', '-W', 'ignore:easy_install command is deprecated', 'setup.py', 'develop', '--editable', '--build-directory', '/home/sunrise/dev_ws/build/racing_stage2_param_test/build', '--no-deps', 'symlink_data'], 'cwd': '/home/sunrise/dev_ws/build/racing_stage2_param_test', 'env': {'VSCODE_CWD': '/home/sunrise', 'VSCODE_ESM_ENTRYPOINT': 'vs/workbench/api/node/extensionHostProcess', 'LANGUAGE': 'en_US.UTF-8', 'USER': 'sunrise', 'SSH_CLIENT': '10.119.156.1 35775 22', 'VSCODE_NLS_CONFIG': '{"userLocale":"en","osLocale":"en","resolvedLanguage":"en","defaultMessagesFile":"/home/sunrise/.cursor-server/bin/linux-arm64/aac81804b986d739acab348ed96b8bea6e83cc50/out/nls.messages.json","locale":"en","availableLanguages":{}}', 'VSCODE_HANDLES_UNCAUGHT_ERRORS': 'true', 'XDG_SESSION_TYPE': 'tty', 'SHLVL': '0', 'LD_LIBRARY_PATH': '/home/sunrise/dev_ws/install/voice_driver/lib:/usr/hobot/lib:/app/lib:/app/pub/lib:/middleware/lib:/middleware/pub/lib:/usr/hobot/lib/sensor:/system/lib:/system/usr/lib:/lib:/home/sunrise/dev_ws/install/origincar_base/lib:/home/sunrise/dev_ws/install/serial/lib:/home/sunrise/dev_ws/install/origincar_msg/lib:/home/sunrise/dev_ws/install/lslidar_msgs/lib:/home/sunrise/dev_ws/install/ackermann_msgs/lib:/opt/tros/humble/lib/aarch64-linux-gnu:/opt/tros/humble/lib:/opt/ros/humble/opt/rviz_ogre_vendor/lib:/opt/ros/humble/lib/aarch64-linux-gnu:/opt/ros/humble/lib:/usr/hobot/lib:/app/lib:/app/pub/lib:/middleware/lib:/middleware/pub/lib:/usr/hobot/lib/sensor:/system/lib:/system/usr/lib:/lib:/usr/hobot/lib:/app/lib:/app/pub/lib:/middleware/lib:/middleware/pub/lib:/usr/hobot/lib/sensor:/system/lib:/system/usr/lib:/lib:', 'BROWSER': '/home/sunrise/.cursor-server/bin/linux-arm64/aac81804b986d739acab348ed96b8bea6e83cc50/bin/helpers/browser.sh', 'MOTD_SHOWN': 'pam', 'HOME': '/home/sunrise', 'OLDPWD': '/home/sunrise/dev_ws', 'VSCODE_IPC_HOOK_CLI': '/run/user/1000/vscode-ipc-4d22c997-93ab-4d22-a85f-80a1014e6439.sock', 'ROS_PYTHON_VERSION': '3', 'NO_COLOR': '1', 'DBUS_SESSION_BUS_ADDRESS': 'unix:path=/run/user/1000/bus', 'TROS_DISTRO': 'humble', 'VSCODE_L10N_BUNDLE_LOCATION': '', 'COLCON_PREFIX_PATH': '/home/sunrise/dev_ws/install', 'ROS_DISTRO': 'humble', 'OVSX_REGISTRY_URL': 'https://open-vsx.org', 'LOGNAME': 'sunrise', 'FORCE_COLOR': '0', 'VSCODE_HANDLES_SIGPIPE': 'true', '_': '/usr/bin/colcon', 'ROS_VERSION': '2', 'CURSOR_LAYOUT': 'unifiedAgent', 'XDG_SESSION_CLASS': 'user', 'TERM': 'dumb', 'XDG_SESSION_ID': '3', 'ROS_LOCALHOST_ONLY': '0', 'PATH': '/home/sunrise/.local/bin:/usr/hobot/bin/:/home/sunrise/.cursor-server/bin/linux-arm64/aac81804b986d739acab348ed96b8bea6e83cc50:/home/sunrise/.cursor-server/bin/linux-arm64/aac81804b986d739acab348ed96b8bea6e83cc50/bin/remote-cli:/home/sunrise/.local/bin:/opt/tros/humble/bin:/opt/ros/humble/bin:/usr/hobot/bin/:/home/sunrise/.cursor-server/bin/linux-arm64/aac81804b986d739acab348ed96b8bea6e83cc50/bin/remote-cli:/home/sunrise/.local/bin:/usr/hobot/bin/:/usr/local/sbin:/usr/local/bin:/usr/sbin:/usr/bin:/sbin:/bin:/usr/games:/usr/local/games:/snap/bin', 'VSCODE_AGENT_FOLDER': '/home/sunrise/.cursor-server', 'XDG_RUNTIME_DIR': '/run/user/1000', 'CURSOR_AGENT': '1', 'LANG': 'en_US.UTF-8', 'LS_COLORS': '', 'AMENT_PREFIX_PATH': '/home/sunrise/dev_ws/install/voice_driver:/home/sunrise/dev_ws/install/utils:/home/sunrise/dev_ws/install/simple_avoidance:/home/sunrise/dev_ws/install/racing_vision_ai:/home/sunrise/dev_ws/install/racing_stage3_param_test:/home/sunrise/dev_ws/install/racing_bringup:/home/sunrise/dev_ws/install/racing_stage3:/home/sunrise/dev_ws/install/line_follower_pkg:/home/sunrise/dev_ws/install/origincar_base:/home/sunrise/dev_ws/install/serial:/home/sunrise/dev_ws/install/racing_stage2:/home/sunrise/dev_ws/install/racing_stage1:/home/sunrise/dev_ws/install/qr_scanner:/home/sunrise/dev_ws/install/origincar_msg:/home/sunrise/dev_ws/install/origincar_description:/home/sunrise/dev_ws/install/origincar_bringup:/home/sunrise/dev_ws/install/lslidar_driver:/home/sunrise/dev_ws/install/lslidar_msgs:/home/sunrise/dev_ws/install/bno055:/home/sunrise/dev_ws/install/ackermann_msgs:/opt/tros/humble:/opt/ros/humble', 'SHELL': '/bin/bash', 'VSCODE_SERVER_SHUTDOWN_TIMEOUT': '300', 'PWD': '/home/sunrise/dev_ws/build/racing_stage2_param_test', 'SSH_CONNECTION': '10.119.156.1 35775 10.119.156.8 22', 'PYTHONPATH': '/home/sunrise/dev_ws/build/racing_stage2_param_test/prefix_override:/usr/lib/python3/dist-packages/colcon_core/task/python/colcon_distutils_commands:/home/sunrise/dev_ws/install/racing_stage2_param_test/lib/python3.10/site-packages:/home/sunrise/dev_ws/install/voice_driver/local/lib/python3.10/dist-packages:/home/sunrise/dev_ws/build/simple_avoidance:/home/sunrise/dev_ws/install/simple_avoidance/lib/python3.10/site-packages:/home/sunrise/dev_ws/build/racing_vision_ai:/home/sunrise/dev_ws/install/racing_vision_ai/lib/python3.10/site-packages:/home/sunrise/dev_ws/build/racing_stage3_param_test:/home/sunrise/dev_ws/install/racing_stage3_param_test/lib/python3.10/site-packages:/home/sunrise/dev_ws/build/racing_bringup:/home/sunrise/dev_ws/install/racing_bringup/lib/python3.10/site-packages:/home/sunrise/dev_ws/build/racing_stage3:/home/sunrise/dev_ws/install/racing_stage3/lib/python3.10/site-packages:/home/sunrise/dev_ws/build/line_follower_pkg:/home/sunrise/dev_ws/install/line_follower_pkg/lib/python3.10/site-packages:/home/sunrise/dev_ws/install/origincar_base/local/lib/python3.10/dist-packages:/home/sunrise/dev_ws/build/racing_stage2_param_test:/home/sunrise/dev_ws/install/racing_stage2_param_test/lib/python3.10/site-packages:/home/sunrise/dev_ws/build/racing_stage2:/home/sunrise/dev_ws/install/racing_stage2/lib/python3.10/site-packages:/home/sunrise/dev_ws/build/racing_stage1:/home/sunrise/dev_ws/install/racing_stage1/lib/python3.10/site-packages:/home/sunrise/dev_ws/build/qr_scanner:/home/sunrise/dev_ws/install/qr_scanner/lib/python3.10/site-packages:/home/sunrise/dev_ws/install/origincar_msg/local/lib/python3.10/dist-packages:/home/sunrise/dev_ws/install/lslidar_msgs/local/lib/python3.10/dist-packages:/home/sunrise/dev_ws/build/bno055:/home/sunrise/dev_ws/install/bno055/lib/python3.10/site-packages:/home/sunrise/dev_ws/install/ackermann_msgs/local/lib/python3.10/dist-packages:/opt/tros/humble/lib/python3.10/site-packages:/opt/tros/humble/local/lib/python3.10/dist-packages:/opt/ros/humble/lib/python3.10/site-packages:/opt/ros/humble/local/lib/python3.10/dist-packages', 'COLCON': '1', '_ZO_DOCTOR': '0', 'CMAKE_PREFIX_PATH': '/home/sunrise/dev_ws/install/voice_driver:/home/sunrise/dev_ws/install/utils:/home/sunrise/dev_ws/install/origincar_base:/home/sunrise/dev_ws/install/serial:/home/sunrise/dev_ws/install/origincar_msg:/home/sunrise/dev_ws/install/origincar_description:/home/sunrise/dev_ws/install/origincar_bringup:/home/sunrise/dev_ws/install/lslidar_driver:/home/sunrise/dev_ws/install/lslidar_msgs:/home/sunrise/dev_ws/install/ackermann_msgs'}, 'shell': False}
[4.820454] (-) TimerEvent: {}
[4.920895] (-) TimerEvent: {}
[5.021345] (-) TimerEvent: {}
[5.121836] (-) TimerEvent: {}
[5.222287] (-) TimerEvent: {}
[5.322767] (-) TimerEvent: {}
[5.423235] (-) TimerEvent: {}
[5.523680] (-) TimerEvent: {}
[5.624145] (-) TimerEvent: {}
[5.724610] (-) TimerEvent: {}
[5.825066] (-) TimerEvent: {}
[5.925520] (-) TimerEvent: {}
[6.025978] (-) TimerEvent: {}
[6.126440] (-) TimerEvent: {}
[6.226886] (-) TimerEvent: {}
[6.327347] (-) TimerEvent: {}
[6.427815] (-) TimerEvent: {}
[6.528297] (-) TimerEvent: {}
[6.628766] (-) TimerEvent: {}
[6.729258] (-) TimerEvent: {}
[6.786362] (racing_stage2_param_test) StdoutLine: {'line': b'running develop\n'}
[6.829411] (-) TimerEvent: {}
[6.929913] (-) TimerEvent: {}
[7.030415] (-) TimerEvent: {}
[7.130929] (-) TimerEvent: {}
[7.231346] (-) TimerEvent: {}
[7.331780] (-) TimerEvent: {}
[7.432218] (-) TimerEvent: {}
[7.532649] (-) TimerEvent: {}
[7.633070] (-) TimerEvent: {}
[7.733474] (-) TimerEvent: {}
[7.833895] (-) TimerEvent: {}
[7.934303] (-) TimerEvent: {}
[7.983024] (racing_stage2_param_test) StdoutLine: {'line': b'running egg_info\n'}
[7.983788] (racing_stage2_param_test) StdoutLine: {'line': b'creating racing_stage2_param_test.egg-info\n'}
[7.984638] (racing_stage2_param_test) StdoutLine: {'line': b'writing racing_stage2_param_test.egg-info/PKG-INFO\n'}
[7.986007] (racing_stage2_param_test) StdoutLine: {'line': b'writing dependency_links to racing_stage2_param_test.egg-info/dependency_links.txt\n'}
[7.986930] (racing_stage2_param_test) StdoutLine: {'line': b'writing entry points to racing_stage2_param_test.egg-info/entry_points.txt\n'}
[7.987916] (racing_stage2_param_test) StdoutLine: {'line': b'writing requirements to racing_stage2_param_test.egg-info/requires.txt\n'}
[7.988378] (racing_stage2_param_test) StdoutLine: {'line': b'writing top-level names to racing_stage2_param_test.egg-info/top_level.txt\n'}
[7.989182] (racing_stage2_param_test) StdoutLine: {'line': b"writing manifest file 'racing_stage2_param_test.egg-info/SOURCES.txt'\n"}
[7.999356] (racing_stage2_param_test) StdoutLine: {'line': b"reading manifest file 'racing_stage2_param_test.egg-info/SOURCES.txt'\n"}
[8.003087] (racing_stage2_param_test) StdoutLine: {'line': b"writing manifest file 'racing_stage2_param_test.egg-info/SOURCES.txt'\n"}
[8.014834] (racing_stage2_param_test) StdoutLine: {'line': b'running build_ext\n'}
[8.016183] (racing_stage2_param_test) StdoutLine: {'line': b'Creating /home/sunrise/dev_ws/install/racing_stage2_param_test/lib/python3.10/site-packages/racing-stage2-param-test.egg-link (link to .)\n'}
[8.020718] (racing_stage2_param_test) StdoutLine: {'line': b'Installing avoidance_straight_tester script to /home/sunrise/dev_ws/install/racing_stage2_param_test/lib/racing_stage2_param_test\n'}
[8.021592] (racing_stage2_param_test) StdoutLine: {'line': b'Installing direct_inertial_tester script to /home/sunrise/dev_ws/install/racing_stage2_param_test/lib/racing_stage2_param_test\n'}
[8.022433] (racing_stage2_param_test) StdoutLine: {'line': b'Installing twist_cmd_relay script to /home/sunrise/dev_ws/install/racing_stage2_param_test/lib/racing_stage2_param_test\n'}
[8.023332] (racing_stage2_param_test) StdoutLine: {'line': b'\n'}
[8.024993] (racing_stage2_param_test) StdoutLine: {'line': b'Installed /home/sunrise/dev_ws/build/racing_stage2_param_test\n'}
[8.026450] (racing_stage2_param_test) StdoutLine: {'line': b'running symlink_data\n'}
[8.027911] (racing_stage2_param_test) StdoutLine: {'line': b'creating /home/sunrise/dev_ws/install/racing_stage2_param_test/share\n'}
[8.028436] (racing_stage2_param_test) StdoutLine: {'line': b'creating /home/sunrise/dev_ws/install/racing_stage2_param_test/share/ament_index\n'}
[8.028898] (racing_stage2_param_test) StdoutLine: {'line': b'creating /home/sunrise/dev_ws/install/racing_stage2_param_test/share/ament_index/resource_index\n'}
[8.029338] (racing_stage2_param_test) StdoutLine: {'line': b'creating /home/sunrise/dev_ws/install/racing_stage2_param_test/share/ament_index/resource_index/packages\n'}
[8.029771] (racing_stage2_param_test) StdoutLine: {'line': b'symbolically linking /home/sunrise/dev_ws/build/racing_stage2_param_test/resource/racing_stage2_param_test -> /home/sunrise/dev_ws/install/racing_stage2_param_test/share/ament_index/resource_index/packages\n'}
[8.030202] (racing_stage2_param_test) StdoutLine: {'line': b'creating /home/sunrise/dev_ws/install/racing_stage2_param_test/share/racing_stage2_param_test\n'}
[8.030624] (racing_stage2_param_test) StdoutLine: {'line': b'symbolically linking /home/sunrise/dev_ws/build/racing_stage2_param_test/package.xml -> /home/sunrise/dev_ws/install/racing_stage2_param_test/share/racing_stage2_param_test\n'}
[8.031051] (racing_stage2_param_test) StdoutLine: {'line': b'creating /home/sunrise/dev_ws/install/racing_stage2_param_test/share/racing_stage2_param_test/launch\n'}
[8.031478] (racing_stage2_param_test) StdoutLine: {'line': b'symbolically linking /home/sunrise/dev_ws/build/racing_stage2_param_test/launch/direct_inertial_test.launch.py -> /home/sunrise/dev_ws/install/racing_stage2_param_test/share/racing_stage2_param_test/launch\n'}
[8.031952] (racing_stage2_param_test) StdoutLine: {'line': b'symbolically linking /home/sunrise/dev_ws/build/racing_stage2_param_test/launch/avoidance_straight_test.launch.py -> /home/sunrise/dev_ws/install/racing_stage2_param_test/share/racing_stage2_param_test/launch\n'}
[8.032391] (racing_stage2_param_test) StdoutLine: {'line': b'creating /home/sunrise/dev_ws/install/racing_stage2_param_test/share/racing_stage2_param_test/config\n'}
[8.032812] (racing_stage2_param_test) StdoutLine: {'line': b'symbolically linking /home/sunrise/dev_ws/build/racing_stage2_param_test/config/avoidance_straight_test.yaml -> /home/sunrise/dev_ws/install/racing_stage2_param_test/share/racing_stage2_param_test/config\n'}
[8.034402] (-) TimerEvent: {}
[8.134741] (-) TimerEvent: {}
[8.235240] (-) TimerEvent: {}
[8.271581] (racing_stage2_param_test) CommandEnded: {'returncode': 0}
[8.335526] (-) TimerEvent: {}
[8.411549] (racing_stage2_param_test) JobEnded: {'identifier': 'racing_stage2_param_test', 'rc': 0}
[8.413993] (-) EventReactorShutdown: {}
