[0.000000] (-) TimerEvent: {}
[0.000462] (-) JobUnselected: {'identifier': 'ackermann_msgs'}
[0.001256] (-) JobUnselected: {'identifier': 'bno055'}
[0.002487] (-) JobUnselected: {'identifier': 'line_follower_pkg'}
[0.003376] (-) JobUnselected: {'identifier': 'lslidar_driver'}
[0.004268] (-) JobUnselected: {'identifier': 'lslidar_msgs'}
[0.004524] (-) JobUnselected: {'identifier': 'origincar_base'}
[0.004726] (-) JobUnselected: {'identifier': 'origincar_bringup'}
[0.004918] (-) JobUnselected: {'identifier': 'origincar_description'}
[0.005175] (-) JobUnselected: {'identifier': 'origincar_msg'}
[0.005368] (-) JobUnselected: {'identifier': 'qr_scanner'}
[0.005558] (-) JobUnselected: {'identifier': 'racing_bringup'}
[0.005746] (-) JobUnselected: {'identifier': 'racing_stage1'}
[0.005934] (-) JobUnselected: {'identifier': 'racing_stage2'}
[0.006119] (-) JobUnselected: {'identifier': 'racing_stage3'}
[0.006304] (-) JobUnselected: {'identifier': 'racing_stage3_param_test'}
[0.006489] (-) JobUnselected: {'identifier': 'racing_vision_ai'}
[0.006677] (-) JobUnselected: {'identifier': 'serial'}
[0.006863] (-) JobUnselected: {'identifier': 'simple_avoidance'}
[0.007047] (-) JobUnselected: {'identifier': 'utils'}
[0.007240] (-) JobUnselected: {'identifier': 'voice_driver'}
[0.007439] (racing_stage2_param_test) JobQueued: {'identifier': 'racing_stage2_param_test', 'dependencies': OrderedDict([('ackermann_msgs', '/home/sunrise/dev_ws/install/ackermann_msgs'), ('bno055', '/home/sunrise/dev_ws/install/bno055'), ('lslidar_msgs', '/home/sunrise/dev_ws/install/lslidar_msgs'), ('origincar_bringup', '/home/sunrise/dev_ws/install/origincar_bringup'), ('origincar_description', '/home/sunrise/dev_ws/install/origincar_description'), ('origincar_msg', '/home/sunrise/dev_ws/install/origincar_msg'), ('qr_scanner', '/home/sunrise/dev_ws/install/qr_scanner'), ('serial', '/home/sunrise/dev_ws/install/serial'), ('lslidar_driver', '/home/sunrise/dev_ws/install/lslidar_driver'), ('origincar_base', '/home/sunrise/dev_ws/install/origincar_base'), ('racing_stage1', '/home/sunrise/dev_ws/install/racing_stage1'), ('racing_stage2', '/home/sunrise/dev_ws/install/racing_stage2')])}
[0.007738] (racing_stage2_param_test) JobStarted: {'identifier': 'racing_stage2_param_test'}
[0.098615] (-) TimerEvent: {}
[0.199140] (-) TimerEvent: {}
[0.299672] (-) TimerEvent: {}
[0.400197] (-) TimerEvent: {}
[0.500727] (-) TimerEvent: {}
[0.601224] (-) TimerEvent: {}
[0.701737] (-) TimerEvent: {}
[0.802256] (-) TimerEvent: {}
[0.902748] (-) TimerEvent: {}
[1.003243] (-) TimerEvent: {}
[1.103763] (-) TimerEvent: {}
[1.204303] (-) TimerEvent: {}
[1.304833] (-) TimerEvent: {}
[1.405328] (-) TimerEvent: {}
[1.505909] (-) TimerEvent: {}
[1.606412] (-) TimerEvent: {}
[1.706925] (-) TimerEvent: {}
[1.807425] (-) TimerEvent: {}
[1.907911] (-) TimerEvent: {}
[2.008397] (-) TimerEvent: {}
[2.108880] (-) TimerEvent: {}
[2.209404] (-) TimerEvent: {}
[2.310469] (-) TimerEvent: {}
[2.411265] (-) TimerEvent: {}
[2.511772] (-) TimerEvent: {}
[2.612275] (-) TimerEvent: {}
[2.712806] (-) TimerEvent: {}
[2.813342] (-) TimerEvent: {}
[2.913854] (-) TimerEvent: {}
[3.014355] (-) TimerEvent: {}
[3.114872] (-) TimerEvent: {}
[3.215370] (-) TimerEvent: {}
[3.315855] (-) TimerEvent: {}
[3.416331] (-) TimerEvent: {}
[3.516805] (-) TimerEvent: {}
[3.617282] (-) TimerEvent: {}
[3.717782] (-) TimerEvent: {}
[3.818267] (-) TimerEvent: {}
[3.918748] (-) TimerEvent: {}
[4.019221] (-) TimerEvent: {}
[4.119698] (-) TimerEvent: {}
[4.220166] (-) TimerEvent: {}
[4.320665] (-) TimerEvent: {}
[4.421138] (-) TimerEvent: {}
[4.521623] (-) TimerEvent: {}
[4.622103] (-) TimerEvent: {}
[4.722574] (-) TimerEvent: {}
[4.823105] (-) TimerEvent: {}
[4.923659] (-) TimerEvent: {}
[5.024225] (-) TimerEvent: {}
[5.123376] (racing_stage2_param_test) Command: {'cmd': ['/usr/bin/python3', '-W', 'ignore:setup.py install is deprecated', '-W', 'ignore:easy_install command is deprecated', 'setup.py', 'develop', '--editable', '--build-directory', '/home/sunrise/dev_ws/build/racing_stage2_param_test/build', '--no-deps', 'symlink_data'], 'cwd': '/home/sunrise/dev_ws/build/racing_stage2_param_test', 'env': {'VSCODE_CWD': '/home/sunrise', 'VSCODE_ESM_ENTRYPOINT': 'vs/workbench/api/node/extensionHostProcess', 'LANGUAGE': 'en_US.UTF-8', 'USER': 'sunrise', 'SSH_CLIENT': '10.147.109.1 50078 22', 'VSCODE_NLS_CONFIG': '{"userLocale":"en","osLocale":"en","resolvedLanguage":"en","defaultMessagesFile":"/home/sunrise/.cursor-server/bin/linux-arm64/81fcf2931d7687b4ff3f3017858d0c6dee7e2a60/out/nls.messages.json","locale":"en","availableLanguages":{}}', 'VSCODE_HANDLES_UNCAUGHT_ERRORS': 'true', 'XDG_SESSION_TYPE': 'tty', 'SHLVL': '1', 'LD_LIBRARY_PATH': '/home/sunrise/dev_ws/install/origincar_base/lib:/home/sunrise/dev_ws/install/origincar_msg/lib:/home/sunrise/dev_ws/install/lslidar_msgs/lib:/home/sunrise/dev_ws/install/ackermann_msgs/lib:/usr/hobot/lib:/app/lib:/app/pub/lib:/middleware/lib:/middleware/pub/lib:/usr/hobot/lib/sensor:/system/lib:/system/usr/lib:/lib:/home/sunrise/dev_ws/install/voice_driver/lib:/home/sunrise/dev_ws/install/serial/lib:/opt/tros/humble/lib/aarch64-linux-gnu:/opt/tros/humble/lib:/opt/ros/humble/opt/rviz_ogre_vendor/lib:/opt/ros/humble/lib/aarch64-linux-gnu:/opt/ros/humble/lib:/usr/hobot/lib:/app/lib:/app/pub/lib:/middleware/lib:/middleware/pub/lib:/usr/hobot/lib/sensor:/system/lib:/system/usr/lib:/lib:/usr/hobot/lib:/app/lib:/app/pub/lib:/middleware/lib:/middleware/pub/lib:/usr/hobot/lib/sensor:/system/lib:/system/usr/lib:/lib', 'BROWSER': '/home/sunrise/.cursor-server/bin/linux-arm64/81fcf2931d7687b4ff3f3017858d0c6dee7e2a60/bin/helpers/browser.sh', 'MOTD_SHOWN': 'pam', 'HOME': '/home/sunrise', 'OLDPWD': '/home/sunrise/dev_ws', 'VSCODE_IPC_HOOK_CLI': '/run/user/1000/vscode-ipc-d7974d91-6e13-4571-8fa1-755181d800c7.sock', 'ROS_PYTHON_VERSION': '3', 'NO_COLOR': '1', 'DBUS_SESSION_BUS_ADDRESS': 'unix:path=/run/user/1000/bus', 'TROS_DISTRO': 'humble', 'COLCON_PREFIX_PATH': '/home/sunrise/dev_ws/install', 'ROS_DISTRO': 'humble', 'OVSX_REGISTRY_URL': 'https://open-vsx.org', 'LOGNAME': 'sunrise', 'FORCE_COLOR': '0', 'VSCODE_HANDLES_SIGPIPE': 'true', '_': '/usr/bin/colcon', 'ROS_VERSION': '2', 'CURSOR_LAYOUT': 'unifiedAgent', 'XDG_SESSION_CLASS': 'user', 'TERM': 'dumb', 'XDG_SESSION_ID': '2', 'ROS_LOCALHOST_ONLY': '0', 'PATH': '/home/sunrise/.local/bin:/usr/hobot/bin/:/home/sunrise/.cursor-server/bin/linux-arm64/81fcf2931d7687b4ff3f3017858d0c6dee7e2a60:/home/sunrise/.cursor-server/bin/linux-arm64/81fcf2931d7687b4ff3f3017858d0c6dee7e2a60/bin/remote-cli:/home/sunrise/.local/bin:/opt/tros/humble/bin:/opt/ros/humble/bin:/usr/hobot/bin/:/home/sunrise/.cursor-server/bin/linux-arm64/81fcf2931d7687b4ff3f3017858d0c6dee7e2a60/bin/remote-cli:/home/sunrise/.local/bin:/usr/hobot/bin/:/usr/local/sbin:/usr/local/bin:/usr/sbin:/usr/bin:/sbin:/bin:/usr/games:/usr/local/games:/snap/bin', 'VSCODE_AGENT_FOLDER': '/home/sunrise/.cursor-server', 'XDG_RUNTIME_DIR': '/run/user/1000', 'CURSOR_AGENT': '1', 'LANG': 'en_US.UTF-8', 'LS_COLORS': '', 'AMENT_PREFIX_PATH': '/home/sunrise/dev_ws/install/racing_stage2:/home/sunrise/dev_ws/install/racing_stage1:/home/sunrise/dev_ws/install/qr_scanner:/home/sunrise/dev_ws/install/bno055:/home/sunrise/dev_ws/install/voice_driver:/home/sunrise/dev_ws/install/utils:/home/sunrise/dev_ws/install/simple_avoidance:/home/sunrise/dev_ws/install/racing_stage2_param_test:/home/sunrise/dev_ws/install/origincar_base:/home/sunrise/dev_ws/install/serial:/home/sunrise/dev_ws/install/racing_vision_ai:/home/sunrise/dev_ws/install/racing_stage3_param_test:/home/sunrise/dev_ws/install/racing_bringup:/home/sunrise/dev_ws/install/racing_stage3:/home/sunrise/dev_ws/install/origincar_msg:/home/sunrise/dev_ws/install/origincar_description:/home/sunrise/dev_ws/install/origincar_bringup:/home/sunrise/dev_ws/install/lslidar_driver:/home/sunrise/dev_ws/install/lslidar_msgs:/home/sunrise/dev_ws/install/line_follower_pkg:/home/sunrise/dev_ws/install/ackermann_msgs:/opt/tros/humble:/opt/ros/humble', 'SHELL': '/bin/bash', 'VSCODE_SERVER_SHUTDOWN_TIMEOUT': '300', 'PWD': '/home/sunrise/dev_ws/build/racing_stage2_param_test', 'SSH_CONNECTION': '10.147.109.1 50078 10.147.109.8 22', 'PYTHONPATH': '/home/sunrise/dev_ws/build/racing_stage2_param_test/prefix_override:/usr/lib/python3/dist-packages/colcon_core/task/python/colcon_distutils_commands:/home/sunrise/dev_ws/install/racing_stage2_param_test/lib/python3.10/site-packages:/home/sunrise/dev_ws/build/racing_stage2:/home/sunrise/dev_ws/install/racing_stage2/lib/python3.10/site-packages:/home/sunrise/dev_ws/build/racing_stage1:/home/sunrise/dev_ws/install/racing_stage1/lib/python3.10/site-packages:/home/sunrise/dev_ws/build/qr_scanner:/home/sunrise/dev_ws/install/qr_scanner/lib/python3.10/site-packages:/home/sunrise/dev_ws/build/bno055:/home/sunrise/dev_ws/install/bno055/lib/python3.10/site-packages:/home/sunrise/dev_ws/install/voice_driver/local/lib/python3.10/dist-packages:/home/sunrise/dev_ws/build/simple_avoidance:/home/sunrise/dev_ws/install/simple_avoidance/lib/python3.10/site-packages:/home/sunrise/dev_ws/build/racing_stage2_param_test:/home/sunrise/dev_ws/install/racing_stage2_param_test/lib/python3.10/site-packages:/home/sunrise/dev_ws/install/origincar_base/local/lib/python3.10/dist-packages:/home/sunrise/dev_ws/build/racing_vision_ai:/home/sunrise/dev_ws/install/racing_vision_ai/lib/python3.10/site-packages:/home/sunrise/dev_ws/build/racing_stage3_param_test:/home/sunrise/dev_ws/install/racing_stage3_param_test/lib/python3.10/site-packages:/home/sunrise/dev_ws/build/racing_bringup:/home/sunrise/dev_ws/install/racing_bringup/lib/python3.10/site-packages:/home/sunrise/dev_ws/build/racing_stage3:/home/sunrise/dev_ws/install/racing_stage3/lib/python3.10/site-packages:/home/sunrise/dev_ws/install/origincar_msg/local/lib/python3.10/dist-packages:/home/sunrise/dev_ws/install/lslidar_msgs/local/lib/python3.10/dist-packages:/home/sunrise/dev_ws/build/line_follower_pkg:/home/sunrise/dev_ws/install/line_follower_pkg/lib/python3.10/site-packages:/home/sunrise/dev_ws/install/ackermann_msgs/local/lib/python3.10/dist-packages:/opt/tros/humble/lib/python3.10/site-packages:/opt/tros/humble/local/lib/python3.10/dist-packages:/opt/ros/humble/lib/python3.10/site-packages:/opt/ros/humble/local/lib/python3.10/dist-packages', 'COLCON': '1', '_ZO_DOCTOR': '0', 'CMAKE_PREFIX_PATH': '/home/sunrise/dev_ws/install/origincar_base:/home/sunrise/dev_ws/install/lslidar_driver:/home/sunrise/dev_ws/install/serial:/home/sunrise/dev_ws/install/origincar_msg:/home/sunrise/dev_ws/install/origincar_description:/home/sunrise/dev_ws/install/origincar_bringup:/home/sunrise/dev_ws/install/lslidar_msgs:/home/sunrise/dev_ws/install/ackermann_msgs:/home/sunrise/dev_ws/install/voice_driver:/home/sunrise/dev_ws/install/utils'}, 'shell': False}
[5.130750] (-) TimerEvent: {}
[5.231138] (-) TimerEvent: {}
[5.331622] (-) TimerEvent: {}
[5.432101] (-) TimerEvent: {}
[5.532587] (-) TimerEvent: {}
[5.633070] (-) TimerEvent: {}
[5.733559] (-) TimerEvent: {}
[5.834017] (-) TimerEvent: {}
[5.934491] (-) TimerEvent: {}
[6.034950] (-) TimerEvent: {}
[6.135425] (-) TimerEvent: {}
[6.235904] (-) TimerEvent: {}
[6.336371] (-) TimerEvent: {}
[6.436834] (-) TimerEvent: {}
[6.537298] (-) TimerEvent: {}
[6.637771] (-) TimerEvent: {}
[6.738243] (-) TimerEvent: {}
[6.838706] (-) TimerEvent: {}
[6.939179] (-) TimerEvent: {}
[7.039688] (-) TimerEvent: {}
[7.091275] (racing_stage2_param_test) StdoutLine: {'line': b'running develop\n'}
[7.139882] (-) TimerEvent: {}
[7.240364] (-) TimerEvent: {}
[7.340913] (-) TimerEvent: {}
[7.441436] (-) TimerEvent: {}
[7.541976] (-) TimerEvent: {}
[7.642515] (-) TimerEvent: {}
[7.743045] (-) TimerEvent: {}
[7.843584] (-) TimerEvent: {}
[7.944110] (-) TimerEvent: {}
[8.044599] (-) TimerEvent: {}
[8.145070] (-) TimerEvent: {}
[8.245534] (-) TimerEvent: {}
[8.346001] (-) TimerEvent: {}
[8.412393] (racing_stage2_param_test) StdoutLine: {'line': b'running egg_info\n'}
[8.413524] (racing_stage2_param_test) StdoutLine: {'line': b'writing racing_stage2_param_test.egg-info/PKG-INFO\n'}
[8.414802] (racing_stage2_param_test) StdoutLine: {'line': b'writing dependency_links to racing_stage2_param_test.egg-info/dependency_links.txt\n'}
[8.415961] (racing_stage2_param_test) StdoutLine: {'line': b'writing entry points to racing_stage2_param_test.egg-info/entry_points.txt\n'}
[8.417552] (racing_stage2_param_test) StdoutLine: {'line': b'writing requirements to racing_stage2_param_test.egg-info/requires.txt\n'}
[8.418082] (racing_stage2_param_test) StdoutLine: {'line': b'writing top-level names to racing_stage2_param_test.egg-info/top_level.txt\n'}
[8.428218] (racing_stage2_param_test) StdoutLine: {'line': b"reading manifest file 'racing_stage2_param_test.egg-info/SOURCES.txt'\n"}
[8.433360] (racing_stage2_param_test) StdoutLine: {'line': b"writing manifest file 'racing_stage2_param_test.egg-info/SOURCES.txt'\n"}
[8.444453] (racing_stage2_param_test) StdoutLine: {'line': b'running build_ext\n'}
[8.445707] (racing_stage2_param_test) StdoutLine: {'line': b'Creating /home/sunrise/dev_ws/install/racing_stage2_param_test/lib/python3.10/site-packages/racing-stage2-param-test.egg-link (link to .)\n'}
[8.446292] (-) TimerEvent: {}
[8.450228] (racing_stage2_param_test) StdoutLine: {'line': b'Installing avoidance_straight_tester script to /home/sunrise/dev_ws/install/racing_stage2_param_test/lib/racing_stage2_param_test\n'}
[8.451255] (racing_stage2_param_test) StdoutLine: {'line': b'Installing camera_video_recorder script to /home/sunrise/dev_ws/install/racing_stage2_param_test/lib/racing_stage2_param_test\n'}
[8.452149] (racing_stage2_param_test) StdoutLine: {'line': b'Installing direct_inertial_tester script to /home/sunrise/dev_ws/install/racing_stage2_param_test/lib/racing_stage2_param_test\n'}
[8.453002] (racing_stage2_param_test) StdoutLine: {'line': b'Installing twist_cmd_relay script to /home/sunrise/dev_ws/install/racing_stage2_param_test/lib/racing_stage2_param_test\n'}
[8.454120] (racing_stage2_param_test) StdoutLine: {'line': b'\n'}
[8.454640] (racing_stage2_param_test) StdoutLine: {'line': b'Installed /home/sunrise/dev_ws/build/racing_stage2_param_test\n'}
[8.455111] (racing_stage2_param_test) StdoutLine: {'line': b'running symlink_data\n'}
[8.546562] (-) TimerEvent: {}
[8.647134] (-) TimerEvent: {}
[8.702077] (racing_stage2_param_test) CommandEnded: {'returncode': 0}
[8.747840] (-) TimerEvent: {}
[8.801529] (racing_stage2_param_test) JobEnded: {'identifier': 'racing_stage2_param_test', 'rc': 0}
[8.804309] (-) EventReactorShutdown: {}
