[0.000000] (-) TimerEvent: {}
[0.000322] (-) JobUnselected: {'identifier': 'ackermann_msgs'}
[0.000695] (-) JobUnselected: {'identifier': 'bno055'}
[0.001500] (-) JobUnselected: {'identifier': 'line_follower_pkg'}
[0.002887] (-) JobUnselected: {'identifier': 'lslidar_driver'}
[0.003856] (-) JobUnselected: {'identifier': 'lslidar_msgs'}
[0.004961] (-) JobUnselected: {'identifier': 'origincar_base'}
[0.005237] (-) JobUnselected: {'identifier': 'origincar_bringup'}
[0.005465] (-) JobUnselected: {'identifier': 'origincar_description'}
[0.005747] (-) JobUnselected: {'identifier': 'origincar_msg'}
[0.005957] (-) JobUnselected: {'identifier': 'qr_scanner'}
[0.006155] (-) JobUnselected: {'identifier': 'racing_bringup'}
[0.006357] (-) JobUnselected: {'identifier': 'racing_stage1'}
[0.006553] (-) JobUnselected: {'identifier': 'racing_stage2'}
[0.006750] (-) JobUnselected: {'identifier': 'racing_stage3'}
[0.006941] (-) JobUnselected: {'identifier': 'racing_stage3_param_test'}
[0.007131] (-) JobUnselected: {'identifier': 'racing_vision_ai'}
[0.007318] (-) JobUnselected: {'identifier': 'serial'}
[0.007507] (-) JobUnselected: {'identifier': 'simple_avoidance'}
[0.007693] (-) JobUnselected: {'identifier': 'utils'}
[0.007889] (-) JobUnselected: {'identifier': 'voice_driver'}
[0.008098] (racing_stage2_param_test) JobQueued: {'identifier': 'racing_stage2_param_test', 'dependencies': OrderedDict([('ackermann_msgs', '/home/sunrise/dev_ws/install/ackermann_msgs'), ('bno055', '/home/sunrise/dev_ws/install/bno055'), ('lslidar_msgs', '/home/sunrise/dev_ws/install/lslidar_msgs'), ('origincar_bringup', '/home/sunrise/dev_ws/install/origincar_bringup'), ('origincar_description', '/home/sunrise/dev_ws/install/origincar_description'), ('origincar_msg', '/home/sunrise/dev_ws/install/origincar_msg'), ('qr_scanner', '/home/sunrise/dev_ws/install/qr_scanner'), ('serial', '/home/sunrise/dev_ws/install/serial'), ('lslidar_driver', '/home/sunrise/dev_ws/install/lslidar_driver'), ('origincar_base', '/home/sunrise/dev_ws/install/origincar_base'), ('racing_stage1', '/home/sunrise/dev_ws/install/racing_stage1'), ('racing_stage2', '/home/sunrise/dev_ws/install/racing_stage2')])}
[0.008402] (racing_stage2_param_test) JobStarted: {'identifier': 'racing_stage2_param_test'}
[0.098554] (-) TimerEvent: {}
[0.199067] (-) TimerEvent: {}
[0.299556] (-) TimerEvent: {}
[0.400037] (-) TimerEvent: {}
[0.500523] (-) TimerEvent: {}
[0.601047] (-) TimerEvent: {}
[0.701545] (-) TimerEvent: {}
[0.802075] (-) TimerEvent: {}
[0.902585] (-) TimerEvent: {}
[1.003094] (-) TimerEvent: {}
[1.103594] (-) TimerEvent: {}
[1.204068] (-) TimerEvent: {}
[1.304565] (-) TimerEvent: {}
[1.405035] (-) TimerEvent: {}
[1.505541] (-) TimerEvent: {}
[1.606044] (-) TimerEvent: {}
[1.706553] (-) TimerEvent: {}
[1.807056] (-) TimerEvent: {}
[1.907560] (-) TimerEvent: {}
[2.008066] (-) TimerEvent: {}
[2.108555] (-) TimerEvent: {}
[2.209074] (-) TimerEvent: {}
[2.309574] (-) TimerEvent: {}
[2.410099] (-) TimerEvent: {}
[2.510610] (-) TimerEvent: {}
[2.611136] (-) TimerEvent: {}
[2.711651] (-) TimerEvent: {}
[2.812167] (-) TimerEvent: {}
[2.912663] (-) TimerEvent: {}
[3.013177] (-) TimerEvent: {}
[3.113663] (-) TimerEvent: {}
[3.214151] (-) TimerEvent: {}
[3.314654] (-) TimerEvent: {}
[3.415141] (-) TimerEvent: {}
[3.515630] (-) TimerEvent: {}
[3.616120] (-) TimerEvent: {}
[3.716636] (-) TimerEvent: {}
[3.817160] (-) TimerEvent: {}
[3.917666] (-) TimerEvent: {}
[4.018168] (-) TimerEvent: {}
[4.118670] (-) TimerEvent: {}
[4.219171] (-) TimerEvent: {}
[4.319663] (-) TimerEvent: {}
[4.420161] (-) TimerEvent: {}
[4.520659] (-) TimerEvent: {}
[4.621211] (-) TimerEvent: {}
[4.721742] (-) TimerEvent: {}
[4.822221] (-) TimerEvent: {}
[4.922687] (-) TimerEvent: {}
[5.023199] (-) TimerEvent: {}
[5.123751] (-) TimerEvent: {}
[5.224292] (-) TimerEvent: {}
[5.265606] (racing_stage2_param_test) Command: {'cmd': ['/usr/bin/python3', '-W', 'ignore:setup.py install is deprecated', '-W', 'ignore:easy_install command is deprecated', 'setup.py', 'develop', '--editable', '--build-directory', '/home/sunrise/dev_ws/build/racing_stage2_param_test/build', '--no-deps', 'symlink_data'], 'cwd': '/home/sunrise/dev_ws/build/racing_stage2_param_test', 'env': {'VSCODE_CWD': '/home/sunrise', 'VSCODE_ESM_ENTRYPOINT': 'vs/workbench/api/node/extensionHostProcess', 'LANGUAGE': 'en_US.UTF-8', 'USER': 'sunrise', 'SSH_CLIENT': '10.147.109.1 50078 22', 'VSCODE_NLS_CONFIG': '{"userLocale":"en","osLocale":"en","resolvedLanguage":"en","defaultMessagesFile":"/home/sunrise/.cursor-server/bin/linux-arm64/81fcf2931d7687b4ff3f3017858d0c6dee7e2a60/out/nls.messages.json","locale":"en","availableLanguages":{}}', 'VSCODE_HANDLES_UNCAUGHT_ERRORS': 'true', 'XDG_SESSION_TYPE': 'tty', 'SHLVL': '1', 'LD_LIBRARY_PATH': '/home/sunrise/dev_ws/install/origincar_base/lib:/home/sunrise/dev_ws/install/origincar_msg/lib:/home/sunrise/dev_ws/install/lslidar_msgs/lib:/home/sunrise/dev_ws/install/ackermann_msgs/lib:/usr/hobot/lib:/app/lib:/app/pub/lib:/middleware/lib:/middleware/pub/lib:/usr/hobot/lib/sensor:/system/lib:/system/usr/lib:/lib:/home/sunrise/dev_ws/install/voice_driver/lib:/home/sunrise/dev_ws/install/serial/lib:/opt/tros/humble/lib/aarch64-linux-gnu:/opt/tros/humble/lib:/opt/ros/humble/opt/rviz_ogre_vendor/lib:/opt/ros/humble/lib/aarch64-linux-gnu:/opt/ros/humble/lib:/usr/hobot/lib:/app/lib:/app/pub/lib:/middleware/lib:/middleware/pub/lib:/usr/hobot/lib/sensor:/system/lib:/system/usr/lib:/lib:/usr/hobot/lib:/app/lib:/app/pub/lib:/middleware/lib:/middleware/pub/lib:/usr/hobot/lib/sensor:/system/lib:/system/usr/lib:/lib', 'BROWSER': '/home/sunrise/.cursor-server/bin/linux-arm64/81fcf2931d7687b4ff3f3017858d0c6dee7e2a60/bin/helpers/browser.sh', 'MOTD_SHOWN': 'pam', 'HOME': '/home/sunrise', 'OLDPWD': '/home/sunrise/dev_ws', 'VSCODE_IPC_HOOK_CLI': '/run/user/1000/vscode-ipc-8d19f24b-2b83-4564-aa6d-f8048f056fda.sock', 'ROS_PYTHON_VERSION': '3', 'NO_COLOR': '1', 'DBUS_SESSION_BUS_ADDRESS': 'unix:path=/run/user/1000/bus', 'TROS_DISTRO': 'humble', 'COLCON_PREFIX_PATH': '/home/sunrise/dev_ws/install', 'ROS_DISTRO': 'humble', 'OVSX_REGISTRY_URL': 'https://open-vsx.org', 'LOGNAME': 'sunrise', 'FORCE_COLOR': '0', 'VSCODE_HANDLES_SIGPIPE': 'true', '_': '/usr/bin/colcon', 'ROS_VERSION': '2', 'CURSOR_LAYOUT': 'unifiedAgent', 'XDG_SESSION_CLASS': 'user', 'TERM': 'dumb', 'XDG_SESSION_ID': '2', 'ROS_LOCALHOST_ONLY': '0', 'PATH': '/home/sunrise/.local/bin:/usr/hobot/bin/:/home/sunrise/.cursor-server/bin/linux-arm64/81fcf2931d7687b4ff3f3017858d0c6dee7e2a60:/home/sunrise/.cursor-server/bin/linux-arm64/81fcf2931d7687b4ff3f3017858d0c6dee7e2a60/bin/remote-cli:/home/sunrise/.local/bin:/opt/tros/humble/bin:/opt/ros/humble/bin:/usr/hobot/bin/:/home/sunrise/.cursor-server/bin/linux-arm64/81fcf2931d7687b4ff3f3017858d0c6dee7e2a60/bin/remote-cli:/home/sunrise/.local/bin:/usr/hobot/bin/:/usr/local/sbin:/usr/local/bin:/usr/sbin:/usr/bin:/sbin:/bin:/usr/games:/usr/local/games:/snap/bin', 'VSCODE_AGENT_FOLDER': '/home/sunrise/.cursor-server', 'XDG_RUNTIME_DIR': '/run/user/1000', 'CURSOR_AGENT': '1', 'LANG': 'en_US.UTF-8', 'LS_COLORS': '', 'AMENT_PREFIX_PATH': '/home/sunrise/dev_ws/install/racing_stage2:/home/sunrise/dev_ws/install/racing_stage1:/home/sunrise/dev_ws/install/qr_scanner:/home/sunrise/dev_ws/install/bno055:/home/sunrise/dev_ws/install/voice_driver:/home/sunrise/dev_ws/install/utils:/home/sunrise/dev_ws/install/simple_avoidance:/home/sunrise/dev_ws/install/racing_stage2_param_test:/home/sunrise/dev_ws/install/origincar_base:/home/sunrise/dev_ws/install/serial:/home/sunrise/dev_ws/install/racing_vision_ai:/home/sunrise/dev_ws/install/racing_stage3_param_test:/home/sunrise/dev_ws/install/racing_bringup:/home/sunrise/dev_ws/install/racing_stage3:/home/sunrise/dev_ws/install/origincar_msg:/home/sunrise/dev_ws/install/origincar_description:/home/sunrise/dev_ws/install/origincar_bringup:/home/sunrise/dev_ws/install/lslidar_driver:/home/sunrise/dev_ws/install/lslidar_msgs:/home/sunrise/dev_ws/install/line_follower_pkg:/home/sunrise/dev_ws/install/ackermann_msgs:/opt/tros/humble:/opt/ros/humble', 'SHELL': '/bin/bash', 'VSCODE_SERVER_SHUTDOWN_TIMEOUT': '300', 'PWD': '/home/sunrise/dev_ws/build/racing_stage2_param_test', 'SSH_CONNECTION': '10.147.109.1 50078 10.147.109.8 22', 'PYTHONPATH': '/home/sunrise/dev_ws/build/racing_stage2_param_test/prefix_override:/usr/lib/python3/dist-packages/colcon_core/task/python/colcon_distutils_commands:/home/sunrise/dev_ws/install/racing_stage2_param_test/lib/python3.10/site-packages:/home/sunrise/dev_ws/build/racing_stage2:/home/sunrise/dev_ws/install/racing_stage2/lib/python3.10/site-packages:/home/sunrise/dev_ws/build/racing_stage1:/home/sunrise/dev_ws/install/racing_stage1/lib/python3.10/site-packages:/home/sunrise/dev_ws/build/qr_scanner:/home/sunrise/dev_ws/install/qr_scanner/lib/python3.10/site-packages:/home/sunrise/dev_ws/build/bno055:/home/sunrise/dev_ws/install/bno055/lib/python3.10/site-packages:/home/sunrise/dev_ws/install/voice_driver/local/lib/python3.10/dist-packages:/home/sunrise/dev_ws/build/simple_avoidance:/home/sunrise/dev_ws/install/simple_avoidance/lib/python3.10/site-packages:/home/sunrise/dev_ws/build/racing_stage2_param_test:/home/sunrise/dev_ws/install/racing_stage2_param_test/lib/python3.10/site-packages:/home/sunrise/dev_ws/install/origincar_base/local/lib/python3.10/dist-packages:/home/sunrise/dev_ws/build/racing_vision_ai:/home/sunrise/dev_ws/install/racing_vision_ai/lib/python3.10/site-packages:/home/sunrise/dev_ws/build/racing_stage3_param_test:/home/sunrise/dev_ws/install/racing_stage3_param_test/lib/python3.10/site-packages:/home/sunrise/dev_ws/build/racing_bringup:/home/sunrise/dev_ws/install/racing_bringup/lib/python3.10/site-packages:/home/sunrise/dev_ws/build/racing_stage3:/home/sunrise/dev_ws/install/racing_stage3/lib/python3.10/site-packages:/home/sunrise/dev_ws/install/origincar_msg/local/lib/python3.10/dist-packages:/home/sunrise/dev_ws/install/lslidar_msgs/local/lib/python3.10/dist-packages:/home/sunrise/dev_ws/build/line_follower_pkg:/home/sunrise/dev_ws/install/line_follower_pkg/lib/python3.10/site-packages:/home/sunrise/dev_ws/install/ackermann_msgs/local/lib/python3.10/dist-packages:/opt/tros/humble/lib/python3.10/site-packages:/opt/tros/humble/local/lib/python3.10/dist-packages:/opt/ros/humble/lib/python3.10/site-packages:/opt/ros/humble/local/lib/python3.10/dist-packages', 'COLCON': '1', '_ZO_DOCTOR': '0', 'CMAKE_PREFIX_PATH': '/home/sunrise/dev_ws/install/origincar_base:/home/sunrise/dev_ws/install/lslidar_driver:/home/sunrise/dev_ws/install/serial:/home/sunrise/dev_ws/install/origincar_msg:/home/sunrise/dev_ws/install/origincar_description:/home/sunrise/dev_ws/install/origincar_bringup:/home/sunrise/dev_ws/install/lslidar_msgs:/home/sunrise/dev_ws/install/ackermann_msgs:/home/sunrise/dev_ws/install/voice_driver:/home/sunrise/dev_ws/install/utils'}, 'shell': False}
[5.324468] (-) TimerEvent: {}
[5.424957] (-) TimerEvent: {}
[5.525409] (-) TimerEvent: {}
[5.625877] (-) TimerEvent: {}
[5.726376] (-) TimerEvent: {}
[5.826862] (-) TimerEvent: {}
[5.927313] (-) TimerEvent: {}
[6.027776] (-) TimerEvent: {}
[6.128224] (-) TimerEvent: {}
[6.228676] (-) TimerEvent: {}
[6.329155] (-) TimerEvent: {}
[6.429632] (-) TimerEvent: {}
[6.530129] (-) TimerEvent: {}
[6.630623] (-) TimerEvent: {}
[6.731117] (-) TimerEvent: {}
[6.831609] (-) TimerEvent: {}
[6.932084] (-) TimerEvent: {}
[7.032555] (-) TimerEvent: {}
[7.133025] (-) TimerEvent: {}
[7.233496] (-) TimerEvent: {}
[7.280164] (racing_stage2_param_test) StdoutLine: {'line': b'running develop\n'}
[7.333708] (-) TimerEvent: {}
[7.434198] (-) TimerEvent: {}
[7.534681] (-) TimerEvent: {}
[7.635165] (-) TimerEvent: {}
[7.735633] (-) TimerEvent: {}
[7.836102] (-) TimerEvent: {}
[7.936565] (-) TimerEvent: {}
[8.037036] (-) TimerEvent: {}
[8.137505] (-) TimerEvent: {}
[8.237971] (-) TimerEvent: {}
[8.338435] (-) TimerEvent: {}
[8.438906] (-) TimerEvent: {}
[8.534523] (racing_stage2_param_test) StdoutLine: {'line': b'running egg_info\n'}
[8.535645] (racing_stage2_param_test) StdoutLine: {'line': b'writing racing_stage2_param_test.egg-info/PKG-INFO\n'}
[8.536903] (racing_stage2_param_test) StdoutLine: {'line': b'writing dependency_links to racing_stage2_param_test.egg-info/dependency_links.txt\n'}
[8.538001] (racing_stage2_param_test) StdoutLine: {'line': b'writing entry points to racing_stage2_param_test.egg-info/entry_points.txt\n'}
[8.538907] (-) TimerEvent: {}
[8.539345] (racing_stage2_param_test) StdoutLine: {'line': b'writing requirements to racing_stage2_param_test.egg-info/requires.txt\n'}
[8.539886] (racing_stage2_param_test) StdoutLine: {'line': b'writing top-level names to racing_stage2_param_test.egg-info/top_level.txt\n'}
[8.550242] (racing_stage2_param_test) StdoutLine: {'line': b"reading manifest file 'racing_stage2_param_test.egg-info/SOURCES.txt'\n"}
[8.555510] (racing_stage2_param_test) StdoutLine: {'line': b"writing manifest file 'racing_stage2_param_test.egg-info/SOURCES.txt'\n"}
[8.566922] (racing_stage2_param_test) StdoutLine: {'line': b'running build_ext\n'}
[8.568174] (racing_stage2_param_test) StdoutLine: {'line': b'Creating /home/sunrise/dev_ws/install/racing_stage2_param_test/lib/python3.10/site-packages/racing-stage2-param-test.egg-link (link to .)\n'}
[8.573059] (racing_stage2_param_test) StdoutLine: {'line': b'Installing avoidance_straight_tester script to /home/sunrise/dev_ws/install/racing_stage2_param_test/lib/racing_stage2_param_test\n'}
[8.574144] (racing_stage2_param_test) StdoutLine: {'line': b'Installing camera_video_recorder script to /home/sunrise/dev_ws/install/racing_stage2_param_test/lib/racing_stage2_param_test\n'}
[8.575357] (racing_stage2_param_test) StdoutLine: {'line': b'Installing direct_inertial_tester script to /home/sunrise/dev_ws/install/racing_stage2_param_test/lib/racing_stage2_param_test\n'}
[8.575920] (racing_stage2_param_test) StdoutLine: {'line': b'Installing twist_cmd_relay script to /home/sunrise/dev_ws/install/racing_stage2_param_test/lib/racing_stage2_param_test\n'}
[8.577019] (racing_stage2_param_test) StdoutLine: {'line': b'\n'}
[8.577495] (racing_stage2_param_test) StdoutLine: {'line': b'Installed /home/sunrise/dev_ws/build/racing_stage2_param_test\n'}
[8.577949] (racing_stage2_param_test) StdoutLine: {'line': b'running symlink_data\n'}
[8.639161] (-) TimerEvent: {}
[8.739712] (-) TimerEvent: {}
[8.824058] (racing_stage2_param_test) CommandEnded: {'returncode': 0}
[8.840577] (-) TimerEvent: {}
[8.942399] (-) TimerEvent: {}
[8.945582] (racing_stage2_param_test) JobEnded: {'identifier': 'racing_stage2_param_test', 'rc': 0}
[8.948563] (-) EventReactorShutdown: {}
