[2.415s] Invoking command in '/home/sunrise/dev_ws/build/origincar_msg': CMAKE_PREFIX_PATH=${CMAKE_PREFIX_PATH}:/home/sunrise/dev_ws/install/simple_avoidance:/home/sunrise/dev_ws/install/racing_stage2_param_test:/home/sunrise/dev_ws/install/racing_vision_ai:/home/sunrise/dev_ws/install/racing_stage3_param_test:/home/sunrise/dev_ws/install/racing_bringup:/home/sunrise/dev_ws/install/racing_stage3:/home/sunrise/dev_ws/install/line_follower_pkg:/home/sunrise/dev_ws/install/racing_stage2:/home/sunrise/dev_ws/install/racing_stage1:/home/sunrise/dev_ws/install/qr_scanner:/home/sunrise/dev_ws/install/bno055:/opt/tros/humble:/opt/ros/humble /usr/bin/cmake --build /home/sunrise/dev_ws/build/origincar_msg -- -j8 -l8
[5.586s] [35m[1mConsolidate compiler generated dependencies of target origincar_msg__rosidl_generator_c[0m
[5.587s] [  2%] Built target origincar_msg__cpp
[5.589s] [  2%] Built target ament_cmake_python_symlink_origincar_msg
[5.594s] [ 12%] Built target origincar_msg__rosidl_generator_c
[5.598s] [ 15%] Built target origincar_msg__rs
[5.599s] [35m[1mConsolidate compiler generated dependencies of target origincar_msg__rosidl_typesupport_introspection_cpp[0m
[5.601s] [35m[1mConsolidate compiler generated dependencies of target origincar_msg__rosidl_typesupport_fastrtps_cpp[0m
[5.606s] [35m[1mConsolidate compiler generated dependencies of target origincar_msg__rosidl_typesupport_cpp[0m
[5.609s] [35m[1mConsolidate compiler generated dependencies of target origincar_msg__rosidl_typesupport_introspection_c[0m
[5.618s] [35m[1mConsolidate compiler generated dependencies of target origincar_msg__rosidl_typesupport_fastrtps_c[0m
[5.620s] [ 25%] Built target origincar_msg__rosidl_typesupport_introspection_cpp
[5.622s] [35m[1mConsolidate compiler generated dependencies of target origincar_msg__rosidl_typesupport_c[0m
[5.624s] [ 35%] Built target origincar_msg__rosidl_typesupport_fastrtps_cpp
[5.626s] [ 45%] Built target origincar_msg__rosidl_typesupport_introspection_c
[5.628s] [ 55%] Built target origincar_msg__rosidl_typesupport_fastrtps_c
[5.629s] [ 65%] Built target origincar_msg__rosidl_typesupport_cpp
[5.631s] [ 75%] Built target origincar_msg__rosidl_typesupport_c
[5.645s] [ 75%] Built target origincar_msg
[5.646s] [ 77%] Built target origincar_msg__py
[5.647s] [35m[1mConsolidate compiler generated dependencies of target origincar_msg__rosidl_generator_py[0m
[5.648s] [ 85%] Built target origincar_msg__rosidl_generator_py
[5.649s] [35m[1mConsolidate compiler generated dependencies of target origincar_msg__rosidl_typesupport_introspection_c__pyext[0m
[5.650s] [35m[1mConsolidate compiler generated dependencies of target origincar_msg__rosidl_typesupport_fastrtps_c__pyext[0m
[5.664s] [35m[1mConsolidate compiler generated dependencies of target origincar_msg__rosidl_typesupport_c__pyext[0m
[5.670s] [ 90%] Built target origincar_msg__rosidl_typesupport_introspection_c__pyext
[5.677s] [ 95%] Built target origincar_msg__rosidl_typesupport_c__pyext
[5.684s] [100%] Built target origincar_msg__rosidl_typesupport_fastrtps_c__pyext
[5.696s] running egg_info
[5.697s] writing origincar_msg.egg-info/PKG-INFO
[5.698s] writing dependency_links to origincar_msg.egg-info/dependency_links.txt
[5.698s] writing top-level names to origincar_msg.egg-info/top_level.txt
[5.699s] reading manifest file 'origincar_msg.egg-info/SOURCES.txt'
[5.700s] writing manifest file 'origincar_msg.egg-info/SOURCES.txt'
[5.967s] [100%] Built target ament_cmake_python_build_origincar_msg_egg
[6.326s] Invoked command in '/home/sunrise/dev_ws/build/origincar_msg' returned '0': CMAKE_PREFIX_PATH=${CMAKE_PREFIX_PATH}:/home/sunrise/dev_ws/install/simple_avoidance:/home/sunrise/dev_ws/install/racing_stage2_param_test:/home/sunrise/dev_ws/install/racing_vision_ai:/home/sunrise/dev_ws/install/racing_stage3_param_test:/home/sunrise/dev_ws/install/racing_bringup:/home/sunrise/dev_ws/install/racing_stage3:/home/sunrise/dev_ws/install/line_follower_pkg:/home/sunrise/dev_ws/install/racing_stage2:/home/sunrise/dev_ws/install/racing_stage1:/home/sunrise/dev_ws/install/qr_scanner:/home/sunrise/dev_ws/install/bno055:/opt/tros/humble:/opt/ros/humble /usr/bin/cmake --build /home/sunrise/dev_ws/build/origincar_msg -- -j8 -l8
[6.335s] Invoking command in '/home/sunrise/dev_ws/build/origincar_msg': CMAKE_PREFIX_PATH=${CMAKE_PREFIX_PATH}:/home/sunrise/dev_ws/install/simple_avoidance:/home/sunrise/dev_ws/install/racing_stage2_param_test:/home/sunrise/dev_ws/install/racing_vision_ai:/home/sunrise/dev_ws/install/racing_stage3_param_test:/home/sunrise/dev_ws/install/racing_bringup:/home/sunrise/dev_ws/install/racing_stage3:/home/sunrise/dev_ws/install/line_follower_pkg:/home/sunrise/dev_ws/install/racing_stage2:/home/sunrise/dev_ws/install/racing_stage1:/home/sunrise/dev_ws/install/qr_scanner:/home/sunrise/dev_ws/install/bno055:/opt/tros/humble:/opt/ros/humble /usr/bin/cmake --install /home/sunrise/dev_ws/build/origincar_msg
[6.503s] -- Install configuration: ""
[6.504s] -- Execute custom install script
[6.507s] -- Up-to-date symlink: /home/sunrise/dev_ws/install/origincar_msg/share/ament_index/resource_index/rosidl_interfaces/origincar_msg
[6.508s] -- Up-to-date symlink: /home/sunrise/dev_ws/install/origincar_msg/include/origincar_msg/origincar_msg/msg/data.h
[6.509s] -- Up-to-date symlink: /home/sunrise/dev_ws/install/origincar_msg/include/origincar_msg/origincar_msg/msg/detail/data__functions.h
[6.509s] -- Up-to-date symlink: /home/sunrise/dev_ws/install/origincar_msg/include/origincar_msg/origincar_msg/msg/detail/data__struct.h
[6.515s] -- Up-to-date symlink: /home/sunrise/dev_ws/install/origincar_msg/include/origincar_msg/origincar_msg/msg/detail/data__type_support.h
[6.517s] -- Up-to-date symlink: /home/sunrise/dev_ws/install/origincar_msg/include/origincar_msg/origincar_msg/msg/detail/sign__functions.h
[6.521s] -- Up-to-date symlink: /home/sunrise/dev_ws/install/origincar_msg/include/origincar_msg/origincar_msg/msg/detail/sign__struct.h
[6.523s] -- Up-to-date symlink: /home/sunrise/dev_ws/install/origincar_msg/include/origincar_msg/origincar_msg/msg/detail/sign__type_support.h
[6.525s] -- Up-to-date symlink: /home/sunrise/dev_ws/install/origincar_msg/include/origincar_msg/origincar_msg/msg/rosidl_generator_c__visibility_control.h
[6.527s] -- Up-to-date symlink: /home/sunrise/dev_ws/install/origincar_msg/include/origincar_msg/origincar_msg/msg/sign.h
[6.529s] -- Up-to-date symlink: /home/sunrise/dev_ws/install/origincar_msg/share/origincar_msg/environment/library_path.sh
[6.532s] -- Up-to-date symlink: /home/sunrise/dev_ws/install/origincar_msg/share/origincar_msg/environment/library_path.dsv
[6.534s] -- Up-to-date symlink: /home/sunrise/dev_ws/install/origincar_msg/include/origincar_msg/origincar_msg/msg/detail/data__rosidl_typesupport_fastrtps_c.h
[6.535s] -- Up-to-date symlink: /home/sunrise/dev_ws/install/origincar_msg/include/origincar_msg/origincar_msg/msg/detail/sign__rosidl_typesupport_fastrtps_c.h
[6.535s] -- Up-to-date symlink: /home/sunrise/dev_ws/install/origincar_msg/include/origincar_msg/origincar_msg/msg/rosidl_typesupport_fastrtps_c__visibility_control.h
[6.536s] -- Up-to-date symlink: /home/sunrise/dev_ws/install/origincar_msg/include/origincar_msg/origincar_msg/msg/detail/data__rosidl_typesupport_introspection_c.h
[6.537s] -- Up-to-date symlink: /home/sunrise/dev_ws/install/origincar_msg/include/origincar_msg/origincar_msg/msg/detail/sign__rosidl_typesupport_introspection_c.h
[6.538s] -- Up-to-date symlink: /home/sunrise/dev_ws/install/origincar_msg/include/origincar_msg/origincar_msg/msg/rosidl_typesupport_introspection_c__visibility_control.h
[6.539s] -- Up-to-date symlink: /home/sunrise/dev_ws/install/origincar_msg/include/origincar_msg/origincar_msg/msg/data.hpp
[6.540s] -- Up-to-date symlink: /home/sunrise/dev_ws/install/origincar_msg/include/origincar_msg/origincar_msg/msg/detail/data__builder.hpp
[6.540s] -- Up-to-date symlink: /home/sunrise/dev_ws/install/origincar_msg/include/origincar_msg/origincar_msg/msg/detail/data__struct.hpp
[6.541s] -- Up-to-date symlink: /home/sunrise/dev_ws/install/origincar_msg/include/origincar_msg/origincar_msg/msg/detail/data__traits.hpp
[6.542s] -- Up-to-date symlink: /home/sunrise/dev_ws/install/origincar_msg/include/origincar_msg/origincar_msg/msg/detail/data__type_support.hpp
[6.543s] -- Up-to-date symlink: /home/sunrise/dev_ws/install/origincar_msg/include/origincar_msg/origincar_msg/msg/detail/sign__builder.hpp
[6.543s] -- Up-to-date symlink: /home/sunrise/dev_ws/install/origincar_msg/include/origincar_msg/origincar_msg/msg/detail/sign__struct.hpp
[6.544s] -- Up-to-date symlink: /home/sunrise/dev_ws/install/origincar_msg/include/origincar_msg/origincar_msg/msg/detail/sign__traits.hpp
[6.545s] -- Up-to-date symlink: /home/sunrise/dev_ws/install/origincar_msg/include/origincar_msg/origincar_msg/msg/detail/sign__type_support.hpp
[6.546s] -- Up-to-date symlink: /home/sunrise/dev_ws/install/origincar_msg/include/origincar_msg/origincar_msg/msg/rosidl_generator_cpp__visibility_control.hpp
[6.546s] -- Up-to-date symlink: /home/sunrise/dev_ws/install/origincar_msg/include/origincar_msg/origincar_msg/msg/sign.hpp
[6.547s] -- Up-to-date symlink: /home/sunrise/dev_ws/install/origincar_msg/include/origincar_msg/origincar_msg/msg/detail/data__rosidl_typesupport_fastrtps_cpp.hpp
[6.548s] -- Up-to-date symlink: /home/sunrise/dev_ws/install/origincar_msg/include/origincar_msg/origincar_msg/msg/detail/sign__rosidl_typesupport_fastrtps_cpp.hpp
[6.548s] -- Up-to-date symlink: /home/sunrise/dev_ws/install/origincar_msg/include/origincar_msg/origincar_msg/msg/rosidl_typesupport_fastrtps_cpp__visibility_control.h
[6.549s] -- Up-to-date symlink: /home/sunrise/dev_ws/install/origincar_msg/include/origincar_msg/origincar_msg/msg/detail/data__rosidl_typesupport_introspection_cpp.hpp
[6.551s] -- Up-to-date symlink: /home/sunrise/dev_ws/install/origincar_msg/include/origincar_msg/origincar_msg/msg/detail/sign__rosidl_typesupport_introspection_cpp.hpp
[6.552s] -- Up-to-date symlink: /home/sunrise/dev_ws/install/origincar_msg/share/origincar_msg/environment/pythonpath.sh
[6.553s] -- Up-to-date symlink: /home/sunrise/dev_ws/install/origincar_msg/share/origincar_msg/environment/pythonpath.dsv
[6.555s] -- Up-to-date symlink: /home/sunrise/dev_ws/install/origincar_msg/local/lib/python3.10/dist-packages/origincar_msg-0.0.0-py3.10.egg-info/PKG-INFO
[6.556s] -- Up-to-date symlink: /home/sunrise/dev_ws/install/origincar_msg/local/lib/python3.10/dist-packages/origincar_msg-0.0.0-py3.10.egg-info/SOURCES.txt
[6.557s] -- Up-to-date symlink: /home/sunrise/dev_ws/install/origincar_msg/local/lib/python3.10/dist-packages/origincar_msg-0.0.0-py3.10.egg-info/dependency_links.txt
[6.558s] -- Up-to-date symlink: /home/sunrise/dev_ws/install/origincar_msg/local/lib/python3.10/dist-packages/origincar_msg-0.0.0-py3.10.egg-info/top_level.txt
[6.562s] -- Up-to-date symlink: /home/sunrise/dev_ws/install/origincar_msg/local/lib/python3.10/dist-packages/origincar_msg/__init__.py
[6.564s] -- Up-to-date symlink: /home/sunrise/dev_ws/install/origincar_msg/local/lib/python3.10/dist-packages/origincar_msg/_origincar_msg_s.ep.rosidl_typesupport_c.c
[6.565s] -- Up-to-date symlink: /home/sunrise/dev_ws/install/origincar_msg/local/lib/python3.10/dist-packages/origincar_msg/_origincar_msg_s.ep.rosidl_typesupport_fastrtps_c.c
[6.566s] -- Up-to-date symlink: /home/sunrise/dev_ws/install/origincar_msg/local/lib/python3.10/dist-packages/origincar_msg/_origincar_msg_s.ep.rosidl_typesupport_introspection_c.c
[6.568s] -- Up-to-date symlink: /home/sunrise/dev_ws/install/origincar_msg/local/lib/python3.10/dist-packages/origincar_msg/liborigincar_msg__rosidl_generator_py.so
[6.570s] -- Up-to-date symlink: /home/sunrise/dev_ws/install/origincar_msg/local/lib/python3.10/dist-packages/origincar_msg/msg/__init__.py
[6.571s] -- Up-to-date symlink: /home/sunrise/dev_ws/install/origincar_msg/local/lib/python3.10/dist-packages/origincar_msg/msg/_data.py
[6.573s] -- Up-to-date symlink: /home/sunrise/dev_ws/install/origincar_msg/local/lib/python3.10/dist-packages/origincar_msg/msg/_data_s.c
[6.574s] -- Up-to-date symlink: /home/sunrise/dev_ws/install/origincar_msg/local/lib/python3.10/dist-packages/origincar_msg/msg/_sign.py
[6.575s] -- Up-to-date symlink: /home/sunrise/dev_ws/install/origincar_msg/local/lib/python3.10/dist-packages/origincar_msg/msg/_sign_s.c
[6.577s] -- Up-to-date symlink: /home/sunrise/dev_ws/install/origincar_msg/local/lib/python3.10/dist-packages/origincar_msg/origincar_msg_s__rosidl_typesupport_c.cpython-310-aarch64-linux-gnu.so
[6.578s] -- Up-to-date symlink: /home/sunrise/dev_ws/install/origincar_msg/local/lib/python3.10/dist-packages/origincar_msg/origincar_msg_s__rosidl_typesupport_fastrtps_c.cpython-310-aarch64-linux-gnu.so
[6.581s] -- Up-to-date symlink: /home/sunrise/dev_ws/install/origincar_msg/local/lib/python3.10/dist-packages/origincar_msg/origincar_msg_s__rosidl_typesupport_introspection_c.cpython-310-aarch64-linux-gnu.so
[6.584s] -- Up-to-date symlink: /home/sunrise/dev_ws/install/origincar_msg/local/lib/python3.10/dist-packages/origincar_msg/origincar_msg_s__rosidl_typesupport_fastrtps_c.cpython-310-aarch64-linux-gnu.so
[6.586s] -- Up-to-date symlink: /home/sunrise/dev_ws/install/origincar_msg/local/lib/python3.10/dist-packages/origincar_msg/origincar_msg_s__rosidl_typesupport_introspection_c.cpython-310-aarch64-linux-gnu.so
[6.590s] -- Up-to-date symlink: /home/sunrise/dev_ws/install/origincar_msg/local/lib/python3.10/dist-packages/origincar_msg/origincar_msg_s__rosidl_typesupport_c.cpython-310-aarch64-linux-gnu.so
[6.591s] -- Up-to-date symlink: /home/sunrise/dev_ws/install/origincar_msg/share/ament_index/resource_index/rust_packages/origincar_msg
[6.592s] -- Up-to-date symlink: /home/sunrise/dev_ws/install/origincar_msg/share/origincar_msg/rust/Cargo.toml
[6.598s] -- Up-to-date symlink: /home/sunrise/dev_ws/install/origincar_msg/share/origincar_msg/rust/build.rs
[6.600s] -- Up-to-date symlink: /home/sunrise/dev_ws/install/origincar_msg/share/origincar_msg/rust/src/lib.rs
[6.602s] -- Up-to-date symlink: /home/sunrise/dev_ws/install/origincar_msg/share/origincar_msg/rust/src/msg.rs
[6.605s] -- Up-to-date symlink: /home/sunrise/dev_ws/install/origincar_msg/share/origincar_msg/rust/src/msg/rmw.rs
[6.607s] -- Up-to-date symlink: /home/sunrise/dev_ws/install/origincar_msg/share/origincar_msg/msg/Data.idl
[6.610s] -- Up-to-date symlink: /home/sunrise/dev_ws/install/origincar_msg/share/origincar_msg/msg/Sign.idl
[6.611s] -- Up-to-date symlink: /home/sunrise/dev_ws/install/origincar_msg/share/origincar_msg/msg/Data.msg
[6.613s] -- Up-to-date symlink: /home/sunrise/dev_ws/install/origincar_msg/share/origincar_msg/msg/Sign.msg
[6.614s] -- Up-to-date symlink: /home/sunrise/dev_ws/install/origincar_msg/share/ament_index/resource_index/package_run_dependencies/origincar_msg
[6.616s] -- Up-to-date symlink: /home/sunrise/dev_ws/install/origincar_msg/share/ament_index/resource_index/parent_prefix_path/origincar_msg
[6.620s] -- Up-to-date symlink: /home/sunrise/dev_ws/install/origincar_msg/share/origincar_msg/environment/ament_prefix_path.sh
[6.622s] -- Up-to-date symlink: /home/sunrise/dev_ws/install/origincar_msg/share/origincar_msg/environment/ament_prefix_path.dsv
[6.623s] -- Up-to-date symlink: /home/sunrise/dev_ws/install/origincar_msg/share/origincar_msg/environment/path.sh
[6.625s] -- Up-to-date symlink: /home/sunrise/dev_ws/install/origincar_msg/share/origincar_msg/environment/path.dsv
[6.626s] -- Up-to-date symlink: /home/sunrise/dev_ws/install/origincar_msg/share/origincar_msg/local_setup.bash
[6.628s] -- Up-to-date symlink: /home/sunrise/dev_ws/install/origincar_msg/share/origincar_msg/local_setup.sh
[6.629s] -- Up-to-date symlink: /home/sunrise/dev_ws/install/origincar_msg/share/origincar_msg/local_setup.zsh
[6.630s] -- Up-to-date symlink: /home/sunrise/dev_ws/install/origincar_msg/share/origincar_msg/local_setup.dsv
[6.632s] -- Symlinking: /home/sunrise/dev_ws/install/origincar_msg/share/origincar_msg/package.dsv
[6.662s] -- Up-to-date symlink: /home/sunrise/dev_ws/install/origincar_msg/share/ament_index/resource_index/packages/origincar_msg
[6.663s] -- Up-to-date symlink: /home/sunrise/dev_ws/install/origincar_msg/share/origincar_msg/cmake/rosidl_cmake-extras.cmake
[6.664s] -- Up-to-date symlink: /home/sunrise/dev_ws/install/origincar_msg/share/origincar_msg/cmake/ament_cmake_export_dependencies-extras.cmake
[6.665s] -- Up-to-date symlink: /home/sunrise/dev_ws/install/origincar_msg/share/origincar_msg/cmake/ament_cmake_export_include_directories-extras.cmake
[6.665s] -- Up-to-date symlink: /home/sunrise/dev_ws/install/origincar_msg/share/origincar_msg/cmake/ament_cmake_export_libraries-extras.cmake
[6.666s] -- Up-to-date symlink: /home/sunrise/dev_ws/install/origincar_msg/share/origincar_msg/cmake/ament_cmake_export_targets-extras.cmake
[6.667s] -- Up-to-date symlink: /home/sunrise/dev_ws/install/origincar_msg/share/origincar_msg/cmake/rosidl_cmake_export_typesupport_targets-extras.cmake
[6.668s] -- Up-to-date symlink: /home/sunrise/dev_ws/install/origincar_msg/share/origincar_msg/cmake/rosidl_cmake_export_typesupport_libraries-extras.cmake
[6.668s] -- Up-to-date symlink: /home/sunrise/dev_ws/install/origincar_msg/share/origincar_msg/cmake/origincar_msgConfig.cmake
[6.669s] -- Up-to-date symlink: /home/sunrise/dev_ws/install/origincar_msg/share/origincar_msg/cmake/origincar_msgConfig-version.cmake
[6.670s] -- Up-to-date symlink: /home/sunrise/dev_ws/install/origincar_msg/share/origincar_msg/package.xml
[6.671s] -- Up-to-date: /home/sunrise/dev_ws/install/origincar_msg/lib/liborigincar_msg__rosidl_generator_c.so
[6.671s] -- Up-to-date: /home/sunrise/dev_ws/install/origincar_msg/lib/liborigincar_msg__rosidl_typesupport_fastrtps_c.so
[6.672s] -- Up-to-date: /home/sunrise/dev_ws/install/origincar_msg/lib/liborigincar_msg__rosidl_typesupport_introspection_c.so
[6.673s] -- Up-to-date: /home/sunrise/dev_ws/install/origincar_msg/lib/liborigincar_msg__rosidl_typesupport_c.so
[6.674s] -- Up-to-date: /home/sunrise/dev_ws/install/origincar_msg/lib/liborigincar_msg__rosidl_typesupport_fastrtps_cpp.so
[6.675s] -- Up-to-date: /home/sunrise/dev_ws/install/origincar_msg/lib/liborigincar_msg__rosidl_typesupport_introspection_cpp.so
[6.675s] -- Up-to-date: /home/sunrise/dev_ws/install/origincar_msg/lib/liborigincar_msg__rosidl_typesupport_cpp.so
[6.887s] Listing '/home/sunrise/dev_ws/install/origincar_msg/local/lib/python3.10/dist-packages/origincar_msg'...
[6.889s] Listing '/home/sunrise/dev_ws/install/origincar_msg/local/lib/python3.10/dist-packages/origincar_msg/msg'...
[6.930s] -- Up-to-date: /home/sunrise/dev_ws/install/origincar_msg/lib/liborigincar_msg__rosidl_generator_py.so
[6.931s] -- Up-to-date: /home/sunrise/dev_ws/install/origincar_msg/share/origincar_msg/cmake/export_origincar_msg__rosidl_generator_cExport.cmake
[6.935s] -- Up-to-date: /home/sunrise/dev_ws/install/origincar_msg/share/origincar_msg/cmake/export_origincar_msg__rosidl_generator_cExport-noconfig.cmake
[6.937s] -- Up-to-date: /home/sunrise/dev_ws/install/origincar_msg/share/origincar_msg/cmake/export_origincar_msg__rosidl_typesupport_fastrtps_cExport.cmake
[6.940s] -- Up-to-date: /home/sunrise/dev_ws/install/origincar_msg/share/origincar_msg/cmake/export_origincar_msg__rosidl_typesupport_fastrtps_cExport-noconfig.cmake
[6.941s] -- Up-to-date: /home/sunrise/dev_ws/install/origincar_msg/share/origincar_msg/cmake/origincar_msg__rosidl_typesupport_introspection_cExport.cmake
[6.943s] -- Up-to-date: /home/sunrise/dev_ws/install/origincar_msg/share/origincar_msg/cmake/origincar_msg__rosidl_typesupport_introspection_cExport-noconfig.cmake
[6.946s] -- Up-to-date: /home/sunrise/dev_ws/install/origincar_msg/share/origincar_msg/cmake/origincar_msg__rosidl_typesupport_cExport.cmake
[6.947s] -- Up-to-date: /home/sunrise/dev_ws/install/origincar_msg/share/origincar_msg/cmake/origincar_msg__rosidl_typesupport_cExport-noconfig.cmake
[6.950s] -- Up-to-date: /home/sunrise/dev_ws/install/origincar_msg/share/origincar_msg/cmake/export_origincar_msg__rosidl_generator_cppExport.cmake
[6.951s] -- Up-to-date: /home/sunrise/dev_ws/install/origincar_msg/share/origincar_msg/cmake/export_origincar_msg__rosidl_typesupport_fastrtps_cppExport.cmake
[6.952s] -- Up-to-date: /home/sunrise/dev_ws/install/origincar_msg/share/origincar_msg/cmake/export_origincar_msg__rosidl_typesupport_fastrtps_cppExport-noconfig.cmake
[6.954s] -- Up-to-date: /home/sunrise/dev_ws/install/origincar_msg/share/origincar_msg/cmake/origincar_msg__rosidl_typesupport_introspection_cppExport.cmake
[6.954s] -- Up-to-date: /home/sunrise/dev_ws/install/origincar_msg/share/origincar_msg/cmake/origincar_msg__rosidl_typesupport_introspection_cppExport-noconfig.cmake
[6.956s] -- Up-to-date: /home/sunrise/dev_ws/install/origincar_msg/share/origincar_msg/cmake/origincar_msg__rosidl_typesupport_cppExport.cmake
[6.962s] -- Up-to-date: /home/sunrise/dev_ws/install/origincar_msg/share/origincar_msg/cmake/origincar_msg__rosidl_typesupport_cppExport-noconfig.cmake
[6.964s] -- Up-to-date: /home/sunrise/dev_ws/install/origincar_msg/share/origincar_msg/cmake/export_origincar_msg__rosidl_generator_pyExport.cmake
[6.965s] -- Up-to-date: /home/sunrise/dev_ws/install/origincar_msg/share/origincar_msg/cmake/export_origincar_msg__rosidl_generator_pyExport-noconfig.cmake
[7.094s] Invoked command in '/home/sunrise/dev_ws/build/origincar_msg' returned '0': CMAKE_PREFIX_PATH=${CMAKE_PREFIX_PATH}:/home/sunrise/dev_ws/install/simple_avoidance:/home/sunrise/dev_ws/install/racing_stage2_param_test:/home/sunrise/dev_ws/install/racing_vision_ai:/home/sunrise/dev_ws/install/racing_stage3_param_test:/home/sunrise/dev_ws/install/racing_bringup:/home/sunrise/dev_ws/install/racing_stage3:/home/sunrise/dev_ws/install/line_follower_pkg:/home/sunrise/dev_ws/install/racing_stage2:/home/sunrise/dev_ws/install/racing_stage1:/home/sunrise/dev_ws/install/qr_scanner:/home/sunrise/dev_ws/install/bno055:/opt/tros/humble:/opt/ros/humble /usr/bin/cmake --install /home/sunrise/dev_ws/build/origincar_msg
