[0.000000] (-) TimerEvent: {}
[0.000632] (-) JobUnselected: {'identifier': 'ackermann_msgs'}
[0.001588] (-) JobUnselected: {'identifier': 'bno055'}
[0.002265] (-) JobUnselected: {'identifier': 'line_follower_pkg'}
[0.003010] (-) JobUnselected: {'identifier': 'lslidar_driver'}
[0.003232] (-) JobUnselected: {'identifier': 'lslidar_msgs'}
[0.003426] (-) JobUnselected: {'identifier': 'origincar_base'}
[0.003614] (-) JobUnselected: {'identifier': 'origincar_bringup'}
[0.003867] (-) JobUnselected: {'identifier': 'origincar_description'}
[0.004054] (-) JobUnselected: {'identifier': 'origincar_msg'}
[0.004265] (-) JobUnselected: {'identifier': 'qr_scanner'}
[0.004420] (-) JobUnselected: {'identifier': 'racing_bringup'}
[0.004640] (-) JobUnselected: {'identifier': 'racing_stage1'}
[0.005041] (-) JobUnselected: {'identifier': 'racing_stage2'}
[0.005152] (-) JobUnselected: {'identifier': 'racing_stage3'}
[0.005268] (-) JobUnselected: {'identifier': 'racing_stage3_param_test'}
[0.005419] (-) JobUnselected: {'identifier': 'racing_vision_ai'}
[0.005558] (-) JobUnselected: {'identifier': 'serial'}
[0.005872] (-) JobUnselected: {'identifier': 'simple_avoidance'}
[0.006089] (-) JobUnselected: {'identifier': 'utils'}
[0.006230] (-) JobUnselected: {'identifier': 'voice_driver'}
[0.006352] (racing_stage2_param_test) JobQueued: {'identifier': 'racing_stage2_param_test', 'dependencies': OrderedDict([('ackermann_msgs', '/home/sunrise/dev_ws/install/ackermann_msgs'), ('bno055', '/home/sunrise/dev_ws/install/bno055'), ('lslidar_msgs', '/home/sunrise/dev_ws/install/lslidar_msgs'), ('origincar_bringup', '/home/sunrise/dev_ws/install/origincar_bringup'), ('origincar_description', '/home/sunrise/dev_ws/install/origincar_description'), ('origincar_msg', '/home/sunrise/dev_ws/install/origincar_msg'), ('qr_scanner', '/home/sunrise/dev_ws/install/qr_scanner'), ('serial', '/home/sunrise/dev_ws/install/serial'), ('lslidar_driver', '/home/sunrise/dev_ws/install/lslidar_driver'), ('origincar_base', '/home/sunrise/dev_ws/install/origincar_base'), ('racing_stage1', '/home/sunrise/dev_ws/install/racing_stage1'), ('racing_stage2', '/home/sunrise/dev_ws/install/racing_stage2')])}
[0.006558] (racing_stage2_param_test) JobStarted: {'identifier': 'racing_stage2_param_test'}
[0.098537] (-) TimerEvent: {}
[0.198999] (-) TimerEvent: {}
[0.299422] (-) TimerEvent: {}
[0.399781] (-) TimerEvent: {}
[0.500125] (-) TimerEvent: {}
[0.600505] (-) TimerEvent: {}
[0.700927] (-) TimerEvent: {}
[0.801364] (-) TimerEvent: {}
[0.901821] (-) TimerEvent: {}
[1.002278] (-) TimerEvent: {}
[1.102849] (-) TimerEvent: {}
[1.203284] (-) TimerEvent: {}
[1.303721] (-) TimerEvent: {}
[1.404163] (-) TimerEvent: {}
[1.504609] (-) TimerEvent: {}
[1.605048] (-) TimerEvent: {}
[1.705544] (-) TimerEvent: {}
[1.806070] (-) TimerEvent: {}
[1.906597] (-) TimerEvent: {}
[2.007070] (-) TimerEvent: {}
[2.107515] (-) TimerEvent: {}
[2.207962] (-) TimerEvent: {}
[2.308420] (-) TimerEvent: {}
[2.408875] (-) TimerEvent: {}
[2.509351] (-) TimerEvent: {}
[2.609790] (-) TimerEvent: {}
[2.710229] (-) TimerEvent: {}
[2.810675] (-) TimerEvent: {}
[2.911114] (-) TimerEvent: {}
[3.011553] (-) TimerEvent: {}
[3.111994] (-) TimerEvent: {}
[3.212448] (-) TimerEvent: {}
[3.312891] (-) TimerEvent: {}
[3.413324] (-) TimerEvent: {}
[3.513759] (-) TimerEvent: {}
[3.614195] (-) TimerEvent: {}
[3.714631] (-) TimerEvent: {}
[3.815066] (-) TimerEvent: {}
[3.915503] (-) TimerEvent: {}
[4.015988] (-) TimerEvent: {}
[4.116484] (-) TimerEvent: {}
[4.216981] (-) TimerEvent: {}
[4.281787] (racing_stage2_param_test) Command: {'cmd': ['/usr/bin/python3', '-W', 'ignore:setup.py install is deprecated', '-W', 'ignore:easy_install command is deprecated', 'setup.py', 'develop', '--editable', '--build-directory', '/home/sunrise/dev_ws/build/racing_stage2_param_test/build', '--no-deps', 'symlink_data'], 'cwd': '/home/sunrise/dev_ws/build/racing_stage2_param_test', 'env': {'LANGUAGE': 'en_US.UTF-8', 'USER': 'sunrise', 'SSH_CLIENT': '10.147.109.1 7906 22', 'XDG_SESSION_TYPE': 'tty', 'SHLVL': '1', 'LD_LIBRARY_PATH': '/home/sunrise/dev_ws/install/origincar_base/lib:/home/sunrise/dev_ws/install/serial/lib:/home/sunrise/dev_ws/install/origincar_msg/lib:/home/sunrise/dev_ws/install/lslidar_msgs/lib:/home/sunrise/dev_ws/install/ackermann_msgs/lib:/opt/ros/humble/opt/rviz_ogre_vendor/lib:/opt/ros/humble/lib/aarch64-linux-gnu:/opt/ros/humble/lib', 'MOTD_SHOWN': 'pam', 'HOME': '/home/sunrise', 'OLDPWD': '/home/sunrise', 'ROS_PYTHON_VERSION': '3', 'DBUS_SESSION_BUS_ADDRESS': 'unix:path=/run/user/1000/bus', 'ROS_DISTRO': 'humble', 'LOGNAME': 'sunrise', '_': '/usr/bin/colcon', 'ROS_VERSION': '2', 'XDG_SESSION_CLASS': 'user', 'XDG_SESSION_ID': '67', 'ROS_LOCALHOST_ONLY': '0', 'PATH': '/opt/ros/humble/bin:/usr/local/sbin:/usr/local/bin:/usr/sbin:/usr/bin:/sbin:/bin:/usr/games:/usr/local/games:/snap/bin', 'XDG_RUNTIME_DIR': '/run/user/1000', 'LANG': 'en_US.UTF-8', 'AMENT_PREFIX_PATH': '/home/sunrise/dev_ws/install/racing_stage2:/home/sunrise/dev_ws/install/racing_stage1:/home/sunrise/dev_ws/install/origincar_base:/home/sunrise/dev_ws/install/lslidar_driver:/home/sunrise/dev_ws/install/serial:/home/sunrise/dev_ws/install/qr_scanner:/home/sunrise/dev_ws/install/origincar_msg:/home/sunrise/dev_ws/install/origincar_description:/home/sunrise/dev_ws/install/origincar_bringup:/home/sunrise/dev_ws/install/lslidar_msgs:/home/sunrise/dev_ws/install/bno055:/home/sunrise/dev_ws/install/ackermann_msgs:/opt/ros/humble', 'SHELL': '/bin/bash', 'PWD': '/home/sunrise/dev_ws/build/racing_stage2_param_test', 'SSH_CONNECTION': '10.147.109.1 7906 10.147.109.8 22', 'PYTHONPATH': '/home/sunrise/dev_ws/build/racing_stage2_param_test/prefix_override:/usr/lib/python3/dist-packages/colcon_core/task/python/colcon_distutils_commands:/home/sunrise/dev_ws/install/racing_stage2_param_test/lib/python3.10/site-packages:/home/sunrise/dev_ws/build/racing_stage2:/home/sunrise/dev_ws/install/racing_stage2/lib/python3.10/site-packages:/home/sunrise/dev_ws/build/racing_stage1:/home/sunrise/dev_ws/install/racing_stage1/lib/python3.10/site-packages:/home/sunrise/dev_ws/install/origincar_base/local/lib/python3.10/dist-packages:/home/sunrise/dev_ws/build/qr_scanner:/home/sunrise/dev_ws/install/qr_scanner/lib/python3.10/site-packages:/home/sunrise/dev_ws/install/origincar_msg/local/lib/python3.10/dist-packages:/home/sunrise/dev_ws/install/lslidar_msgs/local/lib/python3.10/dist-packages:/home/sunrise/dev_ws/build/bno055:/home/sunrise/dev_ws/install/bno055/lib/python3.10/site-packages:/home/sunrise/dev_ws/install/ackermann_msgs/local/lib/python3.10/dist-packages:/opt/ros/humble/lib/python3.10/site-packages:/opt/ros/humble/local/lib/python3.10/dist-packages', 'COLCON': '1', 'CMAKE_PREFIX_PATH': '/home/sunrise/dev_ws/install/origincar_base:/home/sunrise/dev_ws/install/lslidar_driver:/home/sunrise/dev_ws/install/serial:/home/sunrise/dev_ws/install/origincar_msg:/home/sunrise/dev_ws/install/origincar_description:/home/sunrise/dev_ws/install/origincar_bringup:/home/sunrise/dev_ws/install/lslidar_msgs:/home/sunrise/dev_ws/install/ackermann_msgs'}, 'shell': False}
[4.317110] (-) TimerEvent: {}
[4.417540] (-) TimerEvent: {}
[4.517966] (-) TimerEvent: {}
[4.618405] (-) TimerEvent: {}
[4.718830] (-) TimerEvent: {}
[4.819256] (-) TimerEvent: {}
[4.919745] (-) TimerEvent: {}
[5.020153] (-) TimerEvent: {}
[5.120564] (-) TimerEvent: {}
[5.220969] (-) TimerEvent: {}
[5.321343] (-) TimerEvent: {}
[5.421730] (-) TimerEvent: {}
[5.522128] (-) TimerEvent: {}
[5.622525] (-) TimerEvent: {}
[5.722941] (-) TimerEvent: {}
[5.823366] (-) TimerEvent: {}
[5.923789] (-) TimerEvent: {}
[6.001011] (racing_stage2_param_test) StdoutLine: {'line': b'running develop\n'}
[6.023962] (-) TimerEvent: {}
[6.124384] (-) TimerEvent: {}
[6.224803] (-) TimerEvent: {}
[6.325213] (-) TimerEvent: {}
[6.425616] (-) TimerEvent: {}
[6.526018] (-) TimerEvent: {}
[6.626410] (-) TimerEvent: {}
[6.726802] (-) TimerEvent: {}
[6.827199] (-) TimerEvent: {}
[6.927604] (-) TimerEvent: {}
[7.027990] (-) TimerEvent: {}
[7.095615] (racing_stage2_param_test) StdoutLine: {'line': b'running egg_info\n'}
[7.096310] (racing_stage2_param_test) StdoutLine: {'line': b'creating racing_stage2_param_test.egg-info\n'}
[7.097172] (racing_stage2_param_test) StdoutLine: {'line': b'writing racing_stage2_param_test.egg-info/PKG-INFO\n'}
[7.097973] (racing_stage2_param_test) StdoutLine: {'line': b'writing dependency_links to racing_stage2_param_test.egg-info/dependency_links.txt\n'}
[7.098748] (racing_stage2_param_test) StdoutLine: {'line': b'writing entry points to racing_stage2_param_test.egg-info/entry_points.txt\n'}
[7.099776] (racing_stage2_param_test) StdoutLine: {'line': b'writing requirements to racing_stage2_param_test.egg-info/requires.txt\n'}
[7.100217] (racing_stage2_param_test) StdoutLine: {'line': b'writing top-level names to racing_stage2_param_test.egg-info/top_level.txt\n'}
[7.100936] (racing_stage2_param_test) StdoutLine: {'line': b"writing manifest file 'racing_stage2_param_test.egg-info/SOURCES.txt'\n"}
[7.111310] (racing_stage2_param_test) StdoutLine: {'line': b"reading manifest file 'racing_stage2_param_test.egg-info/SOURCES.txt'\n"}
[7.115532] (racing_stage2_param_test) StdoutLine: {'line': b"writing manifest file 'racing_stage2_param_test.egg-info/SOURCES.txt'\n"}
[7.124911] (racing_stage2_param_test) StdoutLine: {'line': b'running build_ext\n'}
[7.126079] (racing_stage2_param_test) StdoutLine: {'line': b'Creating /home/sunrise/dev_ws/install/racing_stage2_param_test/lib/python3.10/site-packages/racing-stage2-param-test.egg-link (link to .)\n'}
[7.128083] (-) TimerEvent: {}
[7.130487] (racing_stage2_param_test) StdoutLine: {'line': b'Installing avoidance_straight_tester script to /home/sunrise/dev_ws/install/racing_stage2_param_test/lib/racing_stage2_param_test\n'}
[7.131414] (racing_stage2_param_test) StdoutLine: {'line': b'Installing camera_video_recorder script to /home/sunrise/dev_ws/install/racing_stage2_param_test/lib/racing_stage2_param_test\n'}
[7.133040] (racing_stage2_param_test) StdoutLine: {'line': b'Installing direct_inertial_tester script to /home/sunrise/dev_ws/install/racing_stage2_param_test/lib/racing_stage2_param_test\n'}
[7.133523] (racing_stage2_param_test) StdoutLine: {'line': b'Installing lane_follow script to /home/sunrise/dev_ws/install/racing_stage2_param_test/lib/racing_stage2_param_test\n'}
[7.135174] (racing_stage2_param_test) StdoutLine: {'line': b'Installing twist_cmd_relay script to /home/sunrise/dev_ws/install/racing_stage2_param_test/lib/racing_stage2_param_test\n'}
[7.136637] (racing_stage2_param_test) StdoutLine: {'line': b'Installing vision_inertial_tester script to /home/sunrise/dev_ws/install/racing_stage2_param_test/lib/racing_stage2_param_test\n'}
[7.138322] (racing_stage2_param_test) StdoutLine: {'line': b'\n'}
[7.139364] (racing_stage2_param_test) StdoutLine: {'line': b'Installed /home/sunrise/dev_ws/build/racing_stage2_param_test\n'}
[7.139872] (racing_stage2_param_test) StdoutLine: {'line': b'running symlink_data\n'}
[7.140309] (racing_stage2_param_test) StdoutLine: {'line': b'creating /home/sunrise/dev_ws/install/racing_stage2_param_test/share/ament_index\n'}
[7.140728] (racing_stage2_param_test) StdoutLine: {'line': b'creating /home/sunrise/dev_ws/install/racing_stage2_param_test/share/ament_index/resource_index\n'}
[7.141137] (racing_stage2_param_test) StdoutLine: {'line': b'creating /home/sunrise/dev_ws/install/racing_stage2_param_test/share/ament_index/resource_index/packages\n'}
[7.141539] (racing_stage2_param_test) StdoutLine: {'line': b'symbolically linking /home/sunrise/dev_ws/build/racing_stage2_param_test/resource/racing_stage2_param_test -> /home/sunrise/dev_ws/install/racing_stage2_param_test/share/ament_index/resource_index/packages\n'}
[7.141946] (racing_stage2_param_test) StdoutLine: {'line': b'symbolically linking /home/sunrise/dev_ws/build/racing_stage2_param_test/package.xml -> /home/sunrise/dev_ws/install/racing_stage2_param_test/share/racing_stage2_param_test\n'}
[7.142349] (racing_stage2_param_test) StdoutLine: {'line': b'creating /home/sunrise/dev_ws/install/racing_stage2_param_test/share/racing_stage2_param_test/launch\n'}
[7.142746] (racing_stage2_param_test) StdoutLine: {'line': b'symbolically linking /home/sunrise/dev_ws/build/racing_stage2_param_test/launch/vision_inertial_test.launch.py -> /home/sunrise/dev_ws/install/racing_stage2_param_test/share/racing_stage2_param_test/launch\n'}
[7.143198] (racing_stage2_param_test) StdoutLine: {'line': b'symbolically linking /home/sunrise/dev_ws/build/racing_stage2_param_test/launch/direct_inertial_test.launch.py -> /home/sunrise/dev_ws/install/racing_stage2_param_test/share/racing_stage2_param_test/launch\n'}
[7.143598] (racing_stage2_param_test) StdoutLine: {'line': b'symbolically linking /home/sunrise/dev_ws/build/racing_stage2_param_test/launch/avoidance_straight_test.launch.py -> /home/sunrise/dev_ws/install/racing_stage2_param_test/share/racing_stage2_param_test/launch\n'}
[7.144000] (racing_stage2_param_test) StdoutLine: {'line': b'symbolically linking /home/sunrise/dev_ws/build/racing_stage2_param_test/launch/lane_follow_test.launch.py -> /home/sunrise/dev_ws/install/racing_stage2_param_test/share/racing_stage2_param_test/launch\n'}
[7.144399] (racing_stage2_param_test) StdoutLine: {'line': b'symbolically linking /home/sunrise/dev_ws/build/racing_stage2_param_test/launch/direct_inertial_camera_record_test.launch.py -> /home/sunrise/dev_ws/install/racing_stage2_param_test/share/racing_stage2_param_test/launch\n'}
[7.144802] (racing_stage2_param_test) StdoutLine: {'line': b'creating /home/sunrise/dev_ws/install/racing_stage2_param_test/share/racing_stage2_param_test/config\n'}
[7.145198] (racing_stage2_param_test) StdoutLine: {'line': b'symbolically linking /home/sunrise/dev_ws/build/racing_stage2_param_test/config/avoidance_straight_test.yaml -> /home/sunrise/dev_ws/install/racing_stage2_param_test/share/racing_stage2_param_test/config\n'}
[7.145600] (racing_stage2_param_test) StdoutLine: {'line': b'symbolically linking /home/sunrise/dev_ws/build/racing_stage2_param_test/config/direct_inertial_test.yaml -> /home/sunrise/dev_ws/install/racing_stage2_param_test/share/racing_stage2_param_test/config\n'}
[7.228315] (-) TimerEvent: {}
[7.328786] (-) TimerEvent: {}
[7.380546] (racing_stage2_param_test) CommandEnded: {'returncode': 0}
[7.429136] (-) TimerEvent: {}
[7.516480] (racing_stage2_param_test) JobEnded: {'identifier': 'racing_stage2_param_test', 'rc': 0}
[7.518873] (-) EventReactorShutdown: {}
