running develop
running egg_info
creating racing_vision_ai.egg-info
writing racing_vision_ai.egg-info/PKG-INFO
writing dependency_links to racing_vision_ai.egg-info/dependency_links.txt
writing entry points to racing_vision_ai.egg-info/entry_points.txt
writing requirements to racing_vision_ai.egg-info/requires.txt
writing top-level names to racing_vision_ai.egg-info/top_level.txt
writing manifest file 'racing_vision_ai.egg-info/SOURCES.txt'
reading manifest file 'racing_vision_ai.egg-info/SOURCES.txt'
writing manifest file 'racing_vision_ai.egg-info/SOURCES.txt'
running build_ext
Creating /home/sunrise/dev_ws/install/racing_vision_ai/lib/python3.10/site-packages/racing-vision-ai.egg-link (link to .)
Installing vision_ai_node script to /home/sunrise/dev_ws/install/racing_vision_ai/lib/racing_vision_ai

Installed /home/sunrise/dev_ws/build/racing_vision_ai
running symlink_data
creating /home/sunrise/dev_ws/install/racing_vision_ai/share/ament_index
creating /home/sunrise/dev_ws/install/racing_vision_ai/share/ament_index/resource_index
creating /home/sunrise/dev_ws/install/racing_vision_ai/share/ament_index/resource_index/packages
symbolically linking /home/sunrise/dev_ws/build/racing_vision_ai/resource/racing_vision_ai -> /home/sunrise/dev_ws/install/racing_vision_ai/share/ament_index/resource_index/packages
symbolically linking /home/sunrise/dev_ws/build/racing_vision_ai/package.xml -> /home/sunrise/dev_ws/install/racing_vision_ai/share/racing_vision_ai
creating /home/sunrise/dev_ws/install/racing_vision_ai/share/racing_vision_ai/config
symbolically linking /home/sunrise/dev_ws/build/racing_vision_ai/config/vision_ai_config.yaml -> /home/sunrise/dev_ws/install/racing_vision_ai/share/racing_vision_ai/config
