[18.517s] Invoking command in '/home/sunrise/dev_ws/build/racing_vision_ai': PYTHONPATH=/home/sunrise/dev_ws/build/racing_vision_ai/prefix_override:/usr/lib/python3/dist-packages/colcon_core/task/python/colcon_distutils_commands:/home/sunrise/dev_ws/install/racing_vision_ai/lib/python3.10/site-packages:${PYTHONPATH} /usr/bin/python3 -W ignore:setup.py install is deprecated -W ignore:easy_install command is deprecated setup.py develop --editable --build-directory /home/sunrise/dev_ws/build/racing_vision_ai/build --no-deps symlink_data
[21.686s] running develop
[23.878s] running egg_info
[23.880s] creating racing_vision_ai.egg-info
[23.885s] writing racing_vision_ai.egg-info/PKG-INFO
[23.890s] writing dependency_links to racing_vision_ai.egg-info/dependency_links.txt
[23.893s] writing entry points to racing_vision_ai.egg-info/entry_points.txt
[23.896s] writing requirements to racing_vision_ai.egg-info/requires.txt
[23.899s] writing top-level names to racing_vision_ai.egg-info/top_level.txt
[23.903s] writing manifest file 'racing_vision_ai.egg-info/SOURCES.txt'
[23.916s] reading manifest file 'racing_vision_ai.egg-info/SOURCES.txt'
[23.922s] writing manifest file 'racing_vision_ai.egg-info/SOURCES.txt'
[23.936s] running build_ext
[23.939s] Creating /home/sunrise/dev_ws/install/racing_vision_ai/lib/python3.10/site-packages/racing-vision-ai.egg-link (link to .)
[23.947s] Installing vision_ai_node script to /home/sunrise/dev_ws/install/racing_vision_ai/lib/racing_vision_ai
[23.951s] 
[23.953s] Installed /home/sunrise/dev_ws/build/racing_vision_ai
[23.955s] running symlink_data
[23.957s] creating /home/sunrise/dev_ws/install/racing_vision_ai/share/ament_index
[23.959s] creating /home/sunrise/dev_ws/install/racing_vision_ai/share/ament_index/resource_index
[23.961s] creating /home/sunrise/dev_ws/install/racing_vision_ai/share/ament_index/resource_index/packages
[23.963s] symbolically linking /home/sunrise/dev_ws/build/racing_vision_ai/resource/racing_vision_ai -> /home/sunrise/dev_ws/install/racing_vision_ai/share/ament_index/resource_index/packages
[23.965s] symbolically linking /home/sunrise/dev_ws/build/racing_vision_ai/package.xml -> /home/sunrise/dev_ws/install/racing_vision_ai/share/racing_vision_ai
[23.967s] creating /home/sunrise/dev_ws/install/racing_vision_ai/share/racing_vision_ai/config
[23.970s] symbolically linking /home/sunrise/dev_ws/build/racing_vision_ai/config/vision_ai_config.yaml -> /home/sunrise/dev_ws/install/racing_vision_ai/share/racing_vision_ai/config
[24.353s] Invoked command in '/home/sunrise/dev_ws/build/racing_vision_ai' returned '0': PYTHONPATH=/home/sunrise/dev_ws/build/racing_vision_ai/prefix_override:/usr/lib/python3/dist-packages/colcon_core/task/python/colcon_distutils_commands:/home/sunrise/dev_ws/install/racing_vision_ai/lib/python3.10/site-packages:${PYTHONPATH} /usr/bin/python3 -W ignore:setup.py install is deprecated -W ignore:easy_install command is deprecated setup.py develop --editable --build-directory /home/sunrise/dev_ws/build/racing_vision_ai/build --no-deps symlink_data
