[2.114s] Invoking command in '/home/sunrise/dev_ws/build/origincar_description': CMAKE_PREFIX_PATH=${CMAKE_PREFIX_PATH}:/home/sunrise/dev_ws/install/racing_stage2:/home/sunrise/dev_ws/install/racing_stage1:/home/sunrise/dev_ws/install/qr_scanner:/home/sunrise/dev_ws/install/bno055:/opt/tros/humble:/opt/ros/humble /usr/bin/cmake /home/sunrise/dev_ws/src/origincar/origincar_description -DAMENT_CMAKE_SYMLINK_INSTALL=1 -DCMAKE_INSTALL_PREFIX=/home/sunrise/dev_ws/install/origincar_description
[4.748s] -- The C compiler identification is GNU 11.2.0
[4.748s] -- The CXX compiler identification is GNU 11.2.0
[4.749s] -- Detecting C compiler ABI info
[4.750s] -- Detecting C compiler ABI info - done
[4.750s] -- Check for working C compiler: /usr/bin/cc - skipped
[4.751s] -- Detecting C compile features
[4.752s] -- Detecting C compile features - done
[4.753s] -- Detecting CXX compiler ABI info
[4.754s] -- Detecting CXX compiler ABI info - done
[4.754s] -- Check for working CXX compiler: /usr/bin/c++ - skipped
[4.755s] -- Detecting CXX compile features
[4.756s] -- Detecting CXX compile features - done
[4.757s] -- Found ament_cmake: 1.3.14 (/opt/ros/humble/share/ament_cmake/cmake)
[5.154s] -- Found Python3: /usr/bin/python3 (found version "3.10.12") found components: Interpreter 
[5.711s] -- Override CMake install command with custom implementation using symlinks instead of copying resources
[5.885s] -- Found ament_lint_auto: 0.12.15 (/opt/ros/humble/share/ament_lint_auto/cmake)
[6.580s] -- Added test 'copyright' to check source files copyright and LICENSE
[6.592s] -- Added test 'flake8' to check Python code syntax and style conventions
[6.598s] -- Added test 'lint_cmake' to check CMake code style
[6.603s] -- Added test 'pep257' to check Python code against some of the docstring style conventions in PEP 257
[6.612s] -- Added test 'xmllint' to check XML markup files
[6.624s] -- Configuring done
[6.640s] -- Generating done
[6.665s] -- Build files have been written to: /home/sunrise/dev_ws/build/origincar_description
[9.153s] Invoked command in '/home/sunrise/dev_ws/build/origincar_description' returned '0': CMAKE_PREFIX_PATH=${CMAKE_PREFIX_PATH}:/home/sunrise/dev_ws/install/racing_stage2:/home/sunrise/dev_ws/install/racing_stage1:/home/sunrise/dev_ws/install/qr_scanner:/home/sunrise/dev_ws/install/bno055:/opt/tros/humble:/opt/ros/humble /usr/bin/cmake /home/sunrise/dev_ws/src/origincar/origincar_description -DAMENT_CMAKE_SYMLINK_INSTALL=1 -DCMAKE_INSTALL_PREFIX=/home/sunrise/dev_ws/install/origincar_description
[9.161s] Invoking command in '/home/sunrise/dev_ws/build/origincar_description': CMAKE_PREFIX_PATH=${CMAKE_PREFIX_PATH}:/home/sunrise/dev_ws/install/racing_stage2:/home/sunrise/dev_ws/install/racing_stage1:/home/sunrise/dev_ws/install/qr_scanner:/home/sunrise/dev_ws/install/bno055:/opt/tros/humble:/opt/ros/humble /usr/bin/cmake --build /home/sunrise/dev_ws/build/origincar_description -- -j8 -l8
[10.086s] Invoked command in '/home/sunrise/dev_ws/build/origincar_description' returned '0': CMAKE_PREFIX_PATH=${CMAKE_PREFIX_PATH}:/home/sunrise/dev_ws/install/racing_stage2:/home/sunrise/dev_ws/install/racing_stage1:/home/sunrise/dev_ws/install/qr_scanner:/home/sunrise/dev_ws/install/bno055:/opt/tros/humble:/opt/ros/humble /usr/bin/cmake --build /home/sunrise/dev_ws/build/origincar_description -- -j8 -l8
[10.105s] Invoking command in '/home/sunrise/dev_ws/build/origincar_description': CMAKE_PREFIX_PATH=${CMAKE_PREFIX_PATH}:/home/sunrise/dev_ws/install/racing_stage2:/home/sunrise/dev_ws/install/racing_stage1:/home/sunrise/dev_ws/install/qr_scanner:/home/sunrise/dev_ws/install/bno055:/opt/tros/humble:/opt/ros/humble /usr/bin/cmake --install /home/sunrise/dev_ws/build/origincar_description
[14.058s] -- Install configuration: ""
[14.062s] -- Execute custom install script
[14.065s] -- Symlinking: /home/sunrise/dev_ws/install/origincar_description/share/origincar_description/launch/display.launch
[14.067s] -- Symlinking: /home/sunrise/dev_ws/install/origincar_description/share/origincar_description/launch/display.launch.py
[14.069s] -- Symlinking: /home/sunrise/dev_ws/install/origincar_description/share/origincar_description/launch/gazebo.launch
[14.070s] -- Symlinking: /home/sunrise/dev_ws/install/origincar_description/share/origincar_description/urdf/origincar.urdf
[14.072s] -- Symlinking: /home/sunrise/dev_ws/install/origincar_description/share/origincar_description/urdf/origincar.xacro
[14.075s] -- Symlinking: /home/sunrise/dev_ws/install/origincar_description/share/origincar_description/rviz/README
[14.078s] -- Symlinking: /home/sunrise/dev_ws/install/origincar_description/share/origincar_description/rviz/display.rviz
[14.080s] -- Symlinking: /home/sunrise/dev_ws/install/origincar_description/share/origincar_description/meshes/base_link.STL
[14.081s] -- Symlinking: /home/sunrise/dev_ws/install/origincar_description/share/origincar_description/meshes/down_left_Link.STL
[14.082s] -- Symlinking: /home/sunrise/dev_ws/install/origincar_description/share/origincar_description/meshes/down_right_Link.STL
[14.083s] -- Symlinking: /home/sunrise/dev_ws/install/origincar_description/share/origincar_description/meshes/up_left_Link.STL
[14.084s] -- Symlinking: /home/sunrise/dev_ws/install/origincar_description/share/origincar_description/meshes/up_right_Link.STL
[14.086s] -- Symlinking: /home/sunrise/dev_ws/install/origincar_description/share/ament_index/resource_index/package_run_dependencies/origincar_description
[14.086s] -- Symlinking: /home/sunrise/dev_ws/install/origincar_description/share/ament_index/resource_index/parent_prefix_path/origincar_description
[14.087s] -- Symlinking: /home/sunrise/dev_ws/install/origincar_description/share/origincar_description/environment/ament_prefix_path.sh
[14.088s] -- Symlinking: /home/sunrise/dev_ws/install/origincar_description/share/origincar_description/environment/ament_prefix_path.dsv
[14.089s] -- Symlinking: /home/sunrise/dev_ws/install/origincar_description/share/origincar_description/environment/path.sh
[14.089s] -- Symlinking: /home/sunrise/dev_ws/install/origincar_description/share/origincar_description/environment/path.dsv
[14.090s] -- Symlinking: /home/sunrise/dev_ws/install/origincar_description/share/origincar_description/local_setup.bash
[14.091s] -- Symlinking: /home/sunrise/dev_ws/install/origincar_description/share/origincar_description/local_setup.sh
[14.091s] -- Symlinking: /home/sunrise/dev_ws/install/origincar_description/share/origincar_description/local_setup.zsh
[14.092s] -- Symlinking: /home/sunrise/dev_ws/install/origincar_description/share/origincar_description/local_setup.dsv
[14.093s] -- Symlinking: /home/sunrise/dev_ws/install/origincar_description/share/origincar_description/package.dsv
[14.094s] -- Symlinking: /home/sunrise/dev_ws/install/origincar_description/share/ament_index/resource_index/packages/origincar_description
[14.095s] -- Symlinking: /home/sunrise/dev_ws/install/origincar_description/share/origincar_description/cmake/origincar_descriptionConfig.cmake
[14.123s] -- Symlinking: /home/sunrise/dev_ws/install/origincar_description/share/origincar_description/cmake/origincar_descriptionConfig-version.cmake
[14.124s] -- Symlinking: /home/sunrise/dev_ws/install/origincar_description/share/origincar_description/package.xml
[14.264s] Invoked command in '/home/sunrise/dev_ws/build/origincar_description' returned '0': CMAKE_PREFIX_PATH=${CMAKE_PREFIX_PATH}:/home/sunrise/dev_ws/install/racing_stage2:/home/sunrise/dev_ws/install/racing_stage1:/home/sunrise/dev_ws/install/qr_scanner:/home/sunrise/dev_ws/install/bno055:/opt/tros/humble:/opt/ros/humble /usr/bin/cmake --install /home/sunrise/dev_ws/build/origincar_description
