[0.000000] (-) TimerEvent: {}
[0.000620] (-) JobUnselected: {'identifier': 'ackermann_msgs'}
[0.001583] (-) JobUnselected: {'identifier': 'bno055'}
[0.002272] (-) JobUnselected: {'identifier': 'line_follower_pkg'}
[0.003007] (-) JobUnselected: {'identifier': 'lslidar_driver'}
[0.003226] (-) JobUnselected: {'identifier': 'lslidar_msgs'}
[0.003415] (-) JobUnselected: {'identifier': 'origincar_base'}
[0.003605] (-) JobUnselected: {'identifier': 'origincar_bringup'}
[0.003789] (-) JobUnselected: {'identifier': 'origincar_description'}
[0.003974] (-) JobUnselected: {'identifier': 'origincar_msg'}
[0.004159] (-) JobUnselected: {'identifier': 'qr_scanner'}
[0.004370] (-) JobUnselected: {'identifier': 'racing_bringup'}
[0.004631] (-) JobUnselected: {'identifier': 'racing_stage1'}
[0.004985] (-) JobUnselected: {'identifier': 'racing_stage2'}
[0.005160] (-) JobUnselected: {'identifier': 'racing_stage3'}
[0.005271] (-) JobUnselected: {'identifier': 'racing_stage3_param_test'}
[0.005388] (-) JobUnselected: {'identifier': 'racing_vision_ai'}
[0.005539] (-) JobUnselected: {'identifier': 'serial'}
[0.005678] (-) JobUnselected: {'identifier': 'simple_avoidance'}
[0.005997] (-) JobUnselected: {'identifier': 'utils'}
[0.006299] (-) JobUnselected: {'identifier': 'voice_driver'}
[0.006444] (racing_stage2_param_test) JobQueued: {'identifier': 'racing_stage2_param_test', 'dependencies': OrderedDict([('ackermann_msgs', '/home/sunrise/dev_ws/install/ackermann_msgs'), ('bno055', '/home/sunrise/dev_ws/install/bno055'), ('lslidar_msgs', '/home/sunrise/dev_ws/install/lslidar_msgs'), ('origincar_bringup', '/home/sunrise/dev_ws/install/origincar_bringup'), ('origincar_description', '/home/sunrise/dev_ws/install/origincar_description'), ('origincar_msg', '/home/sunrise/dev_ws/install/origincar_msg'), ('qr_scanner', '/home/sunrise/dev_ws/install/qr_scanner'), ('serial', '/home/sunrise/dev_ws/install/serial'), ('lslidar_driver', '/home/sunrise/dev_ws/install/lslidar_driver'), ('origincar_base', '/home/sunrise/dev_ws/install/origincar_base'), ('racing_stage1', '/home/sunrise/dev_ws/install/racing_stage1'), ('racing_stage2', '/home/sunrise/dev_ws/install/racing_stage2')])}
[0.006649] (racing_stage2_param_test) JobStarted: {'identifier': 'racing_stage2_param_test'}
[0.098558] (-) TimerEvent: {}
[0.199006] (-) TimerEvent: {}
[0.299397] (-) TimerEvent: {}
[0.399757] (-) TimerEvent: {}
[0.500105] (-) TimerEvent: {}
[0.600465] (-) TimerEvent: {}
[0.700845] (-) TimerEvent: {}
[0.801207] (-) TimerEvent: {}
[0.901564] (-) TimerEvent: {}
[1.001919] (-) TimerEvent: {}
[1.102261] (-) TimerEvent: {}
[1.202601] (-) TimerEvent: {}
[1.302945] (-) TimerEvent: {}
[1.403294] (-) TimerEvent: {}
[1.503643] (-) TimerEvent: {}
[1.603986] (-) TimerEvent: {}
[1.704406] (-) TimerEvent: {}
[1.804845] (-) TimerEvent: {}
[1.905344] (-) TimerEvent: {}
[2.005814] (-) TimerEvent: {}
[2.106216] (-) TimerEvent: {}
[2.206579] (-) TimerEvent: {}
[2.306922] (-) TimerEvent: {}
[2.407263] (-) TimerEvent: {}
[2.507620] (-) TimerEvent: {}
[2.607979] (-) TimerEvent: {}
[2.708321] (-) TimerEvent: {}
[2.808687] (-) TimerEvent: {}
[2.909049] (-) TimerEvent: {}
[3.009436] (-) TimerEvent: {}
[3.109808] (-) TimerEvent: {}
[3.210157] (-) TimerEvent: {}
[3.310512] (-) TimerEvent: {}
[3.410850] (-) TimerEvent: {}
[3.511218] (-) TimerEvent: {}
[3.611608] (-) TimerEvent: {}
[3.712042] (-) TimerEvent: {}
[3.812454] (-) TimerEvent: {}
[3.912885] (-) TimerEvent: {}
[4.013334] (-) TimerEvent: {}
[4.113766] (-) TimerEvent: {}
[4.214181] (-) TimerEvent: {}
[4.285741] (racing_stage2_param_test) Command: {'cmd': ['/usr/bin/python3', '-W', 'ignore:setup.py install is deprecated', '-W', 'ignore:easy_install command is deprecated', 'setup.py', 'develop', '--editable', '--build-directory', '/home/sunrise/dev_ws/build/racing_stage2_param_test/build', '--no-deps', 'symlink_data'], 'cwd': '/home/sunrise/dev_ws/build/racing_stage2_param_test', 'env': {'LANGUAGE': 'en_US.UTF-8', 'USER': 'sunrise', 'SSH_CLIENT': '10.147.109.1 34694 22', 'XDG_SESSION_TYPE': 'tty', 'SHLVL': '1', 'LD_LIBRARY_PATH': '/home/sunrise/dev_ws/install/origincar_base/lib:/home/sunrise/dev_ws/install/serial/lib:/home/sunrise/dev_ws/install/origincar_msg/lib:/home/sunrise/dev_ws/install/lslidar_msgs/lib:/home/sunrise/dev_ws/install/ackermann_msgs/lib:/opt/ros/humble/opt/rviz_ogre_vendor/lib:/opt/ros/humble/lib/aarch64-linux-gnu:/opt/ros/humble/lib', 'MOTD_SHOWN': 'pam', 'HOME': '/home/sunrise', 'OLDPWD': '/home/sunrise', 'ROS_PYTHON_VERSION': '3', 'DBUS_SESSION_BUS_ADDRESS': 'unix:path=/run/user/1000/bus', 'ROS_DISTRO': 'humble', 'LOGNAME': 'sunrise', '_': '/usr/bin/colcon', 'ROS_VERSION': '2', 'XDG_SESSION_CLASS': 'user', 'XDG_SESSION_ID': '24', 'ROS_LOCALHOST_ONLY': '0', 'PATH': '/opt/ros/humble/bin:/usr/local/sbin:/usr/local/bin:/usr/sbin:/usr/bin:/sbin:/bin:/usr/games:/usr/local/games:/snap/bin', 'XDG_RUNTIME_DIR': '/run/user/1000', 'LANG': 'en_US.UTF-8', 'AMENT_PREFIX_PATH': '/home/sunrise/dev_ws/install/racing_stage2:/home/sunrise/dev_ws/install/racing_stage1:/home/sunrise/dev_ws/install/origincar_base:/home/sunrise/dev_ws/install/lslidar_driver:/home/sunrise/dev_ws/install/serial:/home/sunrise/dev_ws/install/qr_scanner:/home/sunrise/dev_ws/install/origincar_msg:/home/sunrise/dev_ws/install/origincar_description:/home/sunrise/dev_ws/install/origincar_bringup:/home/sunrise/dev_ws/install/lslidar_msgs:/home/sunrise/dev_ws/install/bno055:/home/sunrise/dev_ws/install/ackermann_msgs:/opt/ros/humble', 'SHELL': '/bin/bash', 'PWD': '/home/sunrise/dev_ws/build/racing_stage2_param_test', 'SSH_CONNECTION': '10.147.109.1 34694 10.147.109.8 22', 'PYTHONPATH': '/home/sunrise/dev_ws/build/racing_stage2_param_test/prefix_override:/usr/lib/python3/dist-packages/colcon_core/task/python/colcon_distutils_commands:/home/sunrise/dev_ws/install/racing_stage2_param_test/lib/python3.10/site-packages:/home/sunrise/dev_ws/build/racing_stage2:/home/sunrise/dev_ws/install/racing_stage2/lib/python3.10/site-packages:/home/sunrise/dev_ws/build/racing_stage1:/home/sunrise/dev_ws/install/racing_stage1/lib/python3.10/site-packages:/home/sunrise/dev_ws/install/origincar_base/local/lib/python3.10/dist-packages:/home/sunrise/dev_ws/build/qr_scanner:/home/sunrise/dev_ws/install/qr_scanner/lib/python3.10/site-packages:/home/sunrise/dev_ws/install/origincar_msg/local/lib/python3.10/dist-packages:/home/sunrise/dev_ws/install/lslidar_msgs/local/lib/python3.10/dist-packages:/home/sunrise/dev_ws/build/bno055:/home/sunrise/dev_ws/install/bno055/lib/python3.10/site-packages:/home/sunrise/dev_ws/install/ackermann_msgs/local/lib/python3.10/dist-packages:/opt/ros/humble/lib/python3.10/site-packages:/opt/ros/humble/local/lib/python3.10/dist-packages', 'COLCON': '1', 'CMAKE_PREFIX_PATH': '/home/sunrise/dev_ws/install/origincar_base:/home/sunrise/dev_ws/install/lslidar_driver:/home/sunrise/dev_ws/install/serial:/home/sunrise/dev_ws/install/origincar_msg:/home/sunrise/dev_ws/install/origincar_description:/home/sunrise/dev_ws/install/origincar_bringup:/home/sunrise/dev_ws/install/lslidar_msgs:/home/sunrise/dev_ws/install/ackermann_msgs'}, 'shell': False}
[4.314335] (-) TimerEvent: {}
[4.414719] (-) TimerEvent: {}
[4.515075] (-) TimerEvent: {}
[4.615448] (-) TimerEvent: {}
[4.715803] (-) TimerEvent: {}
[4.816208] (-) TimerEvent: {}
[4.916591] (-) TimerEvent: {}
[5.016934] (-) TimerEvent: {}
[5.117293] (-) TimerEvent: {}
[5.217646] (-) TimerEvent: {}
[5.317982] (-) TimerEvent: {}
[5.418329] (-) TimerEvent: {}
[5.518677] (-) TimerEvent: {}
[5.619019] (-) TimerEvent: {}
[5.719360] (-) TimerEvent: {}
[5.819706] (-) TimerEvent: {}
[5.920075] (-) TimerEvent: {}
[5.994738] (racing_stage2_param_test) StdoutLine: {'line': b'running develop\n'}
[6.020216] (-) TimerEvent: {}
[6.120612] (-) TimerEvent: {}
[6.220986] (-) TimerEvent: {}
[6.321327] (-) TimerEvent: {}
[6.421691] (-) TimerEvent: {}
[6.522047] (-) TimerEvent: {}
[6.622394] (-) TimerEvent: {}
[6.722742] (-) TimerEvent: {}
[6.823086] (-) TimerEvent: {}
[6.923449] (-) TimerEvent: {}
[7.023803] (-) TimerEvent: {}
[7.084612] (racing_stage2_param_test) StdoutLine: {'line': b'running egg_info\n'}
[7.085257] (racing_stage2_param_test) StdoutLine: {'line': b'creating racing_stage2_param_test.egg-info\n'}
[7.086017] (racing_stage2_param_test) StdoutLine: {'line': b'writing racing_stage2_param_test.egg-info/PKG-INFO\n'}
[7.086999] (racing_stage2_param_test) StdoutLine: {'line': b'writing dependency_links to racing_stage2_param_test.egg-info/dependency_links.txt\n'}
[7.087783] (racing_stage2_param_test) StdoutLine: {'line': b'writing entry points to racing_stage2_param_test.egg-info/entry_points.txt\n'}
[7.088745] (racing_stage2_param_test) StdoutLine: {'line': b'writing requirements to racing_stage2_param_test.egg-info/requires.txt\n'}
[7.089182] (racing_stage2_param_test) StdoutLine: {'line': b'writing top-level names to racing_stage2_param_test.egg-info/top_level.txt\n'}
[7.089878] (racing_stage2_param_test) StdoutLine: {'line': b"writing manifest file 'racing_stage2_param_test.egg-info/SOURCES.txt'\n"}
[7.099905] (racing_stage2_param_test) StdoutLine: {'line': b"reading manifest file 'racing_stage2_param_test.egg-info/SOURCES.txt'\n"}
[7.103735] (racing_stage2_param_test) StdoutLine: {'line': b"writing manifest file 'racing_stage2_param_test.egg-info/SOURCES.txt'\n"}
[7.112893] (racing_stage2_param_test) StdoutLine: {'line': b'running build_ext\n'}
[7.114058] (racing_stage2_param_test) StdoutLine: {'line': b'Creating /home/sunrise/dev_ws/install/racing_stage2_param_test/lib/python3.10/site-packages/racing-stage2-param-test.egg-link (link to .)\n'}
[7.118430] (racing_stage2_param_test) StdoutLine: {'line': b'Installing avoidance_straight_tester script to /home/sunrise/dev_ws/install/racing_stage2_param_test/lib/racing_stage2_param_test\n'}
[7.119365] (racing_stage2_param_test) StdoutLine: {'line': b'Installing camera_video_recorder script to /home/sunrise/dev_ws/install/racing_stage2_param_test/lib/racing_stage2_param_test\n'}
[7.120678] (racing_stage2_param_test) StdoutLine: {'line': b'Installing direct_inertial_tester script to /home/sunrise/dev_ws/install/racing_stage2_param_test/lib/racing_stage2_param_test\n'}
[7.121155] (racing_stage2_param_test) StdoutLine: {'line': b'Installing lane_follow script to /home/sunrise/dev_ws/install/racing_stage2_param_test/lib/racing_stage2_param_test\n'}
[7.123089] (racing_stage2_param_test) StdoutLine: {'line': b'Installing twist_cmd_relay script to /home/sunrise/dev_ws/install/racing_stage2_param_test/lib/racing_stage2_param_test\n'}
[7.124767] (-) TimerEvent: {}
[7.124898] (racing_stage2_param_test) StdoutLine: {'line': b'\n'}
[7.126433] (racing_stage2_param_test) StdoutLine: {'line': b'Installed /home/sunrise/dev_ws/build/racing_stage2_param_test\n'}
[7.126988] (racing_stage2_param_test) StdoutLine: {'line': b'running symlink_data\n'}
[7.127433] (racing_stage2_param_test) StdoutLine: {'line': b'creating /home/sunrise/dev_ws/install/racing_stage2_param_test/share/ament_index\n'}
[7.127855] (racing_stage2_param_test) StdoutLine: {'line': b'creating /home/sunrise/dev_ws/install/racing_stage2_param_test/share/ament_index/resource_index\n'}
[7.128264] (racing_stage2_param_test) StdoutLine: {'line': b'creating /home/sunrise/dev_ws/install/racing_stage2_param_test/share/ament_index/resource_index/packages\n'}
[7.128670] (racing_stage2_param_test) StdoutLine: {'line': b'symbolically linking /home/sunrise/dev_ws/build/racing_stage2_param_test/resource/racing_stage2_param_test -> /home/sunrise/dev_ws/install/racing_stage2_param_test/share/ament_index/resource_index/packages\n'}
[7.129082] (racing_stage2_param_test) StdoutLine: {'line': b'symbolically linking /home/sunrise/dev_ws/build/racing_stage2_param_test/package.xml -> /home/sunrise/dev_ws/install/racing_stage2_param_test/share/racing_stage2_param_test\n'}
[7.129488] (racing_stage2_param_test) StdoutLine: {'line': b'creating /home/sunrise/dev_ws/install/racing_stage2_param_test/share/racing_stage2_param_test/launch\n'}
[7.129895] (racing_stage2_param_test) StdoutLine: {'line': b'symbolically linking /home/sunrise/dev_ws/build/racing_stage2_param_test/launch/direct_inertial_test.launch.py -> /home/sunrise/dev_ws/install/racing_stage2_param_test/share/racing_stage2_param_test/launch\n'}
[7.130302] (racing_stage2_param_test) StdoutLine: {'line': b'symbolically linking /home/sunrise/dev_ws/build/racing_stage2_param_test/launch/avoidance_straight_test.launch.py -> /home/sunrise/dev_ws/install/racing_stage2_param_test/share/racing_stage2_param_test/launch\n'}
[7.130782] (racing_stage2_param_test) StdoutLine: {'line': b'symbolically linking /home/sunrise/dev_ws/build/racing_stage2_param_test/launch/lane_follow_test.launch.py -> /home/sunrise/dev_ws/install/racing_stage2_param_test/share/racing_stage2_param_test/launch\n'}
[7.131191] (racing_stage2_param_test) StdoutLine: {'line': b'symbolically linking /home/sunrise/dev_ws/build/racing_stage2_param_test/launch/direct_inertial_camera_record_test.launch.py -> /home/sunrise/dev_ws/install/racing_stage2_param_test/share/racing_stage2_param_test/launch\n'}
[7.131598] (racing_stage2_param_test) StdoutLine: {'line': b'creating /home/sunrise/dev_ws/install/racing_stage2_param_test/share/racing_stage2_param_test/config\n'}
[7.132000] (racing_stage2_param_test) StdoutLine: {'line': b'symbolically linking /home/sunrise/dev_ws/build/racing_stage2_param_test/config/avoidance_straight_test.yaml -> /home/sunrise/dev_ws/install/racing_stage2_param_test/share/racing_stage2_param_test/config\n'}
[7.132406] (racing_stage2_param_test) StdoutLine: {'line': b'symbolically linking /home/sunrise/dev_ws/build/racing_stage2_param_test/config/direct_inertial_test.yaml -> /home/sunrise/dev_ws/install/racing_stage2_param_test/share/racing_stage2_param_test/config\n'}
[7.224980] (-) TimerEvent: {}
[7.325411] (-) TimerEvent: {}
[7.364666] (racing_stage2_param_test) CommandEnded: {'returncode': 0}
[7.426048] (-) TimerEvent: {}
[7.526084] (racing_stage2_param_test) JobEnded: {'identifier': 'racing_stage2_param_test', 'rc': 0}
[7.528528] (-) TimerEvent: {}
[7.528664] (-) EventReactorShutdown: {}
