[0.208s] Invoking command in '/home/sunrise/dev_ws/build/origincar_base': CMAKE_PREFIX_PATH=/home/sunrise/dev_ws/install/serial:/home/sunrise/dev_ws/install/origincar_msg:/home/sunrise/dev_ws/install/origincar_description:/home/sunrise/dev_ws/install/ackermann_msgs:/home/sunrise/dev_ws/install/voice_driver:/home/sunrise/dev_ws/install/utils:/home/sunrise/dev_ws/install/origincar_base:/home/sunrise/dev_ws/install/origincar_bringup:/home/sunrise/dev_ws/install/lslidar_driver:/home/sunrise/dev_ws/install/lslidar_msgs:/home/sunrise/dev_ws/install/simple_avoidance:/home/sunrise/dev_ws/install/racing_stage2_param_test:/home/sunrise/dev_ws/install/racing_vision_ai:/home/sunrise/dev_ws/install/racing_stage3_param_test:/home/sunrise/dev_ws/install/racing_bringup:/home/sunrise/dev_ws/install/racing_stage3:/home/sunrise/dev_ws/install/racing_stage2:/home/sunrise/dev_ws/install/racing_stage1:/home/sunrise/dev_ws/install/qr_scanner:/home/sunrise/dev_ws/install/line_follower_pkg:/home/sunrise/dev_ws/install/bno055:/opt/tros/humble:/opt/ros/humble LD_LIBRARY_PATH=/home/sunrise/dev_ws/install/origincar_msg/lib:/home/sunrise/dev_ws/install/ackermann_msgs/lib:/home/sunrise/dev_ws/install/voice_driver/lib:/home/sunrise/dev_ws/install/origincar_base/lib:/home/sunrise/dev_ws/install/serial/lib:/home/sunrise/dev_ws/install/lslidar_msgs/lib:/opt/tros/humble/lib/aarch64-linux-gnu:/opt/tros/humble/lib:/opt/ros/humble/opt/rviz_ogre_vendor/lib:/opt/ros/humble/lib/aarch64-linux-gnu:/opt/ros/humble/lib:/usr/hobot/lib:/app/lib:/app/pub/lib:/middleware/lib:/middleware/pub/lib:/usr/hobot/lib/sensor:/system/lib:/system/usr/lib:/lib:/usr/hobot/lib:/app/lib:/app/pub/lib:/middleware/lib:/middleware/pub/lib:/usr/hobot/lib/sensor:/system/lib:/system/usr/lib:/lib /usr/bin/cmake --build /home/sunrise/dev_ws/build/origincar_base -- -j8 -l8
[0.515s] [  2%] Built target origincar_base__rs
[0.518s] [  5%] Built target origincar_base__cpp
[0.522s] [ 14%] Built target origincar_base__rosidl_generator_c
[0.560s] [ 14%] Built target ament_cmake_python_symlink_origincar_base
[0.650s] [ 22%] Built target origincar_base__rosidl_typesupport_introspection_cpp
[0.655s] [ 31%] Built target origincar_base__rosidl_typesupport_fastrtps_cpp
[0.666s] [ 40%] Built target origincar_base__rosidl_typesupport_cpp
[0.698s] [ 48%] Built target origincar_base__rosidl_typesupport_fastrtps_c
[0.721s] [ 57%] Built target origincar_base__rosidl_typesupport_introspection_c
[0.736s] [ 65%] Built target origincar_base__rosidl_typesupport_c
[0.751s] [ 74%] Built target origincar_base_node
[0.844s] [ 74%] Built target origincar_base
[0.946s] [ 77%] Built target origincar_base__py
[1.058s] [ 82%] Built target origincar_base__rosidl_generator_py
[1.175s] [ 94%] Built target origincar_base__rosidl_typesupport_fastrtps_c__pyext
[1.175s] [ 94%] Built target origincar_base__rosidl_typesupport_introspection_c__pyext
[1.186s] [100%] Built target origincar_base__rosidl_typesupport_c__pyext
[2.800s] running egg_info
[2.806s] writing origincar_base.egg-info/PKG-INFO
[2.807s] writing dependency_links to origincar_base.egg-info/dependency_links.txt
[2.809s] writing top-level names to origincar_base.egg-info/top_level.txt
[2.824s] reading manifest file 'origincar_base.egg-info/SOURCES.txt'
[2.828s] writing manifest file 'origincar_base.egg-info/SOURCES.txt'
[3.058s] [100%] Built target ament_cmake_python_build_origincar_base_egg
[3.114s] Invoked command in '/home/sunrise/dev_ws/build/origincar_base' returned '0': CMAKE_PREFIX_PATH=/home/sunrise/dev_ws/install/serial:/home/sunrise/dev_ws/install/origincar_msg:/home/sunrise/dev_ws/install/origincar_description:/home/sunrise/dev_ws/install/ackermann_msgs:/home/sunrise/dev_ws/install/voice_driver:/home/sunrise/dev_ws/install/utils:/home/sunrise/dev_ws/install/origincar_base:/home/sunrise/dev_ws/install/origincar_bringup:/home/sunrise/dev_ws/install/lslidar_driver:/home/sunrise/dev_ws/install/lslidar_msgs:/home/sunrise/dev_ws/install/simple_avoidance:/home/sunrise/dev_ws/install/racing_stage2_param_test:/home/sunrise/dev_ws/install/racing_vision_ai:/home/sunrise/dev_ws/install/racing_stage3_param_test:/home/sunrise/dev_ws/install/racing_bringup:/home/sunrise/dev_ws/install/racing_stage3:/home/sunrise/dev_ws/install/racing_stage2:/home/sunrise/dev_ws/install/racing_stage1:/home/sunrise/dev_ws/install/qr_scanner:/home/sunrise/dev_ws/install/line_follower_pkg:/home/sunrise/dev_ws/install/bno055:/opt/tros/humble:/opt/ros/humble LD_LIBRARY_PATH=/home/sunrise/dev_ws/install/origincar_msg/lib:/home/sunrise/dev_ws/install/ackermann_msgs/lib:/home/sunrise/dev_ws/install/voice_driver/lib:/home/sunrise/dev_ws/install/origincar_base/lib:/home/sunrise/dev_ws/install/serial/lib:/home/sunrise/dev_ws/install/lslidar_msgs/lib:/opt/tros/humble/lib/aarch64-linux-gnu:/opt/tros/humble/lib:/opt/ros/humble/opt/rviz_ogre_vendor/lib:/opt/ros/humble/lib/aarch64-linux-gnu:/opt/ros/humble/lib:/usr/hobot/lib:/app/lib:/app/pub/lib:/middleware/lib:/middleware/pub/lib:/usr/hobot/lib/sensor:/system/lib:/system/usr/lib:/lib:/usr/hobot/lib:/app/lib:/app/pub/lib:/middleware/lib:/middleware/pub/lib:/usr/hobot/lib/sensor:/system/lib:/system/usr/lib:/lib /usr/bin/cmake --build /home/sunrise/dev_ws/build/origincar_base -- -j8 -l8
[3.121s] Invoking command in '/home/sunrise/dev_ws/build/origincar_base': CMAKE_PREFIX_PATH=/home/sunrise/dev_ws/install/serial:/home/sunrise/dev_ws/install/origincar_msg:/home/sunrise/dev_ws/install/origincar_description:/home/sunrise/dev_ws/install/ackermann_msgs:/home/sunrise/dev_ws/install/voice_driver:/home/sunrise/dev_ws/install/utils:/home/sunrise/dev_ws/install/origincar_base:/home/sunrise/dev_ws/install/origincar_bringup:/home/sunrise/dev_ws/install/lslidar_driver:/home/sunrise/dev_ws/install/lslidar_msgs:/home/sunrise/dev_ws/install/simple_avoidance:/home/sunrise/dev_ws/install/racing_stage2_param_test:/home/sunrise/dev_ws/install/racing_vision_ai:/home/sunrise/dev_ws/install/racing_stage3_param_test:/home/sunrise/dev_ws/install/racing_bringup:/home/sunrise/dev_ws/install/racing_stage3:/home/sunrise/dev_ws/install/racing_stage2:/home/sunrise/dev_ws/install/racing_stage1:/home/sunrise/dev_ws/install/qr_scanner:/home/sunrise/dev_ws/install/line_follower_pkg:/home/sunrise/dev_ws/install/bno055:/opt/tros/humble:/opt/ros/humble LD_LIBRARY_PATH=/home/sunrise/dev_ws/install/origincar_msg/lib:/home/sunrise/dev_ws/install/ackermann_msgs/lib:/home/sunrise/dev_ws/install/voice_driver/lib:/home/sunrise/dev_ws/install/origincar_base/lib:/home/sunrise/dev_ws/install/serial/lib:/home/sunrise/dev_ws/install/lslidar_msgs/lib:/opt/tros/humble/lib/aarch64-linux-gnu:/opt/tros/humble/lib:/opt/ros/humble/opt/rviz_ogre_vendor/lib:/opt/ros/humble/lib/aarch64-linux-gnu:/opt/ros/humble/lib:/usr/hobot/lib:/app/lib:/app/pub/lib:/middleware/lib:/middleware/pub/lib:/usr/hobot/lib/sensor:/system/lib:/system/usr/lib:/lib:/usr/hobot/lib:/app/lib:/app/pub/lib:/middleware/lib:/middleware/pub/lib:/usr/hobot/lib/sensor:/system/lib:/system/usr/lib:/lib /usr/bin/cmake --install /home/sunrise/dev_ws/build/origincar_base
[3.158s] -- Install configuration: ""
[3.160s] -- Execute custom install script
[3.161s] -- Up-to-date symlink: /home/sunrise/dev_ws/install/origincar_base/share/ament_index/resource_index/rosidl_interfaces/origincar_base
[3.164s] -- Up-to-date symlink: /home/sunrise/dev_ws/install/origincar_base/include/origincar_base/origincar_base/msg/detail/position__functions.h
[3.164s] -- Up-to-date symlink: /home/sunrise/dev_ws/install/origincar_base/include/origincar_base/origincar_base/msg/detail/position__struct.h
[3.165s] -- Up-to-date symlink: /home/sunrise/dev_ws/install/origincar_base/include/origincar_base/origincar_base/msg/detail/position__type_support.h
[3.166s] -- Up-to-date symlink: /home/sunrise/dev_ws/install/origincar_base/include/origincar_base/origincar_base/msg/position.h
[3.167s] -- Up-to-date symlink: /home/sunrise/dev_ws/install/origincar_base/include/origincar_base/origincar_base/msg/rosidl_generator_c__visibility_control.h
[3.167s] -- Up-to-date symlink: /home/sunrise/dev_ws/install/origincar_base/share/origincar_base/environment/library_path.sh
[3.168s] -- Up-to-date symlink: /home/sunrise/dev_ws/install/origincar_base/share/origincar_base/environment/library_path.dsv
[3.171s] -- Up-to-date symlink: /home/sunrise/dev_ws/install/origincar_base/include/origincar_base/origincar_base/msg/detail/position__rosidl_typesupport_fastrtps_c.h
[3.171s] -- Up-to-date symlink: /home/sunrise/dev_ws/install/origincar_base/include/origincar_base/origincar_base/msg/rosidl_typesupport_fastrtps_c__visibility_control.h
[3.173s] -- Up-to-date symlink: /home/sunrise/dev_ws/install/origincar_base/include/origincar_base/origincar_base/msg/detail/position__builder.hpp
[3.174s] -- Up-to-date symlink: /home/sunrise/dev_ws/install/origincar_base/include/origincar_base/origincar_base/msg/detail/position__struct.hpp
[3.174s] -- Up-to-date symlink: /home/sunrise/dev_ws/install/origincar_base/include/origincar_base/origincar_base/msg/detail/position__traits.hpp
[3.175s] -- Up-to-date symlink: /home/sunrise/dev_ws/install/origincar_base/include/origincar_base/origincar_base/msg/detail/position__type_support.hpp
[3.176s] -- Up-to-date symlink: /home/sunrise/dev_ws/install/origincar_base/include/origincar_base/origincar_base/msg/position.hpp
[3.176s] -- Up-to-date symlink: /home/sunrise/dev_ws/install/origincar_base/include/origincar_base/origincar_base/msg/rosidl_generator_cpp__visibility_control.hpp
[3.178s] -- Up-to-date symlink: /home/sunrise/dev_ws/install/origincar_base/include/origincar_base/origincar_base/msg/detail/position__rosidl_typesupport_fastrtps_cpp.hpp
[3.179s] -- Up-to-date symlink: /home/sunrise/dev_ws/install/origincar_base/include/origincar_base/origincar_base/msg/rosidl_typesupport_fastrtps_cpp__visibility_control.h
[3.181s] -- Up-to-date symlink: /home/sunrise/dev_ws/install/origincar_base/include/origincar_base/origincar_base/msg/detail/position__rosidl_typesupport_introspection_c.h
[3.181s] -- Up-to-date symlink: /home/sunrise/dev_ws/install/origincar_base/include/origincar_base/origincar_base/msg/rosidl_typesupport_introspection_c__visibility_control.h
[3.183s] -- Up-to-date symlink: /home/sunrise/dev_ws/install/origincar_base/include/origincar_base/origincar_base/msg/detail/position__rosidl_typesupport_introspection_cpp.hpp
[3.183s] -- Up-to-date symlink: /home/sunrise/dev_ws/install/origincar_base/share/origincar_base/environment/pythonpath.sh
[3.184s] -- Up-to-date symlink: /home/sunrise/dev_ws/install/origincar_base/share/origincar_base/environment/pythonpath.dsv
[3.186s] -- Up-to-date symlink: /home/sunrise/dev_ws/install/origincar_base/local/lib/python3.10/dist-packages/origincar_base-0.0.0-py3.10.egg-info/PKG-INFO
[3.187s] -- Up-to-date symlink: /home/sunrise/dev_ws/install/origincar_base/local/lib/python3.10/dist-packages/origincar_base-0.0.0-py3.10.egg-info/SOURCES.txt
[3.187s] -- Up-to-date symlink: /home/sunrise/dev_ws/install/origincar_base/local/lib/python3.10/dist-packages/origincar_base-0.0.0-py3.10.egg-info/dependency_links.txt
[3.188s] -- Up-to-date symlink: /home/sunrise/dev_ws/install/origincar_base/local/lib/python3.10/dist-packages/origincar_base-0.0.0-py3.10.egg-info/top_level.txt
[3.190s] -- Up-to-date symlink: /home/sunrise/dev_ws/install/origincar_base/local/lib/python3.10/dist-packages/origincar_base/__init__.py
[3.191s] -- Up-to-date symlink: /home/sunrise/dev_ws/install/origincar_base/local/lib/python3.10/dist-packages/origincar_base/_origincar_base_s.ep.rosidl_typesupport_c.c
[3.192s] -- Up-to-date symlink: /home/sunrise/dev_ws/install/origincar_base/local/lib/python3.10/dist-packages/origincar_base/_origincar_base_s.ep.rosidl_typesupport_fastrtps_c.c
[3.192s] -- Up-to-date symlink: /home/sunrise/dev_ws/install/origincar_base/local/lib/python3.10/dist-packages/origincar_base/_origincar_base_s.ep.rosidl_typesupport_introspection_c.c
[3.193s] -- Up-to-date symlink: /home/sunrise/dev_ws/install/origincar_base/local/lib/python3.10/dist-packages/origincar_base/liborigincar_base__rosidl_generator_py.so
[3.194s] -- Up-to-date symlink: /home/sunrise/dev_ws/install/origincar_base/local/lib/python3.10/dist-packages/origincar_base/msg/__init__.py
[3.194s] -- Up-to-date symlink: /home/sunrise/dev_ws/install/origincar_base/local/lib/python3.10/dist-packages/origincar_base/msg/_position.py
[3.195s] -- Up-to-date symlink: /home/sunrise/dev_ws/install/origincar_base/local/lib/python3.10/dist-packages/origincar_base/msg/_position_s.c
[3.196s] -- Up-to-date symlink: /home/sunrise/dev_ws/install/origincar_base/local/lib/python3.10/dist-packages/origincar_base/origincar_base_s__rosidl_typesupport_c.cpython-310-aarch64-linux-gnu.so
[3.196s] -- Up-to-date symlink: /home/sunrise/dev_ws/install/origincar_base/local/lib/python3.10/dist-packages/origincar_base/origincar_base_s__rosidl_typesupport_fastrtps_c.cpython-310-aarch64-linux-gnu.so
[3.197s] -- Up-to-date symlink: /home/sunrise/dev_ws/install/origincar_base/local/lib/python3.10/dist-packages/origincar_base/origincar_base_s__rosidl_typesupport_introspection_c.cpython-310-aarch64-linux-gnu.so
[3.198s] -- Up-to-date symlink: /home/sunrise/dev_ws/install/origincar_base/local/lib/python3.10/dist-packages/origincar_base/origincar_base_s__rosidl_typesupport_fastrtps_c.cpython-310-aarch64-linux-gnu.so
[3.199s] -- Up-to-date symlink: /home/sunrise/dev_ws/install/origincar_base/local/lib/python3.10/dist-packages/origincar_base/origincar_base_s__rosidl_typesupport_introspection_c.cpython-310-aarch64-linux-gnu.so
[3.201s] -- Up-to-date symlink: /home/sunrise/dev_ws/install/origincar_base/local/lib/python3.10/dist-packages/origincar_base/origincar_base_s__rosidl_typesupport_c.cpython-310-aarch64-linux-gnu.so
[3.202s] -- Up-to-date symlink: /home/sunrise/dev_ws/install/origincar_base/share/ament_index/resource_index/rust_packages/origincar_base
[3.204s] -- Up-to-date symlink: /home/sunrise/dev_ws/install/origincar_base/share/origincar_base/rust/Cargo.toml
[3.204s] -- Up-to-date symlink: /home/sunrise/dev_ws/install/origincar_base/share/origincar_base/rust/build.rs
[3.205s] -- Up-to-date symlink: /home/sunrise/dev_ws/install/origincar_base/share/origincar_base/rust/src/lib.rs
[3.206s] -- Up-to-date symlink: /home/sunrise/dev_ws/install/origincar_base/share/origincar_base/rust/src/msg.rs
[3.206s] -- Up-to-date symlink: /home/sunrise/dev_ws/install/origincar_base/share/origincar_base/rust/src/msg/rmw.rs
[3.207s] -- Up-to-date symlink: /home/sunrise/dev_ws/install/origincar_base/share/origincar_base/msg/Position.idl
[3.208s] -- Up-to-date symlink: /home/sunrise/dev_ws/install/origincar_base/share/origincar_base/msg/Position.msg
[3.209s] -- Up-to-date symlink: /home/sunrise/dev_ws/install/origincar_base/lib/origincar_base/cmd_vel_to_ackermann_drive.py
[3.210s] -- Up-to-date symlink: /home/sunrise/dev_ws/install/origincar_base/lib/origincar_base/origincar_base_node
[3.212s] -- Up-to-date symlink: /home/sunrise/dev_ws/install/origincar_base/share/origincar_base/launch/__pycache__/testtwo.launch.cpython-38.pyc
[3.213s] -- Up-to-date symlink: /home/sunrise/dev_ws/install/origincar_base/share/origincar_base/launch/base_serial.launch.py
[3.214s] -- Up-to-date symlink: /home/sunrise/dev_ws/install/origincar_base/share/origincar_base/launch/ekf.launch.py
[3.214s] -- Up-to-date symlink: /home/sunrise/dev_ws/install/origincar_base/share/origincar_base/launch/origincar_bringup.launch.py
[3.215s] -- Up-to-date symlink: /home/sunrise/dev_ws/install/origincar_base/share/origincar_base/launch/robot_mode_description.launch.py
[3.216s] -- Up-to-date symlink: /home/sunrise/dev_ws/install/origincar_base/share/origincar_base/config/ekf.yaml
[3.217s] -- Up-to-date symlink: /home/sunrise/dev_ws/install/origincar_base/share/origincar_base/config/imu.yaml
[3.217s] -- Up-to-date symlink: /home/sunrise/dev_ws/install/origincar_base/share/ament_index/resource_index/package_run_dependencies/origincar_base
[3.218s] -- Up-to-date symlink: /home/sunrise/dev_ws/install/origincar_base/share/ament_index/resource_index/parent_prefix_path/origincar_base
[3.219s] -- Up-to-date symlink: /home/sunrise/dev_ws/install/origincar_base/share/origincar_base/environment/ament_prefix_path.sh
[3.220s] -- Up-to-date symlink: /home/sunrise/dev_ws/install/origincar_base/share/origincar_base/environment/ament_prefix_path.dsv
[3.221s] -- Up-to-date symlink: /home/sunrise/dev_ws/install/origincar_base/share/origincar_base/environment/path.sh
[3.222s] -- Up-to-date symlink: /home/sunrise/dev_ws/install/origincar_base/share/origincar_base/environment/path.dsv
[3.223s] -- Up-to-date symlink: /home/sunrise/dev_ws/install/origincar_base/share/origincar_base/local_setup.bash
[3.224s] -- Up-to-date symlink: /home/sunrise/dev_ws/install/origincar_base/share/origincar_base/local_setup.sh
[3.225s] -- Up-to-date symlink: /home/sunrise/dev_ws/install/origincar_base/share/origincar_base/local_setup.zsh
[3.225s] -- Up-to-date symlink: /home/sunrise/dev_ws/install/origincar_base/share/origincar_base/local_setup.dsv
[3.226s] -- Symlinking: /home/sunrise/dev_ws/install/origincar_base/share/origincar_base/package.dsv
[3.268s] -- Up-to-date symlink: /home/sunrise/dev_ws/install/origincar_base/share/ament_index/resource_index/packages/origincar_base
[3.269s] -- Up-to-date symlink: /home/sunrise/dev_ws/install/origincar_base/share/origincar_base/cmake/rosidl_cmake-extras.cmake
[3.270s] -- Up-to-date symlink: /home/sunrise/dev_ws/install/origincar_base/share/origincar_base/cmake/ament_cmake_export_include_directories-extras.cmake
[3.271s] -- Up-to-date symlink: /home/sunrise/dev_ws/install/origincar_base/share/origincar_base/cmake/ament_cmake_export_libraries-extras.cmake
[3.272s] -- Up-to-date symlink: /home/sunrise/dev_ws/install/origincar_base/share/origincar_base/cmake/ament_cmake_export_targets-extras.cmake
[3.272s] -- Up-to-date symlink: /home/sunrise/dev_ws/install/origincar_base/share/origincar_base/cmake/rosidl_cmake_export_typesupport_targets-extras.cmake
[3.273s] -- Up-to-date symlink: /home/sunrise/dev_ws/install/origincar_base/share/origincar_base/cmake/ament_cmake_export_dependencies-extras.cmake
[3.274s] -- Up-to-date symlink: /home/sunrise/dev_ws/install/origincar_base/share/origincar_base/cmake/rosidl_cmake_export_typesupport_libraries-extras.cmake
[3.275s] -- Up-to-date symlink: /home/sunrise/dev_ws/install/origincar_base/share/origincar_base/cmake/origincar_baseConfig.cmake
[3.276s] -- Up-to-date symlink: /home/sunrise/dev_ws/install/origincar_base/share/origincar_base/cmake/origincar_baseConfig-version.cmake
[3.276s] -- Up-to-date symlink: /home/sunrise/dev_ws/install/origincar_base/share/origincar_base/package.xml
[3.278s] -- Up-to-date: /home/sunrise/dev_ws/install/origincar_base/lib/liborigincar_base__rosidl_generator_c.so
[3.279s] -- Up-to-date: /home/sunrise/dev_ws/install/origincar_base/lib/liborigincar_base__rosidl_typesupport_fastrtps_c.so
[3.280s] -- Up-to-date: /home/sunrise/dev_ws/install/origincar_base/lib/liborigincar_base__rosidl_typesupport_fastrtps_cpp.so
[3.281s] -- Up-to-date: /home/sunrise/dev_ws/install/origincar_base/lib/liborigincar_base__rosidl_typesupport_introspection_c.so
[3.283s] -- Up-to-date: /home/sunrise/dev_ws/install/origincar_base/lib/liborigincar_base__rosidl_typesupport_c.so
[3.284s] -- Up-to-date: /home/sunrise/dev_ws/install/origincar_base/lib/liborigincar_base__rosidl_typesupport_introspection_cpp.so
[3.285s] -- Up-to-date: /home/sunrise/dev_ws/install/origincar_base/lib/liborigincar_base__rosidl_typesupport_cpp.so
[3.609s] Listing '/home/sunrise/dev_ws/install/origincar_base/local/lib/python3.10/dist-packages/origincar_base'...
[3.609s] Listing '/home/sunrise/dev_ws/install/origincar_base/local/lib/python3.10/dist-packages/origincar_base/msg'...
[3.658s] -- Up-to-date: /home/sunrise/dev_ws/install/origincar_base/lib/liborigincar_base__rosidl_generator_py.so
[3.660s] -- Up-to-date: /home/sunrise/dev_ws/install/origincar_base/share/origincar_base/cmake/export_origincar_base__rosidl_generator_cExport.cmake
[3.661s] -- Up-to-date: /home/sunrise/dev_ws/install/origincar_base/share/origincar_base/cmake/export_origincar_base__rosidl_generator_cExport-noconfig.cmake
[3.662s] -- Up-to-date: /home/sunrise/dev_ws/install/origincar_base/share/origincar_base/cmake/export_origincar_base__rosidl_typesupport_fastrtps_cExport.cmake
[3.663s] -- Up-to-date: /home/sunrise/dev_ws/install/origincar_base/share/origincar_base/cmake/export_origincar_base__rosidl_typesupport_fastrtps_cExport-noconfig.cmake
[3.664s] -- Up-to-date: /home/sunrise/dev_ws/install/origincar_base/share/origincar_base/cmake/export_origincar_base__rosidl_generator_cppExport.cmake
[3.665s] -- Up-to-date: /home/sunrise/dev_ws/install/origincar_base/share/origincar_base/cmake/export_origincar_base__rosidl_typesupport_fastrtps_cppExport.cmake
[3.665s] -- Up-to-date: /home/sunrise/dev_ws/install/origincar_base/share/origincar_base/cmake/export_origincar_base__rosidl_typesupport_fastrtps_cppExport-noconfig.cmake
[3.666s] -- Up-to-date: /home/sunrise/dev_ws/install/origincar_base/share/origincar_base/cmake/origincar_base__rosidl_typesupport_introspection_cExport.cmake
[3.667s] -- Up-to-date: /home/sunrise/dev_ws/install/origincar_base/share/origincar_base/cmake/origincar_base__rosidl_typesupport_introspection_cExport-noconfig.cmake
[3.668s] -- Up-to-date: /home/sunrise/dev_ws/install/origincar_base/share/origincar_base/cmake/origincar_base__rosidl_typesupport_cExport.cmake
[3.668s] -- Up-to-date: /home/sunrise/dev_ws/install/origincar_base/share/origincar_base/cmake/origincar_base__rosidl_typesupport_cExport-noconfig.cmake
[3.669s] -- Up-to-date: /home/sunrise/dev_ws/install/origincar_base/share/origincar_base/cmake/origincar_base__rosidl_typesupport_introspection_cppExport.cmake
[3.670s] -- Up-to-date: /home/sunrise/dev_ws/install/origincar_base/share/origincar_base/cmake/origincar_base__rosidl_typesupport_introspection_cppExport-noconfig.cmake
[3.670s] -- Up-to-date: /home/sunrise/dev_ws/install/origincar_base/share/origincar_base/cmake/origincar_base__rosidl_typesupport_cppExport.cmake
[3.671s] -- Up-to-date: /home/sunrise/dev_ws/install/origincar_base/share/origincar_base/cmake/origincar_base__rosidl_typesupport_cppExport-noconfig.cmake
[3.671s] -- Up-to-date: /home/sunrise/dev_ws/install/origincar_base/share/origincar_base/cmake/export_origincar_base__rosidl_generator_pyExport.cmake
[3.672s] -- Up-to-date: /home/sunrise/dev_ws/install/origincar_base/share/origincar_base/cmake/export_origincar_base__rosidl_generator_pyExport-noconfig.cmake
[3.679s] Invoked command in '/home/sunrise/dev_ws/build/origincar_base' returned '0': CMAKE_PREFIX_PATH=/home/sunrise/dev_ws/install/serial:/home/sunrise/dev_ws/install/origincar_msg:/home/sunrise/dev_ws/install/origincar_description:/home/sunrise/dev_ws/install/ackermann_msgs:/home/sunrise/dev_ws/install/voice_driver:/home/sunrise/dev_ws/install/utils:/home/sunrise/dev_ws/install/origincar_base:/home/sunrise/dev_ws/install/origincar_bringup:/home/sunrise/dev_ws/install/lslidar_driver:/home/sunrise/dev_ws/install/lslidar_msgs:/home/sunrise/dev_ws/install/simple_avoidance:/home/sunrise/dev_ws/install/racing_stage2_param_test:/home/sunrise/dev_ws/install/racing_vision_ai:/home/sunrise/dev_ws/install/racing_stage3_param_test:/home/sunrise/dev_ws/install/racing_bringup:/home/sunrise/dev_ws/install/racing_stage3:/home/sunrise/dev_ws/install/racing_stage2:/home/sunrise/dev_ws/install/racing_stage1:/home/sunrise/dev_ws/install/qr_scanner:/home/sunrise/dev_ws/install/line_follower_pkg:/home/sunrise/dev_ws/install/bno055:/opt/tros/humble:/opt/ros/humble LD_LIBRARY_PATH=/home/sunrise/dev_ws/install/origincar_msg/lib:/home/sunrise/dev_ws/install/ackermann_msgs/lib:/home/sunrise/dev_ws/install/voice_driver/lib:/home/sunrise/dev_ws/install/origincar_base/lib:/home/sunrise/dev_ws/install/serial/lib:/home/sunrise/dev_ws/install/lslidar_msgs/lib:/opt/tros/humble/lib/aarch64-linux-gnu:/opt/tros/humble/lib:/opt/ros/humble/opt/rviz_ogre_vendor/lib:/opt/ros/humble/lib/aarch64-linux-gnu:/opt/ros/humble/lib:/usr/hobot/lib:/app/lib:/app/pub/lib:/middleware/lib:/middleware/pub/lib:/usr/hobot/lib/sensor:/system/lib:/system/usr/lib:/lib:/usr/hobot/lib:/app/lib:/app/pub/lib:/middleware/lib:/middleware/pub/lib:/usr/hobot/lib/sensor:/system/lib:/system/usr/lib:/lib /usr/bin/cmake --install /home/sunrise/dev_ws/build/origincar_base
