[0.000000] (-) TimerEvent: {}
[0.000752] (-) JobUnselected: {'identifier': 'ackermann_msgs'}
[0.001911] (-) JobUnselected: {'identifier': 'bno055'}
[0.002707] (-) JobUnselected: {'identifier': 'line_follower_pkg'}
[0.003492] (-) JobUnselected: {'identifier': 'lslidar_driver'}
[0.003725] (-) JobUnselected: {'identifier': 'lslidar_msgs'}
[0.003930] (-) JobUnselected: {'identifier': 'origincar_base'}
[0.004123] (-) JobUnselected: {'identifier': 'origincar_bringup'}
[0.004311] (-) JobUnselected: {'identifier': 'origincar_description'}
[0.004497] (-) JobUnselected: {'identifier': 'origincar_msg'}
[0.004684] (-) JobUnselected: {'identifier': 'qr_scanner'}
[0.004874] (-) JobUnselected: {'identifier': 'racing_bringup'}
[0.005061] (-) JobUnselected: {'identifier': 'racing_stage1'}
[0.005244] (-) JobUnselected: {'identifier': 'racing_stage2'}
[0.005429] (-) JobUnselected: {'identifier': 'racing_stage3'}
[0.005612] (-) JobUnselected: {'identifier': 'racing_stage3_param_test'}
[0.005798] (-) JobUnselected: {'identifier': 'racing_vision_ai'}
[0.005985] (-) JobUnselected: {'identifier': 'serial'}
[0.006169] (-) JobUnselected: {'identifier': 'simple_avoidance'}
[0.006353] (-) JobUnselected: {'identifier': 'utils'}
[0.006541] (-) JobUnselected: {'identifier': 'voice_driver'}
[0.006807] (racing_stage2_param_test) JobQueued: {'identifier': 'racing_stage2_param_test', 'dependencies': OrderedDict([('ackermann_msgs', '/home/sunrise/dev_ws/install/ackermann_msgs'), ('bno055', '/home/sunrise/dev_ws/install/bno055'), ('lslidar_msgs', '/home/sunrise/dev_ws/install/lslidar_msgs'), ('origincar_bringup', '/home/sunrise/dev_ws/install/origincar_bringup'), ('origincar_description', '/home/sunrise/dev_ws/install/origincar_description'), ('origincar_msg', '/home/sunrise/dev_ws/install/origincar_msg'), ('qr_scanner', '/home/sunrise/dev_ws/install/qr_scanner'), ('serial', '/home/sunrise/dev_ws/install/serial'), ('lslidar_driver', '/home/sunrise/dev_ws/install/lslidar_driver'), ('origincar_base', '/home/sunrise/dev_ws/install/origincar_base'), ('racing_stage1', '/home/sunrise/dev_ws/install/racing_stage1'), ('racing_stage2', '/home/sunrise/dev_ws/install/racing_stage2')])}
[0.007098] (racing_stage2_param_test) JobStarted: {'identifier': 'racing_stage2_param_test'}
[0.098466] (-) TimerEvent: {}
[0.198962] (-) TimerEvent: {}
[0.299458] (-) TimerEvent: {}
[0.399918] (-) TimerEvent: {}
[0.500432] (-) TimerEvent: {}
[0.600902] (-) TimerEvent: {}
[0.701347] (-) TimerEvent: {}
[0.801812] (-) TimerEvent: {}
[0.902266] (-) TimerEvent: {}
[1.002727] (-) TimerEvent: {}
[1.103210] (-) TimerEvent: {}
[1.203693] (-) TimerEvent: {}
[1.304174] (-) TimerEvent: {}
[1.404659] (-) TimerEvent: {}
[1.505135] (-) TimerEvent: {}
[1.605614] (-) TimerEvent: {}
[1.706109] (-) TimerEvent: {}
[1.806591] (-) TimerEvent: {}
[1.907078] (-) TimerEvent: {}
[2.007573] (-) TimerEvent: {}
[2.108110] (-) TimerEvent: {}
[2.208677] (-) TimerEvent: {}
[2.309234] (-) TimerEvent: {}
[2.409727] (-) TimerEvent: {}
[2.510245] (-) TimerEvent: {}
[2.610716] (-) TimerEvent: {}
[2.711213] (-) TimerEvent: {}
[2.811709] (-) TimerEvent: {}
[2.912186] (-) TimerEvent: {}
[3.012653] (-) TimerEvent: {}
[3.113150] (-) TimerEvent: {}
[3.213630] (-) TimerEvent: {}
[3.314095] (-) TimerEvent: {}
[3.414566] (-) TimerEvent: {}
[3.515043] (-) TimerEvent: {}
[3.615514] (-) TimerEvent: {}
[3.716010] (-) TimerEvent: {}
[3.816514] (-) TimerEvent: {}
[3.917006] (-) TimerEvent: {}
[4.017498] (-) TimerEvent: {}
[4.118000] (-) TimerEvent: {}
[4.218470] (-) TimerEvent: {}
[4.318982] (-) TimerEvent: {}
[4.419501] (-) TimerEvent: {}
[4.520030] (-) TimerEvent: {}
[4.620559] (-) TimerEvent: {}
[4.721041] (-) TimerEvent: {}
[4.821555] (-) TimerEvent: {}
[4.922082] (-) TimerEvent: {}
[5.022607] (-) TimerEvent: {}
[5.102578] (racing_stage2_param_test) Command: {'cmd': ['/usr/bin/python3', '-W', 'ignore:setup.py install is deprecated', '-W', 'ignore:easy_install command is deprecated', 'setup.py', 'develop', '--editable', '--build-directory', '/home/sunrise/dev_ws/build/racing_stage2_param_test/build', '--no-deps', 'symlink_data'], 'cwd': '/home/sunrise/dev_ws/build/racing_stage2_param_test', 'env': {'VSCODE_CWD': '/home/sunrise', 'VSCODE_ESM_ENTRYPOINT': 'vs/workbench/api/node/extensionHostProcess', 'LANGUAGE': 'en_US.UTF-8', 'USER': 'sunrise', 'SSH_CLIENT': '10.147.109.1 50078 22', 'VSCODE_NLS_CONFIG': '{"userLocale":"en","osLocale":"en","resolvedLanguage":"en","defaultMessagesFile":"/home/sunrise/.cursor-server/bin/linux-arm64/81fcf2931d7687b4ff3f3017858d0c6dee7e2a60/out/nls.messages.json","locale":"en","availableLanguages":{}}', 'VSCODE_HANDLES_UNCAUGHT_ERRORS': 'true', 'XDG_SESSION_TYPE': 'tty', 'SHLVL': '1', 'LD_LIBRARY_PATH': '/home/sunrise/dev_ws/install/origincar_base/lib:/home/sunrise/dev_ws/install/origincar_msg/lib:/home/sunrise/dev_ws/install/lslidar_msgs/lib:/home/sunrise/dev_ws/install/ackermann_msgs/lib:/usr/hobot/lib:/app/lib:/app/pub/lib:/middleware/lib:/middleware/pub/lib:/usr/hobot/lib/sensor:/system/lib:/system/usr/lib:/lib:/home/sunrise/dev_ws/install/voice_driver/lib:/home/sunrise/dev_ws/install/serial/lib:/opt/tros/humble/lib/aarch64-linux-gnu:/opt/tros/humble/lib:/opt/ros/humble/opt/rviz_ogre_vendor/lib:/opt/ros/humble/lib/aarch64-linux-gnu:/opt/ros/humble/lib:/usr/hobot/lib:/app/lib:/app/pub/lib:/middleware/lib:/middleware/pub/lib:/usr/hobot/lib/sensor:/system/lib:/system/usr/lib:/lib:/usr/hobot/lib:/app/lib:/app/pub/lib:/middleware/lib:/middleware/pub/lib:/usr/hobot/lib/sensor:/system/lib:/system/usr/lib:/lib', 'BROWSER': '/home/sunrise/.cursor-server/bin/linux-arm64/81fcf2931d7687b4ff3f3017858d0c6dee7e2a60/bin/helpers/browser.sh', 'MOTD_SHOWN': 'pam', 'HOME': '/home/sunrise', 'OLDPWD': '/home/sunrise/dev_ws', 'VSCODE_IPC_HOOK_CLI': '/run/user/1000/vscode-ipc-f7290d0b-d8d6-46da-ac5f-da415eb5acfb.sock', 'ROS_PYTHON_VERSION': '3', 'NO_COLOR': '1', 'DBUS_SESSION_BUS_ADDRESS': 'unix:path=/run/user/1000/bus', 'TROS_DISTRO': 'humble', 'COLCON_PREFIX_PATH': '/home/sunrise/dev_ws/install', 'ROS_DISTRO': 'humble', 'OVSX_REGISTRY_URL': 'https://open-vsx.org', 'LOGNAME': 'sunrise', 'FORCE_COLOR': '0', 'VSCODE_HANDLES_SIGPIPE': 'true', '_': '/usr/bin/colcon', 'ROS_VERSION': '2', 'CURSOR_LAYOUT': 'unifiedAgent', 'XDG_SESSION_CLASS': 'user', 'TERM': 'dumb', 'XDG_SESSION_ID': '2', 'ROS_LOCALHOST_ONLY': '0', 'PATH': '/home/sunrise/.local/bin:/usr/hobot/bin/:/home/sunrise/.cursor-server/bin/linux-arm64/81fcf2931d7687b4ff3f3017858d0c6dee7e2a60:/home/sunrise/.cursor-server/bin/linux-arm64/81fcf2931d7687b4ff3f3017858d0c6dee7e2a60/bin/remote-cli:/home/sunrise/.local/bin:/opt/tros/humble/bin:/opt/ros/humble/bin:/usr/hobot/bin/:/home/sunrise/.cursor-server/bin/linux-arm64/81fcf2931d7687b4ff3f3017858d0c6dee7e2a60/bin/remote-cli:/home/sunrise/.local/bin:/usr/hobot/bin/:/usr/local/sbin:/usr/local/bin:/usr/sbin:/usr/bin:/sbin:/bin:/usr/games:/usr/local/games:/snap/bin', 'VSCODE_AGENT_FOLDER': '/home/sunrise/.cursor-server', 'XDG_RUNTIME_DIR': '/run/user/1000', 'CURSOR_AGENT': '1', 'LANG': 'en_US.UTF-8', 'LS_COLORS': '', 'AMENT_PREFIX_PATH': '/home/sunrise/dev_ws/install/racing_stage2:/home/sunrise/dev_ws/install/racing_stage1:/home/sunrise/dev_ws/install/qr_scanner:/home/sunrise/dev_ws/install/bno055:/home/sunrise/dev_ws/install/voice_driver:/home/sunrise/dev_ws/install/utils:/home/sunrise/dev_ws/install/simple_avoidance:/home/sunrise/dev_ws/install/racing_stage2_param_test:/home/sunrise/dev_ws/install/origincar_base:/home/sunrise/dev_ws/install/serial:/home/sunrise/dev_ws/install/racing_vision_ai:/home/sunrise/dev_ws/install/racing_stage3_param_test:/home/sunrise/dev_ws/install/racing_bringup:/home/sunrise/dev_ws/install/racing_stage3:/home/sunrise/dev_ws/install/origincar_msg:/home/sunrise/dev_ws/install/origincar_description:/home/sunrise/dev_ws/install/origincar_bringup:/home/sunrise/dev_ws/install/lslidar_driver:/home/sunrise/dev_ws/install/lslidar_msgs:/home/sunrise/dev_ws/install/line_follower_pkg:/home/sunrise/dev_ws/install/ackermann_msgs:/opt/tros/humble:/opt/ros/humble', 'SHELL': '/bin/bash', 'VSCODE_SERVER_SHUTDOWN_TIMEOUT': '300', 'PWD': '/home/sunrise/dev_ws/build/racing_stage2_param_test', 'SSH_CONNECTION': '10.147.109.1 50078 10.147.109.8 22', 'PYTHONPATH': '/home/sunrise/dev_ws/build/racing_stage2_param_test/prefix_override:/usr/lib/python3/dist-packages/colcon_core/task/python/colcon_distutils_commands:/home/sunrise/dev_ws/install/racing_stage2_param_test/lib/python3.10/site-packages:/home/sunrise/dev_ws/build/racing_stage2:/home/sunrise/dev_ws/install/racing_stage2/lib/python3.10/site-packages:/home/sunrise/dev_ws/build/racing_stage1:/home/sunrise/dev_ws/install/racing_stage1/lib/python3.10/site-packages:/home/sunrise/dev_ws/build/qr_scanner:/home/sunrise/dev_ws/install/qr_scanner/lib/python3.10/site-packages:/home/sunrise/dev_ws/build/bno055:/home/sunrise/dev_ws/install/bno055/lib/python3.10/site-packages:/home/sunrise/dev_ws/install/voice_driver/local/lib/python3.10/dist-packages:/home/sunrise/dev_ws/build/simple_avoidance:/home/sunrise/dev_ws/install/simple_avoidance/lib/python3.10/site-packages:/home/sunrise/dev_ws/build/racing_stage2_param_test:/home/sunrise/dev_ws/install/racing_stage2_param_test/lib/python3.10/site-packages:/home/sunrise/dev_ws/install/origincar_base/local/lib/python3.10/dist-packages:/home/sunrise/dev_ws/build/racing_vision_ai:/home/sunrise/dev_ws/install/racing_vision_ai/lib/python3.10/site-packages:/home/sunrise/dev_ws/build/racing_stage3_param_test:/home/sunrise/dev_ws/install/racing_stage3_param_test/lib/python3.10/site-packages:/home/sunrise/dev_ws/build/racing_bringup:/home/sunrise/dev_ws/install/racing_bringup/lib/python3.10/site-packages:/home/sunrise/dev_ws/build/racing_stage3:/home/sunrise/dev_ws/install/racing_stage3/lib/python3.10/site-packages:/home/sunrise/dev_ws/install/origincar_msg/local/lib/python3.10/dist-packages:/home/sunrise/dev_ws/install/lslidar_msgs/local/lib/python3.10/dist-packages:/home/sunrise/dev_ws/build/line_follower_pkg:/home/sunrise/dev_ws/install/line_follower_pkg/lib/python3.10/site-packages:/home/sunrise/dev_ws/install/ackermann_msgs/local/lib/python3.10/dist-packages:/opt/tros/humble/lib/python3.10/site-packages:/opt/tros/humble/local/lib/python3.10/dist-packages:/opt/ros/humble/lib/python3.10/site-packages:/opt/ros/humble/local/lib/python3.10/dist-packages', 'COLCON': '1', '_ZO_DOCTOR': '0', 'CMAKE_PREFIX_PATH': '/home/sunrise/dev_ws/install/origincar_base:/home/sunrise/dev_ws/install/lslidar_driver:/home/sunrise/dev_ws/install/serial:/home/sunrise/dev_ws/install/origincar_msg:/home/sunrise/dev_ws/install/origincar_description:/home/sunrise/dev_ws/install/origincar_bringup:/home/sunrise/dev_ws/install/lslidar_msgs:/home/sunrise/dev_ws/install/ackermann_msgs:/home/sunrise/dev_ws/install/voice_driver:/home/sunrise/dev_ws/install/utils'}, 'shell': False}
[5.122816] (-) TimerEvent: {}
[5.223349] (-) TimerEvent: {}
[5.323825] (-) TimerEvent: {}
[5.424346] (-) TimerEvent: {}
[5.524834] (-) TimerEvent: {}
[5.625318] (-) TimerEvent: {}
[5.725789] (-) TimerEvent: {}
[5.826244] (-) TimerEvent: {}
[5.926708] (-) TimerEvent: {}
[6.027148] (-) TimerEvent: {}
[6.127589] (-) TimerEvent: {}
[6.228038] (-) TimerEvent: {}
[6.328478] (-) TimerEvent: {}
[6.428923] (-) TimerEvent: {}
[6.529365] (-) TimerEvent: {}
[6.629820] (-) TimerEvent: {}
[6.730296] (-) TimerEvent: {}
[6.830760] (-) TimerEvent: {}
[6.931213] (-) TimerEvent: {}
[7.031725] (-) TimerEvent: {}
[7.109506] (racing_stage2_param_test) StdoutLine: {'line': b'running develop\n'}
[7.131872] (-) TimerEvent: {}
[7.232327] (-) TimerEvent: {}
[7.332783] (-) TimerEvent: {}
[7.433237] (-) TimerEvent: {}
[7.533686] (-) TimerEvent: {}
[7.634139] (-) TimerEvent: {}
[7.734600] (-) TimerEvent: {}
[7.835060] (-) TimerEvent: {}
[7.935515] (-) TimerEvent: {}
[8.035959] (-) TimerEvent: {}
[8.136420] (-) TimerEvent: {}
[8.236889] (-) TimerEvent: {}
[8.318525] (racing_stage2_param_test) StdoutLine: {'line': b'running egg_info\n'}
[8.319691] (racing_stage2_param_test) StdoutLine: {'line': b'writing racing_stage2_param_test.egg-info/PKG-INFO\n'}
[8.321063] (racing_stage2_param_test) StdoutLine: {'line': b'writing dependency_links to racing_stage2_param_test.egg-info/dependency_links.txt\n'}
[8.322152] (racing_stage2_param_test) StdoutLine: {'line': b'writing entry points to racing_stage2_param_test.egg-info/entry_points.txt\n'}
[8.323406] (racing_stage2_param_test) StdoutLine: {'line': b'writing requirements to racing_stage2_param_test.egg-info/requires.txt\n'}
[8.323990] (racing_stage2_param_test) StdoutLine: {'line': b'writing top-level names to racing_stage2_param_test.egg-info/top_level.txt\n'}
[8.333933] (racing_stage2_param_test) StdoutLine: {'line': b"reading manifest file 'racing_stage2_param_test.egg-info/SOURCES.txt'\n"}
[8.336979] (-) TimerEvent: {}
[8.338923] (racing_stage2_param_test) StdoutLine: {'line': b"writing manifest file 'racing_stage2_param_test.egg-info/SOURCES.txt'\n"}
[8.350870] (racing_stage2_param_test) StdoutLine: {'line': b'running build_ext\n'}
[8.352072] (racing_stage2_param_test) StdoutLine: {'line': b'Creating /home/sunrise/dev_ws/install/racing_stage2_param_test/lib/python3.10/site-packages/racing-stage2-param-test.egg-link (link to .)\n'}
[8.356583] (racing_stage2_param_test) StdoutLine: {'line': b'Installing avoidance_straight_tester script to /home/sunrise/dev_ws/install/racing_stage2_param_test/lib/racing_stage2_param_test\n'}
[8.357576] (racing_stage2_param_test) StdoutLine: {'line': b'Installing camera_video_recorder script to /home/sunrise/dev_ws/install/racing_stage2_param_test/lib/racing_stage2_param_test\n'}
[8.358684] (racing_stage2_param_test) StdoutLine: {'line': b'Installing direct_inertial_tester script to /home/sunrise/dev_ws/install/racing_stage2_param_test/lib/racing_stage2_param_test\n'}
[8.359216] (racing_stage2_param_test) StdoutLine: {'line': b'Installing twist_cmd_relay script to /home/sunrise/dev_ws/install/racing_stage2_param_test/lib/racing_stage2_param_test\n'}
[8.360336] (racing_stage2_param_test) StdoutLine: {'line': b'\n'}
[8.360840] (racing_stage2_param_test) StdoutLine: {'line': b'Installed /home/sunrise/dev_ws/build/racing_stage2_param_test\n'}
[8.361291] (racing_stage2_param_test) StdoutLine: {'line': b'running symlink_data\n'}
[8.437239] (-) TimerEvent: {}
[8.537780] (-) TimerEvent: {}
[8.606852] (racing_stage2_param_test) CommandEnded: {'returncode': 0}
[8.640555] (-) TimerEvent: {}
[8.699212] (racing_stage2_param_test) JobEnded: {'identifier': 'racing_stage2_param_test', 'rc': 0}
[8.702026] (-) EventReactorShutdown: {}
