running develop
running egg_info
creating racing_stage1.egg-info
writing racing_stage1.egg-info/PKG-INFO
writing dependency_links to racing_stage1.egg-info/dependency_links.txt
writing entry points to racing_stage1.egg-info/entry_points.txt
writing requirements to racing_stage1.egg-info/requires.txt
writing top-level names to racing_stage1.egg-info/top_level.txt
writing manifest file 'racing_stage1.egg-info/SOURCES.txt'
reading manifest file 'racing_stage1.egg-info/SOURCES.txt'
writing manifest file 'racing_stage1.egg-info/SOURCES.txt'
running build_ext
Creating /home/sunrise/dev_ws/install/racing_stage1/lib/python3.10/site-packages/racing-stage1.egg-link (link to .)
Installing competition_controller script to /home/sunrise/dev_ws/install/racing_stage1/lib/racing_stage1

Installed /home/sunrise/dev_ws/build/racing_stage1
running symlink_data
creating /home/sunrise/dev_ws/install/racing_stage1/share/ament_index
creating /home/sunrise/dev_ws/install/racing_stage1/share/ament_index/resource_index
creating /home/sunrise/dev_ws/install/racing_stage1/share/ament_index/resource_index/packages
symbolically linking /home/sunrise/dev_ws/build/racing_stage1/resource/racing_stage1 -> /home/sunrise/dev_ws/install/racing_stage1/share/ament_index/resource_index/packages
symbolically linking /home/sunrise/dev_ws/build/racing_stage1/package.xml -> /home/sunrise/dev_ws/install/racing_stage1/share/racing_stage1
creating /home/sunrise/dev_ws/install/racing_stage1/share/racing_stage1/launch
symbolically linking /home/sunrise/dev_ws/build/racing_stage1/launch/competition_stage1.launch.py -> /home/sunrise/dev_ws/install/racing_stage1/share/racing_stage1/launch
creating /home/sunrise/dev_ws/install/racing_stage1/share/racing_stage1/config
symbolically linking /home/sunrise/dev_ws/build/racing_stage1/config/stage1_controller.yaml -> /home/sunrise/dev_ws/install/racing_stage1/share/racing_stage1/config
