[0.000000] (-) TimerEvent: {}
[0.000265] (-) JobUnselected: {'identifier': 'ackermann_msgs'}
[0.000558] (-) JobUnselected: {'identifier': 'bno055'}
[0.001101] (-) JobUnselected: {'identifier': 'line_follower_pkg'}
[0.002090] (-) JobUnselected: {'identifier': 'lslidar_driver'}
[0.002777] (-) JobUnselected: {'identifier': 'lslidar_msgs'}
[0.003488] (-) JobUnselected: {'identifier': 'origincar_base'}
[0.003712] (-) JobUnselected: {'identifier': 'origincar_bringup'}
[0.003913] (-) JobUnselected: {'identifier': 'origincar_description'}
[0.004108] (-) JobUnselected: {'identifier': 'origincar_msg'}
[0.004295] (-) JobUnselected: {'identifier': 'qr_scanner'}
[0.004481] (-) JobUnselected: {'identifier': 'racing_bringup'}
[0.004700] (-) JobUnselected: {'identifier': 'racing_stage1'}
[0.004924] (-) JobUnselected: {'identifier': 'racing_stage2'}
[0.005189] (-) JobUnselected: {'identifier': 'racing_stage3'}
[0.005552] (-) JobUnselected: {'identifier': 'racing_stage3_param_test'}
[0.005731] (-) JobUnselected: {'identifier': 'racing_vision_ai'}
[0.005843] (-) JobUnselected: {'identifier': 'serial'}
[0.005961] (-) JobUnselected: {'identifier': 'simple_avoidance'}
[0.006123] (-) JobUnselected: {'identifier': 'utils'}
[0.006271] (-) JobUnselected: {'identifier': 'voice_driver'}
[0.006630] (racing_stage2_param_test) JobQueued: {'identifier': 'racing_stage2_param_test', 'dependencies': OrderedDict([('ackermann_msgs', '/home/sunrise/dev_ws/install/ackermann_msgs'), ('bno055', '/home/sunrise/dev_ws/install/bno055'), ('lslidar_msgs', '/home/sunrise/dev_ws/install/lslidar_msgs'), ('origincar_bringup', '/home/sunrise/dev_ws/install/origincar_bringup'), ('origincar_description', '/home/sunrise/dev_ws/install/origincar_description'), ('origincar_msg', '/home/sunrise/dev_ws/install/origincar_msg'), ('qr_scanner', '/home/sunrise/dev_ws/install/qr_scanner'), ('serial', '/home/sunrise/dev_ws/install/serial'), ('lslidar_driver', '/home/sunrise/dev_ws/install/lslidar_driver'), ('origincar_base', '/home/sunrise/dev_ws/install/origincar_base'), ('racing_stage1', '/home/sunrise/dev_ws/install/racing_stage1'), ('racing_stage2', '/home/sunrise/dev_ws/install/racing_stage2')])}
[0.006951] (racing_stage2_param_test) JobStarted: {'identifier': 'racing_stage2_param_test'}
[0.098754] (-) TimerEvent: {}
[0.199245] (-) TimerEvent: {}
[0.299702] (-) TimerEvent: {}
[0.400157] (-) TimerEvent: {}
[0.500611] (-) TimerEvent: {}
[0.601060] (-) TimerEvent: {}
[0.701519] (-) TimerEvent: {}
[0.801968] (-) TimerEvent: {}
[0.902415] (-) TimerEvent: {}
[1.002863] (-) TimerEvent: {}
[1.116248] (-) TimerEvent: {}
[1.216697] (-) TimerEvent: {}
[1.317141] (-) TimerEvent: {}
[1.417587] (-) TimerEvent: {}
[1.518035] (-) TimerEvent: {}
[1.618481] (-) TimerEvent: {}
[1.718989] (-) TimerEvent: {}
[1.819540] (-) TimerEvent: {}
[1.920083] (-) TimerEvent: {}
[2.020573] (-) TimerEvent: {}
[2.121016] (-) TimerEvent: {}
[2.221457] (-) TimerEvent: {}
[2.321906] (-) TimerEvent: {}
[2.422362] (-) TimerEvent: {}
[2.522814] (-) TimerEvent: {}
[2.623269] (-) TimerEvent: {}
[2.723718] (-) TimerEvent: {}
[2.824165] (-) TimerEvent: {}
[2.924610] (-) TimerEvent: {}
[3.025088] (-) TimerEvent: {}
[3.125531] (-) TimerEvent: {}
[3.226002] (-) TimerEvent: {}
[3.326456] (-) TimerEvent: {}
[3.426901] (-) TimerEvent: {}
[3.527352] (-) TimerEvent: {}
[3.627811] (-) TimerEvent: {}
[3.728266] (-) TimerEvent: {}
[3.828719] (-) TimerEvent: {}
[3.929198] (-) TimerEvent: {}
[4.029724] (-) TimerEvent: {}
[4.130253] (-) TimerEvent: {}
[4.230785] (-) TimerEvent: {}
[4.306285] (racing_stage2_param_test) Command: {'cmd': ['/usr/bin/python3', '-W', 'ignore:setup.py install is deprecated', '-W', 'ignore:easy_install command is deprecated', 'setup.py', 'develop', '--editable', '--build-directory', '/home/sunrise/dev_ws/build/racing_stage2_param_test/build', '--no-deps', 'symlink_data'], 'cwd': '/home/sunrise/dev_ws/build/racing_stage2_param_test', 'env': {'LANGUAGE': 'en_US.UTF-8', 'USER': 'sunrise', 'SSH_CLIENT': '10.147.109.1 49684 22', 'XDG_SESSION_TYPE': 'tty', 'SHLVL': '1', 'LD_LIBRARY_PATH': '/home/sunrise/dev_ws/install/origincar_base/lib:/home/sunrise/dev_ws/install/serial/lib:/home/sunrise/dev_ws/install/origincar_msg/lib:/home/sunrise/dev_ws/install/lslidar_msgs/lib:/home/sunrise/dev_ws/install/ackermann_msgs/lib:/opt/ros/humble/opt/rviz_ogre_vendor/lib:/opt/ros/humble/lib/aarch64-linux-gnu:/opt/ros/humble/lib', 'MOTD_SHOWN': 'pam', 'HOME': '/home/sunrise', 'OLDPWD': '/home/sunrise', 'ROS_PYTHON_VERSION': '3', 'DBUS_SESSION_BUS_ADDRESS': 'unix:path=/run/user/1000/bus', 'ROS_DISTRO': 'humble', 'LOGNAME': 'sunrise', '_': '/usr/bin/colcon', 'ROS_VERSION': '2', 'XDG_SESSION_CLASS': 'user', 'XDG_SESSION_ID': '31', 'ROS_LOCALHOST_ONLY': '0', 'PATH': '/opt/ros/humble/bin:/usr/local/sbin:/usr/local/bin:/usr/sbin:/usr/bin:/sbin:/bin:/usr/games:/usr/local/games:/snap/bin', 'XDG_RUNTIME_DIR': '/run/user/1000', 'LANG': 'en_US.UTF-8', 'AMENT_PREFIX_PATH': '/home/sunrise/dev_ws/install/racing_stage2:/home/sunrise/dev_ws/install/racing_stage1:/home/sunrise/dev_ws/install/origincar_base:/home/sunrise/dev_ws/install/lslidar_driver:/home/sunrise/dev_ws/install/serial:/home/sunrise/dev_ws/install/qr_scanner:/home/sunrise/dev_ws/install/origincar_msg:/home/sunrise/dev_ws/install/origincar_description:/home/sunrise/dev_ws/install/origincar_bringup:/home/sunrise/dev_ws/install/lslidar_msgs:/home/sunrise/dev_ws/install/bno055:/home/sunrise/dev_ws/install/ackermann_msgs:/opt/ros/humble', 'SHELL': '/bin/bash', 'PWD': '/home/sunrise/dev_ws/build/racing_stage2_param_test', 'SSH_CONNECTION': '10.147.109.1 49684 10.147.109.8 22', 'PYTHONPATH': '/home/sunrise/dev_ws/build/racing_stage2_param_test/prefix_override:/usr/lib/python3/dist-packages/colcon_core/task/python/colcon_distutils_commands:/home/sunrise/dev_ws/install/racing_stage2_param_test/lib/python3.10/site-packages:/home/sunrise/dev_ws/build/racing_stage2:/home/sunrise/dev_ws/install/racing_stage2/lib/python3.10/site-packages:/home/sunrise/dev_ws/build/racing_stage1:/home/sunrise/dev_ws/install/racing_stage1/lib/python3.10/site-packages:/home/sunrise/dev_ws/install/origincar_base/local/lib/python3.10/dist-packages:/home/sunrise/dev_ws/build/qr_scanner:/home/sunrise/dev_ws/install/qr_scanner/lib/python3.10/site-packages:/home/sunrise/dev_ws/install/origincar_msg/local/lib/python3.10/dist-packages:/home/sunrise/dev_ws/install/lslidar_msgs/local/lib/python3.10/dist-packages:/home/sunrise/dev_ws/build/bno055:/home/sunrise/dev_ws/install/bno055/lib/python3.10/site-packages:/home/sunrise/dev_ws/install/ackermann_msgs/local/lib/python3.10/dist-packages:/opt/ros/humble/lib/python3.10/site-packages:/opt/ros/humble/local/lib/python3.10/dist-packages', 'COLCON': '1', 'CMAKE_PREFIX_PATH': '/home/sunrise/dev_ws/install/origincar_base:/home/sunrise/dev_ws/install/lslidar_driver:/home/sunrise/dev_ws/install/serial:/home/sunrise/dev_ws/install/origincar_msg:/home/sunrise/dev_ws/install/origincar_description:/home/sunrise/dev_ws/install/origincar_bringup:/home/sunrise/dev_ws/install/lslidar_msgs:/home/sunrise/dev_ws/install/ackermann_msgs'}, 'shell': False}
[4.330930] (-) TimerEvent: {}
[4.431342] (-) TimerEvent: {}
[4.531747] (-) TimerEvent: {}
[4.632122] (-) TimerEvent: {}
[4.732509] (-) TimerEvent: {}
[4.832902] (-) TimerEvent: {}
[4.933324] (-) TimerEvent: {}
[5.033704] (-) TimerEvent: {}
[5.134106] (-) TimerEvent: {}
[5.234500] (-) TimerEvent: {}
[5.334957] (-) TimerEvent: {}
[5.435349] (-) TimerEvent: {}
[5.535745] (-) TimerEvent: {}
[5.636113] (-) TimerEvent: {}
[5.736499] (-) TimerEvent: {}
[5.836892] (-) TimerEvent: {}
[5.937308] (-) TimerEvent: {}
[6.037694] (-) TimerEvent: {}
[6.038479] (racing_stage2_param_test) StdoutLine: {'line': b'running develop\n'}
[6.137864] (-) TimerEvent: {}
[6.238246] (-) TimerEvent: {}
[6.338610] (-) TimerEvent: {}
[6.438996] (-) TimerEvent: {}
[6.539376] (-) TimerEvent: {}
[6.639768] (-) TimerEvent: {}
[6.740138] (-) TimerEvent: {}
[6.840524] (-) TimerEvent: {}
[6.940945] (-) TimerEvent: {}
[7.041373] (-) TimerEvent: {}
[7.141786] (-) TimerEvent: {}
[7.162684] (racing_stage2_param_test) StdoutLine: {'line': b'running egg_info\n'}
[7.163738] (racing_stage2_param_test) StdoutLine: {'line': b'writing racing_stage2_param_test.egg-info/PKG-INFO\n'}
[7.164990] (racing_stage2_param_test) StdoutLine: {'line': b'writing dependency_links to racing_stage2_param_test.egg-info/dependency_links.txt\n'}
[7.166150] (racing_stage2_param_test) StdoutLine: {'line': b'writing entry points to racing_stage2_param_test.egg-info/entry_points.txt\n'}
[7.166883] (racing_stage2_param_test) StdoutLine: {'line': b'writing requirements to racing_stage2_param_test.egg-info/requires.txt\n'}
[7.167601] (racing_stage2_param_test) StdoutLine: {'line': b'writing top-level names to racing_stage2_param_test.egg-info/top_level.txt\n'}
[7.178610] (racing_stage2_param_test) StdoutLine: {'line': b"reading manifest file 'racing_stage2_param_test.egg-info/SOURCES.txt'\n"}
[7.183987] (racing_stage2_param_test) StdoutLine: {'line': b"writing manifest file 'racing_stage2_param_test.egg-info/SOURCES.txt'\n"}
[7.193397] (racing_stage2_param_test) StdoutLine: {'line': b'running build_ext\n'}
[7.194699] (racing_stage2_param_test) StdoutLine: {'line': b'Creating /home/sunrise/dev_ws/install/racing_stage2_param_test/lib/python3.10/site-packages/racing-stage2-param-test.egg-link (link to .)\n'}
[7.199628] (racing_stage2_param_test) StdoutLine: {'line': b'Installing avoidance_straight_tester script to /home/sunrise/dev_ws/install/racing_stage2_param_test/lib/racing_stage2_param_test\n'}
[7.200483] (racing_stage2_param_test) StdoutLine: {'line': b'Installing camera_video_recorder script to /home/sunrise/dev_ws/install/racing_stage2_param_test/lib/racing_stage2_param_test\n'}
[7.201220] (racing_stage2_param_test) StdoutLine: {'line': b'Installing direct_inertial_tester script to /home/sunrise/dev_ws/install/racing_stage2_param_test/lib/racing_stage2_param_test\n'}
[7.201909] (racing_stage2_param_test) StdoutLine: {'line': b'Installing lane_follow script to /home/sunrise/dev_ws/install/racing_stage2_param_test/lib/racing_stage2_param_test\n'}
[7.202599] (racing_stage2_param_test) StdoutLine: {'line': b'Installing twist_cmd_relay script to /home/sunrise/dev_ws/install/racing_stage2_param_test/lib/racing_stage2_param_test\n'}
[7.203601] (racing_stage2_param_test) StdoutLine: {'line': b'\n'}
[7.204303] (racing_stage2_param_test) StdoutLine: {'line': b'Installed /home/sunrise/dev_ws/build/racing_stage2_param_test\n'}
[7.204760] (racing_stage2_param_test) StdoutLine: {'line': b'running symlink_data\n'}
[7.241974] (-) TimerEvent: {}
[7.342416] (-) TimerEvent: {}
[7.442979] (-) TimerEvent: {}
[7.447382] (racing_stage2_param_test) CommandEnded: {'returncode': 0}
[7.548265] (-) TimerEvent: {}
[7.578521] (racing_stage2_param_test) JobEnded: {'identifier': 'racing_stage2_param_test', 'rc': 0}
[7.581281] (-) EventReactorShutdown: {}
