[0.000000] (-) TimerEvent: {}
[0.000655] (-) JobUnselected: {'identifier': 'ackermann_msgs'}
[0.001625] (-) JobUnselected: {'identifier': 'bno055'}
[0.002401] (-) JobUnselected: {'identifier': 'line_follower_pkg'}
[0.003172] (-) JobUnselected: {'identifier': 'lslidar_driver'}
[0.003394] (-) JobUnselected: {'identifier': 'lslidar_msgs'}
[0.003584] (-) JobUnselected: {'identifier': 'origincar_base'}
[0.003771] (-) JobUnselected: {'identifier': 'origincar_bringup'}
[0.003960] (-) JobUnselected: {'identifier': 'origincar_description'}
[0.004144] (-) JobUnselected: {'identifier': 'origincar_msg'}
[0.004328] (-) JobUnselected: {'identifier': 'qr_scanner'}
[0.004511] (-) JobUnselected: {'identifier': 'racing_bringup'}
[0.004693] (-) JobUnselected: {'identifier': 'racing_stage1'}
[0.004943] (-) JobUnselected: {'identifier': 'racing_stage2'}
[0.005140] (-) JobUnselected: {'identifier': 'racing_stage3'}
[0.005324] (-) JobUnselected: {'identifier': 'racing_stage3_param_test'}
[0.005508] (-) JobUnselected: {'identifier': 'racing_vision_ai'}
[0.005626] (-) JobUnselected: {'identifier': 'serial'}
[0.005811] (-) JobUnselected: {'identifier': 'simple_avoidance'}
[0.005994] (-) JobUnselected: {'identifier': 'utils'}
[0.006182] (-) JobUnselected: {'identifier': 'voice_driver'}
[0.006378] (racing_stage2_param_test) JobQueued: {'identifier': 'racing_stage2_param_test', 'dependencies': OrderedDict([('ackermann_msgs', '/home/sunrise/dev_ws/install/ackermann_msgs'), ('bno055', '/home/sunrise/dev_ws/install/bno055'), ('lslidar_msgs', '/home/sunrise/dev_ws/install/lslidar_msgs'), ('origincar_bringup', '/home/sunrise/dev_ws/install/origincar_bringup'), ('origincar_description', '/home/sunrise/dev_ws/install/origincar_description'), ('origincar_msg', '/home/sunrise/dev_ws/install/origincar_msg'), ('qr_scanner', '/home/sunrise/dev_ws/install/qr_scanner'), ('serial', '/home/sunrise/dev_ws/install/serial'), ('lslidar_driver', '/home/sunrise/dev_ws/install/lslidar_driver'), ('origincar_base', '/home/sunrise/dev_ws/install/origincar_base'), ('racing_stage1', '/home/sunrise/dev_ws/install/racing_stage1'), ('racing_stage2', '/home/sunrise/dev_ws/install/racing_stage2')])}
[0.006705] (racing_stage2_param_test) JobStarted: {'identifier': 'racing_stage2_param_test'}
[0.098542] (-) TimerEvent: {}
[0.199052] (-) TimerEvent: {}
[0.299514] (-) TimerEvent: {}
[0.399966] (-) TimerEvent: {}
[0.500453] (-) TimerEvent: {}
[0.600948] (-) TimerEvent: {}
[0.701433] (-) TimerEvent: {}
[0.801915] (-) TimerEvent: {}
[0.902403] (-) TimerEvent: {}
[1.002880] (-) TimerEvent: {}
[1.103385] (-) TimerEvent: {}
[1.203864] (-) TimerEvent: {}
[1.304370] (-) TimerEvent: {}
[1.404846] (-) TimerEvent: {}
[1.505305] (-) TimerEvent: {}
[1.605762] (-) TimerEvent: {}
[1.706240] (-) TimerEvent: {}
[1.806764] (-) TimerEvent: {}
[1.907274] (-) TimerEvent: {}
[2.007746] (-) TimerEvent: {}
[2.108255] (-) TimerEvent: {}
[2.208809] (-) TimerEvent: {}
[2.311469] (-) TimerEvent: {}
[2.412196] (-) TimerEvent: {}
[2.512656] (-) TimerEvent: {}
[2.613150] (-) TimerEvent: {}
[2.713627] (-) TimerEvent: {}
[2.814122] (-) TimerEvent: {}
[2.914663] (-) TimerEvent: {}
[3.015157] (-) TimerEvent: {}
[3.115656] (-) TimerEvent: {}
[3.216155] (-) TimerEvent: {}
[3.316734] (-) TimerEvent: {}
[3.417262] (-) TimerEvent: {}
[3.517782] (-) TimerEvent: {}
[3.618287] (-) TimerEvent: {}
[3.718771] (-) TimerEvent: {}
[3.819267] (-) TimerEvent: {}
[3.919760] (-) TimerEvent: {}
[4.020245] (-) TimerEvent: {}
[4.120725] (-) TimerEvent: {}
[4.221200] (-) TimerEvent: {}
[4.321803] (-) TimerEvent: {}
[4.422300] (-) TimerEvent: {}
[4.525927] (-) TimerEvent: {}
[4.626414] (-) TimerEvent: {}
[4.727104] (-) TimerEvent: {}
[4.827577] (-) TimerEvent: {}
[4.928046] (-) TimerEvent: {}
[5.028546] (-) TimerEvent: {}
[5.129065] (-) TimerEvent: {}
[5.229624] (-) TimerEvent: {}
[5.252534] (racing_stage2_param_test) Command: {'cmd': ['/usr/bin/python3', '-W', 'ignore:setup.py install is deprecated', '-W', 'ignore:easy_install command is deprecated', 'setup.py', 'develop', '--editable', '--build-directory', '/home/sunrise/dev_ws/build/racing_stage2_param_test/build', '--no-deps', 'symlink_data'], 'cwd': '/home/sunrise/dev_ws/build/racing_stage2_param_test', 'env': {'VSCODE_CWD': '/home/sunrise', 'VSCODE_ESM_ENTRYPOINT': 'vs/workbench/api/node/extensionHostProcess', 'LANGUAGE': 'en_US.UTF-8', 'USER': 'sunrise', 'SSH_CLIENT': '10.147.109.1 50078 22', 'VSCODE_NLS_CONFIG': '{"userLocale":"en","osLocale":"en","resolvedLanguage":"en","defaultMessagesFile":"/home/sunrise/.cursor-server/bin/linux-arm64/81fcf2931d7687b4ff3f3017858d0c6dee7e2a60/out/nls.messages.json","locale":"en","availableLanguages":{}}', 'VSCODE_HANDLES_UNCAUGHT_ERRORS': 'true', 'XDG_SESSION_TYPE': 'tty', 'SHLVL': '1', 'LD_LIBRARY_PATH': '/home/sunrise/dev_ws/install/origincar_base/lib:/home/sunrise/dev_ws/install/origincar_msg/lib:/home/sunrise/dev_ws/install/lslidar_msgs/lib:/home/sunrise/dev_ws/install/ackermann_msgs/lib:/usr/hobot/lib:/app/lib:/app/pub/lib:/middleware/lib:/middleware/pub/lib:/usr/hobot/lib/sensor:/system/lib:/system/usr/lib:/lib:/home/sunrise/dev_ws/install/voice_driver/lib:/home/sunrise/dev_ws/install/serial/lib:/opt/tros/humble/lib/aarch64-linux-gnu:/opt/tros/humble/lib:/opt/ros/humble/opt/rviz_ogre_vendor/lib:/opt/ros/humble/lib/aarch64-linux-gnu:/opt/ros/humble/lib:/usr/hobot/lib:/app/lib:/app/pub/lib:/middleware/lib:/middleware/pub/lib:/usr/hobot/lib/sensor:/system/lib:/system/usr/lib:/lib:/usr/hobot/lib:/app/lib:/app/pub/lib:/middleware/lib:/middleware/pub/lib:/usr/hobot/lib/sensor:/system/lib:/system/usr/lib:/lib', 'BROWSER': '/home/sunrise/.cursor-server/bin/linux-arm64/81fcf2931d7687b4ff3f3017858d0c6dee7e2a60/bin/helpers/browser.sh', 'MOTD_SHOWN': 'pam', 'HOME': '/home/sunrise', 'OLDPWD': '/home/sunrise/dev_ws', 'VSCODE_IPC_HOOK_CLI': '/run/user/1000/vscode-ipc-d7974d91-6e13-4571-8fa1-755181d800c7.sock', 'ROS_PYTHON_VERSION': '3', 'NO_COLOR': '1', 'DBUS_SESSION_BUS_ADDRESS': 'unix:path=/run/user/1000/bus', 'TROS_DISTRO': 'humble', 'COLCON_PREFIX_PATH': '/home/sunrise/dev_ws/install', 'ROS_DISTRO': 'humble', 'OVSX_REGISTRY_URL': 'https://open-vsx.org', 'LOGNAME': 'sunrise', 'FORCE_COLOR': '0', 'VSCODE_HANDLES_SIGPIPE': 'true', '_': '/usr/bin/colcon', 'ROS_VERSION': '2', 'CURSOR_LAYOUT': 'unifiedAgent', 'XDG_SESSION_CLASS': 'user', 'TERM': 'dumb', 'XDG_SESSION_ID': '2', 'ROS_LOCALHOST_ONLY': '0', 'PATH': '/home/sunrise/.local/bin:/usr/hobot/bin/:/home/sunrise/.cursor-server/bin/linux-arm64/81fcf2931d7687b4ff3f3017858d0c6dee7e2a60:/home/sunrise/.cursor-server/bin/linux-arm64/81fcf2931d7687b4ff3f3017858d0c6dee7e2a60/bin/remote-cli:/home/sunrise/.local/bin:/opt/tros/humble/bin:/opt/ros/humble/bin:/usr/hobot/bin/:/home/sunrise/.cursor-server/bin/linux-arm64/81fcf2931d7687b4ff3f3017858d0c6dee7e2a60/bin/remote-cli:/home/sunrise/.local/bin:/usr/hobot/bin/:/usr/local/sbin:/usr/local/bin:/usr/sbin:/usr/bin:/sbin:/bin:/usr/games:/usr/local/games:/snap/bin', 'VSCODE_AGENT_FOLDER': '/home/sunrise/.cursor-server', 'XDG_RUNTIME_DIR': '/run/user/1000', 'CURSOR_AGENT': '1', 'LANG': 'en_US.UTF-8', 'LS_COLORS': '', 'AMENT_PREFIX_PATH': '/home/sunrise/dev_ws/install/racing_stage2:/home/sunrise/dev_ws/install/racing_stage1:/home/sunrise/dev_ws/install/qr_scanner:/home/sunrise/dev_ws/install/bno055:/home/sunrise/dev_ws/install/voice_driver:/home/sunrise/dev_ws/install/utils:/home/sunrise/dev_ws/install/simple_avoidance:/home/sunrise/dev_ws/install/racing_stage2_param_test:/home/sunrise/dev_ws/install/origincar_base:/home/sunrise/dev_ws/install/serial:/home/sunrise/dev_ws/install/racing_vision_ai:/home/sunrise/dev_ws/install/racing_stage3_param_test:/home/sunrise/dev_ws/install/racing_bringup:/home/sunrise/dev_ws/install/racing_stage3:/home/sunrise/dev_ws/install/origincar_msg:/home/sunrise/dev_ws/install/origincar_description:/home/sunrise/dev_ws/install/origincar_bringup:/home/sunrise/dev_ws/install/lslidar_driver:/home/sunrise/dev_ws/install/lslidar_msgs:/home/sunrise/dev_ws/install/line_follower_pkg:/home/sunrise/dev_ws/install/ackermann_msgs:/opt/tros/humble:/opt/ros/humble', 'SHELL': '/bin/bash', 'VSCODE_SERVER_SHUTDOWN_TIMEOUT': '300', 'PWD': '/home/sunrise/dev_ws/build/racing_stage2_param_test', 'SSH_CONNECTION': '10.147.109.1 50078 10.147.109.8 22', 'PYTHONPATH': '/home/sunrise/dev_ws/build/racing_stage2_param_test/prefix_override:/usr/lib/python3/dist-packages/colcon_core/task/python/colcon_distutils_commands:/home/sunrise/dev_ws/install/racing_stage2_param_test/lib/python3.10/site-packages:/home/sunrise/dev_ws/build/racing_stage2:/home/sunrise/dev_ws/install/racing_stage2/lib/python3.10/site-packages:/home/sunrise/dev_ws/build/racing_stage1:/home/sunrise/dev_ws/install/racing_stage1/lib/python3.10/site-packages:/home/sunrise/dev_ws/build/qr_scanner:/home/sunrise/dev_ws/install/qr_scanner/lib/python3.10/site-packages:/home/sunrise/dev_ws/build/bno055:/home/sunrise/dev_ws/install/bno055/lib/python3.10/site-packages:/home/sunrise/dev_ws/install/voice_driver/local/lib/python3.10/dist-packages:/home/sunrise/dev_ws/build/simple_avoidance:/home/sunrise/dev_ws/install/simple_avoidance/lib/python3.10/site-packages:/home/sunrise/dev_ws/build/racing_stage2_param_test:/home/sunrise/dev_ws/install/racing_stage2_param_test/lib/python3.10/site-packages:/home/sunrise/dev_ws/install/origincar_base/local/lib/python3.10/dist-packages:/home/sunrise/dev_ws/build/racing_vision_ai:/home/sunrise/dev_ws/install/racing_vision_ai/lib/python3.10/site-packages:/home/sunrise/dev_ws/build/racing_stage3_param_test:/home/sunrise/dev_ws/install/racing_stage3_param_test/lib/python3.10/site-packages:/home/sunrise/dev_ws/build/racing_bringup:/home/sunrise/dev_ws/install/racing_bringup/lib/python3.10/site-packages:/home/sunrise/dev_ws/build/racing_stage3:/home/sunrise/dev_ws/install/racing_stage3/lib/python3.10/site-packages:/home/sunrise/dev_ws/install/origincar_msg/local/lib/python3.10/dist-packages:/home/sunrise/dev_ws/install/lslidar_msgs/local/lib/python3.10/dist-packages:/home/sunrise/dev_ws/build/line_follower_pkg:/home/sunrise/dev_ws/install/line_follower_pkg/lib/python3.10/site-packages:/home/sunrise/dev_ws/install/ackermann_msgs/local/lib/python3.10/dist-packages:/opt/tros/humble/lib/python3.10/site-packages:/opt/tros/humble/local/lib/python3.10/dist-packages:/opt/ros/humble/lib/python3.10/site-packages:/opt/ros/humble/local/lib/python3.10/dist-packages', 'COLCON': '1', '_ZO_DOCTOR': '0', 'CMAKE_PREFIX_PATH': '/home/sunrise/dev_ws/install/origincar_base:/home/sunrise/dev_ws/install/lslidar_driver:/home/sunrise/dev_ws/install/serial:/home/sunrise/dev_ws/install/origincar_msg:/home/sunrise/dev_ws/install/origincar_description:/home/sunrise/dev_ws/install/origincar_bringup:/home/sunrise/dev_ws/install/lslidar_msgs:/home/sunrise/dev_ws/install/ackermann_msgs:/home/sunrise/dev_ws/install/voice_driver:/home/sunrise/dev_ws/install/utils'}, 'shell': False}
[5.329830] (-) TimerEvent: {}
[5.430307] (-) TimerEvent: {}
[5.530783] (-) TimerEvent: {}
[5.631267] (-) TimerEvent: {}
[5.731748] (-) TimerEvent: {}
[5.832254] (-) TimerEvent: {}
[5.932731] (-) TimerEvent: {}
[6.033230] (-) TimerEvent: {}
[6.133694] (-) TimerEvent: {}
[6.234163] (-) TimerEvent: {}
[6.334653] (-) TimerEvent: {}
[6.435136] (-) TimerEvent: {}
[6.535618] (-) TimerEvent: {}
[6.636111] (-) TimerEvent: {}
[6.736600] (-) TimerEvent: {}
[6.837101] (-) TimerEvent: {}
[6.937577] (-) TimerEvent: {}
[7.038055] (-) TimerEvent: {}
[7.138550] (-) TimerEvent: {}
[7.239016] (-) TimerEvent: {}
[7.339498] (-) TimerEvent: {}
[7.376372] (racing_stage2_param_test) StdoutLine: {'line': b'running develop\n'}
[7.439690] (-) TimerEvent: {}
[7.540163] (-) TimerEvent: {}
[7.640635] (-) TimerEvent: {}
[7.741131] (-) TimerEvent: {}
[7.841618] (-) TimerEvent: {}
[7.942078] (-) TimerEvent: {}
[8.042543] (-) TimerEvent: {}
[8.143021] (-) TimerEvent: {}
[8.243518] (-) TimerEvent: {}
[8.344002] (-) TimerEvent: {}
[8.444474] (-) TimerEvent: {}
[8.544942] (-) TimerEvent: {}
[8.645422] (-) TimerEvent: {}
[8.699118] (racing_stage2_param_test) StdoutLine: {'line': b'running egg_info\n'}
[8.700232] (racing_stage2_param_test) StdoutLine: {'line': b'writing racing_stage2_param_test.egg-info/PKG-INFO\n'}
[8.701500] (racing_stage2_param_test) StdoutLine: {'line': b'writing dependency_links to racing_stage2_param_test.egg-info/dependency_links.txt\n'}
[8.702585] (racing_stage2_param_test) StdoutLine: {'line': b'writing entry points to racing_stage2_param_test.egg-info/entry_points.txt\n'}
[8.703429] (racing_stage2_param_test) StdoutLine: {'line': b'writing requirements to racing_stage2_param_test.egg-info/requires.txt\n'}
[8.704244] (racing_stage2_param_test) StdoutLine: {'line': b'writing top-level names to racing_stage2_param_test.egg-info/top_level.txt\n'}
[8.715525] (racing_stage2_param_test) StdoutLine: {'line': b"reading manifest file 'racing_stage2_param_test.egg-info/SOURCES.txt'\n"}
[8.721400] (racing_stage2_param_test) StdoutLine: {'line': b"writing manifest file 'racing_stage2_param_test.egg-info/SOURCES.txt'\n"}
[8.733646] (racing_stage2_param_test) StdoutLine: {'line': b'running build_ext\n'}
[8.734953] (racing_stage2_param_test) StdoutLine: {'line': b'Creating /home/sunrise/dev_ws/install/racing_stage2_param_test/lib/python3.10/site-packages/racing-stage2-param-test.egg-link (link to .)\n'}
[8.740439] (racing_stage2_param_test) StdoutLine: {'line': b'Installing avoidance_straight_tester script to /home/sunrise/dev_ws/install/racing_stage2_param_test/lib/racing_stage2_param_test\n'}
[8.741551] (racing_stage2_param_test) StdoutLine: {'line': b'Installing camera_video_recorder script to /home/sunrise/dev_ws/install/racing_stage2_param_test/lib/racing_stage2_param_test\n'}
[8.742739] (racing_stage2_param_test) StdoutLine: {'line': b'Installing direct_inertial_tester script to /home/sunrise/dev_ws/install/racing_stage2_param_test/lib/racing_stage2_param_test\n'}
[8.743272] (racing_stage2_param_test) StdoutLine: {'line': b'Installing twist_cmd_relay script to /home/sunrise/dev_ws/install/racing_stage2_param_test/lib/racing_stage2_param_test\n'}
[8.744453] (racing_stage2_param_test) StdoutLine: {'line': b'\n'}
[8.744937] (racing_stage2_param_test) StdoutLine: {'line': b'Installed /home/sunrise/dev_ws/build/racing_stage2_param_test\n'}
[8.745376] (racing_stage2_param_test) StdoutLine: {'line': b'running symlink_data\n'}
[8.745803] (-) TimerEvent: {}
[8.846170] (-) TimerEvent: {}
[8.946757] (-) TimerEvent: {}
[9.006144] (racing_stage2_param_test) CommandEnded: {'returncode': 0}
[9.047021] (-) TimerEvent: {}
[9.094646] (racing_stage2_param_test) JobEnded: {'identifier': 'racing_stage2_param_test', 'rc': 0}
[9.097894] (-) EventReactorShutdown: {}
