[0.000000] (-) TimerEvent: {}
[0.000455] (-) JobUnselected: {'identifier': 'ackermann_msgs'}
[0.001096] (-) JobUnselected: {'identifier': 'bno055'}
[0.002197] (-) JobUnselected: {'identifier': 'line_follower_pkg'}
[0.002995] (-) JobUnselected: {'identifier': 'lslidar_driver'}
[0.003777] (-) JobUnselected: {'identifier': 'lslidar_msgs'}
[0.004031] (-) JobUnselected: {'identifier': 'origincar_base'}
[0.004244] (-) JobUnselected: {'identifier': 'origincar_bringup'}
[0.004451] (-) JobUnselected: {'identifier': 'origincar_description'}
[0.004645] (-) JobUnselected: {'identifier': 'origincar_msg'}
[0.004837] (-) JobUnselected: {'identifier': 'qr_scanner'}
[0.005029] (-) JobUnselected: {'identifier': 'racing_bringup'}
[0.005217] (-) JobUnselected: {'identifier': 'racing_stage1'}
[0.005406] (-) JobUnselected: {'identifier': 'racing_stage2'}
[0.005592] (-) JobUnselected: {'identifier': 'racing_stage3'}
[0.005780] (-) JobUnselected: {'identifier': 'racing_stage3_param_test'}
[0.005967] (-) JobUnselected: {'identifier': 'racing_vision_ai'}
[0.006155] (-) JobUnselected: {'identifier': 'serial'}
[0.006340] (-) JobUnselected: {'identifier': 'simple_avoidance'}
[0.006532] (-) JobUnselected: {'identifier': 'utils'}
[0.006721] (-) JobUnselected: {'identifier': 'voice_driver'}
[0.006920] (racing_stage2_param_test) JobQueued: {'identifier': 'racing_stage2_param_test', 'dependencies': OrderedDict([('ackermann_msgs', '/home/sunrise/dev_ws/install/ackermann_msgs'), ('bno055', '/home/sunrise/dev_ws/install/bno055'), ('lslidar_msgs', '/home/sunrise/dev_ws/install/lslidar_msgs'), ('origincar_bringup', '/home/sunrise/dev_ws/install/origincar_bringup'), ('origincar_description', '/home/sunrise/dev_ws/install/origincar_description'), ('origincar_msg', '/home/sunrise/dev_ws/install/origincar_msg'), ('qr_scanner', '/home/sunrise/dev_ws/install/qr_scanner'), ('serial', '/home/sunrise/dev_ws/install/serial'), ('lslidar_driver', '/home/sunrise/dev_ws/install/lslidar_driver'), ('origincar_base', '/home/sunrise/dev_ws/install/origincar_base'), ('racing_stage1', '/home/sunrise/dev_ws/install/racing_stage1'), ('racing_stage2', '/home/sunrise/dev_ws/install/racing_stage2')])}
[0.007206] (racing_stage2_param_test) JobStarted: {'identifier': 'racing_stage2_param_test'}
[0.098651] (-) TimerEvent: {}
[0.199153] (-) TimerEvent: {}
[0.299615] (-) TimerEvent: {}
[0.400079] (-) TimerEvent: {}
[0.500559] (-) TimerEvent: {}
[0.601038] (-) TimerEvent: {}
[0.701543] (-) TimerEvent: {}
[0.802032] (-) TimerEvent: {}
[0.902539] (-) TimerEvent: {}
[1.003052] (-) TimerEvent: {}
[1.103528] (-) TimerEvent: {}
[1.204006] (-) TimerEvent: {}
[1.304491] (-) TimerEvent: {}
[1.404983] (-) TimerEvent: {}
[1.505467] (-) TimerEvent: {}
[1.605943] (-) TimerEvent: {}
[1.706438] (-) TimerEvent: {}
[1.806936] (-) TimerEvent: {}
[1.907446] (-) TimerEvent: {}
[2.007944] (-) TimerEvent: {}
[2.108490] (-) TimerEvent: {}
[2.209052] (-) TimerEvent: {}
[2.309610] (-) TimerEvent: {}
[2.410102] (-) TimerEvent: {}
[2.510601] (-) TimerEvent: {}
[2.611091] (-) TimerEvent: {}
[2.711611] (-) TimerEvent: {}
[2.812116] (-) TimerEvent: {}
[2.912611] (-) TimerEvent: {}
[3.013096] (-) TimerEvent: {}
[3.113596] (-) TimerEvent: {}
[3.214084] (-) TimerEvent: {}
[3.314568] (-) TimerEvent: {}
[3.415040] (-) TimerEvent: {}
[3.515515] (-) TimerEvent: {}
[3.616049] (-) TimerEvent: {}
[3.716541] (-) TimerEvent: {}
[3.817039] (-) TimerEvent: {}
[3.917535] (-) TimerEvent: {}
[4.018059] (-) TimerEvent: {}
[4.118559] (-) TimerEvent: {}
[4.219044] (-) TimerEvent: {}
[4.319568] (-) TimerEvent: {}
[4.420091] (-) TimerEvent: {}
[4.520628] (-) TimerEvent: {}
[4.621121] (-) TimerEvent: {}
[4.721597] (-) TimerEvent: {}
[4.822050] (-) TimerEvent: {}
[4.922562] (-) TimerEvent: {}
[5.023133] (-) TimerEvent: {}
[5.123925] (-) TimerEvent: {}
[5.125979] (racing_stage2_param_test) Command: {'cmd': ['/usr/bin/python3', '-W', 'ignore:setup.py install is deprecated', '-W', 'ignore:easy_install command is deprecated', 'setup.py', 'develop', '--editable', '--build-directory', '/home/sunrise/dev_ws/build/racing_stage2_param_test/build', '--no-deps', 'symlink_data'], 'cwd': '/home/sunrise/dev_ws/build/racing_stage2_param_test', 'env': {'VSCODE_CWD': '/home/sunrise', 'VSCODE_ESM_ENTRYPOINT': 'vs/workbench/api/node/extensionHostProcess', 'LANGUAGE': 'en_US.UTF-8', 'USER': 'sunrise', 'SSH_CLIENT': '10.147.109.1 50078 22', 'VSCODE_NLS_CONFIG': '{"userLocale":"en","osLocale":"en","resolvedLanguage":"en","defaultMessagesFile":"/home/sunrise/.cursor-server/bin/linux-arm64/81fcf2931d7687b4ff3f3017858d0c6dee7e2a60/out/nls.messages.json","locale":"en","availableLanguages":{}}', 'VSCODE_HANDLES_UNCAUGHT_ERRORS': 'true', 'XDG_SESSION_TYPE': 'tty', 'SHLVL': '1', 'LD_LIBRARY_PATH': '/home/sunrise/dev_ws/install/origincar_base/lib:/home/sunrise/dev_ws/install/origincar_msg/lib:/home/sunrise/dev_ws/install/lslidar_msgs/lib:/home/sunrise/dev_ws/install/ackermann_msgs/lib:/usr/hobot/lib:/app/lib:/app/pub/lib:/middleware/lib:/middleware/pub/lib:/usr/hobot/lib/sensor:/system/lib:/system/usr/lib:/lib:/home/sunrise/dev_ws/install/voice_driver/lib:/home/sunrise/dev_ws/install/serial/lib:/opt/tros/humble/lib/aarch64-linux-gnu:/opt/tros/humble/lib:/opt/ros/humble/opt/rviz_ogre_vendor/lib:/opt/ros/humble/lib/aarch64-linux-gnu:/opt/ros/humble/lib:/usr/hobot/lib:/app/lib:/app/pub/lib:/middleware/lib:/middleware/pub/lib:/usr/hobot/lib/sensor:/system/lib:/system/usr/lib:/lib:/usr/hobot/lib:/app/lib:/app/pub/lib:/middleware/lib:/middleware/pub/lib:/usr/hobot/lib/sensor:/system/lib:/system/usr/lib:/lib', 'BROWSER': '/home/sunrise/.cursor-server/bin/linux-arm64/81fcf2931d7687b4ff3f3017858d0c6dee7e2a60/bin/helpers/browser.sh', 'MOTD_SHOWN': 'pam', 'HOME': '/home/sunrise', 'OLDPWD': '/home/sunrise/dev_ws', 'VSCODE_IPC_HOOK_CLI': '/run/user/1000/vscode-ipc-f7290d0b-d8d6-46da-ac5f-da415eb5acfb.sock', 'ROS_PYTHON_VERSION': '3', 'NO_COLOR': '1', 'DBUS_SESSION_BUS_ADDRESS': 'unix:path=/run/user/1000/bus', 'TROS_DISTRO': 'humble', 'COLCON_PREFIX_PATH': '/home/sunrise/dev_ws/install', 'ROS_DISTRO': 'humble', 'OVSX_REGISTRY_URL': 'https://open-vsx.org', 'LOGNAME': 'sunrise', 'FORCE_COLOR': '0', 'VSCODE_HANDLES_SIGPIPE': 'true', '_': '/usr/bin/colcon', 'ROS_VERSION': '2', 'CURSOR_LAYOUT': 'unifiedAgent', 'XDG_SESSION_CLASS': 'user', 'TERM': 'dumb', 'XDG_SESSION_ID': '2', 'ROS_LOCALHOST_ONLY': '0', 'PATH': '/home/sunrise/.local/bin:/usr/hobot/bin/:/home/sunrise/.cursor-server/bin/linux-arm64/81fcf2931d7687b4ff3f3017858d0c6dee7e2a60:/home/sunrise/.cursor-server/bin/linux-arm64/81fcf2931d7687b4ff3f3017858d0c6dee7e2a60/bin/remote-cli:/home/sunrise/.local/bin:/opt/tros/humble/bin:/opt/ros/humble/bin:/usr/hobot/bin/:/home/sunrise/.cursor-server/bin/linux-arm64/81fcf2931d7687b4ff3f3017858d0c6dee7e2a60/bin/remote-cli:/home/sunrise/.local/bin:/usr/hobot/bin/:/usr/local/sbin:/usr/local/bin:/usr/sbin:/usr/bin:/sbin:/bin:/usr/games:/usr/local/games:/snap/bin', 'VSCODE_AGENT_FOLDER': '/home/sunrise/.cursor-server', 'XDG_RUNTIME_DIR': '/run/user/1000', 'CURSOR_AGENT': '1', 'LANG': 'en_US.UTF-8', 'LS_COLORS': '', 'AMENT_PREFIX_PATH': '/home/sunrise/dev_ws/install/racing_stage2:/home/sunrise/dev_ws/install/racing_stage1:/home/sunrise/dev_ws/install/qr_scanner:/home/sunrise/dev_ws/install/bno055:/home/sunrise/dev_ws/install/voice_driver:/home/sunrise/dev_ws/install/utils:/home/sunrise/dev_ws/install/simple_avoidance:/home/sunrise/dev_ws/install/racing_stage2_param_test:/home/sunrise/dev_ws/install/origincar_base:/home/sunrise/dev_ws/install/serial:/home/sunrise/dev_ws/install/racing_vision_ai:/home/sunrise/dev_ws/install/racing_stage3_param_test:/home/sunrise/dev_ws/install/racing_bringup:/home/sunrise/dev_ws/install/racing_stage3:/home/sunrise/dev_ws/install/origincar_msg:/home/sunrise/dev_ws/install/origincar_description:/home/sunrise/dev_ws/install/origincar_bringup:/home/sunrise/dev_ws/install/lslidar_driver:/home/sunrise/dev_ws/install/lslidar_msgs:/home/sunrise/dev_ws/install/line_follower_pkg:/home/sunrise/dev_ws/install/ackermann_msgs:/opt/tros/humble:/opt/ros/humble', 'SHELL': '/bin/bash', 'VSCODE_SERVER_SHUTDOWN_TIMEOUT': '300', 'PWD': '/home/sunrise/dev_ws/build/racing_stage2_param_test', 'SSH_CONNECTION': '10.147.109.1 50078 10.147.109.8 22', 'PYTHONPATH': '/home/sunrise/dev_ws/build/racing_stage2_param_test/prefix_override:/usr/lib/python3/dist-packages/colcon_core/task/python/colcon_distutils_commands:/home/sunrise/dev_ws/install/racing_stage2_param_test/lib/python3.10/site-packages:/home/sunrise/dev_ws/build/racing_stage2:/home/sunrise/dev_ws/install/racing_stage2/lib/python3.10/site-packages:/home/sunrise/dev_ws/build/racing_stage1:/home/sunrise/dev_ws/install/racing_stage1/lib/python3.10/site-packages:/home/sunrise/dev_ws/build/qr_scanner:/home/sunrise/dev_ws/install/qr_scanner/lib/python3.10/site-packages:/home/sunrise/dev_ws/build/bno055:/home/sunrise/dev_ws/install/bno055/lib/python3.10/site-packages:/home/sunrise/dev_ws/install/voice_driver/local/lib/python3.10/dist-packages:/home/sunrise/dev_ws/build/simple_avoidance:/home/sunrise/dev_ws/install/simple_avoidance/lib/python3.10/site-packages:/home/sunrise/dev_ws/build/racing_stage2_param_test:/home/sunrise/dev_ws/install/racing_stage2_param_test/lib/python3.10/site-packages:/home/sunrise/dev_ws/install/origincar_base/local/lib/python3.10/dist-packages:/home/sunrise/dev_ws/build/racing_vision_ai:/home/sunrise/dev_ws/install/racing_vision_ai/lib/python3.10/site-packages:/home/sunrise/dev_ws/build/racing_stage3_param_test:/home/sunrise/dev_ws/install/racing_stage3_param_test/lib/python3.10/site-packages:/home/sunrise/dev_ws/build/racing_bringup:/home/sunrise/dev_ws/install/racing_bringup/lib/python3.10/site-packages:/home/sunrise/dev_ws/build/racing_stage3:/home/sunrise/dev_ws/install/racing_stage3/lib/python3.10/site-packages:/home/sunrise/dev_ws/install/origincar_msg/local/lib/python3.10/dist-packages:/home/sunrise/dev_ws/install/lslidar_msgs/local/lib/python3.10/dist-packages:/home/sunrise/dev_ws/build/line_follower_pkg:/home/sunrise/dev_ws/install/line_follower_pkg/lib/python3.10/site-packages:/home/sunrise/dev_ws/install/ackermann_msgs/local/lib/python3.10/dist-packages:/opt/tros/humble/lib/python3.10/site-packages:/opt/tros/humble/local/lib/python3.10/dist-packages:/opt/ros/humble/lib/python3.10/site-packages:/opt/ros/humble/local/lib/python3.10/dist-packages', 'COLCON': '1', '_ZO_DOCTOR': '0', 'CMAKE_PREFIX_PATH': '/home/sunrise/dev_ws/install/origincar_base:/home/sunrise/dev_ws/install/lslidar_driver:/home/sunrise/dev_ws/install/serial:/home/sunrise/dev_ws/install/origincar_msg:/home/sunrise/dev_ws/install/origincar_description:/home/sunrise/dev_ws/install/origincar_bringup:/home/sunrise/dev_ws/install/lslidar_msgs:/home/sunrise/dev_ws/install/ackermann_msgs:/home/sunrise/dev_ws/install/voice_driver:/home/sunrise/dev_ws/install/utils'}, 'shell': False}
[5.224149] (-) TimerEvent: {}
[5.324634] (-) TimerEvent: {}
[5.425087] (-) TimerEvent: {}
[5.525552] (-) TimerEvent: {}
[5.626017] (-) TimerEvent: {}
[5.726483] (-) TimerEvent: {}
[5.826982] (-) TimerEvent: {}
[5.927452] (-) TimerEvent: {}
[6.027933] (-) TimerEvent: {}
[6.128391] (-) TimerEvent: {}
[6.228848] (-) TimerEvent: {}
[6.329301] (-) TimerEvent: {}
[6.429755] (-) TimerEvent: {}
[6.530212] (-) TimerEvent: {}
[6.630673] (-) TimerEvent: {}
[6.731133] (-) TimerEvent: {}
[6.831588] (-) TimerEvent: {}
[6.932049] (-) TimerEvent: {}
[7.032532] (-) TimerEvent: {}
[7.083854] (racing_stage2_param_test) StdoutLine: {'line': b'running develop\n'}
[7.132707] (-) TimerEvent: {}
[7.233199] (-) TimerEvent: {}
[7.333649] (-) TimerEvent: {}
[7.434089] (-) TimerEvent: {}
[7.534541] (-) TimerEvent: {}
[7.634995] (-) TimerEvent: {}
[7.735450] (-) TimerEvent: {}
[7.835905] (-) TimerEvent: {}
[7.936349] (-) TimerEvent: {}
[8.036794] (-) TimerEvent: {}
[8.137259] (-) TimerEvent: {}
[8.237716] (-) TimerEvent: {}
[8.290407] (racing_stage2_param_test) StdoutLine: {'line': b'running egg_info\n'}
[8.291519] (racing_stage2_param_test) StdoutLine: {'line': b'writing racing_stage2_param_test.egg-info/PKG-INFO\n'}
[8.292768] (racing_stage2_param_test) StdoutLine: {'line': b'writing dependency_links to racing_stage2_param_test.egg-info/dependency_links.txt\n'}
[8.293890] (racing_stage2_param_test) StdoutLine: {'line': b'writing entry points to racing_stage2_param_test.egg-info/entry_points.txt\n'}
[8.294809] (racing_stage2_param_test) StdoutLine: {'line': b'writing requirements to racing_stage2_param_test.egg-info/requires.txt\n'}
[8.295623] (racing_stage2_param_test) StdoutLine: {'line': b'writing top-level names to racing_stage2_param_test.egg-info/top_level.txt\n'}
[8.306033] (racing_stage2_param_test) StdoutLine: {'line': b"reading manifest file 'racing_stage2_param_test.egg-info/SOURCES.txt'\n"}
[8.311364] (racing_stage2_param_test) StdoutLine: {'line': b"writing manifest file 'racing_stage2_param_test.egg-info/SOURCES.txt'\n"}
[8.322500] (racing_stage2_param_test) StdoutLine: {'line': b'running build_ext\n'}
[8.323811] (racing_stage2_param_test) StdoutLine: {'line': b'Creating /home/sunrise/dev_ws/install/racing_stage2_param_test/lib/python3.10/site-packages/racing-stage2-param-test.egg-link (link to .)\n'}
[8.328315] (racing_stage2_param_test) StdoutLine: {'line': b'Installing avoidance_straight_tester script to /home/sunrise/dev_ws/install/racing_stage2_param_test/lib/racing_stage2_param_test\n'}
[8.329338] (racing_stage2_param_test) StdoutLine: {'line': b'Installing camera_video_recorder script to /home/sunrise/dev_ws/install/racing_stage2_param_test/lib/racing_stage2_param_test\n'}
[8.330483] (racing_stage2_param_test) StdoutLine: {'line': b'Installing direct_inertial_tester script to /home/sunrise/dev_ws/install/racing_stage2_param_test/lib/racing_stage2_param_test\n'}
[8.331068] (racing_stage2_param_test) StdoutLine: {'line': b'Installing twist_cmd_relay script to /home/sunrise/dev_ws/install/racing_stage2_param_test/lib/racing_stage2_param_test\n'}
[8.332200] (racing_stage2_param_test) StdoutLine: {'line': b'\n'}
[8.332672] (racing_stage2_param_test) StdoutLine: {'line': b'Installed /home/sunrise/dev_ws/build/racing_stage2_param_test\n'}
[8.333176] (racing_stage2_param_test) StdoutLine: {'line': b'running symlink_data\n'}
[8.337890] (-) TimerEvent: {}
[8.438384] (-) TimerEvent: {}
[8.538911] (-) TimerEvent: {}
[8.580545] (racing_stage2_param_test) CommandEnded: {'returncode': 0}
[8.640863] (-) TimerEvent: {}
[8.671447] (racing_stage2_param_test) JobEnded: {'identifier': 'racing_stage2_param_test', 'rc': 0}
[8.674158] (-) EventReactorShutdown: {}
