running develop
running egg_info
creating line_follower_pkg.egg-info
writing line_follower_pkg.egg-info/PKG-INFO
writing dependency_links to line_follower_pkg.egg-info/dependency_links.txt
writing entry points to line_follower_pkg.egg-info/entry_points.txt
writing requirements to line_follower_pkg.egg-info/requires.txt
writing top-level names to line_follower_pkg.egg-info/top_level.txt
writing manifest file 'line_follower_pkg.egg-info/SOURCES.txt'
reading manifest file 'line_follower_pkg.egg-info/SOURCES.txt'
writing manifest file 'line_follower_pkg.egg-info/SOURCES.txt'
running build_ext
Creating /home/sunrise/dev_ws/install/line_follower_pkg/lib/python3.10/site-packages/line-follower-pkg.egg-link (link to .)
Installing line_follower script to /home/sunrise/dev_ws/install/line_follower_pkg/lib/line_follower_pkg

Installed /home/sunrise/dev_ws/build/line_follower_pkg
running symlink_data
creating /home/sunrise/dev_ws/install/line_follower_pkg/share/ament_index
creating /home/sunrise/dev_ws/install/line_follower_pkg/share/ament_index/resource_index
creating /home/sunrise/dev_ws/install/line_follower_pkg/share/ament_index/resource_index/packages
symbolically linking /home/sunrise/dev_ws/build/line_follower_pkg/resource/line_follower_pkg -> /home/sunrise/dev_ws/install/line_follower_pkg/share/ament_index/resource_index/packages
symbolically linking /home/sunrise/dev_ws/build/line_follower_pkg/package.xml -> /home/sunrise/dev_ws/install/line_follower_pkg/share/line_follower_pkg
