[0.000000] (-) TimerEvent: {}
[0.000632] (-) JobUnselected: {'identifier': 'ackermann_msgs'}
[0.001667] (-) JobUnselected: {'identifier': 'bno055'}
[0.002375] (-) JobUnselected: {'identifier': 'line_follower_pkg'}
[0.003118] (-) JobUnselected: {'identifier': 'lslidar_driver'}
[0.003348] (-) JobUnselected: {'identifier': 'lslidar_msgs'}
[0.003548] (-) JobUnselected: {'identifier': 'origincar_base'}
[0.003740] (-) JobUnselected: {'identifier': 'origincar_bringup'}
[0.003928] (-) JobUnselected: {'identifier': 'origincar_description'}
[0.004114] (-) JobUnselected: {'identifier': 'origincar_msg'}
[0.004299] (-) JobUnselected: {'identifier': 'qr_scanner'}
[0.004484] (-) JobUnselected: {'identifier': 'racing_bringup'}
[0.004670] (-) JobUnselected: {'identifier': 'racing_stage1'}
[0.004854] (-) JobUnselected: {'identifier': 'racing_stage2'}
[0.005039] (-) JobUnselected: {'identifier': 'racing_stage3'}
[0.005224] (-) JobUnselected: {'identifier': 'racing_stage3_param_test'}
[0.005409] (-) JobUnselected: {'identifier': 'racing_vision_ai'}
[0.005593] (-) JobUnselected: {'identifier': 'serial'}
[0.005778] (-) JobUnselected: {'identifier': 'simple_avoidance'}
[0.005968] (-) JobUnselected: {'identifier': 'utils'}
[0.006155] (-) JobUnselected: {'identifier': 'voice_driver'}
[0.006351] (racing_stage2_param_test) JobQueued: {'identifier': 'racing_stage2_param_test', 'dependencies': OrderedDict([('ackermann_msgs', '/home/sunrise/dev_ws/install/ackermann_msgs'), ('bno055', '/home/sunrise/dev_ws/install/bno055'), ('lslidar_msgs', '/home/sunrise/dev_ws/install/lslidar_msgs'), ('origincar_bringup', '/home/sunrise/dev_ws/install/origincar_bringup'), ('origincar_description', '/home/sunrise/dev_ws/install/origincar_description'), ('origincar_msg', '/home/sunrise/dev_ws/install/origincar_msg'), ('qr_scanner', '/home/sunrise/dev_ws/install/qr_scanner'), ('serial', '/home/sunrise/dev_ws/install/serial'), ('lslidar_driver', '/home/sunrise/dev_ws/install/lslidar_driver'), ('origincar_base', '/home/sunrise/dev_ws/install/origincar_base'), ('racing_stage1', '/home/sunrise/dev_ws/install/racing_stage1'), ('racing_stage2', '/home/sunrise/dev_ws/install/racing_stage2')])}
[0.006626] (racing_stage2_param_test) JobStarted: {'identifier': 'racing_stage2_param_test'}
[0.098512] (-) TimerEvent: {}
[0.198989] (-) TimerEvent: {}
[0.299441] (-) TimerEvent: {}
[0.399884] (-) TimerEvent: {}
[0.500334] (-) TimerEvent: {}
[0.600792] (-) TimerEvent: {}
[0.701271] (-) TimerEvent: {}
[0.801773] (-) TimerEvent: {}
[0.902258] (-) TimerEvent: {}
[1.002727] (-) TimerEvent: {}
[1.103192] (-) TimerEvent: {}
[1.203661] (-) TimerEvent: {}
[1.304124] (-) TimerEvent: {}
[1.404585] (-) TimerEvent: {}
[1.505047] (-) TimerEvent: {}
[1.605509] (-) TimerEvent: {}
[1.705974] (-) TimerEvent: {}
[1.806444] (-) TimerEvent: {}
[1.906917] (-) TimerEvent: {}
[2.007427] (-) TimerEvent: {}
[2.107976] (-) TimerEvent: {}
[2.209735] (-) TimerEvent: {}
[2.310242] (-) TimerEvent: {}
[2.410704] (-) TimerEvent: {}
[2.511194] (-) TimerEvent: {}
[2.611651] (-) TimerEvent: {}
[2.712113] (-) TimerEvent: {}
[2.812573] (-) TimerEvent: {}
[2.913042] (-) TimerEvent: {}
[3.013514] (-) TimerEvent: {}
[3.113997] (-) TimerEvent: {}
[3.214455] (-) TimerEvent: {}
[3.314914] (-) TimerEvent: {}
[3.415376] (-) TimerEvent: {}
[3.515839] (-) TimerEvent: {}
[3.616303] (-) TimerEvent: {}
[3.716760] (-) TimerEvent: {}
[3.817232] (-) TimerEvent: {}
[3.917708] (-) TimerEvent: {}
[4.018197] (-) TimerEvent: {}
[4.118676] (-) TimerEvent: {}
[4.219183] (-) TimerEvent: {}
[4.319662] (-) TimerEvent: {}
[4.420138] (-) TimerEvent: {}
[4.520593] (-) TimerEvent: {}
[4.621047] (-) TimerEvent: {}
[4.721494] (-) TimerEvent: {}
[4.822013] (-) TimerEvent: {}
[4.922578] (-) TimerEvent: {}
[5.023144] (-) TimerEvent: {}
[5.060368] (racing_stage2_param_test) Command: {'cmd': ['/usr/bin/python3', '-W', 'ignore:setup.py install is deprecated', '-W', 'ignore:easy_install command is deprecated', 'setup.py', 'develop', '--editable', '--build-directory', '/home/sunrise/dev_ws/build/racing_stage2_param_test/build', '--no-deps', 'symlink_data'], 'cwd': '/home/sunrise/dev_ws/build/racing_stage2_param_test', 'env': {'VSCODE_CWD': '/home/sunrise', 'VSCODE_ESM_ENTRYPOINT': 'vs/workbench/api/node/extensionHostProcess', 'LANGUAGE': 'en_US.UTF-8', 'USER': 'sunrise', 'SSH_CLIENT': '10.14.117.1 2504 22', 'VSCODE_NLS_CONFIG': '{"userLocale":"en","osLocale":"en","resolvedLanguage":"en","defaultMessagesFile":"/home/sunrise/.cursor-server/bin/linux-arm64/81fcf2931d7687b4ff3f3017858d0c6dee7e2a60/out/nls.messages.json","locale":"en","availableLanguages":{}}', 'VSCODE_HANDLES_UNCAUGHT_ERRORS': 'true', 'XDG_SESSION_TYPE': 'tty', 'SHLVL': '1', 'LD_LIBRARY_PATH': '/home/sunrise/dev_ws/install/origincar_base/lib:/home/sunrise/dev_ws/install/origincar_msg/lib:/home/sunrise/dev_ws/install/lslidar_msgs/lib:/home/sunrise/dev_ws/install/ackermann_msgs/lib:/usr/hobot/lib:/app/lib:/app/pub/lib:/middleware/lib:/middleware/pub/lib:/usr/hobot/lib/sensor:/system/lib:/system/usr/lib:/lib:/home/sunrise/dev_ws/install/voice_driver/lib:/home/sunrise/dev_ws/install/serial/lib:/opt/tros/humble/lib/aarch64-linux-gnu:/opt/tros/humble/lib:/opt/ros/humble/opt/rviz_ogre_vendor/lib:/opt/ros/humble/lib/aarch64-linux-gnu:/opt/ros/humble/lib:/usr/hobot/lib:/app/lib:/app/pub/lib:/middleware/lib:/middleware/pub/lib:/usr/hobot/lib/sensor:/system/lib:/system/usr/lib:/lib:/usr/hobot/lib:/app/lib:/app/pub/lib:/middleware/lib:/middleware/pub/lib:/usr/hobot/lib/sensor:/system/lib:/system/usr/lib:/lib', 'BROWSER': '/home/sunrise/.cursor-server/bin/linux-arm64/81fcf2931d7687b4ff3f3017858d0c6dee7e2a60/bin/helpers/browser.sh', 'MOTD_SHOWN': 'pam', 'HOME': '/home/sunrise', 'OLDPWD': '/home/sunrise/dev_ws', 'VSCODE_IPC_HOOK_CLI': '/run/user/1000/vscode-ipc-42624e9b-bcb1-4cc4-a707-0f51c567ed34.sock', 'ROS_PYTHON_VERSION': '3', 'NO_COLOR': '1', 'DBUS_SESSION_BUS_ADDRESS': 'unix:path=/run/user/1000/bus', 'TROS_DISTRO': 'humble', 'COLCON_PREFIX_PATH': '/home/sunrise/dev_ws/install', 'ROS_DISTRO': 'humble', 'OVSX_REGISTRY_URL': 'https://open-vsx.org', 'LOGNAME': 'sunrise', 'FORCE_COLOR': '0', 'VSCODE_HANDLES_SIGPIPE': 'true', '_': '/usr/bin/colcon', 'ROS_VERSION': '2', 'CURSOR_LAYOUT': 'unifiedAgent', 'XDG_SESSION_CLASS': 'user', 'TERM': 'dumb', 'XDG_SESSION_ID': '2', 'ROS_LOCALHOST_ONLY': '0', 'PATH': '/home/sunrise/.local/bin:/usr/hobot/bin/:/home/sunrise/.cursor-server/bin/linux-arm64/81fcf2931d7687b4ff3f3017858d0c6dee7e2a60:/home/sunrise/.cursor-server/bin/linux-arm64/81fcf2931d7687b4ff3f3017858d0c6dee7e2a60/bin/remote-cli:/home/sunrise/.local/bin:/opt/tros/humble/bin:/opt/ros/humble/bin:/usr/hobot/bin/:/home/sunrise/.cursor-server/bin/linux-arm64/81fcf2931d7687b4ff3f3017858d0c6dee7e2a60/bin/remote-cli:/home/sunrise/.local/bin:/usr/hobot/bin/:/usr/local/sbin:/usr/local/bin:/usr/sbin:/usr/bin:/sbin:/bin:/usr/games:/usr/local/games:/snap/bin', 'VSCODE_AGENT_FOLDER': '/home/sunrise/.cursor-server', 'XDG_RUNTIME_DIR': '/run/user/1000', 'CURSOR_AGENT': '1', 'LANG': 'en_US.UTF-8', 'LS_COLORS': '', 'AMENT_PREFIX_PATH': '/home/sunrise/dev_ws/install/racing_stage2:/home/sunrise/dev_ws/install/racing_stage1:/home/sunrise/dev_ws/install/qr_scanner:/home/sunrise/dev_ws/install/bno055:/home/sunrise/dev_ws/install/voice_driver:/home/sunrise/dev_ws/install/utils:/home/sunrise/dev_ws/install/simple_avoidance:/home/sunrise/dev_ws/install/racing_stage2_param_test:/home/sunrise/dev_ws/install/origincar_base:/home/sunrise/dev_ws/install/serial:/home/sunrise/dev_ws/install/racing_vision_ai:/home/sunrise/dev_ws/install/racing_stage3_param_test:/home/sunrise/dev_ws/install/racing_bringup:/home/sunrise/dev_ws/install/racing_stage3:/home/sunrise/dev_ws/install/origincar_msg:/home/sunrise/dev_ws/install/origincar_description:/home/sunrise/dev_ws/install/origincar_bringup:/home/sunrise/dev_ws/install/lslidar_driver:/home/sunrise/dev_ws/install/lslidar_msgs:/home/sunrise/dev_ws/install/line_follower_pkg:/home/sunrise/dev_ws/install/ackermann_msgs:/opt/tros/humble:/opt/ros/humble', 'SHELL': '/bin/bash', 'VSCODE_SERVER_SHUTDOWN_TIMEOUT': '300', 'PWD': '/home/sunrise/dev_ws/build/racing_stage2_param_test', 'SSH_CONNECTION': '10.14.117.1 2504 10.14.117.8 22', 'PYTHONPATH': '/home/sunrise/dev_ws/build/racing_stage2_param_test/prefix_override:/usr/lib/python3/dist-packages/colcon_core/task/python/colcon_distutils_commands:/home/sunrise/dev_ws/install/racing_stage2_param_test/lib/python3.10/site-packages:/home/sunrise/dev_ws/build/racing_stage2:/home/sunrise/dev_ws/install/racing_stage2/lib/python3.10/site-packages:/home/sunrise/dev_ws/build/racing_stage1:/home/sunrise/dev_ws/install/racing_stage1/lib/python3.10/site-packages:/home/sunrise/dev_ws/build/qr_scanner:/home/sunrise/dev_ws/install/qr_scanner/lib/python3.10/site-packages:/home/sunrise/dev_ws/build/bno055:/home/sunrise/dev_ws/install/bno055/lib/python3.10/site-packages:/home/sunrise/dev_ws/install/voice_driver/local/lib/python3.10/dist-packages:/home/sunrise/dev_ws/build/simple_avoidance:/home/sunrise/dev_ws/install/simple_avoidance/lib/python3.10/site-packages:/home/sunrise/dev_ws/build/racing_stage2_param_test:/home/sunrise/dev_ws/install/racing_stage2_param_test/lib/python3.10/site-packages:/home/sunrise/dev_ws/install/origincar_base/local/lib/python3.10/dist-packages:/home/sunrise/dev_ws/build/racing_vision_ai:/home/sunrise/dev_ws/install/racing_vision_ai/lib/python3.10/site-packages:/home/sunrise/dev_ws/build/racing_stage3_param_test:/home/sunrise/dev_ws/install/racing_stage3_param_test/lib/python3.10/site-packages:/home/sunrise/dev_ws/build/racing_bringup:/home/sunrise/dev_ws/install/racing_bringup/lib/python3.10/site-packages:/home/sunrise/dev_ws/build/racing_stage3:/home/sunrise/dev_ws/install/racing_stage3/lib/python3.10/site-packages:/home/sunrise/dev_ws/install/origincar_msg/local/lib/python3.10/dist-packages:/home/sunrise/dev_ws/install/lslidar_msgs/local/lib/python3.10/dist-packages:/home/sunrise/dev_ws/build/line_follower_pkg:/home/sunrise/dev_ws/install/line_follower_pkg/lib/python3.10/site-packages:/home/sunrise/dev_ws/install/ackermann_msgs/local/lib/python3.10/dist-packages:/opt/tros/humble/lib/python3.10/site-packages:/opt/tros/humble/local/lib/python3.10/dist-packages:/opt/ros/humble/lib/python3.10/site-packages:/opt/ros/humble/local/lib/python3.10/dist-packages', 'COLCON': '1', '_ZO_DOCTOR': '0', 'CMAKE_PREFIX_PATH': '/home/sunrise/dev_ws/install/origincar_base:/home/sunrise/dev_ws/install/lslidar_driver:/home/sunrise/dev_ws/install/serial:/home/sunrise/dev_ws/install/origincar_msg:/home/sunrise/dev_ws/install/origincar_description:/home/sunrise/dev_ws/install/origincar_bringup:/home/sunrise/dev_ws/install/lslidar_msgs:/home/sunrise/dev_ws/install/ackermann_msgs:/home/sunrise/dev_ws/install/voice_driver:/home/sunrise/dev_ws/install/utils'}, 'shell': False}
[5.123323] (-) TimerEvent: {}
[5.223791] (-) TimerEvent: {}
[5.324260] (-) TimerEvent: {}
[5.424727] (-) TimerEvent: {}
[5.525195] (-) TimerEvent: {}
[5.625669] (-) TimerEvent: {}
[5.726224] (-) TimerEvent: {}
[5.826701] (-) TimerEvent: {}
[5.927164] (-) TimerEvent: {}
[6.027647] (-) TimerEvent: {}
[6.128159] (-) TimerEvent: {}
[6.228622] (-) TimerEvent: {}
[6.329087] (-) TimerEvent: {}
[6.429551] (-) TimerEvent: {}
[6.530050] (-) TimerEvent: {}
[6.630542] (-) TimerEvent: {}
[6.730991] (-) TimerEvent: {}
[6.831437] (-) TimerEvent: {}
[6.931873] (-) TimerEvent: {}
[7.032309] (-) TimerEvent: {}
[7.046173] (racing_stage2_param_test) StdoutLine: {'line': b'running develop\n'}
[7.132468] (-) TimerEvent: {}
[7.232898] (-) TimerEvent: {}
[7.333366] (-) TimerEvent: {}
[7.433829] (-) TimerEvent: {}
[7.534288] (-) TimerEvent: {}
[7.634752] (-) TimerEvent: {}
[7.735225] (-) TimerEvent: {}
[7.835687] (-) TimerEvent: {}
[7.936121] (-) TimerEvent: {}
[8.036542] (-) TimerEvent: {}
[8.136968] (-) TimerEvent: {}
[8.237424] (-) TimerEvent: {}
[8.251658] (racing_stage2_param_test) StdoutLine: {'line': b'running egg_info\n'}
[8.252772] (racing_stage2_param_test) StdoutLine: {'line': b'writing racing_stage2_param_test.egg-info/PKG-INFO\n'}
[8.254013] (racing_stage2_param_test) StdoutLine: {'line': b'writing dependency_links to racing_stage2_param_test.egg-info/dependency_links.txt\n'}
[8.255122] (racing_stage2_param_test) StdoutLine: {'line': b'writing entry points to racing_stage2_param_test.egg-info/entry_points.txt\n'}
[8.256005] (racing_stage2_param_test) StdoutLine: {'line': b'writing requirements to racing_stage2_param_test.egg-info/requires.txt\n'}
[8.256807] (racing_stage2_param_test) StdoutLine: {'line': b'writing top-level names to racing_stage2_param_test.egg-info/top_level.txt\n'}
[8.267135] (racing_stage2_param_test) StdoutLine: {'line': b"reading manifest file 'racing_stage2_param_test.egg-info/SOURCES.txt'\n"}
[8.272062] (racing_stage2_param_test) StdoutLine: {'line': b"writing manifest file 'racing_stage2_param_test.egg-info/SOURCES.txt'\n"}
[8.283625] (racing_stage2_param_test) StdoutLine: {'line': b'running build_ext\n'}
[8.284974] (racing_stage2_param_test) StdoutLine: {'line': b'Creating /home/sunrise/dev_ws/install/racing_stage2_param_test/lib/python3.10/site-packages/racing-stage2-param-test.egg-link (link to .)\n'}
[8.289625] (racing_stage2_param_test) StdoutLine: {'line': b'Installing avoidance_straight_tester script to /home/sunrise/dev_ws/install/racing_stage2_param_test/lib/racing_stage2_param_test\n'}
[8.290625] (racing_stage2_param_test) StdoutLine: {'line': b'Installing camera_video_recorder script to /home/sunrise/dev_ws/install/racing_stage2_param_test/lib/racing_stage2_param_test\n'}
[8.291731] (racing_stage2_param_test) StdoutLine: {'line': b'Installing direct_inertial_tester script to /home/sunrise/dev_ws/install/racing_stage2_param_test/lib/racing_stage2_param_test\n'}
[8.292260] (racing_stage2_param_test) StdoutLine: {'line': b'Installing twist_cmd_relay script to /home/sunrise/dev_ws/install/racing_stage2_param_test/lib/racing_stage2_param_test\n'}
[8.293322] (racing_stage2_param_test) StdoutLine: {'line': b'\n'}
[8.293798] (racing_stage2_param_test) StdoutLine: {'line': b'Installed /home/sunrise/dev_ws/build/racing_stage2_param_test\n'}
[8.294247] (racing_stage2_param_test) StdoutLine: {'line': b'running symlink_data\n'}
[8.337631] (-) TimerEvent: {}
[8.438177] (-) TimerEvent: {}
[8.536387] (racing_stage2_param_test) CommandEnded: {'returncode': 0}
[8.552960] (-) TimerEvent: {}
[8.654267] (racing_stage2_param_test) JobEnded: {'identifier': 'racing_stage2_param_test', 'rc': 0}
[8.657001] (-) TimerEvent: {}
[8.657166] (-) EventReactorShutdown: {}
