[0.000000] (-) TimerEvent: {}
[0.000731] (-) JobUnselected: {'identifier': 'ackermann_msgs'}
[0.001700] (-) JobUnselected: {'identifier': 'bno055'}
[0.003230] (-) JobUnselected: {'identifier': 'line_follower_pkg'}
[0.004308] (-) JobUnselected: {'identifier': 'lslidar_driver'}
[0.005299] (-) JobUnselected: {'identifier': 'lslidar_msgs'}
[0.005760] (-) JobUnselected: {'identifier': 'origincar_base'}
[0.006028] (-) JobUnselected: {'identifier': 'origincar_bringup'}
[0.006254] (-) JobUnselected: {'identifier': 'origincar_description'}
[0.006520] (-) JobUnselected: {'identifier': 'origincar_msg'}
[0.006736] (-) JobUnselected: {'identifier': 'qr_scanner'}
[0.006970] (-) JobUnselected: {'identifier': 'racing_bringup'}
[0.007252] (-) JobUnselected: {'identifier': 'racing_stage1'}
[0.007723] (-) JobUnselected: {'identifier': 'racing_stage2'}
[0.007973] (-) JobUnselected: {'identifier': 'racing_stage3'}
[0.008194] (-) JobUnselected: {'identifier': 'racing_stage3_param_test'}
[0.008352] (-) JobUnselected: {'identifier': 'racing_vision_ai'}
[0.008803] (-) JobUnselected: {'identifier': 'serial'}
[0.009101] (-) JobUnselected: {'identifier': 'simple_avoidance'}
[0.009257] (-) JobUnselected: {'identifier': 'utils'}
[0.009404] (-) JobUnselected: {'identifier': 'voice_driver'}
[0.009559] (racing_stage2_param_test) JobQueued: {'identifier': 'racing_stage2_param_test', 'dependencies': OrderedDict([('ackermann_msgs', '/home/sunrise/dev_ws/install/ackermann_msgs'), ('bno055', '/home/sunrise/dev_ws/install/bno055'), ('lslidar_msgs', '/home/sunrise/dev_ws/install/lslidar_msgs'), ('origincar_bringup', '/home/sunrise/dev_ws/install/origincar_bringup'), ('origincar_description', '/home/sunrise/dev_ws/install/origincar_description'), ('origincar_msg', '/home/sunrise/dev_ws/install/origincar_msg'), ('qr_scanner', '/home/sunrise/dev_ws/install/qr_scanner'), ('serial', '/home/sunrise/dev_ws/install/serial'), ('lslidar_driver', '/home/sunrise/dev_ws/install/lslidar_driver'), ('origincar_base', '/home/sunrise/dev_ws/install/origincar_base'), ('racing_stage1', '/home/sunrise/dev_ws/install/racing_stage1'), ('racing_stage2', '/home/sunrise/dev_ws/install/racing_stage2')])}
[0.009898] (racing_stage2_param_test) JobStarted: {'identifier': 'racing_stage2_param_test'}
[0.098365] (-) TimerEvent: {}
[0.198911] (-) TimerEvent: {}
[0.299427] (-) TimerEvent: {}
[0.399963] (-) TimerEvent: {}
[0.500476] (-) TimerEvent: {}
[0.601043] (-) TimerEvent: {}
[0.701591] (-) TimerEvent: {}
[0.802136] (-) TimerEvent: {}
[0.902677] (-) TimerEvent: {}
[1.003183] (-) TimerEvent: {}
[1.103667] (-) TimerEvent: {}
[1.204153] (-) TimerEvent: {}
[1.304656] (-) TimerEvent: {}
[1.405162] (-) TimerEvent: {}
[1.505651] (-) TimerEvent: {}
[1.606138] (-) TimerEvent: {}
[1.706688] (-) TimerEvent: {}
[1.807175] (-) TimerEvent: {}
[1.907733] (-) TimerEvent: {}
[2.008323] (-) TimerEvent: {}
[2.108838] (-) TimerEvent: {}
[2.209378] (-) TimerEvent: {}
[2.309943] (-) TimerEvent: {}
[2.410632] (-) TimerEvent: {}
[2.511820] (-) TimerEvent: {}
[2.612430] (-) TimerEvent: {}
[2.712985] (-) TimerEvent: {}
[2.813529] (-) TimerEvent: {}
[2.914115] (-) TimerEvent: {}
[3.014641] (-) TimerEvent: {}
[3.115241] (-) TimerEvent: {}
[3.215872] (-) TimerEvent: {}
[3.316468] (-) TimerEvent: {}
[3.416989] (-) TimerEvent: {}
[3.517524] (-) TimerEvent: {}
[3.618034] (-) TimerEvent: {}
[3.718548] (-) TimerEvent: {}
[3.819066] (-) TimerEvent: {}
[3.919571] (-) TimerEvent: {}
[4.020101] (-) TimerEvent: {}
[4.120629] (-) TimerEvent: {}
[4.221152] (-) TimerEvent: {}
[4.321667] (-) TimerEvent: {}
[4.422194] (-) TimerEvent: {}
[4.522703] (-) TimerEvent: {}
[4.623209] (-) TimerEvent: {}
[4.723713] (-) TimerEvent: {}
[4.824231] (-) TimerEvent: {}
[4.924741] (-) TimerEvent: {}
[5.025261] (-) TimerEvent: {}
[5.125875] (-) TimerEvent: {}
[5.226458] (-) TimerEvent: {}
[5.327039] (-) TimerEvent: {}
[5.427705] (-) TimerEvent: {}
[5.528311] (-) TimerEvent: {}
[5.628905] (-) TimerEvent: {}
[5.729504] (-) TimerEvent: {}
[5.758915] (racing_stage2_param_test) Command: {'cmd': ['/usr/bin/python3', '-W', 'ignore:setup.py install is deprecated', '-W', 'ignore:easy_install command is deprecated', 'setup.py', 'develop', '--editable', '--build-directory', '/home/sunrise/dev_ws/build/racing_stage2_param_test/build', '--no-deps', 'symlink_data'], 'cwd': '/home/sunrise/dev_ws/build/racing_stage2_param_test', 'env': {'LANGUAGE': 'en_US.UTF-8', 'USER': 'sunrise', 'SSH_CLIENT': '10.147.109.1 33227 22', 'XDG_SESSION_TYPE': 'tty', 'SHLVL': '0', 'LD_LIBRARY_PATH': '/home/sunrise/dev_ws/install/origincar_base/lib:/home/sunrise/dev_ws/install/serial/lib:/home/sunrise/dev_ws/install/origincar_msg/lib:/home/sunrise/dev_ws/install/lslidar_msgs/lib:/home/sunrise/dev_ws/install/ackermann_msgs/lib:/opt/ros/humble/opt/rviz_ogre_vendor/lib:/opt/ros/humble/lib/aarch64-linux-gnu:/opt/ros/humble/lib', 'MOTD_SHOWN': 'pam', 'HOME': '/home/sunrise', 'OLDPWD': '/home/sunrise', 'ROS_PYTHON_VERSION': '3', 'DBUS_SESSION_BUS_ADDRESS': 'unix:path=/run/user/1000/bus', 'ROS_DISTRO': 'humble', 'LOGNAME': 'sunrise', '_': '/usr/bin/colcon', 'ROS_VERSION': '2', 'XDG_SESSION_CLASS': 'user', 'XDG_SESSION_ID': '72', 'ROS_LOCALHOST_ONLY': '0', 'PATH': '/opt/ros/humble/bin:/usr/local/sbin:/usr/local/bin:/usr/sbin:/usr/bin:/sbin:/bin:/usr/games:/usr/local/games:/snap/bin', 'XDG_RUNTIME_DIR': '/run/user/1000', 'LANG': 'en_US.UTF-8', 'AMENT_PREFIX_PATH': '/home/sunrise/dev_ws/install/racing_stage2:/home/sunrise/dev_ws/install/racing_stage1:/home/sunrise/dev_ws/install/origincar_base:/home/sunrise/dev_ws/install/lslidar_driver:/home/sunrise/dev_ws/install/serial:/home/sunrise/dev_ws/install/qr_scanner:/home/sunrise/dev_ws/install/origincar_msg:/home/sunrise/dev_ws/install/origincar_description:/home/sunrise/dev_ws/install/origincar_bringup:/home/sunrise/dev_ws/install/lslidar_msgs:/home/sunrise/dev_ws/install/bno055:/home/sunrise/dev_ws/install/ackermann_msgs:/opt/ros/humble', 'SHELL': '/bin/bash', 'PWD': '/home/sunrise/dev_ws/build/racing_stage2_param_test', 'SSH_CONNECTION': '10.147.109.1 33227 10.147.109.8 22', 'PYTHONPATH': '/home/sunrise/dev_ws/build/racing_stage2_param_test/prefix_override:/usr/lib/python3/dist-packages/colcon_core/task/python/colcon_distutils_commands:/home/sunrise/dev_ws/install/racing_stage2_param_test/lib/python3.10/site-packages:/home/sunrise/dev_ws/build/racing_stage2:/home/sunrise/dev_ws/install/racing_stage2/lib/python3.10/site-packages:/home/sunrise/dev_ws/build/racing_stage1:/home/sunrise/dev_ws/install/racing_stage1/lib/python3.10/site-packages:/home/sunrise/dev_ws/install/origincar_base/local/lib/python3.10/dist-packages:/home/sunrise/dev_ws/build/qr_scanner:/home/sunrise/dev_ws/install/qr_scanner/lib/python3.10/site-packages:/home/sunrise/dev_ws/install/origincar_msg/local/lib/python3.10/dist-packages:/home/sunrise/dev_ws/install/lslidar_msgs/local/lib/python3.10/dist-packages:/home/sunrise/dev_ws/build/bno055:/home/sunrise/dev_ws/install/bno055/lib/python3.10/site-packages:/home/sunrise/dev_ws/install/ackermann_msgs/local/lib/python3.10/dist-packages:/opt/ros/humble/lib/python3.10/site-packages:/opt/ros/humble/local/lib/python3.10/dist-packages', 'COLCON': '1', 'CMAKE_PREFIX_PATH': '/home/sunrise/dev_ws/install/origincar_base:/home/sunrise/dev_ws/install/lslidar_driver:/home/sunrise/dev_ws/install/serial:/home/sunrise/dev_ws/install/origincar_msg:/home/sunrise/dev_ws/install/origincar_description:/home/sunrise/dev_ws/install/origincar_bringup:/home/sunrise/dev_ws/install/lslidar_msgs:/home/sunrise/dev_ws/install/ackermann_msgs'}, 'shell': False}
[5.829707] (-) TimerEvent: {}
[5.930209] (-) TimerEvent: {}
[6.030744] (-) TimerEvent: {}
[6.131226] (-) TimerEvent: {}
[6.231743] (-) TimerEvent: {}
[6.332286] (-) TimerEvent: {}
[6.432836] (-) TimerEvent: {}
[6.533357] (-) TimerEvent: {}
[6.633879] (-) TimerEvent: {}
[6.734379] (-) TimerEvent: {}
[6.834875] (-) TimerEvent: {}
[6.935402] (-) TimerEvent: {}
[7.035899] (-) TimerEvent: {}
[7.136451] (-) TimerEvent: {}
[7.236966] (-) TimerEvent: {}
[7.337473] (-) TimerEvent: {}
[7.437992] (-) TimerEvent: {}
[7.538520] (-) TimerEvent: {}
[7.639032] (-) TimerEvent: {}
[7.739554] (-) TimerEvent: {}
[7.840071] (-) TimerEvent: {}
[7.940597] (-) TimerEvent: {}
[8.041218] (-) TimerEvent: {}
[8.141867] (-) TimerEvent: {}
[8.174147] (racing_stage2_param_test) StdoutLine: {'line': b'running develop\n'}
[8.242079] (-) TimerEvent: {}
[8.342591] (-) TimerEvent: {}
[8.443092] (-) TimerEvent: {}
[8.543606] (-) TimerEvent: {}
[8.644100] (-) TimerEvent: {}
[8.744676] (-) TimerEvent: {}
[8.845360] (-) TimerEvent: {}
[8.945880] (-) TimerEvent: {}
[9.046432] (-) TimerEvent: {}
[9.146931] (-) TimerEvent: {}
[9.247472] (-) TimerEvent: {}
[9.348036] (-) TimerEvent: {}
[9.448567] (-) TimerEvent: {}
[9.549119] (-) TimerEvent: {}
[9.649651] (-) TimerEvent: {}
[9.750185] (-) TimerEvent: {}
[9.850718] (-) TimerEvent: {}
[9.863400] (racing_stage2_param_test) StdoutLine: {'line': b'running egg_info\n'}
[9.864873] (racing_stage2_param_test) StdoutLine: {'line': b'writing racing_stage2_param_test.egg-info/PKG-INFO\n'}
[9.866565] (racing_stage2_param_test) StdoutLine: {'line': b'writing dependency_links to racing_stage2_param_test.egg-info/dependency_links.txt\n'}
[9.868263] (racing_stage2_param_test) StdoutLine: {'line': b'writing entry points to racing_stage2_param_test.egg-info/entry_points.txt\n'}
[9.869830] (racing_stage2_param_test) StdoutLine: {'line': b'writing requirements to racing_stage2_param_test.egg-info/requires.txt\n'}
[9.871900] (racing_stage2_param_test) StdoutLine: {'line': b'writing top-level names to racing_stage2_param_test.egg-info/top_level.txt\n'}
[9.885703] (racing_stage2_param_test) StdoutLine: {'line': b"reading manifest file 'racing_stage2_param_test.egg-info/SOURCES.txt'\n"}
[9.893053] (racing_stage2_param_test) StdoutLine: {'line': b"writing manifest file 'racing_stage2_param_test.egg-info/SOURCES.txt'\n"}
[9.904811] (racing_stage2_param_test) StdoutLine: {'line': b'running build_ext\n'}
[9.906301] (racing_stage2_param_test) StdoutLine: {'line': b'Creating /home/sunrise/dev_ws/install/racing_stage2_param_test/lib/python3.10/site-packages/racing-stage2-param-test.egg-link (link to .)\n'}
[9.913056] (racing_stage2_param_test) StdoutLine: {'line': b'Installing avoidance_straight_tester script to /home/sunrise/dev_ws/install/racing_stage2_param_test/lib/racing_stage2_param_test\n'}
[9.914335] (racing_stage2_param_test) StdoutLine: {'line': b'Installing camera_video_recorder script to /home/sunrise/dev_ws/install/racing_stage2_param_test/lib/racing_stage2_param_test\n'}
[9.915514] (racing_stage2_param_test) StdoutLine: {'line': b'Installing data_recorder script to /home/sunrise/dev_ws/install/racing_stage2_param_test/lib/racing_stage2_param_test\n'}
[9.916744] (racing_stage2_param_test) StdoutLine: {'line': b'Installing direct_inertial_tester script to /home/sunrise/dev_ws/install/racing_stage2_param_test/lib/racing_stage2_param_test\n'}
[9.917901] (racing_stage2_param_test) StdoutLine: {'line': b'Installing lane_follow script to /home/sunrise/dev_ws/install/racing_stage2_param_test/lib/racing_stage2_param_test\n'}
[9.919003] (racing_stage2_param_test) StdoutLine: {'line': b'Installing twist_cmd_relay script to /home/sunrise/dev_ws/install/racing_stage2_param_test/lib/racing_stage2_param_test\n'}
[9.920125] (racing_stage2_param_test) StdoutLine: {'line': b'Installing vision_inertial_tester script to /home/sunrise/dev_ws/install/racing_stage2_param_test/lib/racing_stage2_param_test\n'}
[9.921604] (racing_stage2_param_test) StdoutLine: {'line': b'\n'}
[9.922767] (racing_stage2_param_test) StdoutLine: {'line': b'Installed /home/sunrise/dev_ws/build/racing_stage2_param_test\n'}
[9.923408] (racing_stage2_param_test) StdoutLine: {'line': b'running symlink_data\n'}
[9.951621] (-) TimerEvent: {}
[10.052201] (-) TimerEvent: {}
[10.152801] (-) TimerEvent: {}
[10.220286] (racing_stage2_param_test) CommandEnded: {'returncode': 0}
[10.253073] (-) TimerEvent: {}
[10.314635] (racing_stage2_param_test) JobEnded: {'identifier': 'racing_stage2_param_test', 'rc': 0}
[10.318323] (-) EventReactorShutdown: {}
