[0.000000] (-) TimerEvent: {}
[0.000505] (-) JobUnselected: {'identifier': 'ackermann_msgs'}
[0.001227] (-) JobUnselected: {'identifier': 'bno055'}
[0.002423] (-) JobUnselected: {'identifier': 'line_follower_pkg'}
[0.003267] (-) JobUnselected: {'identifier': 'lslidar_driver'}
[0.004107] (-) JobUnselected: {'identifier': 'lslidar_msgs'}
[0.004348] (-) JobUnselected: {'identifier': 'origincar_base'}
[0.004544] (-) JobUnselected: {'identifier': 'origincar_bringup'}
[0.004734] (-) JobUnselected: {'identifier': 'origincar_description'}
[0.004922] (-) JobUnselected: {'identifier': 'origincar_msg'}
[0.005109] (-) JobUnselected: {'identifier': 'qr_scanner'}
[0.005298] (-) JobUnselected: {'identifier': 'racing_bringup'}
[0.005487] (-) JobUnselected: {'identifier': 'racing_stage1'}
[0.005672] (-) JobUnselected: {'identifier': 'racing_stage2'}
[0.005857] (-) JobUnselected: {'identifier': 'racing_stage3'}
[0.006042] (-) JobUnselected: {'identifier': 'racing_stage3_param_test'}
[0.006226] (-) JobUnselected: {'identifier': 'racing_vision_ai'}
[0.006411] (-) JobUnselected: {'identifier': 'serial'}
[0.006596] (-) JobUnselected: {'identifier': 'simple_avoidance'}
[0.006781] (-) JobUnselected: {'identifier': 'utils'}
[0.006986] (-) JobUnselected: {'identifier': 'voice_driver'}
[0.007220] (racing_stage2_param_test) JobQueued: {'identifier': 'racing_stage2_param_test', 'dependencies': OrderedDict([('ackermann_msgs', '/home/sunrise/dev_ws/install/ackermann_msgs'), ('bno055', '/home/sunrise/dev_ws/install/bno055'), ('lslidar_msgs', '/home/sunrise/dev_ws/install/lslidar_msgs'), ('origincar_bringup', '/home/sunrise/dev_ws/install/origincar_bringup'), ('origincar_description', '/home/sunrise/dev_ws/install/origincar_description'), ('origincar_msg', '/home/sunrise/dev_ws/install/origincar_msg'), ('qr_scanner', '/home/sunrise/dev_ws/install/qr_scanner'), ('serial', '/home/sunrise/dev_ws/install/serial'), ('lslidar_driver', '/home/sunrise/dev_ws/install/lslidar_driver'), ('origincar_base', '/home/sunrise/dev_ws/install/origincar_base'), ('racing_stage1', '/home/sunrise/dev_ws/install/racing_stage1'), ('racing_stage2', '/home/sunrise/dev_ws/install/racing_stage2')])}
[0.007518] (racing_stage2_param_test) JobStarted: {'identifier': 'racing_stage2_param_test'}
[0.098583] (-) TimerEvent: {}
[0.199083] (-) TimerEvent: {}
[0.299588] (-) TimerEvent: {}
[0.400063] (-) TimerEvent: {}
[0.500601] (-) TimerEvent: {}
[0.601112] (-) TimerEvent: {}
[0.701650] (-) TimerEvent: {}
[0.802182] (-) TimerEvent: {}
[0.902726] (-) TimerEvent: {}
[1.003227] (-) TimerEvent: {}
[1.103725] (-) TimerEvent: {}
[1.204211] (-) TimerEvent: {}
[1.304688] (-) TimerEvent: {}
[1.405160] (-) TimerEvent: {}
[1.505641] (-) TimerEvent: {}
[1.606122] (-) TimerEvent: {}
[1.706621] (-) TimerEvent: {}
[1.807129] (-) TimerEvent: {}
[1.907616] (-) TimerEvent: {}
[2.008086] (-) TimerEvent: {}
[2.108620] (-) TimerEvent: {}
[2.209174] (-) TimerEvent: {}
[2.309825] (-) TimerEvent: {}
[2.410342] (-) TimerEvent: {}
[2.510843] (-) TimerEvent: {}
[2.611285] (-) TimerEvent: {}
[2.711765] (-) TimerEvent: {}
[2.812261] (-) TimerEvent: {}
[2.912762] (-) TimerEvent: {}
[3.013249] (-) TimerEvent: {}
[3.113746] (-) TimerEvent: {}
[3.214249] (-) TimerEvent: {}
[3.314773] (-) TimerEvent: {}
[3.415282] (-) TimerEvent: {}
[3.515804] (-) TimerEvent: {}
[3.616307] (-) TimerEvent: {}
[3.716843] (-) TimerEvent: {}
[3.817360] (-) TimerEvent: {}
[3.917872] (-) TimerEvent: {}
[4.020356] (-) TimerEvent: {}
[4.120854] (-) TimerEvent: {}
[4.221365] (-) TimerEvent: {}
[4.321920] (-) TimerEvent: {}
[4.422457] (-) TimerEvent: {}
[4.523082] (-) TimerEvent: {}
[4.623713] (-) TimerEvent: {}
[4.724279] (-) TimerEvent: {}
[4.825769] (-) TimerEvent: {}
[4.926329] (-) TimerEvent: {}
[5.026956] (-) TimerEvent: {}
[5.127531] (-) TimerEvent: {}
[5.165353] (racing_stage2_param_test) Command: {'cmd': ['/usr/bin/python3', '-W', 'ignore:setup.py install is deprecated', '-W', 'ignore:easy_install command is deprecated', 'setup.py', 'develop', '--editable', '--build-directory', '/home/sunrise/dev_ws/build/racing_stage2_param_test/build', '--no-deps', 'symlink_data', '--force'], 'cwd': '/home/sunrise/dev_ws/build/racing_stage2_param_test', 'env': {'VSCODE_CWD': '/home/sunrise', 'VSCODE_ESM_ENTRYPOINT': 'vs/workbench/api/node/extensionHostProcess', 'LANGUAGE': 'en_US.UTF-8', 'USER': 'sunrise', 'SSH_CLIENT': '10.147.109.1 42702 22', 'VSCODE_NLS_CONFIG': '{"userLocale":"en","osLocale":"en","resolvedLanguage":"en","defaultMessagesFile":"/home/sunrise/.cursor-server/bin/linux-arm64/81fcf2931d7687b4ff3f3017858d0c6dee7e2a60/out/nls.messages.json","locale":"en","availableLanguages":{}}', 'VSCODE_HANDLES_UNCAUGHT_ERRORS': 'true', 'XDG_SESSION_TYPE': 'tty', 'SHLVL': '1', 'LD_LIBRARY_PATH': '/home/sunrise/dev_ws/install/origincar_base/lib:/home/sunrise/dev_ws/install/origincar_msg/lib:/home/sunrise/dev_ws/install/lslidar_msgs/lib:/home/sunrise/dev_ws/install/ackermann_msgs/lib:/usr/hobot/lib:/app/lib:/app/pub/lib:/middleware/lib:/middleware/pub/lib:/usr/hobot/lib/sensor:/system/lib:/system/usr/lib:/lib:/home/sunrise/dev_ws/install/voice_driver/lib:/home/sunrise/dev_ws/install/serial/lib:/opt/tros/humble/lib/aarch64-linux-gnu:/opt/tros/humble/lib:/opt/ros/humble/opt/rviz_ogre_vendor/lib:/opt/ros/humble/lib/aarch64-linux-gnu:/opt/ros/humble/lib:/usr/hobot/lib:/app/lib:/app/pub/lib:/middleware/lib:/middleware/pub/lib:/usr/hobot/lib/sensor:/system/lib:/system/usr/lib:/lib:/usr/hobot/lib:/app/lib:/app/pub/lib:/middleware/lib:/middleware/pub/lib:/usr/hobot/lib/sensor:/system/lib:/system/usr/lib:/lib', 'BROWSER': '/home/sunrise/.cursor-server/bin/linux-arm64/81fcf2931d7687b4ff3f3017858d0c6dee7e2a60/bin/helpers/browser.sh', 'MOTD_SHOWN': 'pam', 'HOME': '/home/sunrise', 'OLDPWD': '/home/sunrise/dev_ws', 'VSCODE_IPC_HOOK_CLI': '/run/user/1000/vscode-ipc-40513e96-8548-476c-ba88-d9e5d74e632f.sock', 'ROS_PYTHON_VERSION': '3', 'NO_COLOR': '1', 'DBUS_SESSION_BUS_ADDRESS': 'unix:path=/run/user/1000/bus', 'TROS_DISTRO': 'humble', 'VSCODE_L10N_BUNDLE_LOCATION': '', 'COLCON_PREFIX_PATH': '/home/sunrise/dev_ws/install', 'ROS_DISTRO': 'humble', 'OVSX_REGISTRY_URL': 'https://open-vsx.org', 'LOGNAME': 'sunrise', 'FORCE_COLOR': '0', 'VSCODE_HANDLES_SIGPIPE': 'true', '_': '/usr/bin/colcon', 'ROS_VERSION': '2', 'CURSOR_LAYOUT': 'unifiedAgent', 'XDG_SESSION_CLASS': 'user', 'TERM': 'dumb', 'XDG_SESSION_ID': '2', 'ROS_LOCALHOST_ONLY': '0', 'PATH': '/home/sunrise/.local/bin:/usr/hobot/bin/:/home/sunrise/.cursor-server/bin/linux-arm64/81fcf2931d7687b4ff3f3017858d0c6dee7e2a60:/home/sunrise/.cursor-server/bin/linux-arm64/81fcf2931d7687b4ff3f3017858d0c6dee7e2a60/bin/remote-cli:/home/sunrise/.local/bin:/opt/tros/humble/bin:/opt/ros/humble/bin:/usr/hobot/bin/:/home/sunrise/.cursor-server/bin/linux-arm64/81fcf2931d7687b4ff3f3017858d0c6dee7e2a60/bin/remote-cli:/home/sunrise/.local/bin:/usr/hobot/bin/:/usr/local/sbin:/usr/local/bin:/usr/sbin:/usr/bin:/sbin:/bin:/usr/games:/usr/local/games:/snap/bin', 'VSCODE_AGENT_FOLDER': '/home/sunrise/.cursor-server', 'XDG_RUNTIME_DIR': '/run/user/1000', 'CURSOR_AGENT': '1', 'LANG': 'en_US.UTF-8', 'LS_COLORS': '', 'AMENT_PREFIX_PATH': '/home/sunrise/dev_ws/install/racing_stage2:/home/sunrise/dev_ws/install/racing_stage1:/home/sunrise/dev_ws/install/qr_scanner:/home/sunrise/dev_ws/install/bno055:/home/sunrise/dev_ws/install/voice_driver:/home/sunrise/dev_ws/install/utils:/home/sunrise/dev_ws/install/simple_avoidance:/home/sunrise/dev_ws/install/racing_stage2_param_test:/home/sunrise/dev_ws/install/origincar_base:/home/sunrise/dev_ws/install/serial:/home/sunrise/dev_ws/install/racing_vision_ai:/home/sunrise/dev_ws/install/racing_stage3_param_test:/home/sunrise/dev_ws/install/racing_bringup:/home/sunrise/dev_ws/install/racing_stage3:/home/sunrise/dev_ws/install/origincar_msg:/home/sunrise/dev_ws/install/origincar_description:/home/sunrise/dev_ws/install/origincar_bringup:/home/sunrise/dev_ws/install/lslidar_driver:/home/sunrise/dev_ws/install/lslidar_msgs:/home/sunrise/dev_ws/install/line_follower_pkg:/home/sunrise/dev_ws/install/ackermann_msgs:/opt/tros/humble:/opt/ros/humble', 'SHELL': '/bin/bash', 'VSCODE_SERVER_SHUTDOWN_TIMEOUT': '300', 'PWD': '/home/sunrise/dev_ws/build/racing_stage2_param_test', 'SSH_CONNECTION': '10.147.109.1 42702 10.147.109.8 22', 'PYTHONPATH': '/home/sunrise/dev_ws/build/racing_stage2_param_test/prefix_override:/usr/lib/python3/dist-packages/colcon_core/task/python/colcon_distutils_commands:/home/sunrise/dev_ws/install/racing_stage2_param_test/lib/python3.10/site-packages:/home/sunrise/dev_ws/build/racing_stage2:/home/sunrise/dev_ws/install/racing_stage2/lib/python3.10/site-packages:/home/sunrise/dev_ws/build/racing_stage1:/home/sunrise/dev_ws/install/racing_stage1/lib/python3.10/site-packages:/home/sunrise/dev_ws/build/qr_scanner:/home/sunrise/dev_ws/install/qr_scanner/lib/python3.10/site-packages:/home/sunrise/dev_ws/build/bno055:/home/sunrise/dev_ws/install/bno055/lib/python3.10/site-packages:/home/sunrise/dev_ws/install/voice_driver/local/lib/python3.10/dist-packages:/home/sunrise/dev_ws/build/simple_avoidance:/home/sunrise/dev_ws/install/simple_avoidance/lib/python3.10/site-packages:/home/sunrise/dev_ws/build/racing_stage2_param_test:/home/sunrise/dev_ws/install/racing_stage2_param_test/lib/python3.10/site-packages:/home/sunrise/dev_ws/install/origincar_base/local/lib/python3.10/dist-packages:/home/sunrise/dev_ws/build/racing_vision_ai:/home/sunrise/dev_ws/install/racing_vision_ai/lib/python3.10/site-packages:/home/sunrise/dev_ws/build/racing_stage3_param_test:/home/sunrise/dev_ws/install/racing_stage3_param_test/lib/python3.10/site-packages:/home/sunrise/dev_ws/build/racing_bringup:/home/sunrise/dev_ws/install/racing_bringup/lib/python3.10/site-packages:/home/sunrise/dev_ws/build/racing_stage3:/home/sunrise/dev_ws/install/racing_stage3/lib/python3.10/site-packages:/home/sunrise/dev_ws/install/origincar_msg/local/lib/python3.10/dist-packages:/home/sunrise/dev_ws/install/lslidar_msgs/local/lib/python3.10/dist-packages:/home/sunrise/dev_ws/build/line_follower_pkg:/home/sunrise/dev_ws/install/line_follower_pkg/lib/python3.10/site-packages:/home/sunrise/dev_ws/install/ackermann_msgs/local/lib/python3.10/dist-packages:/opt/tros/humble/lib/python3.10/site-packages:/opt/tros/humble/local/lib/python3.10/dist-packages:/opt/ros/humble/lib/python3.10/site-packages:/opt/ros/humble/local/lib/python3.10/dist-packages', 'COLCON': '1', '_ZO_DOCTOR': '0', 'CMAKE_PREFIX_PATH': '/home/sunrise/dev_ws/install/origincar_base:/home/sunrise/dev_ws/install/lslidar_driver:/home/sunrise/dev_ws/install/serial:/home/sunrise/dev_ws/install/origincar_msg:/home/sunrise/dev_ws/install/origincar_description:/home/sunrise/dev_ws/install/origincar_bringup:/home/sunrise/dev_ws/install/lslidar_msgs:/home/sunrise/dev_ws/install/ackermann_msgs:/home/sunrise/dev_ws/install/voice_driver:/home/sunrise/dev_ws/install/utils'}, 'shell': False}
[5.227748] (-) TimerEvent: {}
[5.328293] (-) TimerEvent: {}
[5.428818] (-) TimerEvent: {}
[5.529363] (-) TimerEvent: {}
[5.629910] (-) TimerEvent: {}
[5.730508] (-) TimerEvent: {}
[5.831042] (-) TimerEvent: {}
[5.931555] (-) TimerEvent: {}
[6.032097] (-) TimerEvent: {}
[6.132613] (-) TimerEvent: {}
[6.233130] (-) TimerEvent: {}
[6.333659] (-) TimerEvent: {}
[6.434205] (-) TimerEvent: {}
[6.534731] (-) TimerEvent: {}
[6.635286] (-) TimerEvent: {}
[6.735827] (-) TimerEvent: {}
[6.836375] (-) TimerEvent: {}
[6.936923] (-) TimerEvent: {}
[7.037474] (-) TimerEvent: {}
[7.138033] (-) TimerEvent: {}
[7.238610] (-) TimerEvent: {}
[7.339148] (-) TimerEvent: {}
[7.439687] (-) TimerEvent: {}
[7.529405] (racing_stage2_param_test) StdoutLine: {'line': b'running develop\n'}
[7.539849] (-) TimerEvent: {}
[7.640364] (-) TimerEvent: {}
[7.740892] (-) TimerEvent: {}
[7.841407] (-) TimerEvent: {}
[7.941944] (-) TimerEvent: {}
[8.042474] (-) TimerEvent: {}
[8.143010] (-) TimerEvent: {}
[8.243550] (-) TimerEvent: {}
[8.344095] (-) TimerEvent: {}
[8.444695] (-) TimerEvent: {}
[8.545324] (-) TimerEvent: {}
[8.645940] (-) TimerEvent: {}
[8.746537] (-) TimerEvent: {}
[8.847147] (-) TimerEvent: {}
[8.947767] (-) TimerEvent: {}
[9.048372] (-) TimerEvent: {}
[9.148942] (-) TimerEvent: {}
[9.249507] (-) TimerEvent: {}
[9.350109] (-) TimerEvent: {}
[9.396535] (racing_stage2_param_test) StdoutLine: {'line': b'running egg_info\n'}
[9.398553] (racing_stage2_param_test) StdoutLine: {'line': b'writing racing_stage2_param_test.egg-info/PKG-INFO\n'}
[9.400140] (racing_stage2_param_test) StdoutLine: {'line': b'writing dependency_links to racing_stage2_param_test.egg-info/dependency_links.txt\n'}
[9.402284] (racing_stage2_param_test) StdoutLine: {'line': b'writing entry points to racing_stage2_param_test.egg-info/entry_points.txt\n'}
[9.403264] (racing_stage2_param_test) StdoutLine: {'line': b'writing requirements to racing_stage2_param_test.egg-info/requires.txt\n'}
[9.409676] (racing_stage2_param_test) StdoutLine: {'line': b'writing top-level names to racing_stage2_param_test.egg-info/top_level.txt\n'}
[9.416866] (racing_stage2_param_test) StdoutLine: {'line': b"reading manifest file 'racing_stage2_param_test.egg-info/SOURCES.txt'\n"}
[9.423527] (racing_stage2_param_test) StdoutLine: {'line': b"writing manifest file 'racing_stage2_param_test.egg-info/SOURCES.txt'\n"}
[9.437692] (racing_stage2_param_test) StdoutLine: {'line': b'running build_ext\n'}
[9.439742] (racing_stage2_param_test) StdoutLine: {'line': b'Creating /home/sunrise/dev_ws/install/racing_stage2_param_test/lib/python3.10/site-packages/racing-stage2-param-test.egg-link (link to .)\n'}
[9.445570] (racing_stage2_param_test) StdoutLine: {'line': b'Installing avoidance_straight_tester script to /home/sunrise/dev_ws/install/racing_stage2_param_test/lib/racing_stage2_param_test\n'}
[9.448321] (racing_stage2_param_test) StdoutLine: {'line': b'Installing camera_video_recorder script to /home/sunrise/dev_ws/install/racing_stage2_param_test/lib/racing_stage2_param_test\n'}
[9.449861] (racing_stage2_param_test) StdoutLine: {'line': b'Installing direct_inertial_tester script to /home/sunrise/dev_ws/install/racing_stage2_param_test/lib/racing_stage2_param_test\n'}
[9.460889] (-) TimerEvent: {}
[9.461202] (racing_stage2_param_test) StdoutLine: {'line': b'Installing twist_cmd_relay script to /home/sunrise/dev_ws/install/racing_stage2_param_test/lib/racing_stage2_param_test\n'}
[9.462169] (racing_stage2_param_test) StdoutLine: {'line': b'\n'}
[9.462997] (racing_stage2_param_test) StdoutLine: {'line': b'Installed /home/sunrise/dev_ws/build/racing_stage2_param_test\n'}
[9.463789] (racing_stage2_param_test) StdoutLine: {'line': b'running symlink_data\n'}
[9.464542] (racing_stage2_param_test) StdoutLine: {'line': b'symbolically linking /home/sunrise/dev_ws/build/racing_stage2_param_test/resource/racing_stage2_param_test -> /home/sunrise/dev_ws/install/racing_stage2_param_test/share/ament_index/resource_index/packages\n'}
[9.465289] (racing_stage2_param_test) StdoutLine: {'line': b'symbolically linking /home/sunrise/dev_ws/build/racing_stage2_param_test/package.xml -> /home/sunrise/dev_ws/install/racing_stage2_param_test/share/racing_stage2_param_test\n'}
[9.466011] (racing_stage2_param_test) StdoutLine: {'line': b'symbolically linking /home/sunrise/dev_ws/build/racing_stage2_param_test/launch/direct_inertial_test.launch.py -> /home/sunrise/dev_ws/install/racing_stage2_param_test/share/racing_stage2_param_test/launch\n'}
[9.466708] (racing_stage2_param_test) StdoutLine: {'line': b'symbolically linking /home/sunrise/dev_ws/build/racing_stage2_param_test/launch/avoidance_straight_test.launch.py -> /home/sunrise/dev_ws/install/racing_stage2_param_test/share/racing_stage2_param_test/launch\n'}
[9.471929] (racing_stage2_param_test) StdoutLine: {'line': b'symbolically linking /home/sunrise/dev_ws/build/racing_stage2_param_test/launch/direct_inertial_camera_record_test.launch.py -> /home/sunrise/dev_ws/install/racing_stage2_param_test/share/racing_stage2_param_test/launch\n'}
[9.473490] (racing_stage2_param_test) StdoutLine: {'line': b'symbolically linking /home/sunrise/dev_ws/build/racing_stage2_param_test/config/avoidance_straight_test.yaml -> /home/sunrise/dev_ws/install/racing_stage2_param_test/share/racing_stage2_param_test/config\n'}
[9.561164] (-) TimerEvent: {}
[9.661786] (-) TimerEvent: {}
[9.762404] (-) TimerEvent: {}
[9.811142] (racing_stage2_param_test) CommandEnded: {'returncode': 0}
[9.862966] (-) TimerEvent: {}
[9.927836] (racing_stage2_param_test) JobEnded: {'identifier': 'racing_stage2_param_test', 'rc': 0}
[9.932371] (-) EventReactorShutdown: {}
