[0.000000] (-) TimerEvent: {}
[0.000428] (-) JobUnselected: {'identifier': 'ackermann_msgs'}
[0.001099] (-) JobUnselected: {'identifier': 'bno055'}
[0.002125] (-) JobUnselected: {'identifier': 'line_follower_pkg'}
[0.002940] (-) JobUnselected: {'identifier': 'lslidar_driver'}
[0.003774] (-) JobUnselected: {'identifier': 'lslidar_msgs'}
[0.004026] (-) JobUnselected: {'identifier': 'origincar_base'}
[0.004231] (-) JobUnselected: {'identifier': 'origincar_bringup'}
[0.004426] (-) JobUnselected: {'identifier': 'origincar_description'}
[0.004614] (-) JobUnselected: {'identifier': 'origincar_msg'}
[0.004805] (-) JobUnselected: {'identifier': 'qr_scanner'}
[0.004992] (-) JobUnselected: {'identifier': 'racing_bringup'}
[0.005245] (-) JobUnselected: {'identifier': 'racing_stage1'}
[0.005432] (-) JobUnselected: {'identifier': 'racing_stage2'}
[0.005618] (-) JobUnselected: {'identifier': 'racing_stage3'}
[0.005803] (-) JobUnselected: {'identifier': 'racing_stage3_param_test'}
[0.005990] (-) JobUnselected: {'identifier': 'racing_vision_ai'}
[0.006175] (-) JobUnselected: {'identifier': 'serial'}
[0.006358] (-) JobUnselected: {'identifier': 'simple_avoidance'}
[0.006543] (-) JobUnselected: {'identifier': 'utils'}
[0.006731] (-) JobUnselected: {'identifier': 'voice_driver'}
[0.006933] (racing_stage2_param_test) JobQueued: {'identifier': 'racing_stage2_param_test', 'dependencies': OrderedDict([('ackermann_msgs', '/home/sunrise/dev_ws/install/ackermann_msgs'), ('bno055', '/home/sunrise/dev_ws/install/bno055'), ('lslidar_msgs', '/home/sunrise/dev_ws/install/lslidar_msgs'), ('origincar_bringup', '/home/sunrise/dev_ws/install/origincar_bringup'), ('origincar_description', '/home/sunrise/dev_ws/install/origincar_description'), ('origincar_msg', '/home/sunrise/dev_ws/install/origincar_msg'), ('qr_scanner', '/home/sunrise/dev_ws/install/qr_scanner'), ('serial', '/home/sunrise/dev_ws/install/serial'), ('lslidar_driver', '/home/sunrise/dev_ws/install/lslidar_driver'), ('origincar_base', '/home/sunrise/dev_ws/install/origincar_base'), ('racing_stage1', '/home/sunrise/dev_ws/install/racing_stage1'), ('racing_stage2', '/home/sunrise/dev_ws/install/racing_stage2')])}
[0.007218] (racing_stage2_param_test) JobStarted: {'identifier': 'racing_stage2_param_test'}
[0.098707] (-) TimerEvent: {}
[0.199222] (-) TimerEvent: {}
[0.299714] (-) TimerEvent: {}
[0.400197] (-) TimerEvent: {}
[0.500687] (-) TimerEvent: {}
[0.601187] (-) TimerEvent: {}
[0.701710] (-) TimerEvent: {}
[0.802237] (-) TimerEvent: {}
[0.902738] (-) TimerEvent: {}
[1.003250] (-) TimerEvent: {}
[1.103745] (-) TimerEvent: {}
[1.204237] (-) TimerEvent: {}
[1.304749] (-) TimerEvent: {}
[1.405248] (-) TimerEvent: {}
[1.505752] (-) TimerEvent: {}
[1.606243] (-) TimerEvent: {}
[1.706739] (-) TimerEvent: {}
[1.807222] (-) TimerEvent: {}
[1.907708] (-) TimerEvent: {}
[2.008208] (-) TimerEvent: {}
[2.108766] (-) TimerEvent: {}
[2.209351] (-) TimerEvent: {}
[2.309936] (-) TimerEvent: {}
[2.410460] (-) TimerEvent: {}
[2.510961] (-) TimerEvent: {}
[2.611454] (-) TimerEvent: {}
[2.711962] (-) TimerEvent: {}
[2.812493] (-) TimerEvent: {}
[2.912946] (-) TimerEvent: {}
[3.013429] (-) TimerEvent: {}
[3.113934] (-) TimerEvent: {}
[3.214416] (-) TimerEvent: {}
[3.314913] (-) TimerEvent: {}
[3.415411] (-) TimerEvent: {}
[3.515914] (-) TimerEvent: {}
[3.616409] (-) TimerEvent: {}
[3.716919] (-) TimerEvent: {}
[3.817432] (-) TimerEvent: {}
[3.917963] (-) TimerEvent: {}
[4.018490] (-) TimerEvent: {}
[4.118982] (-) TimerEvent: {}
[4.219451] (-) TimerEvent: {}
[4.319925] (-) TimerEvent: {}
[4.420404] (-) TimerEvent: {}
[4.520886] (-) TimerEvent: {}
[4.621371] (-) TimerEvent: {}
[4.721851] (-) TimerEvent: {}
[4.822390] (-) TimerEvent: {}
[4.922936] (-) TimerEvent: {}
[5.023473] (-) TimerEvent: {}
[5.124027] (-) TimerEvent: {}
[5.208495] (racing_stage2_param_test) Command: {'cmd': ['/usr/bin/python3', '-W', 'ignore:setup.py install is deprecated', '-W', 'ignore:easy_install command is deprecated', 'setup.py', 'develop', '--editable', '--build-directory', '/home/sunrise/dev_ws/build/racing_stage2_param_test/build', '--no-deps', 'symlink_data'], 'cwd': '/home/sunrise/dev_ws/build/racing_stage2_param_test', 'env': {'VSCODE_CWD': '/home/sunrise', 'VSCODE_ESM_ENTRYPOINT': 'vs/workbench/api/node/extensionHostProcess', 'LANGUAGE': 'en_US.UTF-8', 'USER': 'sunrise', 'SSH_CLIENT': '10.119.156.1 43578 22', 'VSCODE_NLS_CONFIG': '{"userLocale":"en","osLocale":"en","resolvedLanguage":"en","defaultMessagesFile":"/home/sunrise/.cursor-server/bin/linux-arm64/81fcf2931d7687b4ff3f3017858d0c6dee7e2a60/out/nls.messages.json","locale":"en","availableLanguages":{}}', 'VSCODE_HANDLES_UNCAUGHT_ERRORS': 'true', 'XDG_SESSION_TYPE': 'tty', 'SHLVL': '1', 'LD_LIBRARY_PATH': '/home/sunrise/dev_ws/install/origincar_base/lib:/home/sunrise/dev_ws/install/origincar_msg/lib:/home/sunrise/dev_ws/install/lslidar_msgs/lib:/home/sunrise/dev_ws/install/ackermann_msgs/lib:/usr/hobot/lib:/app/lib:/app/pub/lib:/middleware/lib:/middleware/pub/lib:/usr/hobot/lib/sensor:/system/lib:/system/usr/lib:/lib:/home/sunrise/dev_ws/install/voice_driver/lib:/home/sunrise/dev_ws/install/serial/lib:/opt/tros/humble/lib/aarch64-linux-gnu:/opt/tros/humble/lib:/opt/ros/humble/opt/rviz_ogre_vendor/lib:/opt/ros/humble/lib/aarch64-linux-gnu:/opt/ros/humble/lib:/usr/hobot/lib:/app/lib:/app/pub/lib:/middleware/lib:/middleware/pub/lib:/usr/hobot/lib/sensor:/system/lib:/system/usr/lib:/lib:/usr/hobot/lib:/app/lib:/app/pub/lib:/middleware/lib:/middleware/pub/lib:/usr/hobot/lib/sensor:/system/lib:/system/usr/lib:/lib', 'BROWSER': '/home/sunrise/.cursor-server/bin/linux-arm64/81fcf2931d7687b4ff3f3017858d0c6dee7e2a60/bin/helpers/browser.sh', 'MOTD_SHOWN': 'pam', 'HOME': '/home/sunrise', 'OLDPWD': '/home/sunrise/dev_ws', 'VSCODE_IPC_HOOK_CLI': '/run/user/1000/vscode-ipc-df7a6659-9b1a-4a1e-9fc0-3c03cb9fdc24.sock', 'ROS_PYTHON_VERSION': '3', 'NO_COLOR': '1', 'DBUS_SESSION_BUS_ADDRESS': 'unix:path=/run/user/1000/bus', 'TROS_DISTRO': 'humble', 'VSCODE_L10N_BUNDLE_LOCATION': '', 'COLCON_PREFIX_PATH': '/home/sunrise/dev_ws/install', 'ROS_DISTRO': 'humble', 'OVSX_REGISTRY_URL': 'https://open-vsx.org', 'LOGNAME': 'sunrise', 'FORCE_COLOR': '0', 'VSCODE_HANDLES_SIGPIPE': 'true', '_': '/usr/bin/colcon', 'ROS_VERSION': '2', 'CURSOR_LAYOUT': 'unifiedAgent', 'XDG_SESSION_CLASS': 'user', 'TERM': 'dumb', 'XDG_SESSION_ID': '2', 'ROS_LOCALHOST_ONLY': '0', 'PATH': '/home/sunrise/.local/bin:/usr/hobot/bin/:/home/sunrise/.cursor-server/bin/linux-arm64/81fcf2931d7687b4ff3f3017858d0c6dee7e2a60:/home/sunrise/.cursor-server/bin/linux-arm64/81fcf2931d7687b4ff3f3017858d0c6dee7e2a60/bin/remote-cli:/home/sunrise/.local/bin:/opt/tros/humble/bin:/opt/ros/humble/bin:/usr/hobot/bin/:/home/sunrise/.cursor-server/bin/linux-arm64/81fcf2931d7687b4ff3f3017858d0c6dee7e2a60/bin/remote-cli:/home/sunrise/.local/bin:/usr/hobot/bin/:/usr/local/sbin:/usr/local/bin:/usr/sbin:/usr/bin:/sbin:/bin:/usr/games:/usr/local/games:/snap/bin', 'VSCODE_AGENT_FOLDER': '/home/sunrise/.cursor-server', 'XDG_RUNTIME_DIR': '/run/user/1000', 'CURSOR_AGENT': '1', 'LANG': 'en_US.UTF-8', 'LS_COLORS': '', 'AMENT_PREFIX_PATH': '/home/sunrise/dev_ws/install/racing_stage2:/home/sunrise/dev_ws/install/racing_stage1:/home/sunrise/dev_ws/install/qr_scanner:/home/sunrise/dev_ws/install/bno055:/home/sunrise/dev_ws/install/voice_driver:/home/sunrise/dev_ws/install/utils:/home/sunrise/dev_ws/install/simple_avoidance:/home/sunrise/dev_ws/install/racing_stage2_param_test:/home/sunrise/dev_ws/install/origincar_base:/home/sunrise/dev_ws/install/serial:/home/sunrise/dev_ws/install/racing_vision_ai:/home/sunrise/dev_ws/install/racing_stage3_param_test:/home/sunrise/dev_ws/install/racing_bringup:/home/sunrise/dev_ws/install/racing_stage3:/home/sunrise/dev_ws/install/origincar_msg:/home/sunrise/dev_ws/install/origincar_description:/home/sunrise/dev_ws/install/origincar_bringup:/home/sunrise/dev_ws/install/lslidar_driver:/home/sunrise/dev_ws/install/lslidar_msgs:/home/sunrise/dev_ws/install/line_follower_pkg:/home/sunrise/dev_ws/install/ackermann_msgs:/opt/tros/humble:/opt/ros/humble', 'SHELL': '/bin/bash', 'VSCODE_SERVER_SHUTDOWN_TIMEOUT': '300', 'PWD': '/home/sunrise/dev_ws/build/racing_stage2_param_test', 'SSH_CONNECTION': '10.119.156.1 43578 10.119.156.8 22', 'PYTHONPATH': '/home/sunrise/dev_ws/build/racing_stage2_param_test/prefix_override:/usr/lib/python3/dist-packages/colcon_core/task/python/colcon_distutils_commands:/home/sunrise/dev_ws/install/racing_stage2_param_test/lib/python3.10/site-packages:/home/sunrise/dev_ws/build/racing_stage2:/home/sunrise/dev_ws/install/racing_stage2/lib/python3.10/site-packages:/home/sunrise/dev_ws/build/racing_stage1:/home/sunrise/dev_ws/install/racing_stage1/lib/python3.10/site-packages:/home/sunrise/dev_ws/build/qr_scanner:/home/sunrise/dev_ws/install/qr_scanner/lib/python3.10/site-packages:/home/sunrise/dev_ws/build/bno055:/home/sunrise/dev_ws/install/bno055/lib/python3.10/site-packages:/home/sunrise/dev_ws/install/voice_driver/local/lib/python3.10/dist-packages:/home/sunrise/dev_ws/build/simple_avoidance:/home/sunrise/dev_ws/install/simple_avoidance/lib/python3.10/site-packages:/home/sunrise/dev_ws/build/racing_stage2_param_test:/home/sunrise/dev_ws/install/racing_stage2_param_test/lib/python3.10/site-packages:/home/sunrise/dev_ws/install/origincar_base/local/lib/python3.10/dist-packages:/home/sunrise/dev_ws/build/racing_vision_ai:/home/sunrise/dev_ws/install/racing_vision_ai/lib/python3.10/site-packages:/home/sunrise/dev_ws/build/racing_stage3_param_test:/home/sunrise/dev_ws/install/racing_stage3_param_test/lib/python3.10/site-packages:/home/sunrise/dev_ws/build/racing_bringup:/home/sunrise/dev_ws/install/racing_bringup/lib/python3.10/site-packages:/home/sunrise/dev_ws/build/racing_stage3:/home/sunrise/dev_ws/install/racing_stage3/lib/python3.10/site-packages:/home/sunrise/dev_ws/install/origincar_msg/local/lib/python3.10/dist-packages:/home/sunrise/dev_ws/install/lslidar_msgs/local/lib/python3.10/dist-packages:/home/sunrise/dev_ws/build/line_follower_pkg:/home/sunrise/dev_ws/install/line_follower_pkg/lib/python3.10/site-packages:/home/sunrise/dev_ws/install/ackermann_msgs/local/lib/python3.10/dist-packages:/opt/tros/humble/lib/python3.10/site-packages:/opt/tros/humble/local/lib/python3.10/dist-packages:/opt/ros/humble/lib/python3.10/site-packages:/opt/ros/humble/local/lib/python3.10/dist-packages', 'COLCON': '1', '_ZO_DOCTOR': '0', 'CMAKE_PREFIX_PATH': '/home/sunrise/dev_ws/install/origincar_base:/home/sunrise/dev_ws/install/lslidar_driver:/home/sunrise/dev_ws/install/serial:/home/sunrise/dev_ws/install/origincar_msg:/home/sunrise/dev_ws/install/origincar_description:/home/sunrise/dev_ws/install/origincar_bringup:/home/sunrise/dev_ws/install/lslidar_msgs:/home/sunrise/dev_ws/install/ackermann_msgs:/home/sunrise/dev_ws/install/voice_driver:/home/sunrise/dev_ws/install/utils'}, 'shell': False}
[5.224185] (-) TimerEvent: {}
[5.324648] (-) TimerEvent: {}
[5.425128] (-) TimerEvent: {}
[5.525593] (-) TimerEvent: {}
[5.626090] (-) TimerEvent: {}
[5.726621] (-) TimerEvent: {}
[5.827099] (-) TimerEvent: {}
[5.927581] (-) TimerEvent: {}
[6.028065] (-) TimerEvent: {}
[6.128561] (-) TimerEvent: {}
[6.229039] (-) TimerEvent: {}
[6.329496] (-) TimerEvent: {}
[6.429901] (-) TimerEvent: {}
[6.530334] (-) TimerEvent: {}
[6.630760] (-) TimerEvent: {}
[6.731196] (-) TimerEvent: {}
[6.831643] (-) TimerEvent: {}
[6.932074] (-) TimerEvent: {}
[7.032523] (-) TimerEvent: {}
[7.132947] (-) TimerEvent: {}
[7.233406] (-) TimerEvent: {}
[7.252671] (racing_stage2_param_test) StdoutLine: {'line': b'running develop\n'}
[7.333583] (-) TimerEvent: {}
[7.434042] (-) TimerEvent: {}
[7.534503] (-) TimerEvent: {}
[7.634966] (-) TimerEvent: {}
[7.735436] (-) TimerEvent: {}
[7.835901] (-) TimerEvent: {}
[7.936372] (-) TimerEvent: {}
[8.036845] (-) TimerEvent: {}
[8.137340] (-) TimerEvent: {}
[8.237833] (-) TimerEvent: {}
[8.338311] (-) TimerEvent: {}
[8.438789] (-) TimerEvent: {}
[8.462444] (racing_stage2_param_test) StdoutLine: {'line': b'running egg_info\n'}
[8.463718] (racing_stage2_param_test) StdoutLine: {'line': b'writing racing_stage2_param_test.egg-info/PKG-INFO\n'}
[8.465302] (racing_stage2_param_test) StdoutLine: {'line': b'writing dependency_links to racing_stage2_param_test.egg-info/dependency_links.txt\n'}
[8.466689] (racing_stage2_param_test) StdoutLine: {'line': b'writing entry points to racing_stage2_param_test.egg-info/entry_points.txt\n'}
[8.467788] (racing_stage2_param_test) StdoutLine: {'line': b'writing requirements to racing_stage2_param_test.egg-info/requires.txt\n'}
[8.468896] (racing_stage2_param_test) StdoutLine: {'line': b'writing top-level names to racing_stage2_param_test.egg-info/top_level.txt\n'}
[8.479672] (racing_stage2_param_test) StdoutLine: {'line': b"reading manifest file 'racing_stage2_param_test.egg-info/SOURCES.txt'\n"}
[8.484722] (racing_stage2_param_test) StdoutLine: {'line': b"writing manifest file 'racing_stage2_param_test.egg-info/SOURCES.txt'\n"}
[8.496195] (racing_stage2_param_test) StdoutLine: {'line': b'running build_ext\n'}
[8.497544] (racing_stage2_param_test) StdoutLine: {'line': b'Creating /home/sunrise/dev_ws/install/racing_stage2_param_test/lib/python3.10/site-packages/racing-stage2-param-test.egg-link (link to .)\n'}
[8.502466] (racing_stage2_param_test) StdoutLine: {'line': b'Installing avoidance_straight_tester script to /home/sunrise/dev_ws/install/racing_stage2_param_test/lib/racing_stage2_param_test\n'}
[8.503475] (racing_stage2_param_test) StdoutLine: {'line': b'Installing camera_video_recorder script to /home/sunrise/dev_ws/install/racing_stage2_param_test/lib/racing_stage2_param_test\n'}
[8.504325] (racing_stage2_param_test) StdoutLine: {'line': b'Installing direct_inertial_tester script to /home/sunrise/dev_ws/install/racing_stage2_param_test/lib/racing_stage2_param_test\n'}
[8.505132] (racing_stage2_param_test) StdoutLine: {'line': b'Installing twist_cmd_relay script to /home/sunrise/dev_ws/install/racing_stage2_param_test/lib/racing_stage2_param_test\n'}
[8.506292] (racing_stage2_param_test) StdoutLine: {'line': b'\n'}
[8.506815] (racing_stage2_param_test) StdoutLine: {'line': b'Installed /home/sunrise/dev_ws/build/racing_stage2_param_test\n'}
[8.507328] (racing_stage2_param_test) StdoutLine: {'line': b'running symlink_data\n'}
[8.508461] (racing_stage2_param_test) StderrLine: {'line': b"error: can't copy '/home/sunrise/dev_ws/build/racing_stage2_param_test/launch/straight_camera_record_test.launch.py': doesn't exist or not a regular file\n"}
[8.539059] (-) TimerEvent: {}
[8.639685] (-) TimerEvent: {}
[8.740266] (-) TimerEvent: {}
[8.758815] (racing_stage2_param_test) CommandEnded: {'returncode': 1}
[8.762899] (racing_stage2_param_test) JobEnded: {'identifier': 'racing_stage2_param_test', 'rc': 1}
[8.773629] (-) EventReactorShutdown: {}
