[0.000000] (-) TimerEvent: {}
[0.000674] (-) JobUnselected: {'identifier': 'ackermann_msgs'}
[0.001676] (-) JobUnselected: {'identifier': 'bno055'}
[0.002404] (-) JobUnselected: {'identifier': 'line_follower_pkg'}
[0.003180] (-) JobUnselected: {'identifier': 'lslidar_driver'}
[0.003409] (-) JobUnselected: {'identifier': 'lslidar_msgs'}
[0.003603] (-) JobUnselected: {'identifier': 'origincar_base'}
[0.003790] (-) JobUnselected: {'identifier': 'origincar_bringup'}
[0.003978] (-) JobUnselected: {'identifier': 'origincar_description'}
[0.004163] (-) JobUnselected: {'identifier': 'origincar_msg'}
[0.004350] (-) JobUnselected: {'identifier': 'qr_scanner'}
[0.004535] (-) JobUnselected: {'identifier': 'racing_bringup'}
[0.004720] (-) JobUnselected: {'identifier': 'racing_stage1'}
[0.004978] (-) JobUnselected: {'identifier': 'racing_stage2'}
[0.005165] (-) JobUnselected: {'identifier': 'racing_stage3'}
[0.005350] (-) JobUnselected: {'identifier': 'racing_stage3_param_test'}
[0.005539] (-) JobUnselected: {'identifier': 'racing_vision_ai'}
[0.005723] (-) JobUnselected: {'identifier': 'serial'}
[0.005912] (-) JobUnselected: {'identifier': 'simple_avoidance'}
[0.006097] (-) JobUnselected: {'identifier': 'utils'}
[0.006290] (-) JobUnselected: {'identifier': 'voice_driver'}
[0.006488] (racing_stage2_param_test) JobQueued: {'identifier': 'racing_stage2_param_test', 'dependencies': OrderedDict([('ackermann_msgs', '/home/sunrise/dev_ws/install/ackermann_msgs'), ('bno055', '/home/sunrise/dev_ws/install/bno055'), ('lslidar_msgs', '/home/sunrise/dev_ws/install/lslidar_msgs'), ('origincar_bringup', '/home/sunrise/dev_ws/install/origincar_bringup'), ('origincar_description', '/home/sunrise/dev_ws/install/origincar_description'), ('origincar_msg', '/home/sunrise/dev_ws/install/origincar_msg'), ('qr_scanner', '/home/sunrise/dev_ws/install/qr_scanner'), ('serial', '/home/sunrise/dev_ws/install/serial'), ('lslidar_driver', '/home/sunrise/dev_ws/install/lslidar_driver'), ('origincar_base', '/home/sunrise/dev_ws/install/origincar_base'), ('racing_stage1', '/home/sunrise/dev_ws/install/racing_stage1'), ('racing_stage2', '/home/sunrise/dev_ws/install/racing_stage2')])}
[0.006773] (racing_stage2_param_test) JobStarted: {'identifier': 'racing_stage2_param_test'}
[0.098506] (-) TimerEvent: {}
[0.199026] (-) TimerEvent: {}
[0.299528] (-) TimerEvent: {}
[0.400030] (-) TimerEvent: {}
[0.500549] (-) TimerEvent: {}
[0.601060] (-) TimerEvent: {}
[0.701570] (-) TimerEvent: {}
[0.802069] (-) TimerEvent: {}
[0.902565] (-) TimerEvent: {}
[1.003059] (-) TimerEvent: {}
[1.103581] (-) TimerEvent: {}
[1.204088] (-) TimerEvent: {}
[1.304582] (-) TimerEvent: {}
[1.405079] (-) TimerEvent: {}
[1.505565] (-) TimerEvent: {}
[1.606084] (-) TimerEvent: {}
[1.706626] (-) TimerEvent: {}
[1.807187] (-) TimerEvent: {}
[1.907680] (-) TimerEvent: {}
[2.008238] (-) TimerEvent: {}
[2.108798] (-) TimerEvent: {}
[2.209353] (-) TimerEvent: {}
[2.309882] (-) TimerEvent: {}
[2.410380] (-) TimerEvent: {}
[2.510871] (-) TimerEvent: {}
[2.611445] (-) TimerEvent: {}
[2.711985] (-) TimerEvent: {}
[2.812499] (-) TimerEvent: {}
[2.913017] (-) TimerEvent: {}
[3.013509] (-) TimerEvent: {}
[3.114009] (-) TimerEvent: {}
[3.214491] (-) TimerEvent: {}
[3.314993] (-) TimerEvent: {}
[3.415505] (-) TimerEvent: {}
[3.515986] (-) TimerEvent: {}
[3.616474] (-) TimerEvent: {}
[3.716970] (-) TimerEvent: {}
[3.817523] (-) TimerEvent: {}
[3.918034] (-) TimerEvent: {}
[4.018559] (-) TimerEvent: {}
[4.119073] (-) TimerEvent: {}
[4.219573] (-) TimerEvent: {}
[4.320117] (-) TimerEvent: {}
[4.420651] (-) TimerEvent: {}
[4.521162] (-) TimerEvent: {}
[4.621722] (-) TimerEvent: {}
[4.722317] (-) TimerEvent: {}
[4.822892] (-) TimerEvent: {}
[4.923494] (-) TimerEvent: {}
[4.940541] (racing_stage2_param_test) Command: {'cmd': ['/usr/bin/python3', '-W', 'ignore:setup.py install is deprecated', '-W', 'ignore:easy_install command is deprecated', 'setup.py', 'egg_info', '--egg-base', '../../../build/racing_stage2_param_test', 'build', '--build-base', '/home/sunrise/dev_ws/build/racing_stage2_param_test/build', 'install', '--record', '/home/sunrise/dev_ws/build/racing_stage2_param_test/install.log', '--single-version-externally-managed', 'install_data'], 'cwd': '/home/sunrise/dev_ws/src/racing/racing_stage2_param_test', 'env': {'VSCODE_CWD': '/home/sunrise', 'VSCODE_ESM_ENTRYPOINT': 'vs/workbench/api/node/extensionHostProcess', 'LANGUAGE': 'en_US.UTF-8', 'USER': 'sunrise', 'SSH_CLIENT': '10.147.109.1 44581 22', 'VSCODE_NLS_CONFIG': '{"userLocale":"en","osLocale":"en","resolvedLanguage":"en","defaultMessagesFile":"/home/sunrise/.cursor-server/bin/linux-arm64/81fcf2931d7687b4ff3f3017858d0c6dee7e2a60/out/nls.messages.json","locale":"en","availableLanguages":{}}', 'VSCODE_HANDLES_UNCAUGHT_ERRORS': 'true', 'XDG_SESSION_TYPE': 'tty', 'SHLVL': '0', 'LD_LIBRARY_PATH': '/home/sunrise/dev_ws/install/origincar_base/lib:/home/sunrise/dev_ws/install/origincar_msg/lib:/home/sunrise/dev_ws/install/lslidar_msgs/lib:/home/sunrise/dev_ws/install/ackermann_msgs/lib:/usr/hobot/lib:/app/lib:/app/pub/lib:/middleware/lib:/middleware/pub/lib:/usr/hobot/lib/sensor:/system/lib:/system/usr/lib:/lib:/home/sunrise/dev_ws/install/voice_driver/lib:/home/sunrise/dev_ws/install/serial/lib:/opt/tros/humble/lib/aarch64-linux-gnu:/opt/tros/humble/lib:/opt/ros/humble/opt/rviz_ogre_vendor/lib:/opt/ros/humble/lib/aarch64-linux-gnu:/opt/ros/humble/lib:/usr/hobot/lib:/app/lib:/app/pub/lib:/middleware/lib:/middleware/pub/lib:/usr/hobot/lib/sensor:/system/lib:/system/usr/lib:/lib:/usr/hobot/lib:/app/lib:/app/pub/lib:/middleware/lib:/middleware/pub/lib:/usr/hobot/lib/sensor:/system/lib:/system/usr/lib:/lib', 'BROWSER': '/home/sunrise/.cursor-server/bin/linux-arm64/81fcf2931d7687b4ff3f3017858d0c6dee7e2a60/bin/helpers/browser.sh', 'MOTD_SHOWN': 'pam', 'HOME': '/home/sunrise', 'OLDPWD': '/home/sunrise/dev_ws', 'VSCODE_IPC_HOOK_CLI': '/run/user/1000/vscode-ipc-d6a7d443-18d5-453c-85b3-5c54c791dbf7.sock', 'ROS_PYTHON_VERSION': '3', 'NO_COLOR': '1', 'DBUS_SESSION_BUS_ADDRESS': 'unix:path=/run/user/1000/bus', 'TROS_DISTRO': 'humble', 'COLCON_PREFIX_PATH': '/home/sunrise/dev_ws/install', 'ROS_DISTRO': 'humble', 'OVSX_REGISTRY_URL': 'https://open-vsx.org', 'LOGNAME': 'sunrise', 'FORCE_COLOR': '0', 'VSCODE_HANDLES_SIGPIPE': 'true', '_': '/usr/bin/colcon', 'ROS_VERSION': '2', 'CURSOR_LAYOUT': 'unifiedAgent', 'XDG_SESSION_CLASS': 'user', 'TERM': 'dumb', 'XDG_SESSION_ID': '13', 'ROS_LOCALHOST_ONLY': '0', 'PATH': '/home/sunrise/.local/bin:/usr/hobot/bin/:/home/sunrise/.cursor-server/bin/linux-arm64/81fcf2931d7687b4ff3f3017858d0c6dee7e2a60:/home/sunrise/.cursor-server/bin/linux-arm64/81fcf2931d7687b4ff3f3017858d0c6dee7e2a60/bin/remote-cli:/home/sunrise/.local/bin:/opt/tros/humble/bin:/opt/ros/humble/bin:/usr/hobot/bin/:/home/sunrise/.cursor-server/bin/linux-arm64/81fcf2931d7687b4ff3f3017858d0c6dee7e2a60/bin/remote-cli:/home/sunrise/.local/bin:/usr/hobot/bin/:/usr/local/sbin:/usr/local/bin:/usr/sbin:/usr/bin:/sbin:/bin:/usr/games:/usr/local/games:/snap/bin', 'VSCODE_AGENT_FOLDER': '/home/sunrise/.cursor-server', 'XDG_RUNTIME_DIR': '/run/user/1000', 'CURSOR_AGENT': '1', 'LANG': 'en_US.UTF-8', 'LS_COLORS': '', 'AMENT_PREFIX_PATH': '/home/sunrise/dev_ws/install/racing_stage2:/home/sunrise/dev_ws/install/racing_stage1:/home/sunrise/dev_ws/install/qr_scanner:/home/sunrise/dev_ws/install/bno055:/home/sunrise/dev_ws/install/voice_driver:/home/sunrise/dev_ws/install/utils:/home/sunrise/dev_ws/install/simple_avoidance:/home/sunrise/dev_ws/install/racing_stage2_param_test:/home/sunrise/dev_ws/install/origincar_base:/home/sunrise/dev_ws/install/serial:/home/sunrise/dev_ws/install/racing_vision_ai:/home/sunrise/dev_ws/install/racing_stage3_param_test:/home/sunrise/dev_ws/install/racing_bringup:/home/sunrise/dev_ws/install/racing_stage3:/home/sunrise/dev_ws/install/origincar_msg:/home/sunrise/dev_ws/install/origincar_description:/home/sunrise/dev_ws/install/origincar_bringup:/home/sunrise/dev_ws/install/lslidar_driver:/home/sunrise/dev_ws/install/lslidar_msgs:/home/sunrise/dev_ws/install/line_follower_pkg:/home/sunrise/dev_ws/install/ackermann_msgs:/opt/tros/humble:/opt/ros/humble', 'SHELL': '/bin/bash', 'VSCODE_SERVER_SHUTDOWN_TIMEOUT': '300', 'PWD': '/home/sunrise/dev_ws/build/racing_stage2_param_test', 'SSH_CONNECTION': '10.147.109.1 44581 10.147.109.8 22', 'PYTHONPATH': '/home/sunrise/dev_ws/build/racing_stage2_param_test/prefix_override:/usr/lib/python3/dist-packages/colcon_core/task/python/colcon_distutils_commands:/home/sunrise/dev_ws/install/racing_stage2_param_test/lib/python3.10/site-packages:/home/sunrise/dev_ws/build/racing_stage2:/home/sunrise/dev_ws/install/racing_stage2/lib/python3.10/site-packages:/home/sunrise/dev_ws/build/racing_stage1:/home/sunrise/dev_ws/install/racing_stage1/lib/python3.10/site-packages:/home/sunrise/dev_ws/build/qr_scanner:/home/sunrise/dev_ws/install/qr_scanner/lib/python3.10/site-packages:/home/sunrise/dev_ws/build/bno055:/home/sunrise/dev_ws/install/bno055/lib/python3.10/site-packages:/home/sunrise/dev_ws/install/voice_driver/local/lib/python3.10/dist-packages:/home/sunrise/dev_ws/build/simple_avoidance:/home/sunrise/dev_ws/install/simple_avoidance/lib/python3.10/site-packages:/home/sunrise/dev_ws/install/racing_stage2_param_test/lib/python3.10/site-packages:/home/sunrise/dev_ws/install/origincar_base/local/lib/python3.10/dist-packages:/home/sunrise/dev_ws/build/racing_vision_ai:/home/sunrise/dev_ws/install/racing_vision_ai/lib/python3.10/site-packages:/home/sunrise/dev_ws/build/racing_stage3_param_test:/home/sunrise/dev_ws/install/racing_stage3_param_test/lib/python3.10/site-packages:/home/sunrise/dev_ws/build/racing_bringup:/home/sunrise/dev_ws/install/racing_bringup/lib/python3.10/site-packages:/home/sunrise/dev_ws/build/racing_stage3:/home/sunrise/dev_ws/install/racing_stage3/lib/python3.10/site-packages:/home/sunrise/dev_ws/install/origincar_msg/local/lib/python3.10/dist-packages:/home/sunrise/dev_ws/install/lslidar_msgs/local/lib/python3.10/dist-packages:/home/sunrise/dev_ws/build/line_follower_pkg:/home/sunrise/dev_ws/install/line_follower_pkg/lib/python3.10/site-packages:/home/sunrise/dev_ws/install/ackermann_msgs/local/lib/python3.10/dist-packages:/opt/tros/humble/lib/python3.10/site-packages:/opt/tros/humble/local/lib/python3.10/dist-packages:/opt/ros/humble/lib/python3.10/site-packages:/opt/ros/humble/local/lib/python3.10/dist-packages', 'COLCON': '1', '_ZO_DOCTOR': '0', 'CMAKE_PREFIX_PATH': '/home/sunrise/dev_ws/install/origincar_base:/home/sunrise/dev_ws/install/lslidar_driver:/home/sunrise/dev_ws/install/serial:/home/sunrise/dev_ws/install/origincar_msg:/home/sunrise/dev_ws/install/origincar_description:/home/sunrise/dev_ws/install/origincar_bringup:/home/sunrise/dev_ws/install/lslidar_msgs:/home/sunrise/dev_ws/install/ackermann_msgs:/home/sunrise/dev_ws/install/voice_driver:/home/sunrise/dev_ws/install/utils'}, 'shell': False}
[5.023684] (-) TimerEvent: {}
[5.124184] (-) TimerEvent: {}
[5.224681] (-) TimerEvent: {}
[5.325209] (-) TimerEvent: {}
[5.425731] (-) TimerEvent: {}
[5.526332] (-) TimerEvent: {}
[5.626858] (-) TimerEvent: {}
[5.727407] (-) TimerEvent: {}
[5.827913] (-) TimerEvent: {}
[5.928445] (-) TimerEvent: {}
[6.029004] (-) TimerEvent: {}
[6.129492] (-) TimerEvent: {}
[6.230017] (-) TimerEvent: {}
[6.330528] (-) TimerEvent: {}
[6.431028] (-) TimerEvent: {}
[6.531522] (-) TimerEvent: {}
[6.632018] (-) TimerEvent: {}
[6.732521] (-) TimerEvent: {}
[6.799430] (racing_stage2_param_test) StdoutLine: {'line': b'running egg_info\n'}
[6.804798] (racing_stage2_param_test) StdoutLine: {'line': b'writing ../../../build/racing_stage2_param_test/racing_stage2_param_test.egg-info/PKG-INFO\n'}
[6.806145] (racing_stage2_param_test) StdoutLine: {'line': b'writing dependency_links to ../../../build/racing_stage2_param_test/racing_stage2_param_test.egg-info/dependency_links.txt\n'}
[6.807539] (racing_stage2_param_test) StdoutLine: {'line': b'writing entry points to ../../../build/racing_stage2_param_test/racing_stage2_param_test.egg-info/entry_points.txt\n'}
[6.809435] (racing_stage2_param_test) StdoutLine: {'line': b'writing requirements to ../../../build/racing_stage2_param_test/racing_stage2_param_test.egg-info/requires.txt\n'}
[6.810215] (racing_stage2_param_test) StdoutLine: {'line': b'writing top-level names to ../../../build/racing_stage2_param_test/racing_stage2_param_test.egg-info/top_level.txt\n'}
[6.822719] (racing_stage2_param_test) StdoutLine: {'line': b"reading manifest file '../../../build/racing_stage2_param_test/racing_stage2_param_test.egg-info/SOURCES.txt'\n"}
[6.829150] (racing_stage2_param_test) StdoutLine: {'line': b"writing manifest file '../../../build/racing_stage2_param_test/racing_stage2_param_test.egg-info/SOURCES.txt'\n"}
[6.830507] (racing_stage2_param_test) StdoutLine: {'line': b'running build\n'}
[6.831787] (racing_stage2_param_test) StdoutLine: {'line': b'running build_py\n'}
[6.833027] (-) TimerEvent: {}
[6.833235] (racing_stage2_param_test) StdoutLine: {'line': b'copying racing_stage2_param_test/session_file_log.py -> /home/sunrise/dev_ws/build/racing_stage2_param_test/build/lib/racing_stage2_param_test\n'}
[6.833937] (racing_stage2_param_test) StdoutLine: {'line': b'copying racing_stage2_param_test/direct_inertial_tester.py -> /home/sunrise/dev_ws/build/racing_stage2_param_test/build/lib/racing_stage2_param_test\n'}
[6.835241] (racing_stage2_param_test) StdoutLine: {'line': b'copying racing_stage2_param_test/s1_executor.py -> /home/sunrise/dev_ws/build/racing_stage2_param_test/build/lib/racing_stage2_param_test\n'}
[6.836528] (racing_stage2_param_test) StdoutLine: {'line': b'copying racing_stage2_param_test/avoidance_straight_tester.py -> /home/sunrise/dev_ws/build/racing_stage2_param_test/build/lib/racing_stage2_param_test\n'}
[6.838959] (racing_stage2_param_test) StdoutLine: {'line': b'running install\n'}
[6.840877] (racing_stage2_param_test) StdoutLine: {'line': b'running install_lib\n'}
[6.845783] (racing_stage2_param_test) StdoutLine: {'line': b'copying /home/sunrise/dev_ws/build/racing_stage2_param_test/build/lib/racing_stage2_param_test/session_file_log.py -> /home/sunrise/dev_ws/install/racing_stage2_param_test/lib/python3.10/site-packages/racing_stage2_param_test\n'}
[6.847005] (racing_stage2_param_test) StdoutLine: {'line': b'copying /home/sunrise/dev_ws/build/racing_stage2_param_test/build/lib/racing_stage2_param_test/direct_inertial_tester.py -> /home/sunrise/dev_ws/install/racing_stage2_param_test/lib/python3.10/site-packages/racing_stage2_param_test\n'}
[6.848376] (racing_stage2_param_test) StdoutLine: {'line': b'copying /home/sunrise/dev_ws/build/racing_stage2_param_test/build/lib/racing_stage2_param_test/s1_executor.py -> /home/sunrise/dev_ws/install/racing_stage2_param_test/lib/python3.10/site-packages/racing_stage2_param_test\n'}
[6.849495] (racing_stage2_param_test) StdoutLine: {'line': b'copying /home/sunrise/dev_ws/build/racing_stage2_param_test/build/lib/racing_stage2_param_test/avoidance_straight_tester.py -> /home/sunrise/dev_ws/install/racing_stage2_param_test/lib/python3.10/site-packages/racing_stage2_param_test\n'}
[6.854281] (racing_stage2_param_test) StdoutLine: {'line': b'byte-compiling /home/sunrise/dev_ws/install/racing_stage2_param_test/lib/python3.10/site-packages/racing_stage2_param_test/session_file_log.py to session_file_log.cpython-310.pyc\n'}
[6.858137] (racing_stage2_param_test) StdoutLine: {'line': b'byte-compiling /home/sunrise/dev_ws/install/racing_stage2_param_test/lib/python3.10/site-packages/racing_stage2_param_test/direct_inertial_tester.py to direct_inertial_tester.cpython-310.pyc\n'}
[6.933239] (racing_stage2_param_test) StdoutLine: {'line': b'byte-compiling /home/sunrise/dev_ws/install/racing_stage2_param_test/lib/python3.10/site-packages/racing_stage2_param_test/s1_executor.py to s1_executor.cpython-310.pyc\n'}
[6.934052] (-) TimerEvent: {}
[6.945544] (racing_stage2_param_test) StdoutLine: {'line': b'byte-compiling /home/sunrise/dev_ws/install/racing_stage2_param_test/lib/python3.10/site-packages/racing_stage2_param_test/avoidance_straight_tester.py to avoidance_straight_tester.cpython-310.pyc\n'}
[6.957252] (racing_stage2_param_test) StdoutLine: {'line': b'running install_data\n'}
[6.958454] (racing_stage2_param_test) StdoutLine: {'line': b'copying launch/direct_inertial_test.launch.py -> /home/sunrise/dev_ws/install/racing_stage2_param_test/share/racing_stage2_param_test/launch\n'}
[6.959489] (racing_stage2_param_test) StdoutLine: {'line': b'copying config/avoidance_straight_test.yaml -> /home/sunrise/dev_ws/install/racing_stage2_param_test/share/racing_stage2_param_test/config\n'}
[6.960757] (racing_stage2_param_test) StdoutLine: {'line': b'copying config/direct_inertial_test.yaml -> /home/sunrise/dev_ws/install/racing_stage2_param_test/share/racing_stage2_param_test/config\n'}
[6.961326] (racing_stage2_param_test) StdoutLine: {'line': b'running install_egg_info\n'}
[6.972033] (racing_stage2_param_test) StdoutLine: {'line': b"removing '/home/sunrise/dev_ws/install/racing_stage2_param_test/lib/python3.10/site-packages/racing_stage2_param_test-0.0.1-py3.10.egg-info' (and everything under it)\n"}
[6.973968] (racing_stage2_param_test) StdoutLine: {'line': b'Copying ../../../build/racing_stage2_param_test/racing_stage2_param_test.egg-info to /home/sunrise/dev_ws/install/racing_stage2_param_test/lib/python3.10/site-packages/racing_stage2_param_test-0.0.1-py3.10.egg-info\n'}
[6.979090] (racing_stage2_param_test) StdoutLine: {'line': b'running install_scripts\n'}
[7.034271] (-) TimerEvent: {}
[7.114853] (racing_stage2_param_test) StdoutLine: {'line': b'Installing avoidance_straight_tester script to /home/sunrise/dev_ws/install/racing_stage2_param_test/lib/racing_stage2_param_test\n'}
[7.116235] (racing_stage2_param_test) StdoutLine: {'line': b'Installing camera_video_recorder script to /home/sunrise/dev_ws/install/racing_stage2_param_test/lib/racing_stage2_param_test\n'}
[7.117965] (racing_stage2_param_test) StdoutLine: {'line': b'Installing direct_inertial_tester script to /home/sunrise/dev_ws/install/racing_stage2_param_test/lib/racing_stage2_param_test\n'}
[7.118699] (racing_stage2_param_test) StdoutLine: {'line': b'Installing twist_cmd_relay script to /home/sunrise/dev_ws/install/racing_stage2_param_test/lib/racing_stage2_param_test\n'}
[7.120879] (racing_stage2_param_test) StdoutLine: {'line': b"writing list of installed files to '/home/sunrise/dev_ws/build/racing_stage2_param_test/install.log'\n"}
[7.134472] (-) TimerEvent: {}
[7.235030] (-) TimerEvent: {}
[7.335388] (racing_stage2_param_test) CommandEnded: {'returncode': 0}
[7.341149] (-) TimerEvent: {}
[7.429232] (racing_stage2_param_test) JobEnded: {'identifier': 'racing_stage2_param_test', 'rc': 0}
[7.432890] (-) EventReactorShutdown: {}
