[0.000000] (-) TimerEvent: {}
[0.000909] (-) JobUnselected: {'identifier': 'ackermann_msgs'}
[0.001909] (-) JobUnselected: {'identifier': 'bno055'}
[0.002712] (-) JobUnselected: {'identifier': 'line_follower_pkg'}
[0.002942] (-) JobUnselected: {'identifier': 'lslidar_driver'}
[0.003143] (-) JobUnselected: {'identifier': 'lslidar_msgs'}
[0.003336] (-) JobUnselected: {'identifier': 'origincar_base'}
[0.003523] (-) JobUnselected: {'identifier': 'origincar_bringup'}
[0.003710] (-) JobUnselected: {'identifier': 'origincar_description'}
[0.003895] (-) JobUnselected: {'identifier': 'origincar_msg'}
[0.004080] (-) JobUnselected: {'identifier': 'qr_scanner'}
[0.004263] (-) JobUnselected: {'identifier': 'racing_bringup'}
[0.004445] (-) JobUnselected: {'identifier': 'racing_stage1'}
[0.004628] (-) JobUnselected: {'identifier': 'racing_stage2'}
[0.004813] (-) JobUnselected: {'identifier': 'racing_stage3'}
[0.004995] (-) JobUnselected: {'identifier': 'racing_stage3_param_test'}
[0.005179] (-) JobUnselected: {'identifier': 'racing_vision_ai'}
[0.005362] (-) JobUnselected: {'identifier': 'serial'}
[0.005554] (-) JobUnselected: {'identifier': 'simple_avoidance'}
[0.005739] (-) JobUnselected: {'identifier': 'utils'}
[0.005993] (-) JobUnselected: {'identifier': 'voice_driver'}
[0.006189] (racing_stage2_param_test) JobQueued: {'identifier': 'racing_stage2_param_test', 'dependencies': OrderedDict()}
[0.006386] (racing_stage2_param_test) JobStarted: {'identifier': 'racing_stage2_param_test'}
[0.098648] (-) TimerEvent: {}
[0.199062] (-) TimerEvent: {}
[0.299445] (-) TimerEvent: {}
[0.399873] (-) TimerEvent: {}
[0.500360] (-) TimerEvent: {}
[0.600828] (-) TimerEvent: {}
[0.701266] (-) TimerEvent: {}
[0.801712] (-) TimerEvent: {}
[0.902148] (-) TimerEvent: {}
[1.002603] (-) TimerEvent: {}
[1.103061] (-) TimerEvent: {}
[1.203493] (-) TimerEvent: {}
[1.303912] (-) TimerEvent: {}
[1.404341] (-) TimerEvent: {}
[1.504787] (-) TimerEvent: {}
[1.605221] (-) TimerEvent: {}
[1.705665] (-) TimerEvent: {}
[1.806104] (-) TimerEvent: {}
[1.906587] (-) TimerEvent: {}
[2.007144] (-) TimerEvent: {}
[2.107581] (-) TimerEvent: {}
[2.208024] (-) TimerEvent: {}
[2.308469] (-) TimerEvent: {}
[2.408913] (-) TimerEvent: {}
[2.509365] (-) TimerEvent: {}
[2.609819] (-) TimerEvent: {}
[2.710259] (-) TimerEvent: {}
[2.810702] (-) TimerEvent: {}
[2.911130] (-) TimerEvent: {}
[3.011562] (-) TimerEvent: {}
[3.111992] (-) TimerEvent: {}
[3.212421] (-) TimerEvent: {}
[3.312866] (-) TimerEvent: {}
[3.413305] (-) TimerEvent: {}
[3.513748] (-) TimerEvent: {}
[3.614214] (-) TimerEvent: {}
[3.714656] (-) TimerEvent: {}
[3.815093] (-) TimerEvent: {}
[3.915526] (-) TimerEvent: {}
[4.015976] (-) TimerEvent: {}
[4.116416] (-) TimerEvent: {}
[4.216840] (-) TimerEvent: {}
[4.317285] (-) TimerEvent: {}
[4.417775] (-) TimerEvent: {}
[4.518330] (-) TimerEvent: {}
[4.618951] (-) TimerEvent: {}
[4.625591] (racing_stage2_param_test) Command: {'cmd': ['/usr/bin/python3', '-W', 'ignore:setup.py install is deprecated', '-W', 'ignore:easy_install command is deprecated', 'setup.py', 'develop', '--editable', '--build-directory', '/home/sunrise/dev_ws/build/racing_stage2_param_test/build', '--no-deps', 'symlink_data'], 'cwd': '/home/sunrise/dev_ws/build/racing_stage2_param_test', 'env': {'VSCODE_CWD': '/home/sunrise', 'VSCODE_ESM_ENTRYPOINT': 'vs/workbench/api/node/extensionHostProcess', 'LANGUAGE': 'en_US.UTF-8', 'USER': 'sunrise', 'SSH_CLIENT': '10.119.156.1 35775 22', 'VSCODE_NLS_CONFIG': '{"userLocale":"en","osLocale":"en","resolvedLanguage":"en","defaultMessagesFile":"/home/sunrise/.cursor-server/bin/linux-arm64/aac81804b986d739acab348ed96b8bea6e83cc50/out/nls.messages.json","locale":"en","availableLanguages":{}}', 'VSCODE_HANDLES_UNCAUGHT_ERRORS': 'true', 'XDG_SESSION_TYPE': 'tty', 'SHLVL': '0', 'LD_LIBRARY_PATH': '/home/sunrise/dev_ws/install/voice_driver/lib:/usr/hobot/lib:/app/lib:/app/pub/lib:/middleware/lib:/middleware/pub/lib:/usr/hobot/lib/sensor:/system/lib:/system/usr/lib:/lib:/home/sunrise/dev_ws/install/origincar_base/lib:/home/sunrise/dev_ws/install/serial/lib:/home/sunrise/dev_ws/install/origincar_msg/lib:/home/sunrise/dev_ws/install/lslidar_msgs/lib:/home/sunrise/dev_ws/install/ackermann_msgs/lib:/opt/tros/humble/lib/aarch64-linux-gnu:/opt/tros/humble/lib:/opt/ros/humble/opt/rviz_ogre_vendor/lib:/opt/ros/humble/lib/aarch64-linux-gnu:/opt/ros/humble/lib:/usr/hobot/lib:/app/lib:/app/pub/lib:/middleware/lib:/middleware/pub/lib:/usr/hobot/lib/sensor:/system/lib:/system/usr/lib:/lib:/usr/hobot/lib:/app/lib:/app/pub/lib:/middleware/lib:/middleware/pub/lib:/usr/hobot/lib/sensor:/system/lib:/system/usr/lib:/lib:', 'BROWSER': '/home/sunrise/.cursor-server/bin/linux-arm64/aac81804b986d739acab348ed96b8bea6e83cc50/bin/helpers/browser.sh', 'MOTD_SHOWN': 'pam', 'HOME': '/home/sunrise', 'OLDPWD': '/home/sunrise/dev_ws', 'VSCODE_IPC_HOOK_CLI': '/run/user/1000/vscode-ipc-4d22c997-93ab-4d22-a85f-80a1014e6439.sock', 'ROS_PYTHON_VERSION': '3', 'NO_COLOR': '1', 'DBUS_SESSION_BUS_ADDRESS': 'unix:path=/run/user/1000/bus', 'TROS_DISTRO': 'humble', 'VSCODE_L10N_BUNDLE_LOCATION': '', 'COLCON_PREFIX_PATH': '/home/sunrise/dev_ws/install', 'ROS_DISTRO': 'humble', 'OVSX_REGISTRY_URL': 'https://open-vsx.org', 'LOGNAME': 'sunrise', 'FORCE_COLOR': '0', 'VSCODE_HANDLES_SIGPIPE': 'true', '_': '/usr/bin/colcon', 'ROS_VERSION': '2', 'CURSOR_LAYOUT': 'unifiedAgent', 'XDG_SESSION_CLASS': 'user', 'TERM': 'dumb', 'XDG_SESSION_ID': '3', 'ROS_LOCALHOST_ONLY': '0', 'PATH': '/home/sunrise/.local/bin:/usr/hobot/bin/:/home/sunrise/.cursor-server/bin/linux-arm64/aac81804b986d739acab348ed96b8bea6e83cc50:/home/sunrise/.cursor-server/bin/linux-arm64/aac81804b986d739acab348ed96b8bea6e83cc50/bin/remote-cli:/home/sunrise/.local/bin:/opt/tros/humble/bin:/opt/ros/humble/bin:/usr/hobot/bin/:/home/sunrise/.cursor-server/bin/linux-arm64/aac81804b986d739acab348ed96b8bea6e83cc50/bin/remote-cli:/home/sunrise/.local/bin:/usr/hobot/bin/:/usr/local/sbin:/usr/local/bin:/usr/sbin:/usr/bin:/sbin:/bin:/usr/games:/usr/local/games:/snap/bin', 'VSCODE_AGENT_FOLDER': '/home/sunrise/.cursor-server', 'XDG_RUNTIME_DIR': '/run/user/1000', 'CURSOR_AGENT': '1', 'LANG': 'en_US.UTF-8', 'LS_COLORS': '', 'AMENT_PREFIX_PATH': '/home/sunrise/dev_ws/install/voice_driver:/home/sunrise/dev_ws/install/utils:/home/sunrise/dev_ws/install/simple_avoidance:/home/sunrise/dev_ws/install/racing_vision_ai:/home/sunrise/dev_ws/install/racing_stage3_param_test:/home/sunrise/dev_ws/install/racing_bringup:/home/sunrise/dev_ws/install/racing_stage3:/home/sunrise/dev_ws/install/line_follower_pkg:/home/sunrise/dev_ws/install/origincar_base:/home/sunrise/dev_ws/install/serial:/home/sunrise/dev_ws/install/racing_stage2:/home/sunrise/dev_ws/install/racing_stage1:/home/sunrise/dev_ws/install/qr_scanner:/home/sunrise/dev_ws/install/origincar_msg:/home/sunrise/dev_ws/install/origincar_description:/home/sunrise/dev_ws/install/origincar_bringup:/home/sunrise/dev_ws/install/lslidar_driver:/home/sunrise/dev_ws/install/lslidar_msgs:/home/sunrise/dev_ws/install/bno055:/home/sunrise/dev_ws/install/ackermann_msgs:/opt/tros/humble:/opt/ros/humble', 'SHELL': '/bin/bash', 'VSCODE_SERVER_SHUTDOWN_TIMEOUT': '300', 'PWD': '/home/sunrise/dev_ws/build/racing_stage2_param_test', 'SSH_CONNECTION': '10.119.156.1 35775 10.119.156.8 22', 'PYTHONPATH': '/home/sunrise/dev_ws/build/racing_stage2_param_test/prefix_override:/usr/lib/python3/dist-packages/colcon_core/task/python/colcon_distutils_commands:/home/sunrise/dev_ws/install/racing_stage2_param_test/lib/python3.10/site-packages:/home/sunrise/dev_ws/install/voice_driver/local/lib/python3.10/dist-packages:/home/sunrise/dev_ws/build/simple_avoidance:/home/sunrise/dev_ws/install/simple_avoidance/lib/python3.10/site-packages:/home/sunrise/dev_ws/build/racing_vision_ai:/home/sunrise/dev_ws/install/racing_vision_ai/lib/python3.10/site-packages:/home/sunrise/dev_ws/build/racing_stage3_param_test:/home/sunrise/dev_ws/install/racing_stage3_param_test/lib/python3.10/site-packages:/home/sunrise/dev_ws/build/racing_bringup:/home/sunrise/dev_ws/install/racing_bringup/lib/python3.10/site-packages:/home/sunrise/dev_ws/build/racing_stage3:/home/sunrise/dev_ws/install/racing_stage3/lib/python3.10/site-packages:/home/sunrise/dev_ws/build/line_follower_pkg:/home/sunrise/dev_ws/install/line_follower_pkg/lib/python3.10/site-packages:/home/sunrise/dev_ws/install/origincar_base/local/lib/python3.10/dist-packages:/home/sunrise/dev_ws/build/racing_stage2_param_test:/home/sunrise/dev_ws/install/racing_stage2_param_test/lib/python3.10/site-packages:/home/sunrise/dev_ws/build/racing_stage2:/home/sunrise/dev_ws/install/racing_stage2/lib/python3.10/site-packages:/home/sunrise/dev_ws/build/racing_stage1:/home/sunrise/dev_ws/install/racing_stage1/lib/python3.10/site-packages:/home/sunrise/dev_ws/build/qr_scanner:/home/sunrise/dev_ws/install/qr_scanner/lib/python3.10/site-packages:/home/sunrise/dev_ws/install/origincar_msg/local/lib/python3.10/dist-packages:/home/sunrise/dev_ws/install/lslidar_msgs/local/lib/python3.10/dist-packages:/home/sunrise/dev_ws/build/bno055:/home/sunrise/dev_ws/install/bno055/lib/python3.10/site-packages:/home/sunrise/dev_ws/install/ackermann_msgs/local/lib/python3.10/dist-packages:/opt/tros/humble/lib/python3.10/site-packages:/opt/tros/humble/local/lib/python3.10/dist-packages:/opt/ros/humble/lib/python3.10/site-packages:/opt/ros/humble/local/lib/python3.10/dist-packages', 'COLCON': '1', '_ZO_DOCTOR': '0', 'CMAKE_PREFIX_PATH': '/home/sunrise/dev_ws/install/voice_driver:/home/sunrise/dev_ws/install/utils:/home/sunrise/dev_ws/install/origincar_base:/home/sunrise/dev_ws/install/serial:/home/sunrise/dev_ws/install/origincar_msg:/home/sunrise/dev_ws/install/origincar_description:/home/sunrise/dev_ws/install/origincar_bringup:/home/sunrise/dev_ws/install/lslidar_driver:/home/sunrise/dev_ws/install/lslidar_msgs:/home/sunrise/dev_ws/install/ackermann_msgs'}, 'shell': False}
[4.719089] (-) TimerEvent: {}
[4.819557] (-) TimerEvent: {}
[4.919989] (-) TimerEvent: {}
[5.020397] (-) TimerEvent: {}
[5.120820] (-) TimerEvent: {}
[5.221258] (-) TimerEvent: {}
[5.321698] (-) TimerEvent: {}
[5.422133] (-) TimerEvent: {}
[5.522574] (-) TimerEvent: {}
[5.623004] (-) TimerEvent: {}
[5.723438] (-) TimerEvent: {}
[5.823866] (-) TimerEvent: {}
[5.924300] (-) TimerEvent: {}
[6.024719] (-) TimerEvent: {}
[6.125148] (-) TimerEvent: {}
[6.225551] (-) TimerEvent: {}
[6.325974] (-) TimerEvent: {}
[6.426375] (-) TimerEvent: {}
[6.526786] (-) TimerEvent: {}
[6.573181] (racing_stage2_param_test) StdoutLine: {'line': b'running develop\n'}
[6.626970] (-) TimerEvent: {}
[6.727423] (-) TimerEvent: {}
[6.827884] (-) TimerEvent: {}
[6.928409] (-) TimerEvent: {}
[7.028890] (-) TimerEvent: {}
[7.129374] (-) TimerEvent: {}
[7.229818] (-) TimerEvent: {}
[7.330255] (-) TimerEvent: {}
[7.430672] (-) TimerEvent: {}
[7.531091] (-) TimerEvent: {}
[7.631515] (-) TimerEvent: {}
[7.731930] (-) TimerEvent: {}
[7.802552] (racing_stage2_param_test) StdoutLine: {'line': b'running egg_info\n'}
[7.803281] (racing_stage2_param_test) StdoutLine: {'line': b'creating racing_stage2_param_test.egg-info\n'}
[7.804032] (racing_stage2_param_test) StdoutLine: {'line': b'writing racing_stage2_param_test.egg-info/PKG-INFO\n'}
[7.805016] (racing_stage2_param_test) StdoutLine: {'line': b'writing dependency_links to racing_stage2_param_test.egg-info/dependency_links.txt\n'}
[7.805889] (racing_stage2_param_test) StdoutLine: {'line': b'writing entry points to racing_stage2_param_test.egg-info/entry_points.txt\n'}
[7.806869] (racing_stage2_param_test) StdoutLine: {'line': b'writing requirements to racing_stage2_param_test.egg-info/requires.txt\n'}
[7.807333] (racing_stage2_param_test) StdoutLine: {'line': b'writing top-level names to racing_stage2_param_test.egg-info/top_level.txt\n'}
[7.808081] (racing_stage2_param_test) StdoutLine: {'line': b"writing manifest file 'racing_stage2_param_test.egg-info/SOURCES.txt'\n"}
[7.817776] (racing_stage2_param_test) StdoutLine: {'line': b"reading manifest file 'racing_stage2_param_test.egg-info/SOURCES.txt'\n"}
[7.821389] (racing_stage2_param_test) StdoutLine: {'line': b"writing manifest file 'racing_stage2_param_test.egg-info/SOURCES.txt'\n"}
[7.832052] (-) TimerEvent: {}
[7.832737] (racing_stage2_param_test) StdoutLine: {'line': b'running build_ext\n'}
[7.833979] (racing_stage2_param_test) StdoutLine: {'line': b'Creating /home/sunrise/dev_ws/install/racing_stage2_param_test/lib/python3.10/site-packages/racing-stage2-param-test.egg-link (link to .)\n'}
[7.838218] (racing_stage2_param_test) StdoutLine: {'line': b'Installing avoidance_straight_tester script to /home/sunrise/dev_ws/install/racing_stage2_param_test/lib/racing_stage2_param_test\n'}
[7.839375] (racing_stage2_param_test) StdoutLine: {'line': b'Installing direct_inertial_tester script to /home/sunrise/dev_ws/install/racing_stage2_param_test/lib/racing_stage2_param_test\n'}
[7.840245] (racing_stage2_param_test) StdoutLine: {'line': b'Installing twist_cmd_relay script to /home/sunrise/dev_ws/install/racing_stage2_param_test/lib/racing_stage2_param_test\n'}
[7.842218] (racing_stage2_param_test) StdoutLine: {'line': b'\n'}
[7.844011] (racing_stage2_param_test) StdoutLine: {'line': b'Installed /home/sunrise/dev_ws/build/racing_stage2_param_test\n'}
[7.845387] (racing_stage2_param_test) StdoutLine: {'line': b'running symlink_data\n'}
[7.845986] (racing_stage2_param_test) StdoutLine: {'line': b'creating /home/sunrise/dev_ws/install/racing_stage2_param_test/share\n'}
[7.846548] (racing_stage2_param_test) StdoutLine: {'line': b'creating /home/sunrise/dev_ws/install/racing_stage2_param_test/share/ament_index\n'}
[7.847091] (racing_stage2_param_test) StdoutLine: {'line': b'creating /home/sunrise/dev_ws/install/racing_stage2_param_test/share/ament_index/resource_index\n'}
[7.847633] (racing_stage2_param_test) StdoutLine: {'line': b'creating /home/sunrise/dev_ws/install/racing_stage2_param_test/share/ament_index/resource_index/packages\n'}
[7.848156] (racing_stage2_param_test) StdoutLine: {'line': b'symbolically linking /home/sunrise/dev_ws/build/racing_stage2_param_test/resource/racing_stage2_param_test -> /home/sunrise/dev_ws/install/racing_stage2_param_test/share/ament_index/resource_index/packages\n'}
[7.848735] (racing_stage2_param_test) StdoutLine: {'line': b'creating /home/sunrise/dev_ws/install/racing_stage2_param_test/share/racing_stage2_param_test\n'}
[7.849245] (racing_stage2_param_test) StdoutLine: {'line': b'symbolically linking /home/sunrise/dev_ws/build/racing_stage2_param_test/package.xml -> /home/sunrise/dev_ws/install/racing_stage2_param_test/share/racing_stage2_param_test\n'}
[7.849742] (racing_stage2_param_test) StdoutLine: {'line': b'creating /home/sunrise/dev_ws/install/racing_stage2_param_test/share/racing_stage2_param_test/launch\n'}
[7.850230] (racing_stage2_param_test) StdoutLine: {'line': b'symbolically linking /home/sunrise/dev_ws/build/racing_stage2_param_test/launch/direct_inertial_test.launch.py -> /home/sunrise/dev_ws/install/racing_stage2_param_test/share/racing_stage2_param_test/launch\n'}
[7.850706] (racing_stage2_param_test) StdoutLine: {'line': b'symbolically linking /home/sunrise/dev_ws/build/racing_stage2_param_test/launch/avoidance_straight_test.launch.py -> /home/sunrise/dev_ws/install/racing_stage2_param_test/share/racing_stage2_param_test/launch\n'}
[7.851186] (racing_stage2_param_test) StdoutLine: {'line': b'creating /home/sunrise/dev_ws/install/racing_stage2_param_test/share/racing_stage2_param_test/config\n'}
[7.851652] (racing_stage2_param_test) StdoutLine: {'line': b'symbolically linking /home/sunrise/dev_ws/build/racing_stage2_param_test/config/avoidance_straight_test.yaml -> /home/sunrise/dev_ws/install/racing_stage2_param_test/share/racing_stage2_param_test/config\n'}
[7.932278] (-) TimerEvent: {}
[8.032810] (-) TimerEvent: {}
[8.085655] (racing_stage2_param_test) CommandEnded: {'returncode': 0}
[8.132991] (-) TimerEvent: {}
[8.186440] (racing_stage2_param_test) JobEnded: {'identifier': 'racing_stage2_param_test', 'rc': 0}
[8.188956] (-) EventReactorShutdown: {}
