[0.000000] (-) TimerEvent: {}
[0.000451] (-) JobUnselected: {'identifier': 'ackermann_msgs'}
[0.001169] (-) JobUnselected: {'identifier': 'bno055'}
[0.002399] (-) JobUnselected: {'identifier': 'line_follower_pkg'}
[0.003249] (-) JobUnselected: {'identifier': 'lslidar_driver'}
[0.004098] (-) JobUnselected: {'identifier': 'lslidar_msgs'}
[0.004360] (-) JobUnselected: {'identifier': 'origincar_base'}
[0.004572] (-) JobUnselected: {'identifier': 'origincar_bringup'}
[0.004780] (-) JobUnselected: {'identifier': 'origincar_description'}
[0.004973] (-) JobUnselected: {'identifier': 'origincar_msg'}
[0.005162] (-) JobUnselected: {'identifier': 'qr_scanner'}
[0.005352] (-) JobUnselected: {'identifier': 'racing_bringup'}
[0.005571] (-) JobUnselected: {'identifier': 'racing_stage1'}
[0.005834] (-) JobUnselected: {'identifier': 'racing_stage2'}
[0.006201] (-) JobUnselected: {'identifier': 'racing_stage3'}
[0.006384] (-) JobUnselected: {'identifier': 'racing_stage3_param_test'}
[0.006573] (-) JobUnselected: {'identifier': 'racing_vision_ai'}
[0.006716] (-) JobUnselected: {'identifier': 'serial'}
[0.007079] (-) JobUnselected: {'identifier': 'simple_avoidance'}
[0.007341] (-) JobUnselected: {'identifier': 'utils'}
[0.007466] (-) JobUnselected: {'identifier': 'voice_driver'}
[0.007599] (racing_stage2_param_test) JobQueued: {'identifier': 'racing_stage2_param_test', 'dependencies': OrderedDict([('ackermann_msgs', '/home/sunrise/dev_ws/install/ackermann_msgs'), ('bno055', '/home/sunrise/dev_ws/install/bno055'), ('lslidar_msgs', '/home/sunrise/dev_ws/install/lslidar_msgs'), ('origincar_bringup', '/home/sunrise/dev_ws/install/origincar_bringup'), ('origincar_description', '/home/sunrise/dev_ws/install/origincar_description'), ('origincar_msg', '/home/sunrise/dev_ws/install/origincar_msg'), ('qr_scanner', '/home/sunrise/dev_ws/install/qr_scanner'), ('serial', '/home/sunrise/dev_ws/install/serial'), ('lslidar_driver', '/home/sunrise/dev_ws/install/lslidar_driver'), ('origincar_base', '/home/sunrise/dev_ws/install/origincar_base'), ('racing_stage1', '/home/sunrise/dev_ws/install/racing_stage1'), ('racing_stage2', '/home/sunrise/dev_ws/install/racing_stage2')])}
[0.007878] (racing_stage2_param_test) JobStarted: {'identifier': 'racing_stage2_param_test'}
[0.098588] (-) TimerEvent: {}
[0.199111] (-) TimerEvent: {}
[0.299568] (-) TimerEvent: {}
[0.399988] (-) TimerEvent: {}
[0.500459] (-) TimerEvent: {}
[0.600968] (-) TimerEvent: {}
[0.701453] (-) TimerEvent: {}
[0.801927] (-) TimerEvent: {}
[0.902364] (-) TimerEvent: {}
[1.002776] (-) TimerEvent: {}
[1.103148] (-) TimerEvent: {}
[1.203525] (-) TimerEvent: {}
[1.303905] (-) TimerEvent: {}
[1.404280] (-) TimerEvent: {}
[1.504673] (-) TimerEvent: {}
[1.605098] (-) TimerEvent: {}
[1.705538] (-) TimerEvent: {}
[1.808961] (-) TimerEvent: {}
[1.909468] (-) TimerEvent: {}
[2.009997] (-) TimerEvent: {}
[2.110507] (-) TimerEvent: {}
[2.210975] (-) TimerEvent: {}
[2.311406] (-) TimerEvent: {}
[2.411877] (-) TimerEvent: {}
[2.512321] (-) TimerEvent: {}
[2.612849] (-) TimerEvent: {}
[2.713324] (-) TimerEvent: {}
[2.813735] (-) TimerEvent: {}
[2.914151] (-) TimerEvent: {}
[3.014549] (-) TimerEvent: {}
[3.114983] (-) TimerEvent: {}
[3.215445] (-) TimerEvent: {}
[3.315882] (-) TimerEvent: {}
[3.416312] (-) TimerEvent: {}
[3.516737] (-) TimerEvent: {}
[3.617167] (-) TimerEvent: {}
[3.717605] (-) TimerEvent: {}
[3.818063] (-) TimerEvent: {}
[3.918529] (-) TimerEvent: {}
[4.018983] (-) TimerEvent: {}
[4.119442] (-) TimerEvent: {}
[4.219930] (-) TimerEvent: {}
[4.320417] (-) TimerEvent: {}
[4.420895] (-) TimerEvent: {}
[4.462504] (racing_stage2_param_test) Command: {'cmd': ['/usr/bin/python3', '-W', 'ignore:setup.py install is deprecated', '-W', 'ignore:easy_install command is deprecated', 'setup.py', 'develop', '--editable', '--build-directory', '/home/sunrise/dev_ws/build/racing_stage2_param_test/build', '--no-deps', 'symlink_data'], 'cwd': '/home/sunrise/dev_ws/build/racing_stage2_param_test', 'env': {'LANGUAGE': 'en_US.UTF-8', 'USER': 'sunrise', 'SSH_CLIENT': '10.147.109.1 54053 22', 'XDG_SESSION_TYPE': 'tty', 'SHLVL': '1', 'LD_LIBRARY_PATH': '/home/sunrise/dev_ws/install/origincar_base/lib:/home/sunrise/dev_ws/install/serial/lib:/home/sunrise/dev_ws/install/origincar_msg/lib:/home/sunrise/dev_ws/install/lslidar_msgs/lib:/home/sunrise/dev_ws/install/ackermann_msgs/lib:/opt/ros/humble/opt/rviz_ogre_vendor/lib:/opt/ros/humble/lib/aarch64-linux-gnu:/opt/ros/humble/lib', 'MOTD_SHOWN': 'pam', 'HOME': '/home/sunrise', 'OLDPWD': '/home/sunrise', 'ROS_PYTHON_VERSION': '3', 'DBUS_SESSION_BUS_ADDRESS': 'unix:path=/run/user/1000/bus', 'ROS_DISTRO': 'humble', 'LOGNAME': 'sunrise', '_': '/usr/bin/colcon', 'ROS_VERSION': '2', 'XDG_SESSION_CLASS': 'user', 'XDG_SESSION_ID': '146', 'ROS_LOCALHOST_ONLY': '0', 'PATH': '/opt/ros/humble/bin:/usr/local/sbin:/usr/local/bin:/usr/sbin:/usr/bin:/sbin:/bin:/usr/games:/usr/local/games:/snap/bin', 'XDG_RUNTIME_DIR': '/run/user/1000', 'LANG': 'en_US.UTF-8', 'AMENT_PREFIX_PATH': '/home/sunrise/dev_ws/install/racing_stage2:/home/sunrise/dev_ws/install/racing_stage1:/home/sunrise/dev_ws/install/origincar_base:/home/sunrise/dev_ws/install/lslidar_driver:/home/sunrise/dev_ws/install/serial:/home/sunrise/dev_ws/install/qr_scanner:/home/sunrise/dev_ws/install/origincar_msg:/home/sunrise/dev_ws/install/origincar_description:/home/sunrise/dev_ws/install/origincar_bringup:/home/sunrise/dev_ws/install/lslidar_msgs:/home/sunrise/dev_ws/install/bno055:/home/sunrise/dev_ws/install/ackermann_msgs:/opt/ros/humble', 'SHELL': '/bin/bash', 'PWD': '/home/sunrise/dev_ws/build/racing_stage2_param_test', 'SSH_CONNECTION': '10.147.109.1 54053 10.147.109.8 22', 'PYTHONPATH': '/home/sunrise/dev_ws/build/racing_stage2_param_test/prefix_override:/usr/lib/python3/dist-packages/colcon_core/task/python/colcon_distutils_commands:/home/sunrise/dev_ws/install/racing_stage2_param_test/lib/python3.10/site-packages:/home/sunrise/dev_ws/build/racing_stage2:/home/sunrise/dev_ws/install/racing_stage2/lib/python3.10/site-packages:/home/sunrise/dev_ws/build/racing_stage1:/home/sunrise/dev_ws/install/racing_stage1/lib/python3.10/site-packages:/home/sunrise/dev_ws/install/origincar_base/local/lib/python3.10/dist-packages:/home/sunrise/dev_ws/build/qr_scanner:/home/sunrise/dev_ws/install/qr_scanner/lib/python3.10/site-packages:/home/sunrise/dev_ws/install/origincar_msg/local/lib/python3.10/dist-packages:/home/sunrise/dev_ws/install/lslidar_msgs/local/lib/python3.10/dist-packages:/home/sunrise/dev_ws/build/bno055:/home/sunrise/dev_ws/install/bno055/lib/python3.10/site-packages:/home/sunrise/dev_ws/install/ackermann_msgs/local/lib/python3.10/dist-packages:/opt/ros/humble/lib/python3.10/site-packages:/opt/ros/humble/local/lib/python3.10/dist-packages', 'COLCON': '1', 'CMAKE_PREFIX_PATH': '/home/sunrise/dev_ws/install/origincar_base:/home/sunrise/dev_ws/install/lslidar_driver:/home/sunrise/dev_ws/install/serial:/home/sunrise/dev_ws/install/origincar_msg:/home/sunrise/dev_ws/install/origincar_description:/home/sunrise/dev_ws/install/origincar_bringup:/home/sunrise/dev_ws/install/lslidar_msgs:/home/sunrise/dev_ws/install/ackermann_msgs'}, 'shell': False}
[4.521055] (-) TimerEvent: {}
[4.621514] (-) TimerEvent: {}
[4.721983] (-) TimerEvent: {}
[4.822479] (-) TimerEvent: {}
[4.922961] (-) TimerEvent: {}
[5.023445] (-) TimerEvent: {}
[5.123929] (-) TimerEvent: {}
[5.224400] (-) TimerEvent: {}
[5.324887] (-) TimerEvent: {}
[5.425369] (-) TimerEvent: {}
[5.525841] (-) TimerEvent: {}
[5.626348] (-) TimerEvent: {}
[5.726880] (-) TimerEvent: {}
[5.827371] (-) TimerEvent: {}
[5.927858] (-) TimerEvent: {}
[6.028334] (-) TimerEvent: {}
[6.128824] (-) TimerEvent: {}
[6.211286] (racing_stage2_param_test) StdoutLine: {'line': b'running develop\n'}
[6.228968] (-) TimerEvent: {}
[6.329420] (-) TimerEvent: {}
[6.429890] (-) TimerEvent: {}
[6.530367] (-) TimerEvent: {}
[6.630839] (-) TimerEvent: {}
[6.731318] (-) TimerEvent: {}
[6.831847] (-) TimerEvent: {}
[6.932338] (-) TimerEvent: {}
[7.032789] (-) TimerEvent: {}
[7.133251] (-) TimerEvent: {}
[7.233696] (-) TimerEvent: {}
[7.317291] (racing_stage2_param_test) StdoutLine: {'line': b'running egg_info\n'}
[7.318052] (racing_stage2_param_test) StdoutLine: {'line': b'creating racing_stage2_param_test.egg-info\n'}
[7.318971] (racing_stage2_param_test) StdoutLine: {'line': b'writing racing_stage2_param_test.egg-info/PKG-INFO\n'}
[7.319846] (racing_stage2_param_test) StdoutLine: {'line': b'writing dependency_links to racing_stage2_param_test.egg-info/dependency_links.txt\n'}
[7.320849] (racing_stage2_param_test) StdoutLine: {'line': b'writing entry points to racing_stage2_param_test.egg-info/entry_points.txt\n'}
[7.321976] (racing_stage2_param_test) StdoutLine: {'line': b'writing requirements to racing_stage2_param_test.egg-info/requires.txt\n'}
[7.322534] (racing_stage2_param_test) StdoutLine: {'line': b'writing top-level names to racing_stage2_param_test.egg-info/top_level.txt\n'}
[7.323360] (racing_stage2_param_test) StdoutLine: {'line': b"writing manifest file 'racing_stage2_param_test.egg-info/SOURCES.txt'\n"}
[7.333890] (racing_stage2_param_test) StdoutLine: {'line': b"reading manifest file 'racing_stage2_param_test.egg-info/SOURCES.txt'\n"}
[7.334583] (-) TimerEvent: {}
[7.338126] (racing_stage2_param_test) StdoutLine: {'line': b"writing manifest file 'racing_stage2_param_test.egg-info/SOURCES.txt'\n"}
[7.347526] (racing_stage2_param_test) StdoutLine: {'line': b'running build_ext\n'}
[7.348698] (racing_stage2_param_test) StdoutLine: {'line': b'Creating /home/sunrise/dev_ws/install/racing_stage2_param_test/lib/python3.10/site-packages/racing-stage2-param-test.egg-link (link to .)\n'}
[7.353237] (racing_stage2_param_test) StdoutLine: {'line': b'Installing avoidance_straight_tester script to /home/sunrise/dev_ws/install/racing_stage2_param_test/lib/racing_stage2_param_test\n'}
[7.354220] (racing_stage2_param_test) StdoutLine: {'line': b'Installing camera_video_recorder script to /home/sunrise/dev_ws/install/racing_stage2_param_test/lib/racing_stage2_param_test\n'}
[7.355308] (racing_stage2_param_test) StdoutLine: {'line': b'Installing data_recorder script to /home/sunrise/dev_ws/install/racing_stage2_param_test/lib/racing_stage2_param_test\n'}
[7.356647] (racing_stage2_param_test) StdoutLine: {'line': b'Installing direct_inertial_tester script to /home/sunrise/dev_ws/install/racing_stage2_param_test/lib/racing_stage2_param_test\n'}
[7.357457] (racing_stage2_param_test) StdoutLine: {'line': b'Installing lane_follow script to /home/sunrise/dev_ws/install/racing_stage2_param_test/lib/racing_stage2_param_test\n'}
[7.358532] (racing_stage2_param_test) StdoutLine: {'line': b'Installing pure_vision_controller script to /home/sunrise/dev_ws/install/racing_stage2_param_test/lib/racing_stage2_param_test\n'}
[7.359999] (racing_stage2_param_test) StdoutLine: {'line': b'Installing twist_cmd_relay script to /home/sunrise/dev_ws/install/racing_stage2_param_test/lib/racing_stage2_param_test\n'}
[7.362112] (racing_stage2_param_test) StdoutLine: {'line': b'Installing vision_inertial_tester script to /home/sunrise/dev_ws/install/racing_stage2_param_test/lib/racing_stage2_param_test\n'}
[7.363868] (racing_stage2_param_test) StdoutLine: {'line': b'\n'}
[7.365628] (racing_stage2_param_test) StdoutLine: {'line': b'Installed /home/sunrise/dev_ws/build/racing_stage2_param_test\n'}
[7.366249] (racing_stage2_param_test) StdoutLine: {'line': b'running symlink_data\n'}
[7.366772] (racing_stage2_param_test) StdoutLine: {'line': b'creating /home/sunrise/dev_ws/install/racing_stage2_param_test/share/ament_index\n'}
[7.367259] (racing_stage2_param_test) StdoutLine: {'line': b'creating /home/sunrise/dev_ws/install/racing_stage2_param_test/share/ament_index/resource_index\n'}
[7.367729] (racing_stage2_param_test) StdoutLine: {'line': b'creating /home/sunrise/dev_ws/install/racing_stage2_param_test/share/ament_index/resource_index/packages\n'}
[7.368180] (racing_stage2_param_test) StdoutLine: {'line': b'symbolically linking /home/sunrise/dev_ws/build/racing_stage2_param_test/resource/racing_stage2_param_test -> /home/sunrise/dev_ws/install/racing_stage2_param_test/share/ament_index/resource_index/packages\n'}
[7.368636] (racing_stage2_param_test) StdoutLine: {'line': b'symbolically linking /home/sunrise/dev_ws/build/racing_stage2_param_test/package.xml -> /home/sunrise/dev_ws/install/racing_stage2_param_test/share/racing_stage2_param_test\n'}
[7.369151] (racing_stage2_param_test) StdoutLine: {'line': b'creating /home/sunrise/dev_ws/install/racing_stage2_param_test/share/racing_stage2_param_test/launch\n'}
[7.369593] (racing_stage2_param_test) StdoutLine: {'line': b'symbolically linking /home/sunrise/dev_ws/build/racing_stage2_param_test/launch/vision_inertial_test.launch.py -> /home/sunrise/dev_ws/install/racing_stage2_param_test/share/racing_stage2_param_test/launch\n'}
[7.370038] (racing_stage2_param_test) StdoutLine: {'line': b'symbolically linking /home/sunrise/dev_ws/build/racing_stage2_param_test/launch/pure_vision_test.launch.py -> /home/sunrise/dev_ws/install/racing_stage2_param_test/share/racing_stage2_param_test/launch\n'}
[7.370479] (racing_stage2_param_test) StdoutLine: {'line': b'symbolically linking /home/sunrise/dev_ws/build/racing_stage2_param_test/launch/direct_inertial_test.launch.py -> /home/sunrise/dev_ws/install/racing_stage2_param_test/share/racing_stage2_param_test/launch\n'}
[7.370919] (racing_stage2_param_test) StdoutLine: {'line': b'symbolically linking /home/sunrise/dev_ws/build/racing_stage2_param_test/launch/record.launch.py -> /home/sunrise/dev_ws/install/racing_stage2_param_test/share/racing_stage2_param_test/launch\n'}
[7.371357] (racing_stage2_param_test) StdoutLine: {'line': b'symbolically linking /home/sunrise/dev_ws/build/racing_stage2_param_test/launch/avoidance_straight_test.launch.py -> /home/sunrise/dev_ws/install/racing_stage2_param_test/share/racing_stage2_param_test/launch\n'}
[7.371842] (racing_stage2_param_test) StdoutLine: {'line': b'symbolically linking /home/sunrise/dev_ws/build/racing_stage2_param_test/launch/lane_follow_test.launch.py -> /home/sunrise/dev_ws/install/racing_stage2_param_test/share/racing_stage2_param_test/launch\n'}
[7.372309] (racing_stage2_param_test) StdoutLine: {'line': b'symbolically linking /home/sunrise/dev_ws/build/racing_stage2_param_test/launch/direct_inertial_camera_record_test.launch.py -> /home/sunrise/dev_ws/install/racing_stage2_param_test/share/racing_stage2_param_test/launch\n'}
[7.372756] (racing_stage2_param_test) StdoutLine: {'line': b'creating /home/sunrise/dev_ws/install/racing_stage2_param_test/share/racing_stage2_param_test/config\n'}
[7.373293] (racing_stage2_param_test) StdoutLine: {'line': b'symbolically linking /home/sunrise/dev_ws/build/racing_stage2_param_test/config/avoidance_straight_test.yaml -> /home/sunrise/dev_ws/install/racing_stage2_param_test/share/racing_stage2_param_test/config\n'}
[7.373742] (racing_stage2_param_test) StdoutLine: {'line': b'symbolically linking /home/sunrise/dev_ws/build/racing_stage2_param_test/config/direct_inertial_test.yaml -> /home/sunrise/dev_ws/install/racing_stage2_param_test/share/racing_stage2_param_test/config\n'}
[7.434859] (-) TimerEvent: {}
[7.535423] (-) TimerEvent: {}
[7.606470] (racing_stage2_param_test) CommandEnded: {'returncode': 0}
[7.635842] (-) TimerEvent: {}
[7.700433] (racing_stage2_param_test) JobEnded: {'identifier': 'racing_stage2_param_test', 'rc': 0}
[7.703061] (-) EventReactorShutdown: {}
