[0.000000] (-) TimerEvent: {}
[0.000468] (-) JobUnselected: {'identifier': 'ackermann_msgs'}
[0.001199] (-) JobUnselected: {'identifier': 'bno055'}
[0.002439] (-) JobUnselected: {'identifier': 'line_follower_pkg'}
[0.003312] (-) JobUnselected: {'identifier': 'lslidar_driver'}
[0.003564] (-) JobUnselected: {'identifier': 'lslidar_msgs'}
[0.003777] (-) JobUnselected: {'identifier': 'origincar_base'}
[0.003983] (-) JobUnselected: {'identifier': 'origincar_bringup'}
[0.004178] (-) JobUnselected: {'identifier': 'origincar_description'}
[0.004369] (-) JobUnselected: {'identifier': 'origincar_msg'}
[0.004557] (-) JobUnselected: {'identifier': 'qr_scanner'}
[0.004744] (-) JobUnselected: {'identifier': 'racing_bringup'}
[0.004931] (-) JobUnselected: {'identifier': 'racing_stage1'}
[0.005118] (-) JobUnselected: {'identifier': 'racing_stage2'}
[0.005303] (-) JobUnselected: {'identifier': 'racing_stage3'}
[0.005488] (-) JobUnselected: {'identifier': 'racing_stage3_param_test'}
[0.005677] (-) JobUnselected: {'identifier': 'racing_vision_ai'}
[0.005863] (-) JobUnselected: {'identifier': 'serial'}
[0.006051] (-) JobUnselected: {'identifier': 'simple_avoidance'}
[0.006237] (-) JobUnselected: {'identifier': 'utils'}
[0.006430] (-) JobUnselected: {'identifier': 'voice_driver'}
[0.006657] (racing_stage2_param_test) JobQueued: {'identifier': 'racing_stage2_param_test', 'dependencies': OrderedDict()}
[0.006862] (racing_stage2_param_test) JobStarted: {'identifier': 'racing_stage2_param_test'}
[0.098555] (-) TimerEvent: {}
[0.199044] (-) TimerEvent: {}
[0.299537] (-) TimerEvent: {}
[0.400039] (-) TimerEvent: {}
[0.500533] (-) TimerEvent: {}
[0.601023] (-) TimerEvent: {}
[0.701504] (-) TimerEvent: {}
[0.802006] (-) TimerEvent: {}
[0.902494] (-) TimerEvent: {}
[1.002973] (-) TimerEvent: {}
[1.103465] (-) TimerEvent: {}
[1.203945] (-) TimerEvent: {}
[1.304429] (-) TimerEvent: {}
[1.404927] (-) TimerEvent: {}
[1.505416] (-) TimerEvent: {}
[1.605902] (-) TimerEvent: {}
[1.706378] (-) TimerEvent: {}
[1.806900] (-) TimerEvent: {}
[1.907364] (-) TimerEvent: {}
[2.007884] (-) TimerEvent: {}
[2.108438] (-) TimerEvent: {}
[2.208923] (-) TimerEvent: {}
[2.309393] (-) TimerEvent: {}
[2.409863] (-) TimerEvent: {}
[2.510369] (-) TimerEvent: {}
[2.610859] (-) TimerEvent: {}
[2.711314] (-) TimerEvent: {}
[2.811769] (-) TimerEvent: {}
[2.912245] (-) TimerEvent: {}
[3.012708] (-) TimerEvent: {}
[3.113169] (-) TimerEvent: {}
[3.213630] (-) TimerEvent: {}
[3.314093] (-) TimerEvent: {}
[3.414548] (-) TimerEvent: {}
[3.515010] (-) TimerEvent: {}
[3.615472] (-) TimerEvent: {}
[3.715928] (-) TimerEvent: {}
[3.816404] (-) TimerEvent: {}
[3.916923] (-) TimerEvent: {}
[4.017386] (-) TimerEvent: {}
[4.117853] (-) TimerEvent: {}
[4.218315] (-) TimerEvent: {}
[4.318768] (-) TimerEvent: {}
[4.419270] (-) TimerEvent: {}
[4.519791] (-) TimerEvent: {}
[4.620315] (-) TimerEvent: {}
[4.720820] (-) TimerEvent: {}
[4.800353] (racing_stage2_param_test) Command: {'cmd': ['/usr/bin/python3', '-W', 'ignore:setup.py install is deprecated', '-W', 'ignore:easy_install command is deprecated', 'setup.py', 'develop', '--editable', '--build-directory', '/home/sunrise/dev_ws/build/racing_stage2_param_test/build', '--no-deps', 'symlink_data'], 'cwd': '/home/sunrise/dev_ws/build/racing_stage2_param_test', 'env': {'VSCODE_CWD': '/home/sunrise', 'VSCODE_ESM_ENTRYPOINT': 'vs/workbench/api/node/extensionHostProcess', 'LANGUAGE': 'en_US.UTF-8', 'USER': 'sunrise', 'SSH_CLIENT': '10.119.156.1 35775 22', 'VSCODE_NLS_CONFIG': '{"userLocale":"en","osLocale":"en","resolvedLanguage":"en","defaultMessagesFile":"/home/sunrise/.cursor-server/bin/linux-arm64/aac81804b986d739acab348ed96b8bea6e83cc50/out/nls.messages.json","locale":"en","availableLanguages":{}}', 'VSCODE_HANDLES_UNCAUGHT_ERRORS': 'true', 'XDG_SESSION_TYPE': 'tty', 'SHLVL': '0', 'LD_LIBRARY_PATH': '/home/sunrise/dev_ws/install/voice_driver/lib:/usr/hobot/lib:/app/lib:/app/pub/lib:/middleware/lib:/middleware/pub/lib:/usr/hobot/lib/sensor:/system/lib:/system/usr/lib:/lib:/home/sunrise/dev_ws/install/origincar_base/lib:/home/sunrise/dev_ws/install/serial/lib:/home/sunrise/dev_ws/install/origincar_msg/lib:/home/sunrise/dev_ws/install/lslidar_msgs/lib:/home/sunrise/dev_ws/install/ackermann_msgs/lib:/opt/tros/humble/lib/aarch64-linux-gnu:/opt/tros/humble/lib:/opt/ros/humble/opt/rviz_ogre_vendor/lib:/opt/ros/humble/lib/aarch64-linux-gnu:/opt/ros/humble/lib:/usr/hobot/lib:/app/lib:/app/pub/lib:/middleware/lib:/middleware/pub/lib:/usr/hobot/lib/sensor:/system/lib:/system/usr/lib:/lib:/usr/hobot/lib:/app/lib:/app/pub/lib:/middleware/lib:/middleware/pub/lib:/usr/hobot/lib/sensor:/system/lib:/system/usr/lib:/lib:', 'BROWSER': '/home/sunrise/.cursor-server/bin/linux-arm64/aac81804b986d739acab348ed96b8bea6e83cc50/bin/helpers/browser.sh', 'MOTD_SHOWN': 'pam', 'HOME': '/home/sunrise', 'OLDPWD': '/home/sunrise/dev_ws', 'VSCODE_IPC_HOOK_CLI': '/run/user/1000/vscode-ipc-4d22c997-93ab-4d22-a85f-80a1014e6439.sock', 'ROS_PYTHON_VERSION': '3', 'NO_COLOR': '1', 'DBUS_SESSION_BUS_ADDRESS': 'unix:path=/run/user/1000/bus', 'TROS_DISTRO': 'humble', 'VSCODE_L10N_BUNDLE_LOCATION': '', 'COLCON_PREFIX_PATH': '/home/sunrise/dev_ws/install', 'ROS_DISTRO': 'humble', 'OVSX_REGISTRY_URL': 'https://open-vsx.org', 'LOGNAME': 'sunrise', 'FORCE_COLOR': '0', 'VSCODE_HANDLES_SIGPIPE': 'true', '_': '/usr/bin/colcon', 'ROS_VERSION': '2', 'CURSOR_LAYOUT': 'unifiedAgent', 'XDG_SESSION_CLASS': 'user', 'TERM': 'dumb', 'XDG_SESSION_ID': '3', 'ROS_LOCALHOST_ONLY': '0', 'PATH': '/home/sunrise/.local/bin:/usr/hobot/bin/:/home/sunrise/.cursor-server/bin/linux-arm64/aac81804b986d739acab348ed96b8bea6e83cc50:/home/sunrise/.cursor-server/bin/linux-arm64/aac81804b986d739acab348ed96b8bea6e83cc50/bin/remote-cli:/home/sunrise/.local/bin:/opt/tros/humble/bin:/opt/ros/humble/bin:/usr/hobot/bin/:/home/sunrise/.cursor-server/bin/linux-arm64/aac81804b986d739acab348ed96b8bea6e83cc50/bin/remote-cli:/home/sunrise/.local/bin:/usr/hobot/bin/:/usr/local/sbin:/usr/local/bin:/usr/sbin:/usr/bin:/sbin:/bin:/usr/games:/usr/local/games:/snap/bin', 'VSCODE_AGENT_FOLDER': '/home/sunrise/.cursor-server', 'XDG_RUNTIME_DIR': '/run/user/1000', 'CURSOR_AGENT': '1', 'LANG': 'en_US.UTF-8', 'LS_COLORS': '', 'AMENT_PREFIX_PATH': '/home/sunrise/dev_ws/install/voice_driver:/home/sunrise/dev_ws/install/utils:/home/sunrise/dev_ws/install/simple_avoidance:/home/sunrise/dev_ws/install/racing_vision_ai:/home/sunrise/dev_ws/install/racing_stage3_param_test:/home/sunrise/dev_ws/install/racing_bringup:/home/sunrise/dev_ws/install/racing_stage3:/home/sunrise/dev_ws/install/line_follower_pkg:/home/sunrise/dev_ws/install/origincar_base:/home/sunrise/dev_ws/install/serial:/home/sunrise/dev_ws/install/racing_stage2:/home/sunrise/dev_ws/install/racing_stage1:/home/sunrise/dev_ws/install/qr_scanner:/home/sunrise/dev_ws/install/origincar_msg:/home/sunrise/dev_ws/install/origincar_description:/home/sunrise/dev_ws/install/origincar_bringup:/home/sunrise/dev_ws/install/lslidar_driver:/home/sunrise/dev_ws/install/lslidar_msgs:/home/sunrise/dev_ws/install/bno055:/home/sunrise/dev_ws/install/ackermann_msgs:/opt/tros/humble:/opt/ros/humble', 'SHELL': '/bin/bash', 'VSCODE_SERVER_SHUTDOWN_TIMEOUT': '300', 'PWD': '/home/sunrise/dev_ws/build/racing_stage2_param_test', 'SSH_CONNECTION': '10.119.156.1 35775 10.119.156.8 22', 'PYTHONPATH': '/home/sunrise/dev_ws/build/racing_stage2_param_test/prefix_override:/usr/lib/python3/dist-packages/colcon_core/task/python/colcon_distutils_commands:/home/sunrise/dev_ws/install/racing_stage2_param_test/lib/python3.10/site-packages:/home/sunrise/dev_ws/install/voice_driver/local/lib/python3.10/dist-packages:/home/sunrise/dev_ws/build/simple_avoidance:/home/sunrise/dev_ws/install/simple_avoidance/lib/python3.10/site-packages:/home/sunrise/dev_ws/build/racing_vision_ai:/home/sunrise/dev_ws/install/racing_vision_ai/lib/python3.10/site-packages:/home/sunrise/dev_ws/build/racing_stage3_param_test:/home/sunrise/dev_ws/install/racing_stage3_param_test/lib/python3.10/site-packages:/home/sunrise/dev_ws/build/racing_bringup:/home/sunrise/dev_ws/install/racing_bringup/lib/python3.10/site-packages:/home/sunrise/dev_ws/build/racing_stage3:/home/sunrise/dev_ws/install/racing_stage3/lib/python3.10/site-packages:/home/sunrise/dev_ws/build/line_follower_pkg:/home/sunrise/dev_ws/install/line_follower_pkg/lib/python3.10/site-packages:/home/sunrise/dev_ws/install/origincar_base/local/lib/python3.10/dist-packages:/home/sunrise/dev_ws/build/racing_stage2_param_test:/home/sunrise/dev_ws/install/racing_stage2_param_test/lib/python3.10/site-packages:/home/sunrise/dev_ws/build/racing_stage2:/home/sunrise/dev_ws/install/racing_stage2/lib/python3.10/site-packages:/home/sunrise/dev_ws/build/racing_stage1:/home/sunrise/dev_ws/install/racing_stage1/lib/python3.10/site-packages:/home/sunrise/dev_ws/build/qr_scanner:/home/sunrise/dev_ws/install/qr_scanner/lib/python3.10/site-packages:/home/sunrise/dev_ws/install/origincar_msg/local/lib/python3.10/dist-packages:/home/sunrise/dev_ws/install/lslidar_msgs/local/lib/python3.10/dist-packages:/home/sunrise/dev_ws/build/bno055:/home/sunrise/dev_ws/install/bno055/lib/python3.10/site-packages:/home/sunrise/dev_ws/install/ackermann_msgs/local/lib/python3.10/dist-packages:/opt/tros/humble/lib/python3.10/site-packages:/opt/tros/humble/local/lib/python3.10/dist-packages:/opt/ros/humble/lib/python3.10/site-packages:/opt/ros/humble/local/lib/python3.10/dist-packages', 'COLCON': '1', '_ZO_DOCTOR': '0', 'CMAKE_PREFIX_PATH': '/home/sunrise/dev_ws/install/voice_driver:/home/sunrise/dev_ws/install/utils:/home/sunrise/dev_ws/install/origincar_base:/home/sunrise/dev_ws/install/serial:/home/sunrise/dev_ws/install/origincar_msg:/home/sunrise/dev_ws/install/origincar_description:/home/sunrise/dev_ws/install/origincar_bringup:/home/sunrise/dev_ws/install/lslidar_driver:/home/sunrise/dev_ws/install/lslidar_msgs:/home/sunrise/dev_ws/install/ackermann_msgs'}, 'shell': False}
[4.820981] (-) TimerEvent: {}
[4.921444] (-) TimerEvent: {}
[5.021863] (-) TimerEvent: {}
[5.122281] (-) TimerEvent: {}
[5.222741] (-) TimerEvent: {}
[5.323257] (-) TimerEvent: {}
[5.423832] (-) TimerEvent: {}
[5.524323] (-) TimerEvent: {}
[5.624797] (-) TimerEvent: {}
[5.725257] (-) TimerEvent: {}
[5.825735] (-) TimerEvent: {}
[5.926204] (-) TimerEvent: {}
[6.026679] (-) TimerEvent: {}
[6.127146] (-) TimerEvent: {}
[6.227602] (-) TimerEvent: {}
[6.328065] (-) TimerEvent: {}
[6.428525] (-) TimerEvent: {}
[6.528978] (-) TimerEvent: {}
[6.629447] (-) TimerEvent: {}
[6.729915] (-) TimerEvent: {}
[6.818615] (racing_stage2_param_test) StdoutLine: {'line': b'running develop\n'}
[6.830041] (-) TimerEvent: {}
[6.930451] (-) TimerEvent: {}
[7.030913] (-) TimerEvent: {}
[7.131384] (-) TimerEvent: {}
[7.231863] (-) TimerEvent: {}
[7.332321] (-) TimerEvent: {}
[7.432775] (-) TimerEvent: {}
[7.533234] (-) TimerEvent: {}
[7.633695] (-) TimerEvent: {}
[7.734152] (-) TimerEvent: {}
[7.834612] (-) TimerEvent: {}
[7.935071] (-) TimerEvent: {}
[8.032128] (racing_stage2_param_test) StdoutLine: {'line': b'running egg_info\n'}
[8.033296] (racing_stage2_param_test) StdoutLine: {'line': b'writing racing_stage2_param_test.egg-info/PKG-INFO\n'}
[8.034696] (racing_stage2_param_test) StdoutLine: {'line': b'writing dependency_links to racing_stage2_param_test.egg-info/dependency_links.txt\n'}
[8.035210] (-) TimerEvent: {}
[8.035705] (racing_stage2_param_test) StdoutLine: {'line': b'writing entry points to racing_stage2_param_test.egg-info/entry_points.txt\n'}
[8.036473] (racing_stage2_param_test) StdoutLine: {'line': b'writing requirements to racing_stage2_param_test.egg-info/requires.txt\n'}
[8.037284] (racing_stage2_param_test) StdoutLine: {'line': b'writing top-level names to racing_stage2_param_test.egg-info/top_level.txt\n'}
[8.048077] (racing_stage2_param_test) StdoutLine: {'line': b"reading manifest file 'racing_stage2_param_test.egg-info/SOURCES.txt'\n"}
[8.052779] (racing_stage2_param_test) StdoutLine: {'line': b"writing manifest file 'racing_stage2_param_test.egg-info/SOURCES.txt'\n"}
[8.064468] (racing_stage2_param_test) StdoutLine: {'line': b'running build_ext\n'}
[8.065829] (racing_stage2_param_test) StdoutLine: {'line': b'Creating /home/sunrise/dev_ws/install/racing_stage2_param_test/lib/python3.10/site-packages/racing-stage2-param-test.egg-link (link to .)\n'}
[8.070845] (racing_stage2_param_test) StdoutLine: {'line': b'Installing avoidance_straight_tester script to /home/sunrise/dev_ws/install/racing_stage2_param_test/lib/racing_stage2_param_test\n'}
[8.071758] (racing_stage2_param_test) StdoutLine: {'line': b'Installing direct_inertial_tester script to /home/sunrise/dev_ws/install/racing_stage2_param_test/lib/racing_stage2_param_test\n'}
[8.072535] (racing_stage2_param_test) StdoutLine: {'line': b'Installing twist_cmd_relay script to /home/sunrise/dev_ws/install/racing_stage2_param_test/lib/racing_stage2_param_test\n'}
[8.073573] (racing_stage2_param_test) StdoutLine: {'line': b'\n'}
[8.074303] (racing_stage2_param_test) StdoutLine: {'line': b'Installed /home/sunrise/dev_ws/build/racing_stage2_param_test\n'}
[8.074754] (racing_stage2_param_test) StdoutLine: {'line': b'running symlink_data\n'}
[8.135468] (-) TimerEvent: {}
[8.236003] (-) TimerEvent: {}
[8.320254] (racing_stage2_param_test) CommandEnded: {'returncode': 0}
[8.341276] (-) TimerEvent: {}
[8.425584] (racing_stage2_param_test) JobEnded: {'identifier': 'racing_stage2_param_test', 'rc': 0}
[8.428579] (-) EventReactorShutdown: {}
