-- The C compiler identification is GNU 11.2.0
-- The CXX compiler identification is GNU 11.2.0
-- Detecting C compiler ABI info
-- Detecting C compiler ABI info - done
-- Check for working C compiler: /usr/bin/cc - skipped
-- Detecting C compile features
-- Detecting C compile features - done
-- Detecting CXX compiler ABI info
-- Detecting CXX compiler ABI info - done
-- Check for working CXX compiler: /usr/bin/c++ - skipped
-- Detecting CXX compile features
-- Detecting CXX compile features - done
-- Found ament_cmake: 1.3.14 (/opt/ros/humble/share/ament_cmake/cmake)
-- Found Python3: /usr/bin/python3 (found version "3.10.12") found components: Interpreter 
-- Override CMake install command with custom implementation using symlinks instead of copying resources
-- Found geometry_msgs: 4.9.1 (/opt/ros/humble/share/geometry_msgs/cmake)
-- Found rosidl_generator_c: 3.1.8 (/opt/ros/humble/share/rosidl_generator_c/cmake)
-- Found rosidl_adapter: 3.1.8 (/opt/ros/humble/share/rosidl_adapter/cmake)
-- Found rosidl_generator_cpp: 3.1.8 (/opt/ros/humble/share/rosidl_generator_cpp/cmake)
-- Using all available rosidl_typesupport_c: rosidl_typesupport_fastrtps_c;rosidl_typesupport_introspection_c
-- Using all available rosidl_typesupport_cpp: rosidl_typesupport_fastrtps_cpp;rosidl_typesupport_introspection_cpp
-- Found tf2_geometry_msgs: 0.25.20 (/opt/ros/humble/share/tf2_geometry_msgs/cmake)
-- Found eigen3_cmake_module: 0.1.1 (/opt/ros/humble/share/eigen3_cmake_module/cmake)
-- Found Eigen3: TRUE (found version "3.4.0") 
-- Ensuring Eigen3 include directory is part of orocos-kdl CMake target
-- Found rmw_implementation_cmake: 6.1.2 (/opt/ros/humble/share/rmw_implementation_cmake/cmake)
-- Found rmw_fastrtps_cpp: 6.2.10 (/opt/ros/humble/share/rmw_fastrtps_cpp/cmake)
-- Found OpenSSL: /usr/lib/aarch64-linux-gnu/libcrypto.so (found version "3.0.2")  
-- Found FastRTPS: /opt/ros/humble/include  
-- Using RMW implementation 'rmw_fastrtps_cpp' as default
-- Looking for pthread.h
-- Looking for pthread.h - found
-- Performing Test CMAKE_HAVE_LIBC_PTHREAD
-- Performing Test CMAKE_HAVE_LIBC_PTHREAD - Success
-- Found Threads: TRUE  
-- Found nav2_msgs: 1.1.20 (/opt/ros/humble/share/nav2_msgs/cmake)
-- Found rclpy: 3.3.21 (/opt/ros/humble/share/rclpy/cmake)
-- Found sensor_msgs: 4.9.1 (/opt/ros/humble/share/sensor_msgs/cmake)
-- Found std_srvs: 4.9.1 (/opt/ros/humble/share/std_srvs/cmake)
-- Found ackermann_msgs: 2.0.2 (/home/sunrise/dev_ws/install/ackermann_msgs/share/ackermann_msgs/cmake)
-- Found origincar_msg: 0.0.0 (/home/sunrise/dev_ws/install/origincar_msg/share/origincar_msg/cmake)
-- Found serial: 1.2.1 (/home/sunrise/dev_ws/install/serial/share/serial/cmake)
-- Found rosidl_default_generators: 1.2.1 (/opt/ros/humble/share/rosidl_default_generators/cmake)
-- Found origincar_description: 0.0.0 (/home/sunrise/dev_ws/install/origincar_description/share/origincar_description/cmake)
-- Found robot_localization: 3.5.4 (/opt/ros/humble/share/robot_localization/cmake)
-- Found ament_cmake_ros: 0.10.0 (/opt/ros/humble/share/ament_cmake_ros/cmake)
-- Using all available rosidl_typesupport_c: rosidl_typesupport_fastrtps_c;rosidl_typesupport_introspection_c
-- Using all available rosidl_typesupport_cpp: rosidl_typesupport_fastrtps_cpp;rosidl_typesupport_introspection_cpp
-- Found PythonInterp: /usr/bin/python3 (found suitable version "3.10.12", minimum required is "3.6") 
-- Found python_cmake_module: 0.10.0 (/opt/ros/humble/share/python_cmake_module/cmake)
-- Found PythonLibs: /usr/lib/aarch64-linux-gnu/libpython3.10.so (found suitable version "3.10.12", minimum required is "3.5") 
-- Using PYTHON_EXECUTABLE: /usr/bin/python3
-- Using PYTHON_INCLUDE_DIRS: /usr/include/python3.10
-- Using PYTHON_LIBRARIES: /usr/lib/aarch64-linux-gnu/libpython3.10.so
-- Found PythonExtra: .so  
-- Found ament_lint_auto: 0.12.15 (/opt/ros/humble/share/ament_lint_auto/cmake)
-- Added test 'copyright' to check source files copyright and LICENSE
-- Added test 'cppcheck' to perform static code analysis on C / C++ code
-- Configured cppcheck include dirs: /home/sunrise/dev_ws/src/origincar/origincar_base/include
-- Configured cppcheck exclude dirs and/or files: 
-- Added test 'cpplint' to check C / C++ code against the Google style
-- Configured cpplint exclude dirs and/or files: 
-- Added test 'flake8' to check Python code syntax and style conventions
-- Added test 'lint_cmake' to check CMake code style
-- Added test 'pep257' to check Python code against some of the docstring style conventions in PEP 257
-- Added test 'uncrustify' to check C / C++ code style
-- Configured uncrustify additional arguments: 
-- Added test 'xmllint' to check XML markup files
-- Configuring done
-- Generating done
-- Build files have been written to: /home/sunrise/dev_ws/build/origincar_base
[  2%] [34m[1mGenerating Rust code for ROS interfaces[0m
[  2%] Built target origincar_base__rs
[  5%] [32mBuilding CXX object CMakeFiles/origincar_base_node.dir/src/origincar_base.cpp.o[0m
[  8%] [32mBuilding CXX object CMakeFiles/origincar_base_node.dir/src/Quaternion_Solution.cpp.o[0m
[ 11%] [32m[1mLinking CXX executable origincar_base_node[0m
[ 11%] Built target origincar_base_node
[ 14%] [34m[1mGenerating C code for ROS interfaces[0m
[ 17%] [34m[1mGenerating C++ code for ROS interfaces[0m
[ 17%] Built target ament_cmake_python_symlink_origincar_base
[ 20%] [32mBuilding C object CMakeFiles/origincar_base__rosidl_generator_c.dir/rosidl_generator_c/origincar_base/msg/detail/position__functions.c.o[0m
[ 20%] Built target origincar_base__cpp
[ 22%] [34m[1mGenerating C++ type support for eProsima Fast-RTPS[0m
[ 25%] [34m[1mGenerating C++ type support dispatch for ROS interfaces[0m
[ 28%] [34m[1mGenerating C++ introspection for ROS interfaces[0m
running egg_info
creating origincar_base.egg-info
writing origincar_base.egg-info/PKG-INFO
writing dependency_links to origincar_base.egg-info/dependency_links.txt
[ 31%] [32m[1mLinking C shared library liborigincar_base__rosidl_generator_c.so[0m
writing top-level names to origincar_base.egg-info/top_level.txt
writing manifest file 'origincar_base.egg-info/SOURCES.txt'
reading manifest file 'origincar_base.egg-info/SOURCES.txt'
writing manifest file 'origincar_base.egg-info/SOURCES.txt'
[ 31%] Built target origincar_base__rosidl_generator_c
[ 31%] Built target ament_cmake_python_build_origincar_base_egg
[ 34%] [34m[1mGenerating C introspection for ROS interfaces[0m
[ 37%] [34m[1mGenerating C type support for eProsima Fast-RTPS[0m
[ 40%] [34m[1mGenerating C type support dispatch for ROS interfaces[0m
[ 42%] [32mBuilding CXX object CMakeFiles/origincar_base__rosidl_typesupport_cpp.dir/rosidl_typesupport_cpp/origincar_base/msg/position__type_support.cpp.o[0m
[ 45%] [32mBuilding CXX object CMakeFiles/origincar_base__rosidl_typesupport_introspection_cpp.dir/rosidl_typesupport_introspection_cpp/origincar_base/msg/detail/position__type_support.cpp.o[0m
[ 48%] [32mBuilding CXX object CMakeFiles/origincar_base__rosidl_typesupport_fastrtps_cpp.dir/rosidl_typesupport_fastrtps_cpp/origincar_base/msg/detail/dds_fastrtps/position__type_support.cpp.o[0m
[ 51%] [32mBuilding CXX object CMakeFiles/origincar_base__rosidl_typesupport_c.dir/rosidl_typesupport_c/origincar_base/msg/position__type_support.cpp.o[0m
[ 54%] [32mBuilding CXX object CMakeFiles/origincar_base__rosidl_typesupport_fastrtps_c.dir/rosidl_typesupport_fastrtps_c/origincar_base/msg/detail/position__type_support_c.cpp.o[0m
[ 57%] [32mBuilding C object CMakeFiles/origincar_base__rosidl_typesupport_introspection_c.dir/rosidl_typesupport_introspection_c/origincar_base/msg/detail/position__type_support.c.o[0m
[ 60%] [32m[1mLinking CXX shared library liborigincar_base__rosidl_typesupport_c.so[0m
[ 62%] [32m[1mLinking C shared library liborigincar_base__rosidl_typesupport_introspection_c.so[0m
[ 62%] Built target origincar_base__rosidl_typesupport_c
[ 62%] Built target origincar_base__rosidl_typesupport_introspection_c
[ 65%] [32m[1mLinking CXX shared library liborigincar_base__rosidl_typesupport_cpp.so[0m
[ 65%] Built target origincar_base__rosidl_typesupport_cpp
[ 68%] [32m[1mLinking CXX shared library liborigincar_base__rosidl_typesupport_introspection_cpp.so[0m
[ 71%] [32m[1mLinking CXX shared library liborigincar_base__rosidl_typesupport_fastrtps_c.so[0m
[ 71%] Built target origincar_base__rosidl_typesupport_introspection_cpp
[ 74%] [32m[1mLinking CXX shared library liborigincar_base__rosidl_typesupport_fastrtps_cpp.so[0m
[ 74%] Built target origincar_base__rosidl_typesupport_fastrtps_c
[ 74%] Built target origincar_base__rosidl_typesupport_fastrtps_cpp
[ 74%] Built target origincar_base
[ 77%] [34m[1mGenerating Python code for ROS interfaces[0m
[ 77%] Built target origincar_base__py
[ 80%] [32mBuilding C object CMakeFiles/origincar_base__rosidl_generator_py.dir/rosidl_generator_py/origincar_base/msg/_position_s.c.o[0m
[ 82%] [32m[1mLinking C shared library rosidl_generator_py/origincar_base/liborigincar_base__rosidl_generator_py.so[0m
[ 82%] Built target origincar_base__rosidl_generator_py
[ 91%] [32mBuilding C object CMakeFiles/origincar_base__rosidl_typesupport_fastrtps_c__pyext.dir/rosidl_generator_py/origincar_base/_origincar_base_s.ep.rosidl_typesupport_fastrtps_c.c.o[0m
[ 91%] [32mBuilding C object CMakeFiles/origincar_base__rosidl_typesupport_c__pyext.dir/rosidl_generator_py/origincar_base/_origincar_base_s.ep.rosidl_typesupport_c.c.o[0m
[ 91%] [32mBuilding C object CMakeFiles/origincar_base__rosidl_typesupport_introspection_c__pyext.dir/rosidl_generator_py/origincar_base/_origincar_base_s.ep.rosidl_typesupport_introspection_c.c.o[0m
[ 94%] [32m[1mLinking C shared library rosidl_generator_py/origincar_base/origincar_base_s__rosidl_typesupport_c.cpython-310-aarch64-linux-gnu.so[0m
[ 97%] [32m[1mLinking C shared library rosidl_generator_py/origincar_base/origincar_base_s__rosidl_typesupport_introspection_c.cpython-310-aarch64-linux-gnu.so[0m
[100%] [32m[1mLinking C shared library rosidl_generator_py/origincar_base/origincar_base_s__rosidl_typesupport_fastrtps_c.cpython-310-aarch64-linux-gnu.so[0m
[100%] Built target origincar_base__rosidl_typesupport_c__pyext
[100%] Built target origincar_base__rosidl_typesupport_introspection_c__pyext
[100%] Built target origincar_base__rosidl_typesupport_fastrtps_c__pyext
-- Install configuration: ""
-- Execute custom install script
-- Symlinking: /home/sunrise/dev_ws/install/origincar_base/share/ament_index/resource_index/rosidl_interfaces/origincar_base
-- Symlinking: /home/sunrise/dev_ws/install/origincar_base/include/origincar_base/origincar_base/msg/detail/position__functions.h
-- Symlinking: /home/sunrise/dev_ws/install/origincar_base/include/origincar_base/origincar_base/msg/detail/position__struct.h
-- Symlinking: /home/sunrise/dev_ws/install/origincar_base/include/origincar_base/origincar_base/msg/detail/position__type_support.h
-- Symlinking: /home/sunrise/dev_ws/install/origincar_base/include/origincar_base/origincar_base/msg/position.h
-- Symlinking: /home/sunrise/dev_ws/install/origincar_base/include/origincar_base/origincar_base/msg/rosidl_generator_c__visibility_control.h
-- Symlinking: /home/sunrise/dev_ws/install/origincar_base/share/origincar_base/environment/library_path.sh
-- Symlinking: /home/sunrise/dev_ws/install/origincar_base/share/origincar_base/environment/library_path.dsv
-- Symlinking: /home/sunrise/dev_ws/install/origincar_base/include/origincar_base/origincar_base/msg/detail/position__rosidl_typesupport_fastrtps_c.h
-- Symlinking: /home/sunrise/dev_ws/install/origincar_base/include/origincar_base/origincar_base/msg/rosidl_typesupport_fastrtps_c__visibility_control.h
-- Symlinking: /home/sunrise/dev_ws/install/origincar_base/include/origincar_base/origincar_base/msg/detail/position__builder.hpp
-- Symlinking: /home/sunrise/dev_ws/install/origincar_base/include/origincar_base/origincar_base/msg/detail/position__struct.hpp
-- Symlinking: /home/sunrise/dev_ws/install/origincar_base/include/origincar_base/origincar_base/msg/detail/position__traits.hpp
-- Symlinking: /home/sunrise/dev_ws/install/origincar_base/include/origincar_base/origincar_base/msg/detail/position__type_support.hpp
-- Symlinking: /home/sunrise/dev_ws/install/origincar_base/include/origincar_base/origincar_base/msg/position.hpp
-- Symlinking: /home/sunrise/dev_ws/install/origincar_base/include/origincar_base/origincar_base/msg/rosidl_generator_cpp__visibility_control.hpp
-- Symlinking: /home/sunrise/dev_ws/install/origincar_base/include/origincar_base/origincar_base/msg/detail/position__rosidl_typesupport_fastrtps_cpp.hpp
-- Symlinking: /home/sunrise/dev_ws/install/origincar_base/include/origincar_base/origincar_base/msg/rosidl_typesupport_fastrtps_cpp__visibility_control.h
-- Symlinking: /home/sunrise/dev_ws/install/origincar_base/include/origincar_base/origincar_base/msg/detail/position__rosidl_typesupport_introspection_c.h
-- Symlinking: /home/sunrise/dev_ws/install/origincar_base/include/origincar_base/origincar_base/msg/rosidl_typesupport_introspection_c__visibility_control.h
-- Symlinking: /home/sunrise/dev_ws/install/origincar_base/include/origincar_base/origincar_base/msg/detail/position__rosidl_typesupport_introspection_cpp.hpp
-- Symlinking: /home/sunrise/dev_ws/install/origincar_base/share/origincar_base/environment/pythonpath.sh
-- Symlinking: /home/sunrise/dev_ws/install/origincar_base/share/origincar_base/environment/pythonpath.dsv
-- Symlinking: /home/sunrise/dev_ws/install/origincar_base/local/lib/python3.10/dist-packages/origincar_base-0.0.0-py3.10.egg-info/PKG-INFO
-- Symlinking: /home/sunrise/dev_ws/install/origincar_base/local/lib/python3.10/dist-packages/origincar_base-0.0.0-py3.10.egg-info/SOURCES.txt
-- Symlinking: /home/sunrise/dev_ws/install/origincar_base/local/lib/python3.10/dist-packages/origincar_base-0.0.0-py3.10.egg-info/dependency_links.txt
-- Symlinking: /home/sunrise/dev_ws/install/origincar_base/local/lib/python3.10/dist-packages/origincar_base-0.0.0-py3.10.egg-info/top_level.txt
-- Symlinking: /home/sunrise/dev_ws/install/origincar_base/local/lib/python3.10/dist-packages/origincar_base/__init__.py
-- Symlinking: /home/sunrise/dev_ws/install/origincar_base/local/lib/python3.10/dist-packages/origincar_base/_origincar_base_s.ep.rosidl_typesupport_c.c
-- Symlinking: /home/sunrise/dev_ws/install/origincar_base/local/lib/python3.10/dist-packages/origincar_base/_origincar_base_s.ep.rosidl_typesupport_fastrtps_c.c
-- Symlinking: /home/sunrise/dev_ws/install/origincar_base/local/lib/python3.10/dist-packages/origincar_base/_origincar_base_s.ep.rosidl_typesupport_introspection_c.c
-- Symlinking: /home/sunrise/dev_ws/install/origincar_base/local/lib/python3.10/dist-packages/origincar_base/liborigincar_base__rosidl_generator_py.so
-- Symlinking: /home/sunrise/dev_ws/install/origincar_base/local/lib/python3.10/dist-packages/origincar_base/msg/__init__.py
-- Symlinking: /home/sunrise/dev_ws/install/origincar_base/local/lib/python3.10/dist-packages/origincar_base/msg/_position.py
-- Symlinking: /home/sunrise/dev_ws/install/origincar_base/local/lib/python3.10/dist-packages/origincar_base/msg/_position_s.c
-- Symlinking: /home/sunrise/dev_ws/install/origincar_base/local/lib/python3.10/dist-packages/origincar_base/origincar_base_s__rosidl_typesupport_c.cpython-310-aarch64-linux-gnu.so
-- Symlinking: /home/sunrise/dev_ws/install/origincar_base/local/lib/python3.10/dist-packages/origincar_base/origincar_base_s__rosidl_typesupport_fastrtps_c.cpython-310-aarch64-linux-gnu.so
-- Symlinking: /home/sunrise/dev_ws/install/origincar_base/local/lib/python3.10/dist-packages/origincar_base/origincar_base_s__rosidl_typesupport_introspection_c.cpython-310-aarch64-linux-gnu.so
-- Up-to-date symlink: /home/sunrise/dev_ws/install/origincar_base/local/lib/python3.10/dist-packages/origincar_base/origincar_base_s__rosidl_typesupport_fastrtps_c.cpython-310-aarch64-linux-gnu.so
-- Up-to-date symlink: /home/sunrise/dev_ws/install/origincar_base/local/lib/python3.10/dist-packages/origincar_base/origincar_base_s__rosidl_typesupport_introspection_c.cpython-310-aarch64-linux-gnu.so
-- Up-to-date symlink: /home/sunrise/dev_ws/install/origincar_base/local/lib/python3.10/dist-packages/origincar_base/origincar_base_s__rosidl_typesupport_c.cpython-310-aarch64-linux-gnu.so
-- Symlinking: /home/sunrise/dev_ws/install/origincar_base/share/ament_index/resource_index/rust_packages/origincar_base
-- Symlinking: /home/sunrise/dev_ws/install/origincar_base/share/origincar_base/rust/Cargo.toml
-- Symlinking: /home/sunrise/dev_ws/install/origincar_base/share/origincar_base/rust/build.rs
-- Symlinking: /home/sunrise/dev_ws/install/origincar_base/share/origincar_base/rust/src/lib.rs
-- Symlinking: /home/sunrise/dev_ws/install/origincar_base/share/origincar_base/rust/src/msg.rs
-- Symlinking: /home/sunrise/dev_ws/install/origincar_base/share/origincar_base/rust/src/msg/rmw.rs
-- Symlinking: /home/sunrise/dev_ws/install/origincar_base/share/origincar_base/msg/Position.idl
-- Symlinking: /home/sunrise/dev_ws/install/origincar_base/share/origincar_base/msg/Position.msg
-- Symlinking: /home/sunrise/dev_ws/install/origincar_base/lib/origincar_base/cmd_vel_to_ackermann_drive.py
-- Symlinking: /home/sunrise/dev_ws/install/origincar_base/lib/origincar_base/origincar_base_node
-- Symlinking: /home/sunrise/dev_ws/install/origincar_base/share/origincar_base/launch/__pycache__/testtwo.launch.cpython-38.pyc
-- Symlinking: /home/sunrise/dev_ws/install/origincar_base/share/origincar_base/launch/base_serial.launch.py
-- Symlinking: /home/sunrise/dev_ws/install/origincar_base/share/origincar_base/launch/ekf.launch.py
-- Symlinking: /home/sunrise/dev_ws/install/origincar_base/share/origincar_base/launch/origincar_bringup.launch.py
-- Symlinking: /home/sunrise/dev_ws/install/origincar_base/share/origincar_base/launch/robot_mode_description.launch.py
-- Symlinking: /home/sunrise/dev_ws/install/origincar_base/share/origincar_base/config/ekf.yaml
-- Symlinking: /home/sunrise/dev_ws/install/origincar_base/share/origincar_base/config/imu.yaml
-- Symlinking: /home/sunrise/dev_ws/install/origincar_base/share/ament_index/resource_index/package_run_dependencies/origincar_base
-- Symlinking: /home/sunrise/dev_ws/install/origincar_base/share/ament_index/resource_index/parent_prefix_path/origincar_base
-- Symlinking: /home/sunrise/dev_ws/install/origincar_base/share/origincar_base/environment/ament_prefix_path.sh
-- Symlinking: /home/sunrise/dev_ws/install/origincar_base/share/origincar_base/environment/ament_prefix_path.dsv
-- Symlinking: /home/sunrise/dev_ws/install/origincar_base/share/origincar_base/environment/path.sh
-- Symlinking: /home/sunrise/dev_ws/install/origincar_base/share/origincar_base/environment/path.dsv
-- Symlinking: /home/sunrise/dev_ws/install/origincar_base/share/origincar_base/local_setup.bash
-- Symlinking: /home/sunrise/dev_ws/install/origincar_base/share/origincar_base/local_setup.sh
-- Symlinking: /home/sunrise/dev_ws/install/origincar_base/share/origincar_base/local_setup.zsh
-- Symlinking: /home/sunrise/dev_ws/install/origincar_base/share/origincar_base/local_setup.dsv
-- Symlinking: /home/sunrise/dev_ws/install/origincar_base/share/origincar_base/package.dsv
-- Symlinking: /home/sunrise/dev_ws/install/origincar_base/share/ament_index/resource_index/packages/origincar_base
-- Symlinking: /home/sunrise/dev_ws/install/origincar_base/share/origincar_base/cmake/rosidl_cmake-extras.cmake
-- Symlinking: /home/sunrise/dev_ws/install/origincar_base/share/origincar_base/cmake/ament_cmake_export_include_directories-extras.cmake
-- Symlinking: /home/sunrise/dev_ws/install/origincar_base/share/origincar_base/cmake/ament_cmake_export_libraries-extras.cmake
-- Symlinking: /home/sunrise/dev_ws/install/origincar_base/share/origincar_base/cmake/ament_cmake_export_targets-extras.cmake
-- Symlinking: /home/sunrise/dev_ws/install/origincar_base/share/origincar_base/cmake/rosidl_cmake_export_typesupport_targets-extras.cmake
-- Symlinking: /home/sunrise/dev_ws/install/origincar_base/share/origincar_base/cmake/ament_cmake_export_dependencies-extras.cmake
-- Symlinking: /home/sunrise/dev_ws/install/origincar_base/share/origincar_base/cmake/rosidl_cmake_export_typesupport_libraries-extras.cmake
-- Symlinking: /home/sunrise/dev_ws/install/origincar_base/share/origincar_base/cmake/origincar_baseConfig.cmake
-- Symlinking: /home/sunrise/dev_ws/install/origincar_base/share/origincar_base/cmake/origincar_baseConfig-version.cmake
-- Symlinking: /home/sunrise/dev_ws/install/origincar_base/share/origincar_base/package.xml
-- Installing: /home/sunrise/dev_ws/install/origincar_base/lib/liborigincar_base__rosidl_generator_c.so
-- Set runtime path of "/home/sunrise/dev_ws/install/origincar_base/lib/liborigincar_base__rosidl_generator_c.so" to ""
-- Installing: /home/sunrise/dev_ws/install/origincar_base/lib/liborigincar_base__rosidl_typesupport_fastrtps_c.so
-- Set runtime path of "/home/sunrise/dev_ws/install/origincar_base/lib/liborigincar_base__rosidl_typesupport_fastrtps_c.so" to ""
-- Installing: /home/sunrise/dev_ws/install/origincar_base/lib/liborigincar_base__rosidl_typesupport_fastrtps_cpp.so
-- Set runtime path of "/home/sunrise/dev_ws/install/origincar_base/lib/liborigincar_base__rosidl_typesupport_fastrtps_cpp.so" to ""
-- Installing: /home/sunrise/dev_ws/install/origincar_base/lib/liborigincar_base__rosidl_typesupport_introspection_c.so
-- Set runtime path of "/home/sunrise/dev_ws/install/origincar_base/lib/liborigincar_base__rosidl_typesupport_introspection_c.so" to ""
-- Installing: /home/sunrise/dev_ws/install/origincar_base/lib/liborigincar_base__rosidl_typesupport_c.so
-- Set runtime path of "/home/sunrise/dev_ws/install/origincar_base/lib/liborigincar_base__rosidl_typesupport_c.so" to ""
-- Installing: /home/sunrise/dev_ws/install/origincar_base/lib/liborigincar_base__rosidl_typesupport_introspection_cpp.so
-- Set runtime path of "/home/sunrise/dev_ws/install/origincar_base/lib/liborigincar_base__rosidl_typesupport_introspection_cpp.so" to ""
-- Installing: /home/sunrise/dev_ws/install/origincar_base/lib/liborigincar_base__rosidl_typesupport_cpp.so
-- Set runtime path of "/home/sunrise/dev_ws/install/origincar_base/lib/liborigincar_base__rosidl_typesupport_cpp.so" to ""
Listing '/home/sunrise/dev_ws/install/origincar_base/local/lib/python3.10/dist-packages/origincar_base'...
Compiling '/home/sunrise/dev_ws/install/origincar_base/local/lib/python3.10/dist-packages/origincar_base/__init__.py'...
Listing '/home/sunrise/dev_ws/install/origincar_base/local/lib/python3.10/dist-packages/origincar_base/msg'...
Compiling '/home/sunrise/dev_ws/install/origincar_base/local/lib/python3.10/dist-packages/origincar_base/msg/__init__.py'...
Compiling '/home/sunrise/dev_ws/install/origincar_base/local/lib/python3.10/dist-packages/origincar_base/msg/_position.py'...
-- Installing: /home/sunrise/dev_ws/install/origincar_base/lib/liborigincar_base__rosidl_generator_py.so
-- Set runtime path of "/home/sunrise/dev_ws/install/origincar_base/lib/liborigincar_base__rosidl_generator_py.so" to ""
-- Installing: /home/sunrise/dev_ws/install/origincar_base/share/origincar_base/cmake/export_origincar_base__rosidl_generator_cExport.cmake
-- Installing: /home/sunrise/dev_ws/install/origincar_base/share/origincar_base/cmake/export_origincar_base__rosidl_generator_cExport-noconfig.cmake
-- Installing: /home/sunrise/dev_ws/install/origincar_base/share/origincar_base/cmake/export_origincar_base__rosidl_typesupport_fastrtps_cExport.cmake
-- Installing: /home/sunrise/dev_ws/install/origincar_base/share/origincar_base/cmake/export_origincar_base__rosidl_typesupport_fastrtps_cExport-noconfig.cmake
-- Installing: /home/sunrise/dev_ws/install/origincar_base/share/origincar_base/cmake/export_origincar_base__rosidl_generator_cppExport.cmake
-- Installing: /home/sunrise/dev_ws/install/origincar_base/share/origincar_base/cmake/export_origincar_base__rosidl_typesupport_fastrtps_cppExport.cmake
-- Installing: /home/sunrise/dev_ws/install/origincar_base/share/origincar_base/cmake/export_origincar_base__rosidl_typesupport_fastrtps_cppExport-noconfig.cmake
-- Installing: /home/sunrise/dev_ws/install/origincar_base/share/origincar_base/cmake/origincar_base__rosidl_typesupport_introspection_cExport.cmake
-- Installing: /home/sunrise/dev_ws/install/origincar_base/share/origincar_base/cmake/origincar_base__rosidl_typesupport_introspection_cExport-noconfig.cmake
-- Installing: /home/sunrise/dev_ws/install/origincar_base/share/origincar_base/cmake/origincar_base__rosidl_typesupport_cExport.cmake
-- Installing: /home/sunrise/dev_ws/install/origincar_base/share/origincar_base/cmake/origincar_base__rosidl_typesupport_cExport-noconfig.cmake
-- Installing: /home/sunrise/dev_ws/install/origincar_base/share/origincar_base/cmake/origincar_base__rosidl_typesupport_introspection_cppExport.cmake
-- Installing: /home/sunrise/dev_ws/install/origincar_base/share/origincar_base/cmake/origincar_base__rosidl_typesupport_introspection_cppExport-noconfig.cmake
-- Installing: /home/sunrise/dev_ws/install/origincar_base/share/origincar_base/cmake/origincar_base__rosidl_typesupport_cppExport.cmake
-- Installing: /home/sunrise/dev_ws/install/origincar_base/share/origincar_base/cmake/origincar_base__rosidl_typesupport_cppExport-noconfig.cmake
-- Installing: /home/sunrise/dev_ws/install/origincar_base/share/origincar_base/cmake/export_origincar_base__rosidl_generator_pyExport.cmake
-- Installing: /home/sunrise/dev_ws/install/origincar_base/share/origincar_base/cmake/export_origincar_base__rosidl_generator_pyExport-noconfig.cmake
