[0.081s] Invoking command in '/home/sunrise/dev_ws/build/origincar_base': CMAKE_PREFIX_PATH=/home/sunrise/dev_ws/install/serial:/home/sunrise/dev_ws/install/origincar_msg:/home/sunrise/dev_ws/install/origincar_description:/home/sunrise/dev_ws/install/ackermann_msgs:/home/sunrise/dev_ws/install/origincar_base:/home/sunrise/dev_ws/install/origincar_bringup:/home/sunrise/dev_ws/install/lslidar_driver:/home/sunrise/dev_ws/install/lslidar_msgs:/home/sunrise/dev_ws/install/racing_stage2:/home/sunrise/dev_ws/install/racing_stage1:/home/sunrise/dev_ws/install/qr_scanner:/home/sunrise/dev_ws/install/bno055:/opt/tros/humble:/opt/ros/humble LD_LIBRARY_PATH=/home/sunrise/dev_ws/install/origincar_msg/lib:/home/sunrise/dev_ws/install/ackermann_msgs/lib:/home/sunrise/dev_ws/install/origincar_base/lib:/home/sunrise/dev_ws/install/serial/lib:/home/sunrise/dev_ws/install/lslidar_msgs/lib:/opt/tros/humble/lib/aarch64-linux-gnu:/opt/tros/humble/lib:/opt/ros/humble/opt/rviz_ogre_vendor/lib:/opt/ros/humble/lib/aarch64-linux-gnu:/opt/ros/humble/lib:/usr/hobot/lib:/app/lib:/app/pub/lib:/middleware/lib:/middleware/pub/lib:/usr/hobot/lib/sensor:/system/lib:/system/usr/lib:/lib:/usr/hobot/lib:/app/lib:/app/pub/lib:/middleware/lib:/middleware/pub/lib:/usr/hobot/lib/sensor:/system/lib:/system/usr/lib:/lib /usr/bin/cmake /home/sunrise/dev_ws/src/origincar/origincar_base -DAMENT_CMAKE_SYMLINK_INSTALL=1 -DCMAKE_INSTALL_PREFIX=/home/sunrise/dev_ws/install/origincar_base
[0.412s] -- The C compiler identification is GNU 11.2.0
[0.750s] -- The CXX compiler identification is GNU 11.2.0
[0.786s] -- Detecting C compiler ABI info
[1.184s] -- Detecting C compiler ABI info - done
[1.235s] -- Check for working C compiler: /usr/bin/cc - skipped
[1.236s] -- Detecting C compile features
[1.237s] -- Detecting C compile features - done
[1.254s] -- Detecting CXX compiler ABI info
[1.703s] -- Detecting CXX compiler ABI info - done
[1.752s] -- Check for working CXX compiler: /usr/bin/c++ - skipped
[1.754s] -- Detecting CXX compile features
[1.756s] -- Detecting CXX compile features - done
[1.772s] -- Found ament_cmake: 1.3.14 (/opt/ros/humble/share/ament_cmake/cmake)
[3.091s] -- Found Python3: /usr/bin/python3 (found version "3.10.12") found components: Interpreter 
[3.702s] -- Override CMake install command with custom implementation using symlinks instead of copying resources
[3.900s] -- Found geometry_msgs: 4.9.1 (/opt/ros/humble/share/geometry_msgs/cmake)
[4.144s] -- Found rosidl_generator_c: 3.1.8 (/opt/ros/humble/share/rosidl_generator_c/cmake)
[4.183s] -- Found rosidl_adapter: 3.1.8 (/opt/ros/humble/share/rosidl_adapter/cmake)
[4.244s] -- Found rosidl_generator_cpp: 3.1.8 (/opt/ros/humble/share/rosidl_generator_cpp/cmake)
[4.330s] -- Using all available rosidl_typesupport_c: rosidl_typesupport_fastrtps_c;rosidl_typesupport_introspection_c
[4.445s] -- Using all available rosidl_typesupport_cpp: rosidl_typesupport_fastrtps_cpp;rosidl_typesupport_introspection_cpp
[4.730s] -- Found tf2_geometry_msgs: 0.25.20 (/opt/ros/humble/share/tf2_geometry_msgs/cmake)
[4.833s] -- Found eigen3_cmake_module: 0.1.1 (/opt/ros/humble/share/eigen3_cmake_module/cmake)
[4.842s] -- Found Eigen3: TRUE (found version "3.4.0") 
[4.842s] -- Ensuring Eigen3 include directory is part of orocos-kdl CMake target
[5.430s] -- Found rmw_implementation_cmake: 6.1.2 (/opt/ros/humble/share/rmw_implementation_cmake/cmake)
[5.452s] -- Found rmw_fastrtps_cpp: 6.2.10 (/opt/ros/humble/share/rmw_fastrtps_cpp/cmake)
[5.956s] -- Found OpenSSL: /usr/lib/aarch64-linux-gnu/libcrypto.so (found version "3.0.2")  
[6.106s] -- Found FastRTPS: /opt/ros/humble/include  
[6.326s] -- Using RMW implementation 'rmw_fastrtps_cpp' as default
[6.387s] -- Looking for pthread.h
[6.786s] -- Looking for pthread.h - found
[6.788s] -- Performing Test CMAKE_HAVE_LIBC_PTHREAD
[7.189s] -- Performing Test CMAKE_HAVE_LIBC_PTHREAD - Success
[7.195s] -- Found Threads: TRUE  
[8.002s] -- Found nav2_msgs: 1.1.20 (/opt/ros/humble/share/nav2_msgs/cmake)
[8.345s] -- Found rclpy: 3.3.21 (/opt/ros/humble/share/rclpy/cmake)
[8.356s] -- Found sensor_msgs: 4.9.1 (/opt/ros/humble/share/sensor_msgs/cmake)
[8.486s] -- Found std_srvs: 4.9.1 (/opt/ros/humble/share/std_srvs/cmake)
[8.560s] -- Found ackermann_msgs: 2.0.2 (/home/sunrise/dev_ws/install/ackermann_msgs/share/ackermann_msgs/cmake)
[8.666s] -- Found origincar_msg: 0.0.0 (/home/sunrise/dev_ws/install/origincar_msg/share/origincar_msg/cmake)
[8.746s] -- Found serial: 1.2.1 (/home/sunrise/dev_ws/install/serial/share/serial/cmake)
[8.769s] -- Found rosidl_default_generators: 1.2.1 (/opt/ros/humble/share/rosidl_default_generators/cmake)
[8.861s] -- Found origincar_description: 0.0.0 (/home/sunrise/dev_ws/install/origincar_description/share/origincar_description/cmake)
[8.875s] -- Found robot_localization: 3.5.4 (/opt/ros/humble/share/robot_localization/cmake)
[11.327s] -- Found ament_cmake_ros: 0.10.0 (/opt/ros/humble/share/ament_cmake_ros/cmake)
[13.879s] -- Using all available rosidl_typesupport_c: rosidl_typesupport_fastrtps_c;rosidl_typesupport_introspection_c
[14.871s] -- Using all available rosidl_typesupport_cpp: rosidl_typesupport_fastrtps_cpp;rosidl_typesupport_introspection_cpp
[15.067s] -- Found PythonInterp: /usr/bin/python3 (found suitable version "3.10.12", minimum required is "3.6") 
[15.080s] -- Found python_cmake_module: 0.10.0 (/opt/ros/humble/share/python_cmake_module/cmake)
[15.302s] -- Found PythonLibs: /usr/lib/aarch64-linux-gnu/libpython3.10.so (found suitable version "3.10.12", minimum required is "3.5") 
[15.303s] -- Using PYTHON_EXECUTABLE: /usr/bin/python3
[15.303s] -- Using PYTHON_INCLUDE_DIRS: /usr/include/python3.10
[15.304s] -- Using PYTHON_LIBRARIES: /usr/lib/aarch64-linux-gnu/libpython3.10.so
[15.491s] -- Found PythonExtra: .so  
[16.342s] -- Found ament_lint_auto: 0.12.15 (/opt/ros/humble/share/ament_lint_auto/cmake)
[16.672s] -- Added test 'copyright' to check source files copyright and LICENSE
[16.683s] -- Added test 'cppcheck' to perform static code analysis on C / C++ code
[16.690s] -- Configured cppcheck include dirs: /home/sunrise/dev_ws/src/origincar/origincar_base/include
[16.691s] -- Configured cppcheck exclude dirs and/or files: 
[16.700s] -- Added test 'cpplint' to check C / C++ code against the Google style
[16.704s] -- Configured cpplint exclude dirs and/or files: 
[16.709s] -- Added test 'flake8' to check Python code syntax and style conventions
[16.710s] -- Added test 'lint_cmake' to check CMake code style
[16.713s] -- Added test 'pep257' to check Python code against some of the docstring style conventions in PEP 257
[16.722s] -- Added test 'uncrustify' to check C / C++ code style
[16.724s] -- Configured uncrustify additional arguments: 
[16.727s] -- Added test 'xmllint' to check XML markup files
[16.754s] -- Configuring done
[17.008s] -- Generating done
[17.102s] -- Build files have been written to: /home/sunrise/dev_ws/build/origincar_base
[17.235s] Invoked command in '/home/sunrise/dev_ws/build/origincar_base' returned '0': CMAKE_PREFIX_PATH=/home/sunrise/dev_ws/install/serial:/home/sunrise/dev_ws/install/origincar_msg:/home/sunrise/dev_ws/install/origincar_description:/home/sunrise/dev_ws/install/ackermann_msgs:/home/sunrise/dev_ws/install/origincar_base:/home/sunrise/dev_ws/install/origincar_bringup:/home/sunrise/dev_ws/install/lslidar_driver:/home/sunrise/dev_ws/install/lslidar_msgs:/home/sunrise/dev_ws/install/racing_stage2:/home/sunrise/dev_ws/install/racing_stage1:/home/sunrise/dev_ws/install/qr_scanner:/home/sunrise/dev_ws/install/bno055:/opt/tros/humble:/opt/ros/humble LD_LIBRARY_PATH=/home/sunrise/dev_ws/install/origincar_msg/lib:/home/sunrise/dev_ws/install/ackermann_msgs/lib:/home/sunrise/dev_ws/install/origincar_base/lib:/home/sunrise/dev_ws/install/serial/lib:/home/sunrise/dev_ws/install/lslidar_msgs/lib:/opt/tros/humble/lib/aarch64-linux-gnu:/opt/tros/humble/lib:/opt/ros/humble/opt/rviz_ogre_vendor/lib:/opt/ros/humble/lib/aarch64-linux-gnu:/opt/ros/humble/lib:/usr/hobot/lib:/app/lib:/app/pub/lib:/middleware/lib:/middleware/pub/lib:/usr/hobot/lib/sensor:/system/lib:/system/usr/lib:/lib:/usr/hobot/lib:/app/lib:/app/pub/lib:/middleware/lib:/middleware/pub/lib:/usr/hobot/lib/sensor:/system/lib:/system/usr/lib:/lib /usr/bin/cmake /home/sunrise/dev_ws/src/origincar/origincar_base -DAMENT_CMAKE_SYMLINK_INSTALL=1 -DCMAKE_INSTALL_PREFIX=/home/sunrise/dev_ws/install/origincar_base
[17.243s] Invoking command in '/home/sunrise/dev_ws/build/origincar_base': CMAKE_PREFIX_PATH=/home/sunrise/dev_ws/install/serial:/home/sunrise/dev_ws/install/origincar_msg:/home/sunrise/dev_ws/install/origincar_description:/home/sunrise/dev_ws/install/ackermann_msgs:/home/sunrise/dev_ws/install/origincar_base:/home/sunrise/dev_ws/install/origincar_bringup:/home/sunrise/dev_ws/install/lslidar_driver:/home/sunrise/dev_ws/install/lslidar_msgs:/home/sunrise/dev_ws/install/racing_stage2:/home/sunrise/dev_ws/install/racing_stage1:/home/sunrise/dev_ws/install/qr_scanner:/home/sunrise/dev_ws/install/bno055:/opt/tros/humble:/opt/ros/humble LD_LIBRARY_PATH=/home/sunrise/dev_ws/install/origincar_msg/lib:/home/sunrise/dev_ws/install/ackermann_msgs/lib:/home/sunrise/dev_ws/install/origincar_base/lib:/home/sunrise/dev_ws/install/serial/lib:/home/sunrise/dev_ws/install/lslidar_msgs/lib:/opt/tros/humble/lib/aarch64-linux-gnu:/opt/tros/humble/lib:/opt/ros/humble/opt/rviz_ogre_vendor/lib:/opt/ros/humble/lib/aarch64-linux-gnu:/opt/ros/humble/lib:/usr/hobot/lib:/app/lib:/app/pub/lib:/middleware/lib:/middleware/pub/lib:/usr/hobot/lib/sensor:/system/lib:/system/usr/lib:/lib:/usr/hobot/lib:/app/lib:/app/pub/lib:/middleware/lib:/middleware/pub/lib:/usr/hobot/lib/sensor:/system/lib:/system/usr/lib:/lib /usr/bin/cmake --build /home/sunrise/dev_ws/build/origincar_base -- -j8 -l8
[17.495s] [  2%] [34m[1mGenerating Rust code for ROS interfaces[0m
[19.430s] [  2%] Built target origincar_base__rs
[19.529s] [  5%] [32mBuilding CXX object CMakeFiles/origincar_base_node.dir/src/origincar_base.cpp.o[0m
[116.412s] [  8%] [32mBuilding CXX object CMakeFiles/origincar_base_node.dir/src/Quaternion_Solution.cpp.o[0m
[138.278s] [ 11%] [32m[1mLinking CXX executable origincar_base_node[0m
[145.822s] [ 11%] Built target origincar_base_node
[145.866s] [ 14%] [34m[1mGenerating C code for ROS interfaces[0m
[145.910s] [ 17%] [34m[1mGenerating C++ code for ROS interfaces[0m
[145.949s] [ 17%] Built target ament_cmake_python_symlink_origincar_base
[147.759s] [ 20%] [32mBuilding C object CMakeFiles/origincar_base__rosidl_generator_c.dir/rosidl_generator_c/origincar_base/msg/detail/position__functions.c.o[0m
[147.759s] [ 20%] Built target origincar_base__cpp
[147.807s] [ 22%] [34m[1mGenerating C++ type support for eProsima Fast-RTPS[0m
[147.808s] [ 25%] [34m[1mGenerating C++ type support dispatch for ROS interfaces[0m
[147.810s] [ 28%] [34m[1mGenerating C++ introspection for ROS interfaces[0m
[148.035s] running egg_info
[148.040s] creating origincar_base.egg-info
[148.042s] writing origincar_base.egg-info/PKG-INFO
[148.043s] writing dependency_links to origincar_base.egg-info/dependency_links.txt
[148.044s] [ 31%] [32m[1mLinking C shared library liborigincar_base__rosidl_generator_c.so[0m
[148.044s] writing top-level names to origincar_base.egg-info/top_level.txt
[148.046s] writing manifest file 'origincar_base.egg-info/SOURCES.txt'
[148.061s] reading manifest file 'origincar_base.egg-info/SOURCES.txt'
[148.065s] writing manifest file 'origincar_base.egg-info/SOURCES.txt'
[148.319s] [ 31%] Built target origincar_base__rosidl_generator_c
[148.346s] [ 31%] Built target ament_cmake_python_build_origincar_base_egg
[148.371s] [ 34%] [34m[1mGenerating C introspection for ROS interfaces[0m
[148.377s] [ 37%] [34m[1mGenerating C type support for eProsima Fast-RTPS[0m
[148.399s] [ 40%] [34m[1mGenerating C type support dispatch for ROS interfaces[0m
[149.618s] [ 42%] [32mBuilding CXX object CMakeFiles/origincar_base__rosidl_typesupport_cpp.dir/rosidl_typesupport_cpp/origincar_base/msg/position__type_support.cpp.o[0m
[149.746s] [ 45%] [32mBuilding CXX object CMakeFiles/origincar_base__rosidl_typesupport_introspection_cpp.dir/rosidl_typesupport_introspection_cpp/origincar_base/msg/detail/position__type_support.cpp.o[0m
[149.856s] [ 48%] [32mBuilding CXX object CMakeFiles/origincar_base__rosidl_typesupport_fastrtps_cpp.dir/rosidl_typesupport_fastrtps_cpp/origincar_base/msg/detail/dds_fastrtps/position__type_support.cpp.o[0m
[150.281s] [ 51%] [32mBuilding CXX object CMakeFiles/origincar_base__rosidl_typesupport_c.dir/rosidl_typesupport_c/origincar_base/msg/position__type_support.cpp.o[0m
[150.371s] [ 54%] [32mBuilding CXX object CMakeFiles/origincar_base__rosidl_typesupport_fastrtps_c.dir/rosidl_typesupport_fastrtps_c/origincar_base/msg/detail/position__type_support_c.cpp.o[0m
[150.393s] [ 57%] [32mBuilding C object CMakeFiles/origincar_base__rosidl_typesupport_introspection_c.dir/rosidl_typesupport_introspection_c/origincar_base/msg/detail/position__type_support.c.o[0m
[150.456s] [ 60%] [32m[1mLinking CXX shared library liborigincar_base__rosidl_typesupport_c.so[0m
[150.593s] [ 62%] [32m[1mLinking C shared library liborigincar_base__rosidl_typesupport_introspection_c.so[0m
[150.681s] [ 62%] Built target origincar_base__rosidl_typesupport_c
[150.754s] [ 62%] Built target origincar_base__rosidl_typesupport_introspection_c
[151.651s] [ 65%] [32m[1mLinking CXX shared library liborigincar_base__rosidl_typesupport_cpp.so[0m
[151.860s] [ 65%] Built target origincar_base__rosidl_typesupport_cpp
[152.611s] [ 68%] [32m[1mLinking CXX shared library liborigincar_base__rosidl_typesupport_introspection_cpp.so[0m
[152.666s] [ 71%] [32m[1mLinking CXX shared library liborigincar_base__rosidl_typesupport_fastrtps_c.so[0m
[152.818s] [ 71%] Built target origincar_base__rosidl_typesupport_introspection_cpp
[152.875s] [ 74%] [32m[1mLinking CXX shared library liborigincar_base__rosidl_typesupport_fastrtps_cpp.so[0m
[153.229s] [ 74%] Built target origincar_base__rosidl_typesupport_fastrtps_c
[153.424s] [ 74%] Built target origincar_base__rosidl_typesupport_fastrtps_cpp
[153.520s] [ 74%] Built target origincar_base
[153.618s] [ 77%] [34m[1mGenerating Python code for ROS interfaces[0m
[155.879s] [ 77%] Built target origincar_base__py
[155.977s] [ 80%] [32mBuilding C object CMakeFiles/origincar_base__rosidl_generator_py.dir/rosidl_generator_py/origincar_base/msg/_position_s.c.o[0m
[156.604s] [ 82%] [32m[1mLinking C shared library rosidl_generator_py/origincar_base/liborigincar_base__rosidl_generator_py.so[0m
[156.854s] [ 82%] Built target origincar_base__rosidl_generator_py
[156.950s] [ 91%] [32mBuilding C object CMakeFiles/origincar_base__rosidl_typesupport_fastrtps_c__pyext.dir/rosidl_generator_py/origincar_base/_origincar_base_s.ep.rosidl_typesupport_fastrtps_c.c.o[0m
[156.950s] [ 91%] [32mBuilding C object CMakeFiles/origincar_base__rosidl_typesupport_c__pyext.dir/rosidl_generator_py/origincar_base/_origincar_base_s.ep.rosidl_typesupport_c.c.o[0m
[156.951s] [ 91%] [32mBuilding C object CMakeFiles/origincar_base__rosidl_typesupport_introspection_c__pyext.dir/rosidl_generator_py/origincar_base/_origincar_base_s.ep.rosidl_typesupport_introspection_c.c.o[0m
[157.511s] [ 94%] [32m[1mLinking C shared library rosidl_generator_py/origincar_base/origincar_base_s__rosidl_typesupport_c.cpython-310-aarch64-linux-gnu.so[0m
[157.514s] [ 97%] [32m[1mLinking C shared library rosidl_generator_py/origincar_base/origincar_base_s__rosidl_typesupport_introspection_c.cpython-310-aarch64-linux-gnu.so[0m
[157.530s] [100%] [32m[1mLinking C shared library rosidl_generator_py/origincar_base/origincar_base_s__rosidl_typesupport_fastrtps_c.cpython-310-aarch64-linux-gnu.so[0m
[157.707s] [100%] Built target origincar_base__rosidl_typesupport_c__pyext
[157.714s] [100%] Built target origincar_base__rosidl_typesupport_introspection_c__pyext
[157.742s] [100%] Built target origincar_base__rosidl_typesupport_fastrtps_c__pyext
[157.801s] Invoked command in '/home/sunrise/dev_ws/build/origincar_base' returned '0': CMAKE_PREFIX_PATH=/home/sunrise/dev_ws/install/serial:/home/sunrise/dev_ws/install/origincar_msg:/home/sunrise/dev_ws/install/origincar_description:/home/sunrise/dev_ws/install/ackermann_msgs:/home/sunrise/dev_ws/install/origincar_base:/home/sunrise/dev_ws/install/origincar_bringup:/home/sunrise/dev_ws/install/lslidar_driver:/home/sunrise/dev_ws/install/lslidar_msgs:/home/sunrise/dev_ws/install/racing_stage2:/home/sunrise/dev_ws/install/racing_stage1:/home/sunrise/dev_ws/install/qr_scanner:/home/sunrise/dev_ws/install/bno055:/opt/tros/humble:/opt/ros/humble LD_LIBRARY_PATH=/home/sunrise/dev_ws/install/origincar_msg/lib:/home/sunrise/dev_ws/install/ackermann_msgs/lib:/home/sunrise/dev_ws/install/origincar_base/lib:/home/sunrise/dev_ws/install/serial/lib:/home/sunrise/dev_ws/install/lslidar_msgs/lib:/opt/tros/humble/lib/aarch64-linux-gnu:/opt/tros/humble/lib:/opt/ros/humble/opt/rviz_ogre_vendor/lib:/opt/ros/humble/lib/aarch64-linux-gnu:/opt/ros/humble/lib:/usr/hobot/lib:/app/lib:/app/pub/lib:/middleware/lib:/middleware/pub/lib:/usr/hobot/lib/sensor:/system/lib:/system/usr/lib:/lib:/usr/hobot/lib:/app/lib:/app/pub/lib:/middleware/lib:/middleware/pub/lib:/usr/hobot/lib/sensor:/system/lib:/system/usr/lib:/lib /usr/bin/cmake --build /home/sunrise/dev_ws/build/origincar_base -- -j8 -l8
[157.809s] Invoking command in '/home/sunrise/dev_ws/build/origincar_base': CMAKE_PREFIX_PATH=/home/sunrise/dev_ws/install/serial:/home/sunrise/dev_ws/install/origincar_msg:/home/sunrise/dev_ws/install/origincar_description:/home/sunrise/dev_ws/install/ackermann_msgs:/home/sunrise/dev_ws/install/origincar_base:/home/sunrise/dev_ws/install/origincar_bringup:/home/sunrise/dev_ws/install/lslidar_driver:/home/sunrise/dev_ws/install/lslidar_msgs:/home/sunrise/dev_ws/install/racing_stage2:/home/sunrise/dev_ws/install/racing_stage1:/home/sunrise/dev_ws/install/qr_scanner:/home/sunrise/dev_ws/install/bno055:/opt/tros/humble:/opt/ros/humble LD_LIBRARY_PATH=/home/sunrise/dev_ws/install/origincar_msg/lib:/home/sunrise/dev_ws/install/ackermann_msgs/lib:/home/sunrise/dev_ws/install/origincar_base/lib:/home/sunrise/dev_ws/install/serial/lib:/home/sunrise/dev_ws/install/lslidar_msgs/lib:/opt/tros/humble/lib/aarch64-linux-gnu:/opt/tros/humble/lib:/opt/ros/humble/opt/rviz_ogre_vendor/lib:/opt/ros/humble/lib/aarch64-linux-gnu:/opt/ros/humble/lib:/usr/hobot/lib:/app/lib:/app/pub/lib:/middleware/lib:/middleware/pub/lib:/usr/hobot/lib/sensor:/system/lib:/system/usr/lib:/lib:/usr/hobot/lib:/app/lib:/app/pub/lib:/middleware/lib:/middleware/pub/lib:/usr/hobot/lib/sensor:/system/lib:/system/usr/lib:/lib /usr/bin/cmake --install /home/sunrise/dev_ws/build/origincar_base
[157.847s] -- Install configuration: ""
[157.849s] -- Execute custom install script
[157.852s] -- Symlinking: /home/sunrise/dev_ws/install/origincar_base/share/ament_index/resource_index/rosidl_interfaces/origincar_base
[157.896s] -- Symlinking: /home/sunrise/dev_ws/install/origincar_base/include/origincar_base/origincar_base/msg/detail/position__functions.h
[157.939s] -- Symlinking: /home/sunrise/dev_ws/install/origincar_base/include/origincar_base/origincar_base/msg/detail/position__struct.h
[157.982s] -- Symlinking: /home/sunrise/dev_ws/install/origincar_base/include/origincar_base/origincar_base/msg/detail/position__type_support.h
[158.026s] -- Symlinking: /home/sunrise/dev_ws/install/origincar_base/include/origincar_base/origincar_base/msg/position.h
[158.069s] -- Symlinking: /home/sunrise/dev_ws/install/origincar_base/include/origincar_base/origincar_base/msg/rosidl_generator_c__visibility_control.h
[158.113s] -- Symlinking: /home/sunrise/dev_ws/install/origincar_base/share/origincar_base/environment/library_path.sh
[158.156s] -- Symlinking: /home/sunrise/dev_ws/install/origincar_base/share/origincar_base/environment/library_path.dsv
[158.200s] -- Symlinking: /home/sunrise/dev_ws/install/origincar_base/include/origincar_base/origincar_base/msg/detail/position__rosidl_typesupport_fastrtps_c.h
[158.243s] -- Symlinking: /home/sunrise/dev_ws/install/origincar_base/include/origincar_base/origincar_base/msg/rosidl_typesupport_fastrtps_c__visibility_control.h
[158.288s] -- Symlinking: /home/sunrise/dev_ws/install/origincar_base/include/origincar_base/origincar_base/msg/detail/position__builder.hpp
[158.331s] -- Symlinking: /home/sunrise/dev_ws/install/origincar_base/include/origincar_base/origincar_base/msg/detail/position__struct.hpp
[158.372s] -- Symlinking: /home/sunrise/dev_ws/install/origincar_base/include/origincar_base/origincar_base/msg/detail/position__traits.hpp
[158.415s] -- Symlinking: /home/sunrise/dev_ws/install/origincar_base/include/origincar_base/origincar_base/msg/detail/position__type_support.hpp
[158.457s] -- Symlinking: /home/sunrise/dev_ws/install/origincar_base/include/origincar_base/origincar_base/msg/position.hpp
[158.499s] -- Symlinking: /home/sunrise/dev_ws/install/origincar_base/include/origincar_base/origincar_base/msg/rosidl_generator_cpp__visibility_control.hpp
[158.544s] -- Symlinking: /home/sunrise/dev_ws/install/origincar_base/include/origincar_base/origincar_base/msg/detail/position__rosidl_typesupport_fastrtps_cpp.hpp
[158.586s] -- Symlinking: /home/sunrise/dev_ws/install/origincar_base/include/origincar_base/origincar_base/msg/rosidl_typesupport_fastrtps_cpp__visibility_control.h
[158.630s] -- Symlinking: /home/sunrise/dev_ws/install/origincar_base/include/origincar_base/origincar_base/msg/detail/position__rosidl_typesupport_introspection_c.h
[158.673s] -- Symlinking: /home/sunrise/dev_ws/install/origincar_base/include/origincar_base/origincar_base/msg/rosidl_typesupport_introspection_c__visibility_control.h
[158.719s] -- Symlinking: /home/sunrise/dev_ws/install/origincar_base/include/origincar_base/origincar_base/msg/detail/position__rosidl_typesupport_introspection_cpp.hpp
[158.762s] -- Symlinking: /home/sunrise/dev_ws/install/origincar_base/share/origincar_base/environment/pythonpath.sh
[158.804s] -- Symlinking: /home/sunrise/dev_ws/install/origincar_base/share/origincar_base/environment/pythonpath.dsv
[158.850s] -- Symlinking: /home/sunrise/dev_ws/install/origincar_base/local/lib/python3.10/dist-packages/origincar_base-0.0.0-py3.10.egg-info/PKG-INFO
[158.895s] -- Symlinking: /home/sunrise/dev_ws/install/origincar_base/local/lib/python3.10/dist-packages/origincar_base-0.0.0-py3.10.egg-info/SOURCES.txt
[158.938s] -- Symlinking: /home/sunrise/dev_ws/install/origincar_base/local/lib/python3.10/dist-packages/origincar_base-0.0.0-py3.10.egg-info/dependency_links.txt
[158.981s] -- Symlinking: /home/sunrise/dev_ws/install/origincar_base/local/lib/python3.10/dist-packages/origincar_base-0.0.0-py3.10.egg-info/top_level.txt
[159.028s] -- Symlinking: /home/sunrise/dev_ws/install/origincar_base/local/lib/python3.10/dist-packages/origincar_base/__init__.py
[159.070s] -- Symlinking: /home/sunrise/dev_ws/install/origincar_base/local/lib/python3.10/dist-packages/origincar_base/_origincar_base_s.ep.rosidl_typesupport_c.c
[159.115s] -- Symlinking: /home/sunrise/dev_ws/install/origincar_base/local/lib/python3.10/dist-packages/origincar_base/_origincar_base_s.ep.rosidl_typesupport_fastrtps_c.c
[159.158s] -- Symlinking: /home/sunrise/dev_ws/install/origincar_base/local/lib/python3.10/dist-packages/origincar_base/_origincar_base_s.ep.rosidl_typesupport_introspection_c.c
[159.200s] -- Symlinking: /home/sunrise/dev_ws/install/origincar_base/local/lib/python3.10/dist-packages/origincar_base/liborigincar_base__rosidl_generator_py.so
[159.242s] -- Symlinking: /home/sunrise/dev_ws/install/origincar_base/local/lib/python3.10/dist-packages/origincar_base/msg/__init__.py
[159.285s] -- Symlinking: /home/sunrise/dev_ws/install/origincar_base/local/lib/python3.10/dist-packages/origincar_base/msg/_position.py
[159.328s] -- Symlinking: /home/sunrise/dev_ws/install/origincar_base/local/lib/python3.10/dist-packages/origincar_base/msg/_position_s.c
[159.372s] -- Symlinking: /home/sunrise/dev_ws/install/origincar_base/local/lib/python3.10/dist-packages/origincar_base/origincar_base_s__rosidl_typesupport_c.cpython-310-aarch64-linux-gnu.so
[159.415s] -- Symlinking: /home/sunrise/dev_ws/install/origincar_base/local/lib/python3.10/dist-packages/origincar_base/origincar_base_s__rosidl_typesupport_fastrtps_c.cpython-310-aarch64-linux-gnu.so
[159.457s] -- Symlinking: /home/sunrise/dev_ws/install/origincar_base/local/lib/python3.10/dist-packages/origincar_base/origincar_base_s__rosidl_typesupport_introspection_c.cpython-310-aarch64-linux-gnu.so
[159.501s] -- Up-to-date symlink: /home/sunrise/dev_ws/install/origincar_base/local/lib/python3.10/dist-packages/origincar_base/origincar_base_s__rosidl_typesupport_fastrtps_c.cpython-310-aarch64-linux-gnu.so
[159.502s] -- Up-to-date symlink: /home/sunrise/dev_ws/install/origincar_base/local/lib/python3.10/dist-packages/origincar_base/origincar_base_s__rosidl_typesupport_introspection_c.cpython-310-aarch64-linux-gnu.so
[159.504s] -- Up-to-date symlink: /home/sunrise/dev_ws/install/origincar_base/local/lib/python3.10/dist-packages/origincar_base/origincar_base_s__rosidl_typesupport_c.cpython-310-aarch64-linux-gnu.so
[159.505s] -- Symlinking: /home/sunrise/dev_ws/install/origincar_base/share/ament_index/resource_index/rust_packages/origincar_base
[159.549s] -- Symlinking: /home/sunrise/dev_ws/install/origincar_base/share/origincar_base/rust/Cargo.toml
[159.592s] -- Symlinking: /home/sunrise/dev_ws/install/origincar_base/share/origincar_base/rust/build.rs
[159.634s] -- Symlinking: /home/sunrise/dev_ws/install/origincar_base/share/origincar_base/rust/src/lib.rs
[159.676s] -- Symlinking: /home/sunrise/dev_ws/install/origincar_base/share/origincar_base/rust/src/msg.rs
[159.719s] -- Symlinking: /home/sunrise/dev_ws/install/origincar_base/share/origincar_base/rust/src/msg/rmw.rs
[159.762s] -- Symlinking: /home/sunrise/dev_ws/install/origincar_base/share/origincar_base/msg/Position.idl
[159.806s] -- Symlinking: /home/sunrise/dev_ws/install/origincar_base/share/origincar_base/msg/Position.msg
[159.849s] -- Symlinking: /home/sunrise/dev_ws/install/origincar_base/lib/origincar_base/cmd_vel_to_ackermann_drive.py
[159.896s] -- Symlinking: /home/sunrise/dev_ws/install/origincar_base/lib/origincar_base/origincar_base_node
[159.942s] -- Symlinking: /home/sunrise/dev_ws/install/origincar_base/share/origincar_base/launch/__pycache__/testtwo.launch.cpython-38.pyc
[159.984s] -- Symlinking: /home/sunrise/dev_ws/install/origincar_base/share/origincar_base/launch/base_serial.launch.py
[160.028s] -- Symlinking: /home/sunrise/dev_ws/install/origincar_base/share/origincar_base/launch/ekf.launch.py
[160.072s] -- Symlinking: /home/sunrise/dev_ws/install/origincar_base/share/origincar_base/launch/origincar_bringup.launch.py
[160.114s] -- Symlinking: /home/sunrise/dev_ws/install/origincar_base/share/origincar_base/launch/robot_mode_description.launch.py
[160.158s] -- Symlinking: /home/sunrise/dev_ws/install/origincar_base/share/origincar_base/config/ekf.yaml
[160.201s] -- Symlinking: /home/sunrise/dev_ws/install/origincar_base/share/origincar_base/config/imu.yaml
[160.246s] -- Symlinking: /home/sunrise/dev_ws/install/origincar_base/share/ament_index/resource_index/package_run_dependencies/origincar_base
[160.289s] -- Symlinking: /home/sunrise/dev_ws/install/origincar_base/share/ament_index/resource_index/parent_prefix_path/origincar_base
[160.334s] -- Symlinking: /home/sunrise/dev_ws/install/origincar_base/share/origincar_base/environment/ament_prefix_path.sh
[160.377s] -- Symlinking: /home/sunrise/dev_ws/install/origincar_base/share/origincar_base/environment/ament_prefix_path.dsv
[160.420s] -- Symlinking: /home/sunrise/dev_ws/install/origincar_base/share/origincar_base/environment/path.sh
[160.463s] -- Symlinking: /home/sunrise/dev_ws/install/origincar_base/share/origincar_base/environment/path.dsv
[160.507s] -- Symlinking: /home/sunrise/dev_ws/install/origincar_base/share/origincar_base/local_setup.bash
[160.551s] -- Symlinking: /home/sunrise/dev_ws/install/origincar_base/share/origincar_base/local_setup.sh
[160.593s] -- Symlinking: /home/sunrise/dev_ws/install/origincar_base/share/origincar_base/local_setup.zsh
[160.636s] -- Symlinking: /home/sunrise/dev_ws/install/origincar_base/share/origincar_base/local_setup.dsv
[160.680s] -- Symlinking: /home/sunrise/dev_ws/install/origincar_base/share/origincar_base/package.dsv
[160.723s] -- Symlinking: /home/sunrise/dev_ws/install/origincar_base/share/ament_index/resource_index/packages/origincar_base
[160.767s] -- Symlinking: /home/sunrise/dev_ws/install/origincar_base/share/origincar_base/cmake/rosidl_cmake-extras.cmake
[160.812s] -- Symlinking: /home/sunrise/dev_ws/install/origincar_base/share/origincar_base/cmake/ament_cmake_export_include_directories-extras.cmake
[160.855s] -- Symlinking: /home/sunrise/dev_ws/install/origincar_base/share/origincar_base/cmake/ament_cmake_export_libraries-extras.cmake
[160.898s] -- Symlinking: /home/sunrise/dev_ws/install/origincar_base/share/origincar_base/cmake/ament_cmake_export_targets-extras.cmake
[160.941s] -- Symlinking: /home/sunrise/dev_ws/install/origincar_base/share/origincar_base/cmake/rosidl_cmake_export_typesupport_targets-extras.cmake
[160.984s] -- Symlinking: /home/sunrise/dev_ws/install/origincar_base/share/origincar_base/cmake/ament_cmake_export_dependencies-extras.cmake
[161.026s] -- Symlinking: /home/sunrise/dev_ws/install/origincar_base/share/origincar_base/cmake/rosidl_cmake_export_typesupport_libraries-extras.cmake
[161.069s] -- Symlinking: /home/sunrise/dev_ws/install/origincar_base/share/origincar_base/cmake/origincar_baseConfig.cmake
[161.112s] -- Symlinking: /home/sunrise/dev_ws/install/origincar_base/share/origincar_base/cmake/origincar_baseConfig-version.cmake
[161.154s] -- Symlinking: /home/sunrise/dev_ws/install/origincar_base/share/origincar_base/package.xml
[161.197s] -- Installing: /home/sunrise/dev_ws/install/origincar_base/lib/liborigincar_base__rosidl_generator_c.so
[161.198s] -- Set runtime path of "/home/sunrise/dev_ws/install/origincar_base/lib/liborigincar_base__rosidl_generator_c.so" to ""
[161.199s] -- Installing: /home/sunrise/dev_ws/install/origincar_base/lib/liborigincar_base__rosidl_typesupport_fastrtps_c.so
[161.200s] -- Set runtime path of "/home/sunrise/dev_ws/install/origincar_base/lib/liborigincar_base__rosidl_typesupport_fastrtps_c.so" to ""
[161.202s] -- Installing: /home/sunrise/dev_ws/install/origincar_base/lib/liborigincar_base__rosidl_typesupport_fastrtps_cpp.so
[161.203s] -- Set runtime path of "/home/sunrise/dev_ws/install/origincar_base/lib/liborigincar_base__rosidl_typesupport_fastrtps_cpp.so" to ""
[161.204s] -- Installing: /home/sunrise/dev_ws/install/origincar_base/lib/liborigincar_base__rosidl_typesupport_introspection_c.so
[161.206s] -- Set runtime path of "/home/sunrise/dev_ws/install/origincar_base/lib/liborigincar_base__rosidl_typesupport_introspection_c.so" to ""
[161.207s] -- Installing: /home/sunrise/dev_ws/install/origincar_base/lib/liborigincar_base__rosidl_typesupport_c.so
[161.207s] -- Set runtime path of "/home/sunrise/dev_ws/install/origincar_base/lib/liborigincar_base__rosidl_typesupport_c.so" to ""
[161.208s] -- Installing: /home/sunrise/dev_ws/install/origincar_base/lib/liborigincar_base__rosidl_typesupport_introspection_cpp.so
[161.210s] -- Set runtime path of "/home/sunrise/dev_ws/install/origincar_base/lib/liborigincar_base__rosidl_typesupport_introspection_cpp.so" to ""
[161.210s] -- Installing: /home/sunrise/dev_ws/install/origincar_base/lib/liborigincar_base__rosidl_typesupport_cpp.so
[161.211s] -- Set runtime path of "/home/sunrise/dev_ws/install/origincar_base/lib/liborigincar_base__rosidl_typesupport_cpp.so" to ""
[161.526s] Listing '/home/sunrise/dev_ws/install/origincar_base/local/lib/python3.10/dist-packages/origincar_base'...
[161.527s] Compiling '/home/sunrise/dev_ws/install/origincar_base/local/lib/python3.10/dist-packages/origincar_base/__init__.py'...
[161.527s] Listing '/home/sunrise/dev_ws/install/origincar_base/local/lib/python3.10/dist-packages/origincar_base/msg'...
[161.528s] Compiling '/home/sunrise/dev_ws/install/origincar_base/local/lib/python3.10/dist-packages/origincar_base/msg/__init__.py'...
[161.528s] Compiling '/home/sunrise/dev_ws/install/origincar_base/local/lib/python3.10/dist-packages/origincar_base/msg/_position.py'...
[161.580s] -- Installing: /home/sunrise/dev_ws/install/origincar_base/lib/liborigincar_base__rosidl_generator_py.so
[161.582s] -- Set runtime path of "/home/sunrise/dev_ws/install/origincar_base/lib/liborigincar_base__rosidl_generator_py.so" to ""
[161.583s] -- Installing: /home/sunrise/dev_ws/install/origincar_base/share/origincar_base/cmake/export_origincar_base__rosidl_generator_cExport.cmake
[161.583s] -- Installing: /home/sunrise/dev_ws/install/origincar_base/share/origincar_base/cmake/export_origincar_base__rosidl_generator_cExport-noconfig.cmake
[161.584s] -- Installing: /home/sunrise/dev_ws/install/origincar_base/share/origincar_base/cmake/export_origincar_base__rosidl_typesupport_fastrtps_cExport.cmake
[161.584s] -- Installing: /home/sunrise/dev_ws/install/origincar_base/share/origincar_base/cmake/export_origincar_base__rosidl_typesupport_fastrtps_cExport-noconfig.cmake
[161.585s] -- Installing: /home/sunrise/dev_ws/install/origincar_base/share/origincar_base/cmake/export_origincar_base__rosidl_generator_cppExport.cmake
[161.586s] -- Installing: /home/sunrise/dev_ws/install/origincar_base/share/origincar_base/cmake/export_origincar_base__rosidl_typesupport_fastrtps_cppExport.cmake
[161.586s] -- Installing: /home/sunrise/dev_ws/install/origincar_base/share/origincar_base/cmake/export_origincar_base__rosidl_typesupport_fastrtps_cppExport-noconfig.cmake
[161.587s] -- Installing: /home/sunrise/dev_ws/install/origincar_base/share/origincar_base/cmake/origincar_base__rosidl_typesupport_introspection_cExport.cmake
[161.588s] -- Installing: /home/sunrise/dev_ws/install/origincar_base/share/origincar_base/cmake/origincar_base__rosidl_typesupport_introspection_cExport-noconfig.cmake
[161.588s] -- Installing: /home/sunrise/dev_ws/install/origincar_base/share/origincar_base/cmake/origincar_base__rosidl_typesupport_cExport.cmake
[161.589s] -- Installing: /home/sunrise/dev_ws/install/origincar_base/share/origincar_base/cmake/origincar_base__rosidl_typesupport_cExport-noconfig.cmake
[161.590s] -- Installing: /home/sunrise/dev_ws/install/origincar_base/share/origincar_base/cmake/origincar_base__rosidl_typesupport_introspection_cppExport.cmake
[161.591s] -- Installing: /home/sunrise/dev_ws/install/origincar_base/share/origincar_base/cmake/origincar_base__rosidl_typesupport_introspection_cppExport-noconfig.cmake
[161.592s] -- Installing: /home/sunrise/dev_ws/install/origincar_base/share/origincar_base/cmake/origincar_base__rosidl_typesupport_cppExport.cmake
[161.593s] -- Installing: /home/sunrise/dev_ws/install/origincar_base/share/origincar_base/cmake/origincar_base__rosidl_typesupport_cppExport-noconfig.cmake
[161.593s] -- Installing: /home/sunrise/dev_ws/install/origincar_base/share/origincar_base/cmake/export_origincar_base__rosidl_generator_pyExport.cmake
[161.594s] -- Installing: /home/sunrise/dev_ws/install/origincar_base/share/origincar_base/cmake/export_origincar_base__rosidl_generator_pyExport-noconfig.cmake
[161.607s] Invoked command in '/home/sunrise/dev_ws/build/origincar_base' returned '0': CMAKE_PREFIX_PATH=/home/sunrise/dev_ws/install/serial:/home/sunrise/dev_ws/install/origincar_msg:/home/sunrise/dev_ws/install/origincar_description:/home/sunrise/dev_ws/install/ackermann_msgs:/home/sunrise/dev_ws/install/origincar_base:/home/sunrise/dev_ws/install/origincar_bringup:/home/sunrise/dev_ws/install/lslidar_driver:/home/sunrise/dev_ws/install/lslidar_msgs:/home/sunrise/dev_ws/install/racing_stage2:/home/sunrise/dev_ws/install/racing_stage1:/home/sunrise/dev_ws/install/qr_scanner:/home/sunrise/dev_ws/install/bno055:/opt/tros/humble:/opt/ros/humble LD_LIBRARY_PATH=/home/sunrise/dev_ws/install/origincar_msg/lib:/home/sunrise/dev_ws/install/ackermann_msgs/lib:/home/sunrise/dev_ws/install/origincar_base/lib:/home/sunrise/dev_ws/install/serial/lib:/home/sunrise/dev_ws/install/lslidar_msgs/lib:/opt/tros/humble/lib/aarch64-linux-gnu:/opt/tros/humble/lib:/opt/ros/humble/opt/rviz_ogre_vendor/lib:/opt/ros/humble/lib/aarch64-linux-gnu:/opt/ros/humble/lib:/usr/hobot/lib:/app/lib:/app/pub/lib:/middleware/lib:/middleware/pub/lib:/usr/hobot/lib/sensor:/system/lib:/system/usr/lib:/lib:/usr/hobot/lib:/app/lib:/app/pub/lib:/middleware/lib:/middleware/pub/lib:/usr/hobot/lib/sensor:/system/lib:/system/usr/lib:/lib /usr/bin/cmake --install /home/sunrise/dev_ws/build/origincar_base
