[0.000000] (-) TimerEvent: {}
[0.000411] (-) JobUnselected: {'identifier': 'ackermann_msgs'}
[0.000992] (-) JobUnselected: {'identifier': 'bno055'}
[0.001953] (-) JobUnselected: {'identifier': 'line_follower_pkg'}
[0.002651] (-) JobUnselected: {'identifier': 'lslidar_driver'}
[0.003393] (-) JobUnselected: {'identifier': 'lslidar_msgs'}
[0.003657] (-) JobUnselected: {'identifier': 'origincar_base'}
[0.003850] (-) JobUnselected: {'identifier': 'origincar_bringup'}
[0.004059] (-) JobUnselected: {'identifier': 'origincar_description'}
[0.004335] (-) JobUnselected: {'identifier': 'origincar_msg'}
[0.004529] (-) JobUnselected: {'identifier': 'qr_scanner'}
[0.004746] (-) JobUnselected: {'identifier': 'racing_bringup'}
[0.005009] (-) JobUnselected: {'identifier': 'racing_stage1'}
[0.005429] (-) JobUnselected: {'identifier': 'racing_stage2'}
[0.005609] (-) JobUnselected: {'identifier': 'racing_stage3'}
[0.005749] (-) JobUnselected: {'identifier': 'racing_stage3_param_test'}
[0.006084] (-) JobUnselected: {'identifier': 'racing_vision_ai'}
[0.006335] (-) JobUnselected: {'identifier': 'serial'}
[0.006455] (-) JobUnselected: {'identifier': 'simple_avoidance'}
[0.006573] (-) JobUnselected: {'identifier': 'utils'}
[0.006825] (-) JobUnselected: {'identifier': 'voice_driver'}
[0.007176] (racing_stage2_param_test) JobQueued: {'identifier': 'racing_stage2_param_test', 'dependencies': OrderedDict([('ackermann_msgs', '/home/sunrise/dev_ws/install/ackermann_msgs'), ('bno055', '/home/sunrise/dev_ws/install/bno055'), ('lslidar_msgs', '/home/sunrise/dev_ws/install/lslidar_msgs'), ('origincar_bringup', '/home/sunrise/dev_ws/install/origincar_bringup'), ('origincar_description', '/home/sunrise/dev_ws/install/origincar_description'), ('origincar_msg', '/home/sunrise/dev_ws/install/origincar_msg'), ('qr_scanner', '/home/sunrise/dev_ws/install/qr_scanner'), ('serial', '/home/sunrise/dev_ws/install/serial'), ('lslidar_driver', '/home/sunrise/dev_ws/install/lslidar_driver'), ('origincar_base', '/home/sunrise/dev_ws/install/origincar_base'), ('racing_stage1', '/home/sunrise/dev_ws/install/racing_stage1'), ('racing_stage2', '/home/sunrise/dev_ws/install/racing_stage2')])}
[0.007399] (racing_stage2_param_test) JobStarted: {'identifier': 'racing_stage2_param_test'}
[0.098750] (-) TimerEvent: {}
[0.199265] (-) TimerEvent: {}
[0.299725] (-) TimerEvent: {}
[0.400168] (-) TimerEvent: {}
[0.500599] (-) TimerEvent: {}
[0.601035] (-) TimerEvent: {}
[0.701494] (-) TimerEvent: {}
[0.801932] (-) TimerEvent: {}
[0.902380] (-) TimerEvent: {}
[1.002825] (-) TimerEvent: {}
[1.103279] (-) TimerEvent: {}
[1.203756] (-) TimerEvent: {}
[1.304206] (-) TimerEvent: {}
[1.404703] (-) TimerEvent: {}
[1.505198] (-) TimerEvent: {}
[1.605668] (-) TimerEvent: {}
[1.706178] (-) TimerEvent: {}
[1.806710] (-) TimerEvent: {}
[1.907259] (-) TimerEvent: {}
[2.007736] (-) TimerEvent: {}
[2.108180] (-) TimerEvent: {}
[2.208683] (-) TimerEvent: {}
[2.309143] (-) TimerEvent: {}
[2.409587] (-) TimerEvent: {}
[2.510019] (-) TimerEvent: {}
[2.610457] (-) TimerEvent: {}
[2.710886] (-) TimerEvent: {}
[2.811295] (-) TimerEvent: {}
[2.911733] (-) TimerEvent: {}
[3.012165] (-) TimerEvent: {}
[3.112554] (-) TimerEvent: {}
[3.212919] (-) TimerEvent: {}
[3.313295] (-) TimerEvent: {}
[3.413663] (-) TimerEvent: {}
[3.514053] (-) TimerEvent: {}
[3.614432] (-) TimerEvent: {}
[3.714797] (-) TimerEvent: {}
[3.815161] (-) TimerEvent: {}
[3.915580] (-) TimerEvent: {}
[4.016028] (-) TimerEvent: {}
[4.116489] (-) TimerEvent: {}
[4.217010] (-) TimerEvent: {}
[4.317523] (-) TimerEvent: {}
[4.342546] (racing_stage2_param_test) Command: {'cmd': ['/usr/bin/python3', '-W', 'ignore:setup.py install is deprecated', '-W', 'ignore:easy_install command is deprecated', 'setup.py', 'develop', '--editable', '--build-directory', '/home/sunrise/dev_ws/build/racing_stage2_param_test/build', '--no-deps', 'symlink_data'], 'cwd': '/home/sunrise/dev_ws/build/racing_stage2_param_test', 'env': {'LANGUAGE': 'en_US.UTF-8', 'USER': 'sunrise', 'SSH_CLIENT': '10.147.109.1 46387 22', 'XDG_SESSION_TYPE': 'tty', 'SHLVL': '1', 'LD_LIBRARY_PATH': '/home/sunrise/dev_ws/install/origincar_base/lib:/home/sunrise/dev_ws/install/serial/lib:/home/sunrise/dev_ws/install/origincar_msg/lib:/home/sunrise/dev_ws/install/lslidar_msgs/lib:/home/sunrise/dev_ws/install/ackermann_msgs/lib:/opt/ros/humble/opt/rviz_ogre_vendor/lib:/opt/ros/humble/lib/aarch64-linux-gnu:/opt/ros/humble/lib', 'MOTD_SHOWN': 'pam', 'HOME': '/home/sunrise', 'OLDPWD': '/home/sunrise', 'ROS_PYTHON_VERSION': '3', 'DBUS_SESSION_BUS_ADDRESS': 'unix:path=/run/user/1000/bus', 'ROS_DISTRO': 'humble', 'LOGNAME': 'sunrise', '_': '/usr/bin/colcon', 'ROS_VERSION': '2', 'XDG_SESSION_CLASS': 'user', 'XDG_SESSION_ID': '43', 'ROS_LOCALHOST_ONLY': '0', 'PATH': '/opt/ros/humble/bin:/usr/local/sbin:/usr/local/bin:/usr/sbin:/usr/bin:/sbin:/bin:/usr/games:/usr/local/games:/snap/bin', 'XDG_RUNTIME_DIR': '/run/user/1000', 'LANG': 'en_US.UTF-8', 'AMENT_PREFIX_PATH': '/home/sunrise/dev_ws/install/racing_stage2:/home/sunrise/dev_ws/install/racing_stage1:/home/sunrise/dev_ws/install/origincar_base:/home/sunrise/dev_ws/install/lslidar_driver:/home/sunrise/dev_ws/install/serial:/home/sunrise/dev_ws/install/qr_scanner:/home/sunrise/dev_ws/install/origincar_msg:/home/sunrise/dev_ws/install/origincar_description:/home/sunrise/dev_ws/install/origincar_bringup:/home/sunrise/dev_ws/install/lslidar_msgs:/home/sunrise/dev_ws/install/bno055:/home/sunrise/dev_ws/install/ackermann_msgs:/opt/ros/humble', 'SHELL': '/bin/bash', 'PWD': '/home/sunrise/dev_ws/build/racing_stage2_param_test', 'SSH_CONNECTION': '10.147.109.1 46387 10.147.109.8 22', 'PYTHONPATH': '/home/sunrise/dev_ws/build/racing_stage2_param_test/prefix_override:/usr/lib/python3/dist-packages/colcon_core/task/python/colcon_distutils_commands:/home/sunrise/dev_ws/install/racing_stage2_param_test/lib/python3.10/site-packages:/home/sunrise/dev_ws/build/racing_stage2:/home/sunrise/dev_ws/install/racing_stage2/lib/python3.10/site-packages:/home/sunrise/dev_ws/build/racing_stage1:/home/sunrise/dev_ws/install/racing_stage1/lib/python3.10/site-packages:/home/sunrise/dev_ws/install/origincar_base/local/lib/python3.10/dist-packages:/home/sunrise/dev_ws/build/qr_scanner:/home/sunrise/dev_ws/install/qr_scanner/lib/python3.10/site-packages:/home/sunrise/dev_ws/install/origincar_msg/local/lib/python3.10/dist-packages:/home/sunrise/dev_ws/install/lslidar_msgs/local/lib/python3.10/dist-packages:/home/sunrise/dev_ws/build/bno055:/home/sunrise/dev_ws/install/bno055/lib/python3.10/site-packages:/home/sunrise/dev_ws/install/ackermann_msgs/local/lib/python3.10/dist-packages:/opt/ros/humble/lib/python3.10/site-packages:/opt/ros/humble/local/lib/python3.10/dist-packages', 'COLCON': '1', 'CMAKE_PREFIX_PATH': '/home/sunrise/dev_ws/install/origincar_base:/home/sunrise/dev_ws/install/lslidar_driver:/home/sunrise/dev_ws/install/serial:/home/sunrise/dev_ws/install/origincar_msg:/home/sunrise/dev_ws/install/origincar_description:/home/sunrise/dev_ws/install/origincar_bringup:/home/sunrise/dev_ws/install/lslidar_msgs:/home/sunrise/dev_ws/install/ackermann_msgs'}, 'shell': False}
[4.417681] (-) TimerEvent: {}
[4.518137] (-) TimerEvent: {}
[4.618570] (-) TimerEvent: {}
[4.719014] (-) TimerEvent: {}
[4.819440] (-) TimerEvent: {}
[4.919898] (-) TimerEvent: {}
[5.020344] (-) TimerEvent: {}
[5.120753] (-) TimerEvent: {}
[5.221171] (-) TimerEvent: {}
[5.321586] (-) TimerEvent: {}
[5.421993] (-) TimerEvent: {}
[5.522408] (-) TimerEvent: {}
[5.622822] (-) TimerEvent: {}
[5.723235] (-) TimerEvent: {}
[5.823636] (-) TimerEvent: {}
[5.924071] (-) TimerEvent: {}
[6.024485] (-) TimerEvent: {}
[6.064381] (racing_stage2_param_test) StdoutLine: {'line': b'running develop\n'}
[6.124633] (-) TimerEvent: {}
[6.225017] (-) TimerEvent: {}
[6.325386] (-) TimerEvent: {}
[6.425821] (-) TimerEvent: {}
[6.526286] (-) TimerEvent: {}
[6.626724] (-) TimerEvent: {}
[6.727141] (-) TimerEvent: {}
[6.827552] (-) TimerEvent: {}
[6.927990] (-) TimerEvent: {}
[7.028452] (-) TimerEvent: {}
[7.128883] (-) TimerEvent: {}
[7.184813] (racing_stage2_param_test) StdoutLine: {'line': b'running egg_info\n'}
[7.185540] (racing_stage2_param_test) StdoutLine: {'line': b'creating racing_stage2_param_test.egg-info\n'}
[7.186368] (racing_stage2_param_test) StdoutLine: {'line': b'writing racing_stage2_param_test.egg-info/PKG-INFO\n'}
[7.187385] (racing_stage2_param_test) StdoutLine: {'line': b'writing dependency_links to racing_stage2_param_test.egg-info/dependency_links.txt\n'}
[7.188402] (racing_stage2_param_test) StdoutLine: {'line': b'writing entry points to racing_stage2_param_test.egg-info/entry_points.txt\n'}
[7.189423] (racing_stage2_param_test) StdoutLine: {'line': b'writing requirements to racing_stage2_param_test.egg-info/requires.txt\n'}
[7.189901] (racing_stage2_param_test) StdoutLine: {'line': b'writing top-level names to racing_stage2_param_test.egg-info/top_level.txt\n'}
[7.190665] (racing_stage2_param_test) StdoutLine: {'line': b"writing manifest file 'racing_stage2_param_test.egg-info/SOURCES.txt'\n"}
[7.201261] (racing_stage2_param_test) StdoutLine: {'line': b"reading manifest file 'racing_stage2_param_test.egg-info/SOURCES.txt'\n"}
[7.205391] (racing_stage2_param_test) StdoutLine: {'line': b"writing manifest file 'racing_stage2_param_test.egg-info/SOURCES.txt'\n"}
[7.214892] (racing_stage2_param_test) StdoutLine: {'line': b'running build_ext\n'}
[7.216182] (racing_stage2_param_test) StdoutLine: {'line': b'Creating /home/sunrise/dev_ws/install/racing_stage2_param_test/lib/python3.10/site-packages/racing-stage2-param-test.egg-link (link to .)\n'}
[7.220890] (racing_stage2_param_test) StdoutLine: {'line': b'Installing avoidance_straight_tester script to /home/sunrise/dev_ws/install/racing_stage2_param_test/lib/racing_stage2_param_test\n'}
[7.221790] (racing_stage2_param_test) StdoutLine: {'line': b'Installing camera_video_recorder script to /home/sunrise/dev_ws/install/racing_stage2_param_test/lib/racing_stage2_param_test\n'}
[7.222567] (racing_stage2_param_test) StdoutLine: {'line': b'Installing direct_inertial_tester script to /home/sunrise/dev_ws/install/racing_stage2_param_test/lib/racing_stage2_param_test\n'}
[7.223617] (racing_stage2_param_test) StdoutLine: {'line': b'Installing lane_follow script to /home/sunrise/dev_ws/install/racing_stage2_param_test/lib/racing_stage2_param_test\n'}
[7.224426] (racing_stage2_param_test) StdoutLine: {'line': b'Installing twist_cmd_relay script to /home/sunrise/dev_ws/install/racing_stage2_param_test/lib/racing_stage2_param_test\n'}
[7.224915] (racing_stage2_param_test) StdoutLine: {'line': b'Installing vision_inertial_tester script to /home/sunrise/dev_ws/install/racing_stage2_param_test/lib/racing_stage2_param_test\n'}
[7.226659] (racing_stage2_param_test) StdoutLine: {'line': b'\n'}
[7.227696] (racing_stage2_param_test) StdoutLine: {'line': b'Installed /home/sunrise/dev_ws/build/racing_stage2_param_test\n'}
[7.228909] (-) TimerEvent: {}
[7.229287] (racing_stage2_param_test) StdoutLine: {'line': b'running symlink_data\n'}
[7.230764] (racing_stage2_param_test) StdoutLine: {'line': b'creating /home/sunrise/dev_ws/install/racing_stage2_param_test/share/ament_index\n'}
[7.231537] (racing_stage2_param_test) StdoutLine: {'line': b'creating /home/sunrise/dev_ws/install/racing_stage2_param_test/share/ament_index/resource_index\n'}
[7.232030] (racing_stage2_param_test) StdoutLine: {'line': b'creating /home/sunrise/dev_ws/install/racing_stage2_param_test/share/ament_index/resource_index/packages\n'}
[7.232490] (racing_stage2_param_test) StdoutLine: {'line': b'symbolically linking /home/sunrise/dev_ws/build/racing_stage2_param_test/resource/racing_stage2_param_test -> /home/sunrise/dev_ws/install/racing_stage2_param_test/share/ament_index/resource_index/packages\n'}
[7.232950] (racing_stage2_param_test) StdoutLine: {'line': b'symbolically linking /home/sunrise/dev_ws/build/racing_stage2_param_test/package.xml -> /home/sunrise/dev_ws/install/racing_stage2_param_test/share/racing_stage2_param_test\n'}
[7.233399] (racing_stage2_param_test) StdoutLine: {'line': b'creating /home/sunrise/dev_ws/install/racing_stage2_param_test/share/racing_stage2_param_test/launch\n'}
[7.233915] (racing_stage2_param_test) StdoutLine: {'line': b'symbolically linking /home/sunrise/dev_ws/build/racing_stage2_param_test/launch/vision_inertial_test.launch.py -> /home/sunrise/dev_ws/install/racing_stage2_param_test/share/racing_stage2_param_test/launch\n'}
[7.234427] (racing_stage2_param_test) StdoutLine: {'line': b'symbolically linking /home/sunrise/dev_ws/build/racing_stage2_param_test/launch/direct_inertial_test.launch.py -> /home/sunrise/dev_ws/install/racing_stage2_param_test/share/racing_stage2_param_test/launch\n'}
[7.234878] (racing_stage2_param_test) StdoutLine: {'line': b'symbolically linking /home/sunrise/dev_ws/build/racing_stage2_param_test/launch/avoidance_straight_test.launch.py -> /home/sunrise/dev_ws/install/racing_stage2_param_test/share/racing_stage2_param_test/launch\n'}
[7.235322] (racing_stage2_param_test) StdoutLine: {'line': b'symbolically linking /home/sunrise/dev_ws/build/racing_stage2_param_test/launch/lane_follow_test.launch.py -> /home/sunrise/dev_ws/install/racing_stage2_param_test/share/racing_stage2_param_test/launch\n'}
[7.235762] (racing_stage2_param_test) StdoutLine: {'line': b'symbolically linking /home/sunrise/dev_ws/build/racing_stage2_param_test/launch/direct_inertial_camera_record_test.launch.py -> /home/sunrise/dev_ws/install/racing_stage2_param_test/share/racing_stage2_param_test/launch\n'}
[7.236204] (racing_stage2_param_test) StdoutLine: {'line': b'creating /home/sunrise/dev_ws/install/racing_stage2_param_test/share/racing_stage2_param_test/config\n'}
[7.236639] (racing_stage2_param_test) StdoutLine: {'line': b'symbolically linking /home/sunrise/dev_ws/build/racing_stage2_param_test/config/avoidance_straight_test.yaml -> /home/sunrise/dev_ws/install/racing_stage2_param_test/share/racing_stage2_param_test/config\n'}
[7.237076] (racing_stage2_param_test) StdoutLine: {'line': b'symbolically linking /home/sunrise/dev_ws/build/racing_stage2_param_test/config/direct_inertial_test.yaml -> /home/sunrise/dev_ws/install/racing_stage2_param_test/share/racing_stage2_param_test/config\n'}
[7.329148] (-) TimerEvent: {}
[7.429653] (-) TimerEvent: {}
[7.476366] (racing_stage2_param_test) CommandEnded: {'returncode': 0}
[7.530610] (-) TimerEvent: {}
[7.593783] (racing_stage2_param_test) JobEnded: {'identifier': 'racing_stage2_param_test', 'rc': 0}
[7.596230] (-) EventReactorShutdown: {}
