[0.000000] (-) TimerEvent: {}
[0.001028] (-) JobUnselected: {'identifier': 'ackermann_msgs'}
[0.002745] (-) JobUnselected: {'identifier': 'bno055'}
[0.005073] (-) JobUnselected: {'identifier': 'line_follower_pkg'}
[0.005478] (-) JobUnselected: {'identifier': 'lslidar_driver'}
[0.005941] (-) JobUnselected: {'identifier': 'lslidar_msgs'}
[0.006175] (-) JobUnselected: {'identifier': 'origincar_base'}
[0.006454] (-) JobUnselected: {'identifier': 'origincar_bringup'}
[0.006729] (-) JobUnselected: {'identifier': 'origincar_description'}
[0.006976] (-) JobUnselected: {'identifier': 'origincar_msg'}
[0.007147] (-) JobUnselected: {'identifier': 'qr_scanner'}
[0.007298] (-) JobUnselected: {'identifier': 'racing_bringup'}
[0.007453] (-) JobUnselected: {'identifier': 'racing_stage1'}
[0.007604] (-) JobUnselected: {'identifier': 'racing_stage2'}
[0.007755] (-) JobUnselected: {'identifier': 'racing_stage3'}
[0.007906] (-) JobUnselected: {'identifier': 'racing_stage3_param_test'}
[0.008045] (-) JobUnselected: {'identifier': 'racing_vision_ai'}
[0.008181] (-) JobUnselected: {'identifier': 'serial'}
[0.008320] (-) JobUnselected: {'identifier': 'simple_avoidance'}
[0.008451] (-) JobUnselected: {'identifier': 'utils'}
[0.008588] (-) JobUnselected: {'identifier': 'voice_driver'}
[0.008734] (racing_stage2_param_test) JobQueued: {'identifier': 'racing_stage2_param_test', 'dependencies': OrderedDict([('ackermann_msgs', '/home/sunrise/dev_ws/install/ackermann_msgs'), ('bno055', '/home/sunrise/dev_ws/install/bno055'), ('lslidar_msgs', '/home/sunrise/dev_ws/install/lslidar_msgs'), ('origincar_bringup', '/home/sunrise/dev_ws/install/origincar_bringup'), ('origincar_description', '/home/sunrise/dev_ws/install/origincar_description'), ('origincar_msg', '/home/sunrise/dev_ws/install/origincar_msg'), ('qr_scanner', '/home/sunrise/dev_ws/install/qr_scanner'), ('serial', '/home/sunrise/dev_ws/install/serial'), ('lslidar_driver', '/home/sunrise/dev_ws/install/lslidar_driver'), ('origincar_base', '/home/sunrise/dev_ws/install/origincar_base'), ('racing_stage1', '/home/sunrise/dev_ws/install/racing_stage1'), ('racing_stage2', '/home/sunrise/dev_ws/install/racing_stage2')])}
[0.009028] (racing_stage2_param_test) JobStarted: {'identifier': 'racing_stage2_param_test'}
[0.099135] (-) TimerEvent: {}
[0.200350] (-) TimerEvent: {}
[0.300881] (-) TimerEvent: {}
[0.401366] (-) TimerEvent: {}
[0.501868] (-) TimerEvent: {}
[0.602395] (-) TimerEvent: {}
[0.702914] (-) TimerEvent: {}
[0.803415] (-) TimerEvent: {}
[0.903951] (-) TimerEvent: {}
[1.004455] (-) TimerEvent: {}
[1.104947] (-) TimerEvent: {}
[1.205461] (-) TimerEvent: {}
[1.306009] (-) TimerEvent: {}
[1.406520] (-) TimerEvent: {}
[1.507027] (-) TimerEvent: {}
[1.607542] (-) TimerEvent: {}
[1.708052] (-) TimerEvent: {}
[1.808601] (-) TimerEvent: {}
[1.909100] (-) TimerEvent: {}
[2.009626] (-) TimerEvent: {}
[2.110141] (-) TimerEvent: {}
[2.210698] (-) TimerEvent: {}
[2.311613] (-) TimerEvent: {}
[2.412431] (-) TimerEvent: {}
[2.512984] (-) TimerEvent: {}
[2.613524] (-) TimerEvent: {}
[2.714050] (-) TimerEvent: {}
[2.814564] (-) TimerEvent: {}
[2.915093] (-) TimerEvent: {}
[3.015593] (-) TimerEvent: {}
[3.116122] (-) TimerEvent: {}
[3.216646] (-) TimerEvent: {}
[3.317189] (-) TimerEvent: {}
[3.417728] (-) TimerEvent: {}
[3.518268] (-) TimerEvent: {}
[3.618785] (-) TimerEvent: {}
[3.719300] (-) TimerEvent: {}
[3.819823] (-) TimerEvent: {}
[3.920342] (-) TimerEvent: {}
[4.020842] (-) TimerEvent: {}
[4.121340] (-) TimerEvent: {}
[4.221846] (-) TimerEvent: {}
[4.322365] (-) TimerEvent: {}
[4.422869] (-) TimerEvent: {}
[4.523415] (-) TimerEvent: {}
[4.624192] (-) TimerEvent: {}
[4.724760] (-) TimerEvent: {}
[4.825356] (-) TimerEvent: {}
[4.925874] (-) TimerEvent: {}
[5.026436] (-) TimerEvent: {}
[5.126935] (-) TimerEvent: {}
[5.227467] (-) TimerEvent: {}
[5.328004] (-) TimerEvent: {}
[5.428530] (-) TimerEvent: {}
[5.502964] (racing_stage2_param_test) Command: {'cmd': ['/usr/bin/python3', '-W', 'ignore:setup.py install is deprecated', '-W', 'ignore:easy_install command is deprecated', 'setup.py', 'egg_info', '--egg-base', '../../../build/racing_stage2_param_test', 'build', '--build-base', '/home/sunrise/dev_ws/build/racing_stage2_param_test/build', 'install', '--record', '/home/sunrise/dev_ws/build/racing_stage2_param_test/install.log', '--single-version-externally-managed', 'install_data'], 'cwd': '/home/sunrise/dev_ws/src/racing/racing_stage2_param_test', 'env': {'VSCODE_CWD': '/home/sunrise', 'VSCODE_ESM_ENTRYPOINT': 'vs/workbench/api/node/extensionHostProcess', 'LANGUAGE': 'en_US.UTF-8', 'USER': 'sunrise', 'SSH_CLIENT': '10.147.109.1 44581 22', 'VSCODE_NLS_CONFIG': '{"userLocale":"en","osLocale":"en","resolvedLanguage":"en","defaultMessagesFile":"/home/sunrise/.cursor-server/bin/linux-arm64/81fcf2931d7687b4ff3f3017858d0c6dee7e2a60/out/nls.messages.json","locale":"en","availableLanguages":{}}', 'VSCODE_HANDLES_UNCAUGHT_ERRORS': 'true', 'XDG_SESSION_TYPE': 'tty', 'SHLVL': '0', 'LD_LIBRARY_PATH': '/home/sunrise/dev_ws/install/origincar_base/lib:/home/sunrise/dev_ws/install/origincar_msg/lib:/home/sunrise/dev_ws/install/lslidar_msgs/lib:/home/sunrise/dev_ws/install/ackermann_msgs/lib:/usr/hobot/lib:/app/lib:/app/pub/lib:/middleware/lib:/middleware/pub/lib:/usr/hobot/lib/sensor:/system/lib:/system/usr/lib:/lib:/home/sunrise/dev_ws/install/voice_driver/lib:/home/sunrise/dev_ws/install/serial/lib:/opt/tros/humble/lib/aarch64-linux-gnu:/opt/tros/humble/lib:/opt/ros/humble/opt/rviz_ogre_vendor/lib:/opt/ros/humble/lib/aarch64-linux-gnu:/opt/ros/humble/lib:/usr/hobot/lib:/app/lib:/app/pub/lib:/middleware/lib:/middleware/pub/lib:/usr/hobot/lib/sensor:/system/lib:/system/usr/lib:/lib:/usr/hobot/lib:/app/lib:/app/pub/lib:/middleware/lib:/middleware/pub/lib:/usr/hobot/lib/sensor:/system/lib:/system/usr/lib:/lib', 'BROWSER': '/home/sunrise/.cursor-server/bin/linux-arm64/81fcf2931d7687b4ff3f3017858d0c6dee7e2a60/bin/helpers/browser.sh', 'MOTD_SHOWN': 'pam', 'HOME': '/home/sunrise', 'OLDPWD': '/home/sunrise/dev_ws', 'VSCODE_IPC_HOOK_CLI': '/run/user/1000/vscode-ipc-bb0cc402-08e7-4aa0-865c-b9502a3ee45f.sock', 'ROS_PYTHON_VERSION': '3', 'NO_COLOR': '1', 'DBUS_SESSION_BUS_ADDRESS': 'unix:path=/run/user/1000/bus', 'TROS_DISTRO': 'humble', 'VSCODE_L10N_BUNDLE_LOCATION': '', 'COLCON_PREFIX_PATH': '/home/sunrise/dev_ws/install', 'ROS_DISTRO': 'humble', 'OVSX_REGISTRY_URL': 'https://open-vsx.org', 'LOGNAME': 'sunrise', 'FORCE_COLOR': '0', 'VSCODE_HANDLES_SIGPIPE': 'true', '_': '/usr/bin/colcon', 'ROS_VERSION': '2', 'CURSOR_LAYOUT': 'unifiedAgent', 'XDG_SESSION_CLASS': 'user', 'TERM': 'dumb', 'XDG_SESSION_ID': '13', 'ROS_LOCALHOST_ONLY': '0', 'PATH': '/home/sunrise/.local/bin:/usr/hobot/bin/:/home/sunrise/.cursor-server/bin/linux-arm64/81fcf2931d7687b4ff3f3017858d0c6dee7e2a60:/home/sunrise/.cursor-server/bin/linux-arm64/81fcf2931d7687b4ff3f3017858d0c6dee7e2a60/bin/remote-cli:/home/sunrise/.local/bin:/opt/tros/humble/bin:/opt/ros/humble/bin:/usr/hobot/bin/:/home/sunrise/.cursor-server/bin/linux-arm64/81fcf2931d7687b4ff3f3017858d0c6dee7e2a60/bin/remote-cli:/home/sunrise/.local/bin:/usr/hobot/bin/:/usr/local/sbin:/usr/local/bin:/usr/sbin:/usr/bin:/sbin:/bin:/usr/games:/usr/local/games:/snap/bin', 'VSCODE_AGENT_FOLDER': '/home/sunrise/.cursor-server', 'XDG_RUNTIME_DIR': '/run/user/1000', 'CURSOR_AGENT': '1', 'LANG': 'en_US.UTF-8', 'LS_COLORS': '', 'AMENT_PREFIX_PATH': '/home/sunrise/dev_ws/install/racing_stage2:/home/sunrise/dev_ws/install/racing_stage1:/home/sunrise/dev_ws/install/qr_scanner:/home/sunrise/dev_ws/install/bno055:/home/sunrise/dev_ws/install/voice_driver:/home/sunrise/dev_ws/install/utils:/home/sunrise/dev_ws/install/simple_avoidance:/home/sunrise/dev_ws/install/racing_stage2_param_test:/home/sunrise/dev_ws/install/origincar_base:/home/sunrise/dev_ws/install/serial:/home/sunrise/dev_ws/install/racing_vision_ai:/home/sunrise/dev_ws/install/racing_stage3_param_test:/home/sunrise/dev_ws/install/racing_bringup:/home/sunrise/dev_ws/install/racing_stage3:/home/sunrise/dev_ws/install/origincar_msg:/home/sunrise/dev_ws/install/origincar_description:/home/sunrise/dev_ws/install/origincar_bringup:/home/sunrise/dev_ws/install/lslidar_driver:/home/sunrise/dev_ws/install/lslidar_msgs:/home/sunrise/dev_ws/install/line_follower_pkg:/home/sunrise/dev_ws/install/ackermann_msgs:/opt/tros/humble:/opt/ros/humble', 'SHELL': '/bin/bash', 'VSCODE_SERVER_SHUTDOWN_TIMEOUT': '300', 'PWD': '/home/sunrise/dev_ws/build/racing_stage2_param_test', 'SSH_CONNECTION': '10.147.109.1 44581 10.147.109.8 22', 'PYTHONPATH': '/home/sunrise/dev_ws/build/racing_stage2_param_test/prefix_override:/usr/lib/python3/dist-packages/colcon_core/task/python/colcon_distutils_commands:/home/sunrise/dev_ws/install/racing_stage2_param_test/lib/python3.10/site-packages:/home/sunrise/dev_ws/build/racing_stage2:/home/sunrise/dev_ws/install/racing_stage2/lib/python3.10/site-packages:/home/sunrise/dev_ws/build/racing_stage1:/home/sunrise/dev_ws/install/racing_stage1/lib/python3.10/site-packages:/home/sunrise/dev_ws/build/qr_scanner:/home/sunrise/dev_ws/install/qr_scanner/lib/python3.10/site-packages:/home/sunrise/dev_ws/build/bno055:/home/sunrise/dev_ws/install/bno055/lib/python3.10/site-packages:/home/sunrise/dev_ws/install/voice_driver/local/lib/python3.10/dist-packages:/home/sunrise/dev_ws/build/simple_avoidance:/home/sunrise/dev_ws/install/simple_avoidance/lib/python3.10/site-packages:/home/sunrise/dev_ws/install/racing_stage2_param_test/lib/python3.10/site-packages:/home/sunrise/dev_ws/install/origincar_base/local/lib/python3.10/dist-packages:/home/sunrise/dev_ws/build/racing_vision_ai:/home/sunrise/dev_ws/install/racing_vision_ai/lib/python3.10/site-packages:/home/sunrise/dev_ws/build/racing_stage3_param_test:/home/sunrise/dev_ws/install/racing_stage3_param_test/lib/python3.10/site-packages:/home/sunrise/dev_ws/build/racing_bringup:/home/sunrise/dev_ws/install/racing_bringup/lib/python3.10/site-packages:/home/sunrise/dev_ws/build/racing_stage3:/home/sunrise/dev_ws/install/racing_stage3/lib/python3.10/site-packages:/home/sunrise/dev_ws/install/origincar_msg/local/lib/python3.10/dist-packages:/home/sunrise/dev_ws/install/lslidar_msgs/local/lib/python3.10/dist-packages:/home/sunrise/dev_ws/build/line_follower_pkg:/home/sunrise/dev_ws/install/line_follower_pkg/lib/python3.10/site-packages:/home/sunrise/dev_ws/install/ackermann_msgs/local/lib/python3.10/dist-packages:/opt/tros/humble/lib/python3.10/site-packages:/opt/tros/humble/local/lib/python3.10/dist-packages:/opt/ros/humble/lib/python3.10/site-packages:/opt/ros/humble/local/lib/python3.10/dist-packages', 'COLCON': '1', '_ZO_DOCTOR': '0', 'CMAKE_PREFIX_PATH': '/home/sunrise/dev_ws/install/origincar_base:/home/sunrise/dev_ws/install/lslidar_driver:/home/sunrise/dev_ws/install/serial:/home/sunrise/dev_ws/install/origincar_msg:/home/sunrise/dev_ws/install/origincar_description:/home/sunrise/dev_ws/install/origincar_bringup:/home/sunrise/dev_ws/install/lslidar_msgs:/home/sunrise/dev_ws/install/ackermann_msgs:/home/sunrise/dev_ws/install/voice_driver:/home/sunrise/dev_ws/install/utils'}, 'shell': False}
[5.528722] (-) TimerEvent: {}
[5.629238] (-) TimerEvent: {}
[5.729740] (-) TimerEvent: {}
[5.830252] (-) TimerEvent: {}
[5.930764] (-) TimerEvent: {}
[6.031263] (-) TimerEvent: {}
[6.131765] (-) TimerEvent: {}
[6.232292] (-) TimerEvent: {}
[6.332815] (-) TimerEvent: {}
[6.433318] (-) TimerEvent: {}
[6.533821] (-) TimerEvent: {}
[6.634381] (-) TimerEvent: {}
[6.734890] (-) TimerEvent: {}
[6.835407] (-) TimerEvent: {}
[6.935917] (-) TimerEvent: {}
[7.036447] (-) TimerEvent: {}
[7.137034] (-) TimerEvent: {}
[7.237633] (-) TimerEvent: {}
[7.338155] (-) TimerEvent: {}
[7.438664] (-) TimerEvent: {}
[7.539160] (-) TimerEvent: {}
[7.639659] (-) TimerEvent: {}
[7.704785] (racing_stage2_param_test) StdoutLine: {'line': b'running egg_info\n'}
[7.709775] (racing_stage2_param_test) StdoutLine: {'line': b'writing ../../../build/racing_stage2_param_test/racing_stage2_param_test.egg-info/PKG-INFO\n'}
[7.711034] (racing_stage2_param_test) StdoutLine: {'line': b'writing dependency_links to ../../../build/racing_stage2_param_test/racing_stage2_param_test.egg-info/dependency_links.txt\n'}
[7.712308] (racing_stage2_param_test) StdoutLine: {'line': b'writing entry points to ../../../build/racing_stage2_param_test/racing_stage2_param_test.egg-info/entry_points.txt\n'}
[7.713258] (racing_stage2_param_test) StdoutLine: {'line': b'writing requirements to ../../../build/racing_stage2_param_test/racing_stage2_param_test.egg-info/requires.txt\n'}
[7.714301] (racing_stage2_param_test) StdoutLine: {'line': b'writing top-level names to ../../../build/racing_stage2_param_test/racing_stage2_param_test.egg-info/top_level.txt\n'}
[7.728570] (racing_stage2_param_test) StdoutLine: {'line': b"reading manifest file '../../../build/racing_stage2_param_test/racing_stage2_param_test.egg-info/SOURCES.txt'\n"}
[7.734667] (racing_stage2_param_test) StdoutLine: {'line': b"writing manifest file '../../../build/racing_stage2_param_test/racing_stage2_param_test.egg-info/SOURCES.txt'\n"}
[7.735834] (racing_stage2_param_test) StdoutLine: {'line': b'running build\n'}
[7.736476] (racing_stage2_param_test) StdoutLine: {'line': b'running build_py\n'}
[7.737712] (racing_stage2_param_test) StdoutLine: {'line': b'copying racing_stage2_param_test/direct_inertial_tester.py -> /home/sunrise/dev_ws/build/racing_stage2_param_test/build/lib/racing_stage2_param_test\n'}
[7.739776] (-) TimerEvent: {}
[7.740401] (racing_stage2_param_test) StdoutLine: {'line': b'copying racing_stage2_param_test/s1_executor.py -> /home/sunrise/dev_ws/build/racing_stage2_param_test/build/lib/racing_stage2_param_test\n'}
[7.741928] (racing_stage2_param_test) StdoutLine: {'line': b'copying racing_stage2_param_test/avoidance_straight_tester.py -> /home/sunrise/dev_ws/build/racing_stage2_param_test/build/lib/racing_stage2_param_test\n'}
[7.744153] (racing_stage2_param_test) StdoutLine: {'line': b'running install\n'}
[7.746027] (racing_stage2_param_test) StdoutLine: {'line': b'running install_lib\n'}
[7.751483] (racing_stage2_param_test) StdoutLine: {'line': b'copying /home/sunrise/dev_ws/build/racing_stage2_param_test/build/lib/racing_stage2_param_test/direct_inertial_tester.py -> /home/sunrise/dev_ws/install/racing_stage2_param_test/lib/python3.10/site-packages/racing_stage2_param_test\n'}
[7.753430] (racing_stage2_param_test) StdoutLine: {'line': b'copying /home/sunrise/dev_ws/build/racing_stage2_param_test/build/lib/racing_stage2_param_test/s1_executor.py -> /home/sunrise/dev_ws/install/racing_stage2_param_test/lib/python3.10/site-packages/racing_stage2_param_test\n'}
[7.754822] (racing_stage2_param_test) StdoutLine: {'line': b'copying /home/sunrise/dev_ws/build/racing_stage2_param_test/build/lib/racing_stage2_param_test/avoidance_straight_tester.py -> /home/sunrise/dev_ws/install/racing_stage2_param_test/lib/python3.10/site-packages/racing_stage2_param_test\n'}
[7.759931] (racing_stage2_param_test) StdoutLine: {'line': b'byte-compiling /home/sunrise/dev_ws/install/racing_stage2_param_test/lib/python3.10/site-packages/racing_stage2_param_test/direct_inertial_tester.py to direct_inertial_tester.cpython-310.pyc\n'}
[7.813325] (racing_stage2_param_test) StdoutLine: {'line': b'byte-compiling /home/sunrise/dev_ws/install/racing_stage2_param_test/lib/python3.10/site-packages/racing_stage2_param_test/s1_executor.py to s1_executor.cpython-310.pyc\n'}
[7.826725] (racing_stage2_param_test) StdoutLine: {'line': b'byte-compiling /home/sunrise/dev_ws/install/racing_stage2_param_test/lib/python3.10/site-packages/racing_stage2_param_test/avoidance_straight_tester.py to avoidance_straight_tester.cpython-310.pyc\n'}
[7.839085] (racing_stage2_param_test) StdoutLine: {'line': b'running install_data\n'}
[7.839881] (-) TimerEvent: {}
[7.840588] (racing_stage2_param_test) StdoutLine: {'line': b'copying config/avoidance_straight_test.yaml -> /home/sunrise/dev_ws/install/racing_stage2_param_test/share/racing_stage2_param_test/config\n'}
[7.841577] (racing_stage2_param_test) StdoutLine: {'line': b'running install_egg_info\n'}
[7.853109] (racing_stage2_param_test) StdoutLine: {'line': b"removing '/home/sunrise/dev_ws/install/racing_stage2_param_test/lib/python3.10/site-packages/racing_stage2_param_test-0.0.1-py3.10.egg-info' (and everything under it)\n"}
[7.855096] (racing_stage2_param_test) StdoutLine: {'line': b'Copying ../../../build/racing_stage2_param_test/racing_stage2_param_test.egg-info to /home/sunrise/dev_ws/install/racing_stage2_param_test/lib/python3.10/site-packages/racing_stage2_param_test-0.0.1-py3.10.egg-info\n'}
[7.859995] (racing_stage2_param_test) StdoutLine: {'line': b'running install_scripts\n'}
[7.940106] (-) TimerEvent: {}
[8.007472] (racing_stage2_param_test) StdoutLine: {'line': b'Installing avoidance_straight_tester script to /home/sunrise/dev_ws/install/racing_stage2_param_test/lib/racing_stage2_param_test\n'}
[8.008727] (racing_stage2_param_test) StdoutLine: {'line': b'Installing camera_video_recorder script to /home/sunrise/dev_ws/install/racing_stage2_param_test/lib/racing_stage2_param_test\n'}
[8.010099] (racing_stage2_param_test) StdoutLine: {'line': b'Installing direct_inertial_tester script to /home/sunrise/dev_ws/install/racing_stage2_param_test/lib/racing_stage2_param_test\n'}
[8.011397] (racing_stage2_param_test) StdoutLine: {'line': b'Installing twist_cmd_relay script to /home/sunrise/dev_ws/install/racing_stage2_param_test/lib/racing_stage2_param_test\n'}
[8.014738] (racing_stage2_param_test) StdoutLine: {'line': b"writing list of installed files to '/home/sunrise/dev_ws/build/racing_stage2_param_test/install.log'\n"}
[8.040318] (-) TimerEvent: {}
[8.140855] (-) TimerEvent: {}
[8.241404] (-) TimerEvent: {}
[8.252999] (racing_stage2_param_test) CommandEnded: {'returncode': 0}
[8.334667] (racing_stage2_param_test) JobEnded: {'identifier': 'racing_stage2_param_test', 'rc': 0}
[8.337726] (-) EventReactorShutdown: {}
