[0.000000] (-) TimerEvent: {}
[0.000821] (-) JobUnselected: {'identifier': 'ackermann_msgs'}
[0.002186] (-) JobUnselected: {'identifier': 'bno055'}
[0.003104] (-) JobUnselected: {'identifier': 'line_follower_pkg'}
[0.004094] (-) JobUnselected: {'identifier': 'lslidar_driver'}
[0.004333] (-) JobUnselected: {'identifier': 'lslidar_msgs'}
[0.004547] (-) JobUnselected: {'identifier': 'origincar_base'}
[0.004745] (-) JobUnselected: {'identifier': 'origincar_bringup'}
[0.004938] (-) JobUnselected: {'identifier': 'origincar_description'}
[0.005128] (-) JobUnselected: {'identifier': 'origincar_msg'}
[0.005353] (-) JobUnselected: {'identifier': 'qr_scanner'}
[0.005510] (-) JobUnselected: {'identifier': 'racing_bringup'}
[0.005745] (-) JobUnselected: {'identifier': 'racing_stage1'}
[0.006127] (-) JobUnselected: {'identifier': 'racing_stage2'}
[0.006314] (-) JobUnselected: {'identifier': 'racing_stage3'}
[0.006428] (-) JobUnselected: {'identifier': 'racing_stage3_param_test'}
[0.006549] (-) JobUnselected: {'identifier': 'racing_vision_ai'}
[0.006708] (-) JobUnselected: {'identifier': 'serial'}
[0.007116] (-) JobUnselected: {'identifier': 'simple_avoidance'}
[0.007357] (-) JobUnselected: {'identifier': 'utils'}
[0.007506] (-) JobUnselected: {'identifier': 'voice_driver'}
[0.007635] (racing_stage2_param_test) JobQueued: {'identifier': 'racing_stage2_param_test', 'dependencies': OrderedDict([('ackermann_msgs', '/home/sunrise/dev_ws/install/ackermann_msgs'), ('bno055', '/home/sunrise/dev_ws/install/bno055'), ('lslidar_msgs', '/home/sunrise/dev_ws/install/lslidar_msgs'), ('origincar_bringup', '/home/sunrise/dev_ws/install/origincar_bringup'), ('origincar_description', '/home/sunrise/dev_ws/install/origincar_description'), ('origincar_msg', '/home/sunrise/dev_ws/install/origincar_msg'), ('qr_scanner', '/home/sunrise/dev_ws/install/qr_scanner'), ('serial', '/home/sunrise/dev_ws/install/serial'), ('lslidar_driver', '/home/sunrise/dev_ws/install/lslidar_driver'), ('origincar_base', '/home/sunrise/dev_ws/install/origincar_base'), ('racing_stage1', '/home/sunrise/dev_ws/install/racing_stage1'), ('racing_stage2', '/home/sunrise/dev_ws/install/racing_stage2')])}
[0.007859] (racing_stage2_param_test) JobStarted: {'identifier': 'racing_stage2_param_test'}
[0.098222] (-) TimerEvent: {}
[0.198696] (-) TimerEvent: {}
[0.299128] (-) TimerEvent: {}
[0.399534] (-) TimerEvent: {}
[0.499928] (-) TimerEvent: {}
[0.600368] (-) TimerEvent: {}
[0.700804] (-) TimerEvent: {}
[0.801252] (-) TimerEvent: {}
[0.901701] (-) TimerEvent: {}
[1.002138] (-) TimerEvent: {}
[1.102613] (-) TimerEvent: {}
[1.203083] (-) TimerEvent: {}
[1.303536] (-) TimerEvent: {}
[1.403969] (-) TimerEvent: {}
[1.504400] (-) TimerEvent: {}
[1.604808] (-) TimerEvent: {}
[1.705229] (-) TimerEvent: {}
[1.805612] (-) TimerEvent: {}
[1.906048] (-) TimerEvent: {}
[2.006506] (-) TimerEvent: {}
[2.106976] (-) TimerEvent: {}
[2.207445] (-) TimerEvent: {}
[2.307862] (-) TimerEvent: {}
[2.408246] (-) TimerEvent: {}
[2.508670] (-) TimerEvent: {}
[2.609101] (-) TimerEvent: {}
[2.709498] (-) TimerEvent: {}
[2.809867] (-) TimerEvent: {}
[2.910399] (-) TimerEvent: {}
[3.010767] (-) TimerEvent: {}
[3.111113] (-) TimerEvent: {}
[3.211512] (-) TimerEvent: {}
[3.311906] (-) TimerEvent: {}
[3.412264] (-) TimerEvent: {}
[3.512638] (-) TimerEvent: {}
[3.613026] (-) TimerEvent: {}
[3.713410] (-) TimerEvent: {}
[3.813801] (-) TimerEvent: {}
[3.914206] (-) TimerEvent: {}
[4.014611] (-) TimerEvent: {}
[4.115005] (-) TimerEvent: {}
[4.215418] (-) TimerEvent: {}
[4.315825] (-) TimerEvent: {}
[4.416236] (-) TimerEvent: {}
[4.516668] (-) TimerEvent: {}
[4.530629] (racing_stage2_param_test) Command: {'cmd': ['/usr/bin/python3', '-W', 'ignore:setup.py install is deprecated', '-W', 'ignore:easy_install command is deprecated', 'setup.py', 'develop', '--editable', '--build-directory', '/home/sunrise/dev_ws/build/racing_stage2_param_test/build', '--no-deps', 'symlink_data'], 'cwd': '/home/sunrise/dev_ws/build/racing_stage2_param_test', 'env': {'LANGUAGE': 'en_US.UTF-8', 'USER': 'sunrise', 'SSH_CLIENT': '10.147.109.1 21081 22', 'XDG_SESSION_TYPE': 'tty', 'SHLVL': '1', 'LD_LIBRARY_PATH': '/home/sunrise/dev_ws/install/origincar_base/lib:/home/sunrise/dev_ws/install/serial/lib:/home/sunrise/dev_ws/install/origincar_msg/lib:/home/sunrise/dev_ws/install/lslidar_msgs/lib:/home/sunrise/dev_ws/install/ackermann_msgs/lib:/opt/ros/humble/opt/rviz_ogre_vendor/lib:/opt/ros/humble/lib/aarch64-linux-gnu:/opt/ros/humble/lib', 'MOTD_SHOWN': 'pam', 'HOME': '/home/sunrise', 'OLDPWD': '/home/sunrise', 'ROS_PYTHON_VERSION': '3', 'DBUS_SESSION_BUS_ADDRESS': 'unix:path=/run/user/1000/bus', 'ROS_DISTRO': 'humble', 'LOGNAME': 'sunrise', '_': '/usr/bin/colcon', 'ROS_VERSION': '2', 'XDG_SESSION_CLASS': 'user', 'XDG_SESSION_ID': '23', 'ROS_LOCALHOST_ONLY': '0', 'PATH': '/opt/ros/humble/bin:/usr/local/sbin:/usr/local/bin:/usr/sbin:/usr/bin:/sbin:/bin:/usr/games:/usr/local/games:/snap/bin', 'XDG_RUNTIME_DIR': '/run/user/1000', 'LANG': 'en_US.UTF-8', 'AMENT_PREFIX_PATH': '/home/sunrise/dev_ws/install/racing_stage2:/home/sunrise/dev_ws/install/racing_stage1:/home/sunrise/dev_ws/install/origincar_base:/home/sunrise/dev_ws/install/lslidar_driver:/home/sunrise/dev_ws/install/serial:/home/sunrise/dev_ws/install/qr_scanner:/home/sunrise/dev_ws/install/origincar_msg:/home/sunrise/dev_ws/install/origincar_description:/home/sunrise/dev_ws/install/origincar_bringup:/home/sunrise/dev_ws/install/lslidar_msgs:/home/sunrise/dev_ws/install/bno055:/home/sunrise/dev_ws/install/ackermann_msgs:/opt/ros/humble', 'SHELL': '/bin/bash', 'PWD': '/home/sunrise/dev_ws/build/racing_stage2_param_test', 'SSH_CONNECTION': '10.147.109.1 21081 10.147.109.8 22', 'PYTHONPATH': '/home/sunrise/dev_ws/build/racing_stage2_param_test/prefix_override:/usr/lib/python3/dist-packages/colcon_core/task/python/colcon_distutils_commands:/home/sunrise/dev_ws/install/racing_stage2_param_test/lib/python3.10/site-packages:/home/sunrise/dev_ws/build/racing_stage2:/home/sunrise/dev_ws/install/racing_stage2/lib/python3.10/site-packages:/home/sunrise/dev_ws/build/racing_stage1:/home/sunrise/dev_ws/install/racing_stage1/lib/python3.10/site-packages:/home/sunrise/dev_ws/install/origincar_base/local/lib/python3.10/dist-packages:/home/sunrise/dev_ws/build/qr_scanner:/home/sunrise/dev_ws/install/qr_scanner/lib/python3.10/site-packages:/home/sunrise/dev_ws/install/origincar_msg/local/lib/python3.10/dist-packages:/home/sunrise/dev_ws/install/lslidar_msgs/local/lib/python3.10/dist-packages:/home/sunrise/dev_ws/build/bno055:/home/sunrise/dev_ws/install/bno055/lib/python3.10/site-packages:/home/sunrise/dev_ws/install/ackermann_msgs/local/lib/python3.10/dist-packages:/opt/ros/humble/lib/python3.10/site-packages:/opt/ros/humble/local/lib/python3.10/dist-packages', 'COLCON': '1', 'CMAKE_PREFIX_PATH': '/home/sunrise/dev_ws/install/origincar_base:/home/sunrise/dev_ws/install/lslidar_driver:/home/sunrise/dev_ws/install/serial:/home/sunrise/dev_ws/install/origincar_msg:/home/sunrise/dev_ws/install/origincar_description:/home/sunrise/dev_ws/install/origincar_bringup:/home/sunrise/dev_ws/install/lslidar_msgs:/home/sunrise/dev_ws/install/ackermann_msgs'}, 'shell': False}
[4.616837] (-) TimerEvent: {}
[4.717240] (-) TimerEvent: {}
[4.817625] (-) TimerEvent: {}
[4.918014] (-) TimerEvent: {}
[5.018437] (-) TimerEvent: {}
[5.118837] (-) TimerEvent: {}
[5.219244] (-) TimerEvent: {}
[5.319683] (-) TimerEvent: {}
[5.420084] (-) TimerEvent: {}
[5.520466] (-) TimerEvent: {}
[5.620884] (-) TimerEvent: {}
[5.721368] (-) TimerEvent: {}
[5.821823] (-) TimerEvent: {}
[5.922248] (-) TimerEvent: {}
[6.022631] (-) TimerEvent: {}
[6.123085] (-) TimerEvent: {}
[6.223520] (-) TimerEvent: {}
[6.309718] (racing_stage2_param_test) StdoutLine: {'line': b'running develop\n'}
[6.323651] (-) TimerEvent: {}
[6.424030] (-) TimerEvent: {}
[6.524397] (-) TimerEvent: {}
[6.624757] (-) TimerEvent: {}
[6.725154] (-) TimerEvent: {}
[6.825557] (-) TimerEvent: {}
[6.925932] (-) TimerEvent: {}
[7.026292] (-) TimerEvent: {}
[7.126646] (-) TimerEvent: {}
[7.226997] (-) TimerEvent: {}
[7.327353] (-) TimerEvent: {}
[7.406318] (racing_stage2_param_test) StdoutLine: {'line': b'running egg_info\n'}
[7.407458] (racing_stage2_param_test) StdoutLine: {'line': b'writing racing_stage2_param_test.egg-info/PKG-INFO\n'}
[7.408624] (racing_stage2_param_test) StdoutLine: {'line': b'writing dependency_links to racing_stage2_param_test.egg-info/dependency_links.txt\n'}
[7.409861] (racing_stage2_param_test) StdoutLine: {'line': b'writing entry points to racing_stage2_param_test.egg-info/entry_points.txt\n'}
[7.410714] (racing_stage2_param_test) StdoutLine: {'line': b'writing requirements to racing_stage2_param_test.egg-info/requires.txt\n'}
[7.411508] (racing_stage2_param_test) StdoutLine: {'line': b'writing top-level names to racing_stage2_param_test.egg-info/top_level.txt\n'}
[7.421985] (racing_stage2_param_test) StdoutLine: {'line': b"reading manifest file 'racing_stage2_param_test.egg-info/SOURCES.txt'\n"}
[7.427205] (racing_stage2_param_test) StdoutLine: {'line': b"writing manifest file 'racing_stage2_param_test.egg-info/SOURCES.txt'\n"}
[7.427767] (-) TimerEvent: {}
[7.436600] (racing_stage2_param_test) StdoutLine: {'line': b'running build_ext\n'}
[7.437861] (racing_stage2_param_test) StdoutLine: {'line': b'Creating /home/sunrise/dev_ws/install/racing_stage2_param_test/lib/python3.10/site-packages/racing-stage2-param-test.egg-link (link to .)\n'}
[7.442743] (racing_stage2_param_test) StdoutLine: {'line': b'Installing avoidance_straight_tester script to /home/sunrise/dev_ws/install/racing_stage2_param_test/lib/racing_stage2_param_test\n'}
[7.443707] (racing_stage2_param_test) StdoutLine: {'line': b'Installing camera_video_recorder script to /home/sunrise/dev_ws/install/racing_stage2_param_test/lib/racing_stage2_param_test\n'}
[7.444783] (racing_stage2_param_test) StdoutLine: {'line': b'Installing direct_inertial_tester script to /home/sunrise/dev_ws/install/racing_stage2_param_test/lib/racing_stage2_param_test\n'}
[7.445579] (racing_stage2_param_test) StdoutLine: {'line': b'Installing lane_follow script to /home/sunrise/dev_ws/install/racing_stage2_param_test/lib/racing_stage2_param_test\n'}
[7.446621] (racing_stage2_param_test) StdoutLine: {'line': b'Installing twist_cmd_relay script to /home/sunrise/dev_ws/install/racing_stage2_param_test/lib/racing_stage2_param_test\n'}
[7.447127] (racing_stage2_param_test) StdoutLine: {'line': b'\n'}
[7.447593] (racing_stage2_param_test) StdoutLine: {'line': b'Installed /home/sunrise/dev_ws/build/racing_stage2_param_test\n'}
[7.448035] (racing_stage2_param_test) StdoutLine: {'line': b'running symlink_data\n'}
[7.449284] (racing_stage2_param_test) StdoutLine: {'line': b'symbolically linking /home/sunrise/dev_ws/build/racing_stage2_param_test/config/avoidance_straight_test.yaml -> /home/sunrise/dev_ws/install/racing_stage2_param_test/share/racing_stage2_param_test/config\n'}
[7.450182] (racing_stage2_param_test) StderrLine: {'line': b"error: [Errno 17] File exists: '/home/sunrise/dev_ws/build/racing_stage2_param_test/config/avoidance_straight_test.yaml' -> '/home/sunrise/dev_ws/install/racing_stage2_param_test/share/racing_stage2_param_test/config/avoidance_straight_test.yaml'\n"}
[7.528055] (-) TimerEvent: {}
[7.628553] (-) TimerEvent: {}
[7.690122] (racing_stage2_param_test) CommandEnded: {'returncode': 1}
[7.695404] (racing_stage2_param_test) JobEnded: {'identifier': 'racing_stage2_param_test', 'rc': 1}
[7.701561] (-) EventReactorShutdown: {}
