[0.000000] (-) TimerEvent: {}
[0.000468] (-) JobUnselected: {'identifier': 'ackermann_msgs'}
[0.001236] (-) JobUnselected: {'identifier': 'bno055'}
[0.002448] (-) JobUnselected: {'identifier': 'line_follower_pkg'}
[0.003341] (-) JobUnselected: {'identifier': 'lslidar_driver'}
[0.004315] (-) JobUnselected: {'identifier': 'lslidar_msgs'}
[0.004582] (-) JobUnselected: {'identifier': 'origincar_base'}
[0.004785] (-) JobUnselected: {'identifier': 'origincar_bringup'}
[0.004976] (-) JobUnselected: {'identifier': 'origincar_description'}
[0.005163] (-) JobUnselected: {'identifier': 'origincar_msg'}
[0.005351] (-) JobUnselected: {'identifier': 'qr_scanner'}
[0.005538] (-) JobUnselected: {'identifier': 'racing_bringup'}
[0.005723] (-) JobUnselected: {'identifier': 'racing_stage1'}
[0.005911] (-) JobUnselected: {'identifier': 'racing_stage2'}
[0.006099] (-) JobUnselected: {'identifier': 'racing_stage3'}
[0.006286] (-) JobUnselected: {'identifier': 'racing_stage3_param_test'}
[0.006478] (-) JobUnselected: {'identifier': 'racing_vision_ai'}
[0.006667] (-) JobUnselected: {'identifier': 'serial'}
[0.006853] (-) JobUnselected: {'identifier': 'simple_avoidance'}
[0.007044] (-) JobUnselected: {'identifier': 'utils'}
[0.007235] (-) JobUnselected: {'identifier': 'voice_driver'}
[0.007437] (racing_stage2_param_test) JobQueued: {'identifier': 'racing_stage2_param_test', 'dependencies': OrderedDict([('ackermann_msgs', '/home/sunrise/dev_ws/install/ackermann_msgs'), ('bno055', '/home/sunrise/dev_ws/install/bno055'), ('lslidar_msgs', '/home/sunrise/dev_ws/install/lslidar_msgs'), ('origincar_bringup', '/home/sunrise/dev_ws/install/origincar_bringup'), ('origincar_description', '/home/sunrise/dev_ws/install/origincar_description'), ('origincar_msg', '/home/sunrise/dev_ws/install/origincar_msg'), ('qr_scanner', '/home/sunrise/dev_ws/install/qr_scanner'), ('serial', '/home/sunrise/dev_ws/install/serial'), ('lslidar_driver', '/home/sunrise/dev_ws/install/lslidar_driver'), ('origincar_base', '/home/sunrise/dev_ws/install/origincar_base'), ('racing_stage1', '/home/sunrise/dev_ws/install/racing_stage1'), ('racing_stage2', '/home/sunrise/dev_ws/install/racing_stage2')])}
[0.007736] (racing_stage2_param_test) JobStarted: {'identifier': 'racing_stage2_param_test'}
[0.098629] (-) TimerEvent: {}
[0.199161] (-) TimerEvent: {}
[0.299644] (-) TimerEvent: {}
[0.400126] (-) TimerEvent: {}
[0.500626] (-) TimerEvent: {}
[0.601120] (-) TimerEvent: {}
[0.701616] (-) TimerEvent: {}
[0.802128] (-) TimerEvent: {}
[0.902632] (-) TimerEvent: {}
[1.003132] (-) TimerEvent: {}
[1.103611] (-) TimerEvent: {}
[1.204193] (-) TimerEvent: {}
[1.304710] (-) TimerEvent: {}
[1.405198] (-) TimerEvent: {}
[1.505691] (-) TimerEvent: {}
[1.606190] (-) TimerEvent: {}
[1.706713] (-) TimerEvent: {}
[1.807227] (-) TimerEvent: {}
[1.907735] (-) TimerEvent: {}
[2.008231] (-) TimerEvent: {}
[2.108732] (-) TimerEvent: {}
[2.209269] (-) TimerEvent: {}
[2.309825] (-) TimerEvent: {}
[2.411119] (-) TimerEvent: {}
[2.511598] (-) TimerEvent: {}
[2.612099] (-) TimerEvent: {}
[2.712548] (-) TimerEvent: {}
[2.813010] (-) TimerEvent: {}
[2.913451] (-) TimerEvent: {}
[3.013914] (-) TimerEvent: {}
[3.114418] (-) TimerEvent: {}
[3.214872] (-) TimerEvent: {}
[3.315347] (-) TimerEvent: {}
[3.415844] (-) TimerEvent: {}
[3.516321] (-) TimerEvent: {}
[3.616815] (-) TimerEvent: {}
[3.717313] (-) TimerEvent: {}
[3.817818] (-) TimerEvent: {}
[3.918337] (-) TimerEvent: {}
[4.018826] (-) TimerEvent: {}
[4.119344] (-) TimerEvent: {}
[4.219826] (-) TimerEvent: {}
[4.320309] (-) TimerEvent: {}
[4.420778] (-) TimerEvent: {}
[4.521259] (-) TimerEvent: {}
[4.621774] (-) TimerEvent: {}
[4.722274] (-) TimerEvent: {}
[4.822771] (-) TimerEvent: {}
[4.923283] (-) TimerEvent: {}
[5.023770] (-) TimerEvent: {}
[5.124250] (-) TimerEvent: {}
[5.224741] (-) TimerEvent: {}
[5.325279] (-) TimerEvent: {}
[5.425827] (-) TimerEvent: {}
[5.482322] (racing_stage2_param_test) Command: {'cmd': ['/usr/bin/python3', '-W', 'ignore:setup.py install is deprecated', '-W', 'ignore:easy_install command is deprecated', 'setup.py', 'develop', '--editable', '--build-directory', '/home/sunrise/dev_ws/build/racing_stage2_param_test/build', '--no-deps', 'symlink_data'], 'cwd': '/home/sunrise/dev_ws/build/racing_stage2_param_test', 'env': {'VSCODE_CWD': '/home/sunrise', 'VSCODE_ESM_ENTRYPOINT': 'vs/workbench/api/node/extensionHostProcess', 'LANGUAGE': 'en_US.UTF-8', 'USER': 'sunrise', 'SSH_CLIENT': '10.119.156.1 43578 22', 'VSCODE_NLS_CONFIG': '{"userLocale":"en","osLocale":"en","resolvedLanguage":"en","defaultMessagesFile":"/home/sunrise/.cursor-server/bin/linux-arm64/81fcf2931d7687b4ff3f3017858d0c6dee7e2a60/out/nls.messages.json","locale":"en","availableLanguages":{}}', 'VSCODE_HANDLES_UNCAUGHT_ERRORS': 'true', 'XDG_SESSION_TYPE': 'tty', 'SHLVL': '1', 'LD_LIBRARY_PATH': '/home/sunrise/dev_ws/install/origincar_base/lib:/home/sunrise/dev_ws/install/origincar_msg/lib:/home/sunrise/dev_ws/install/lslidar_msgs/lib:/home/sunrise/dev_ws/install/ackermann_msgs/lib:/usr/hobot/lib:/app/lib:/app/pub/lib:/middleware/lib:/middleware/pub/lib:/usr/hobot/lib/sensor:/system/lib:/system/usr/lib:/lib:/home/sunrise/dev_ws/install/voice_driver/lib:/home/sunrise/dev_ws/install/serial/lib:/opt/tros/humble/lib/aarch64-linux-gnu:/opt/tros/humble/lib:/opt/ros/humble/opt/rviz_ogre_vendor/lib:/opt/ros/humble/lib/aarch64-linux-gnu:/opt/ros/humble/lib:/usr/hobot/lib:/app/lib:/app/pub/lib:/middleware/lib:/middleware/pub/lib:/usr/hobot/lib/sensor:/system/lib:/system/usr/lib:/lib:/usr/hobot/lib:/app/lib:/app/pub/lib:/middleware/lib:/middleware/pub/lib:/usr/hobot/lib/sensor:/system/lib:/system/usr/lib:/lib', 'BROWSER': '/home/sunrise/.cursor-server/bin/linux-arm64/81fcf2931d7687b4ff3f3017858d0c6dee7e2a60/bin/helpers/browser.sh', 'MOTD_SHOWN': 'pam', 'HOME': '/home/sunrise', 'OLDPWD': '/home/sunrise/dev_ws', 'VSCODE_IPC_HOOK_CLI': '/run/user/1000/vscode-ipc-df7a6659-9b1a-4a1e-9fc0-3c03cb9fdc24.sock', 'ROS_PYTHON_VERSION': '3', 'NO_COLOR': '1', 'DBUS_SESSION_BUS_ADDRESS': 'unix:path=/run/user/1000/bus', 'TROS_DISTRO': 'humble', 'VSCODE_L10N_BUNDLE_LOCATION': '', 'COLCON_PREFIX_PATH': '/home/sunrise/dev_ws/install', 'ROS_DISTRO': 'humble', 'OVSX_REGISTRY_URL': 'https://open-vsx.org', 'LOGNAME': 'sunrise', 'FORCE_COLOR': '0', 'VSCODE_HANDLES_SIGPIPE': 'true', '_': '/usr/bin/colcon', 'ROS_VERSION': '2', 'CURSOR_LAYOUT': 'unifiedAgent', 'XDG_SESSION_CLASS': 'user', 'TERM': 'dumb', 'XDG_SESSION_ID': '2', 'ROS_LOCALHOST_ONLY': '0', 'PATH': '/home/sunrise/.local/bin:/usr/hobot/bin/:/home/sunrise/.cursor-server/bin/linux-arm64/81fcf2931d7687b4ff3f3017858d0c6dee7e2a60:/home/sunrise/.cursor-server/bin/linux-arm64/81fcf2931d7687b4ff3f3017858d0c6dee7e2a60/bin/remote-cli:/home/sunrise/.local/bin:/opt/tros/humble/bin:/opt/ros/humble/bin:/usr/hobot/bin/:/home/sunrise/.cursor-server/bin/linux-arm64/81fcf2931d7687b4ff3f3017858d0c6dee7e2a60/bin/remote-cli:/home/sunrise/.local/bin:/usr/hobot/bin/:/usr/local/sbin:/usr/local/bin:/usr/sbin:/usr/bin:/sbin:/bin:/usr/games:/usr/local/games:/snap/bin', 'VSCODE_AGENT_FOLDER': '/home/sunrise/.cursor-server', 'XDG_RUNTIME_DIR': '/run/user/1000', 'CURSOR_AGENT': '1', 'LANG': 'en_US.UTF-8', 'LS_COLORS': '', 'AMENT_PREFIX_PATH': '/home/sunrise/dev_ws/install/racing_stage2:/home/sunrise/dev_ws/install/racing_stage1:/home/sunrise/dev_ws/install/qr_scanner:/home/sunrise/dev_ws/install/bno055:/home/sunrise/dev_ws/install/voice_driver:/home/sunrise/dev_ws/install/utils:/home/sunrise/dev_ws/install/simple_avoidance:/home/sunrise/dev_ws/install/racing_stage2_param_test:/home/sunrise/dev_ws/install/origincar_base:/home/sunrise/dev_ws/install/serial:/home/sunrise/dev_ws/install/racing_vision_ai:/home/sunrise/dev_ws/install/racing_stage3_param_test:/home/sunrise/dev_ws/install/racing_bringup:/home/sunrise/dev_ws/install/racing_stage3:/home/sunrise/dev_ws/install/origincar_msg:/home/sunrise/dev_ws/install/origincar_description:/home/sunrise/dev_ws/install/origincar_bringup:/home/sunrise/dev_ws/install/lslidar_driver:/home/sunrise/dev_ws/install/lslidar_msgs:/home/sunrise/dev_ws/install/line_follower_pkg:/home/sunrise/dev_ws/install/ackermann_msgs:/opt/tros/humble:/opt/ros/humble', 'SHELL': '/bin/bash', 'VSCODE_SERVER_SHUTDOWN_TIMEOUT': '300', 'PWD': '/home/sunrise/dev_ws/build/racing_stage2_param_test', 'SSH_CONNECTION': '10.119.156.1 43578 10.119.156.8 22', 'PYTHONPATH': '/home/sunrise/dev_ws/build/racing_stage2_param_test/prefix_override:/usr/lib/python3/dist-packages/colcon_core/task/python/colcon_distutils_commands:/home/sunrise/dev_ws/install/racing_stage2_param_test/lib/python3.10/site-packages:/home/sunrise/dev_ws/build/racing_stage2:/home/sunrise/dev_ws/install/racing_stage2/lib/python3.10/site-packages:/home/sunrise/dev_ws/build/racing_stage1:/home/sunrise/dev_ws/install/racing_stage1/lib/python3.10/site-packages:/home/sunrise/dev_ws/build/qr_scanner:/home/sunrise/dev_ws/install/qr_scanner/lib/python3.10/site-packages:/home/sunrise/dev_ws/build/bno055:/home/sunrise/dev_ws/install/bno055/lib/python3.10/site-packages:/home/sunrise/dev_ws/install/voice_driver/local/lib/python3.10/dist-packages:/home/sunrise/dev_ws/build/simple_avoidance:/home/sunrise/dev_ws/install/simple_avoidance/lib/python3.10/site-packages:/home/sunrise/dev_ws/build/racing_stage2_param_test:/home/sunrise/dev_ws/install/racing_stage2_param_test/lib/python3.10/site-packages:/home/sunrise/dev_ws/install/origincar_base/local/lib/python3.10/dist-packages:/home/sunrise/dev_ws/build/racing_vision_ai:/home/sunrise/dev_ws/install/racing_vision_ai/lib/python3.10/site-packages:/home/sunrise/dev_ws/build/racing_stage3_param_test:/home/sunrise/dev_ws/install/racing_stage3_param_test/lib/python3.10/site-packages:/home/sunrise/dev_ws/build/racing_bringup:/home/sunrise/dev_ws/install/racing_bringup/lib/python3.10/site-packages:/home/sunrise/dev_ws/build/racing_stage3:/home/sunrise/dev_ws/install/racing_stage3/lib/python3.10/site-packages:/home/sunrise/dev_ws/install/origincar_msg/local/lib/python3.10/dist-packages:/home/sunrise/dev_ws/install/lslidar_msgs/local/lib/python3.10/dist-packages:/home/sunrise/dev_ws/build/line_follower_pkg:/home/sunrise/dev_ws/install/line_follower_pkg/lib/python3.10/site-packages:/home/sunrise/dev_ws/install/ackermann_msgs/local/lib/python3.10/dist-packages:/opt/tros/humble/lib/python3.10/site-packages:/opt/tros/humble/local/lib/python3.10/dist-packages:/opt/ros/humble/lib/python3.10/site-packages:/opt/ros/humble/local/lib/python3.10/dist-packages', 'COLCON': '1', '_ZO_DOCTOR': '0', 'CMAKE_PREFIX_PATH': '/home/sunrise/dev_ws/install/origincar_base:/home/sunrise/dev_ws/install/lslidar_driver:/home/sunrise/dev_ws/install/serial:/home/sunrise/dev_ws/install/origincar_msg:/home/sunrise/dev_ws/install/origincar_description:/home/sunrise/dev_ws/install/origincar_bringup:/home/sunrise/dev_ws/install/lslidar_msgs:/home/sunrise/dev_ws/install/ackermann_msgs:/home/sunrise/dev_ws/install/voice_driver:/home/sunrise/dev_ws/install/utils'}, 'shell': False}
[5.525956] (-) TimerEvent: {}
[5.626404] (-) TimerEvent: {}
[5.726894] (-) TimerEvent: {}
[5.827391] (-) TimerEvent: {}
[5.927866] (-) TimerEvent: {}
[6.028356] (-) TimerEvent: {}
[6.128865] (-) TimerEvent: {}
[6.229344] (-) TimerEvent: {}
[6.329818] (-) TimerEvent: {}
[6.430286] (-) TimerEvent: {}
[6.530757] (-) TimerEvent: {}
[6.631229] (-) TimerEvent: {}
[6.731672] (-) TimerEvent: {}
[6.832129] (-) TimerEvent: {}
[6.932585] (-) TimerEvent: {}
[7.033032] (-) TimerEvent: {}
[7.133487] (-) TimerEvent: {}
[7.233943] (-) TimerEvent: {}
[7.334439] (-) TimerEvent: {}
[7.434904] (-) TimerEvent: {}
[7.535357] (-) TimerEvent: {}
[7.543980] (racing_stage2_param_test) StdoutLine: {'line': b'running develop\n'}
[7.635539] (-) TimerEvent: {}
[7.735990] (-) TimerEvent: {}
[7.836431] (-) TimerEvent: {}
[7.936881] (-) TimerEvent: {}
[8.037354] (-) TimerEvent: {}
[8.137803] (-) TimerEvent: {}
[8.238276] (-) TimerEvent: {}
[8.338762] (-) TimerEvent: {}
[8.439250] (-) TimerEvent: {}
[8.539714] (-) TimerEvent: {}
[8.640182] (-) TimerEvent: {}
[8.740645] (-) TimerEvent: {}
[8.802768] (racing_stage2_param_test) StdoutLine: {'line': b'running egg_info\n'}
[8.803938] (racing_stage2_param_test) StdoutLine: {'line': b'writing racing_stage2_param_test.egg-info/PKG-INFO\n'}
[8.805292] (racing_stage2_param_test) StdoutLine: {'line': b'writing dependency_links to racing_stage2_param_test.egg-info/dependency_links.txt\n'}
[8.806619] (racing_stage2_param_test) StdoutLine: {'line': b'writing entry points to racing_stage2_param_test.egg-info/entry_points.txt\n'}
[8.807528] (racing_stage2_param_test) StdoutLine: {'line': b'writing requirements to racing_stage2_param_test.egg-info/requires.txt\n'}
[8.808435] (racing_stage2_param_test) StdoutLine: {'line': b'writing top-level names to racing_stage2_param_test.egg-info/top_level.txt\n'}
[8.819692] (racing_stage2_param_test) StdoutLine: {'line': b"reading manifest file 'racing_stage2_param_test.egg-info/SOURCES.txt'\n"}
[8.825095] (racing_stage2_param_test) StdoutLine: {'line': b"writing manifest file 'racing_stage2_param_test.egg-info/SOURCES.txt'\n"}
[8.837828] (racing_stage2_param_test) StdoutLine: {'line': b'running build_ext\n'}
[8.839387] (racing_stage2_param_test) StdoutLine: {'line': b'Creating /home/sunrise/dev_ws/install/racing_stage2_param_test/lib/python3.10/site-packages/racing-stage2-param-test.egg-link (link to .)\n'}
[8.840760] (-) TimerEvent: {}
[8.845404] (racing_stage2_param_test) StdoutLine: {'line': b'Installing avoidance_straight_tester script to /home/sunrise/dev_ws/install/racing_stage2_param_test/lib/racing_stage2_param_test\n'}
[8.846874] (racing_stage2_param_test) StdoutLine: {'line': b'Installing direct_inertial_tester script to /home/sunrise/dev_ws/install/racing_stage2_param_test/lib/racing_stage2_param_test\n'}
[8.848033] (racing_stage2_param_test) StdoutLine: {'line': b'Installing straight_camera_video_recorder script to /home/sunrise/dev_ws/install/racing_stage2_param_test/lib/racing_stage2_param_test\n'}
[8.849199] (racing_stage2_param_test) StdoutLine: {'line': b'Installing twist_cmd_relay script to /home/sunrise/dev_ws/install/racing_stage2_param_test/lib/racing_stage2_param_test\n'}
[8.850703] (racing_stage2_param_test) StdoutLine: {'line': b'\n'}
[8.851526] (racing_stage2_param_test) StdoutLine: {'line': b'Installed /home/sunrise/dev_ws/build/racing_stage2_param_test\n'}
[8.852205] (racing_stage2_param_test) StdoutLine: {'line': b'running symlink_data\n'}
[8.853412] (racing_stage2_param_test) StdoutLine: {'line': b'symbolically linking /home/sunrise/dev_ws/build/racing_stage2_param_test/launch/straight_camera_record_test.launch.py -> /home/sunrise/dev_ws/install/racing_stage2_param_test/share/racing_stage2_param_test/launch\n'}
[8.941023] (-) TimerEvent: {}
[9.041606] (-) TimerEvent: {}
[9.111146] (racing_stage2_param_test) CommandEnded: {'returncode': 0}
[9.142589] (-) TimerEvent: {}
[9.229073] (racing_stage2_param_test) JobEnded: {'identifier': 'racing_stage2_param_test', 'rc': 0}
[9.232058] (-) EventReactorShutdown: {}
