[0.000000] (-) TimerEvent: {}
[0.000271] (-) JobUnselected: {'identifier': 'ackermann_msgs'}
[0.000585] (-) JobUnselected: {'identifier': 'bno055'}
[0.001133] (-) JobUnselected: {'identifier': 'line_follower_pkg'}
[0.002142] (-) JobUnselected: {'identifier': 'lslidar_driver'}
[0.002834] (-) JobUnselected: {'identifier': 'lslidar_msgs'}
[0.003541] (-) JobUnselected: {'identifier': 'origincar_base'}
[0.003771] (-) JobUnselected: {'identifier': 'origincar_bringup'}
[0.003968] (-) JobUnselected: {'identifier': 'origincar_description'}
[0.004162] (-) JobUnselected: {'identifier': 'origincar_msg'}
[0.004418] (-) JobUnselected: {'identifier': 'qr_scanner'}
[0.004607] (-) JobUnselected: {'identifier': 'racing_bringup'}
[0.004823] (-) JobUnselected: {'identifier': 'racing_stage1'}
[0.004976] (-) JobUnselected: {'identifier': 'racing_stage2'}
[0.005082] (-) JobUnselected: {'identifier': 'racing_stage3'}
[0.005188] (-) JobUnselected: {'identifier': 'racing_stage3_param_test'}
[0.005293] (-) JobUnselected: {'identifier': 'racing_vision_ai'}
[0.005398] (-) JobUnselected: {'identifier': 'serial'}
[0.005503] (-) JobUnselected: {'identifier': 'simple_avoidance'}
[0.005608] (-) JobUnselected: {'identifier': 'utils'}
[0.005786] (-) JobUnselected: {'identifier': 'voice_driver'}
[0.005950] (racing_stage2_param_test) JobQueued: {'identifier': 'racing_stage2_param_test', 'dependencies': OrderedDict([('ackermann_msgs', '/home/sunrise/dev_ws/install/ackermann_msgs'), ('bno055', '/home/sunrise/dev_ws/install/bno055'), ('lslidar_msgs', '/home/sunrise/dev_ws/install/lslidar_msgs'), ('origincar_bringup', '/home/sunrise/dev_ws/install/origincar_bringup'), ('origincar_description', '/home/sunrise/dev_ws/install/origincar_description'), ('origincar_msg', '/home/sunrise/dev_ws/install/origincar_msg'), ('qr_scanner', '/home/sunrise/dev_ws/install/qr_scanner'), ('serial', '/home/sunrise/dev_ws/install/serial'), ('lslidar_driver', '/home/sunrise/dev_ws/install/lslidar_driver'), ('origincar_base', '/home/sunrise/dev_ws/install/origincar_base'), ('racing_stage1', '/home/sunrise/dev_ws/install/racing_stage1'), ('racing_stage2', '/home/sunrise/dev_ws/install/racing_stage2')])}
[0.006187] (racing_stage2_param_test) JobStarted: {'identifier': 'racing_stage2_param_test'}
[0.098686] (-) TimerEvent: {}
[0.199150] (-) TimerEvent: {}
[0.299555] (-) TimerEvent: {}
[0.399949] (-) TimerEvent: {}
[0.500351] (-) TimerEvent: {}
[0.600749] (-) TimerEvent: {}
[0.701173] (-) TimerEvent: {}
[0.801562] (-) TimerEvent: {}
[0.901913] (-) TimerEvent: {}
[1.002262] (-) TimerEvent: {}
[1.102659] (-) TimerEvent: {}
[1.203117] (-) TimerEvent: {}
[1.303549] (-) TimerEvent: {}
[1.403954] (-) TimerEvent: {}
[1.504329] (-) TimerEvent: {}
[1.604684] (-) TimerEvent: {}
[1.705030] (-) TimerEvent: {}
[1.805451] (-) TimerEvent: {}
[1.905913] (-) TimerEvent: {}
[1.996293] (racing_stage2_param_test) StderrLine: {'line': b'Traceback (most recent call last):\n  File "/usr/lib/python3/dist-packages/colcon_core/executor/__init__.py", line 91, in __call__\n    rc = await self.task(*args, **kwargs)\n  File "/usr/lib/python3/dist-packages/colcon_core/task/__init__.py", line 93, in __call__\n    return await task_method(*args, **kwargs)\n  File "/usr/lib/python3/dist-packages/colcon_ros/task/ament_python/build.py", line 51, in build\n    setup_py_data = get_setup_data(self.context.pkg, env)\n  File "/usr/lib/python3/dist-packages/colcon_core/task/python/__init__.py", line 20, in get_setup_data\n    return dict(pkg.metadata[key](env))\n  File "/usr/lib/python3/dist-packages/colcon_ros/package_augmentation/ros_ament_python.py", line 57, in getter\n    return get_setup_information(\n  File "/usr/lib/python3/dist-packages/colcon_python_setup_py/package_identification/python_setup_py.py", line 249, in get_setup_information\n    _setup_information_cache[hashable_env] = _get_setup_information(\n  File "/usr/lib/python3/dist-packages/colcon_python_setup_py/package_identification/python_setup_py.py", line 296, in _get_setup_information\n    result = subprocess.run(\n  File "/usr/lib/python3.10/subprocess.py", line 526, in run\n    raise CalledProcessError(retcode, process.args,\nsubprocess.CalledProcessError: Command \'[\'/usr/bin/python3\', \'-c\', \'import sys;from contextlib import suppress;exec("with suppress(ImportError):    from setuptools.extern.packaging.specifiers    import SpecifierSet");exec("with suppress(ImportError):    from packaging.specifiers import SpecifierSet");from distutils.core import run_setup;dist = run_setup(    \\\'setup.py\\\', script_args=(\\\'--dry-run\\\',), stop_after=\\\'config\\\');skip_keys = (\\\'cmdclass\\\', \\\'distclass\\\', \\\'ext_modules\\\', \\\'metadata\\\');data = {    key: value for key, value in dist.__dict__.items()     if (        not key.startswith(\\\'_\\\') and         not callable(value) and         key not in skip_keys and         key not in dist.display_option_names    )};data[\\\'metadata\\\'] = {    k: v for k, v in dist.metadata.__dict__.items()     if k not in (\\\'license_files\\\', \\\'provides_extras\\\')};sys.stdout.buffer.write(repr(data).encode(\\\'utf-8\\\'))\']\' returned non-zero exit status 1.\n'}
[2.003160] (racing_stage2_param_test) JobEnded: {'identifier': 'racing_stage2_param_test', 'rc': 1}
[2.008084] (-) TimerEvent: {}
[2.008292] (-) EventReactorShutdown: {}
