[0.000000] (-) TimerEvent: {}
[0.000451] (-) JobUnselected: {'identifier': 'ackermann_msgs'}
[0.001138] (-) JobUnselected: {'identifier': 'bno055'}
[0.002250] (-) JobUnselected: {'identifier': 'line_follower_pkg'}
[0.003108] (-) JobUnselected: {'identifier': 'lslidar_driver'}
[0.003951] (-) JobUnselected: {'identifier': 'lslidar_msgs'}
[0.004189] (-) JobUnselected: {'identifier': 'origincar_base'}
[0.004454] (-) JobUnselected: {'identifier': 'origincar_bringup'}
[0.004643] (-) JobUnselected: {'identifier': 'origincar_description'}
[0.004829] (-) JobUnselected: {'identifier': 'origincar_msg'}
[0.005014] (-) JobUnselected: {'identifier': 'qr_scanner'}
[0.005199] (-) JobUnselected: {'identifier': 'racing_bringup'}
[0.005383] (-) JobUnselected: {'identifier': 'racing_stage1'}
[0.005567] (-) JobUnselected: {'identifier': 'racing_stage2'}
[0.005752] (-) JobUnselected: {'identifier': 'racing_stage3'}
[0.005936] (-) JobUnselected: {'identifier': 'racing_stage3_param_test'}
[0.006125] (-) JobUnselected: {'identifier': 'racing_vision_ai'}
[0.006308] (-) JobUnselected: {'identifier': 'serial'}
[0.006497] (-) JobUnselected: {'identifier': 'simple_avoidance'}
[0.006683] (-) JobUnselected: {'identifier': 'utils'}
[0.006873] (-) JobUnselected: {'identifier': 'voice_driver'}
[0.007073] (racing_stage2_param_test) JobQueued: {'identifier': 'racing_stage2_param_test', 'dependencies': OrderedDict([('ackermann_msgs', '/home/sunrise/dev_ws/install/ackermann_msgs'), ('bno055', '/home/sunrise/dev_ws/install/bno055'), ('lslidar_msgs', '/home/sunrise/dev_ws/install/lslidar_msgs'), ('origincar_bringup', '/home/sunrise/dev_ws/install/origincar_bringup'), ('origincar_description', '/home/sunrise/dev_ws/install/origincar_description'), ('origincar_msg', '/home/sunrise/dev_ws/install/origincar_msg'), ('qr_scanner', '/home/sunrise/dev_ws/install/qr_scanner'), ('serial', '/home/sunrise/dev_ws/install/serial'), ('lslidar_driver', '/home/sunrise/dev_ws/install/lslidar_driver'), ('origincar_base', '/home/sunrise/dev_ws/install/origincar_base'), ('racing_stage1', '/home/sunrise/dev_ws/install/racing_stage1'), ('racing_stage2', '/home/sunrise/dev_ws/install/racing_stage2')])}
[0.007377] (racing_stage2_param_test) JobStarted: {'identifier': 'racing_stage2_param_test'}
[0.098625] (-) TimerEvent: {}
[0.199123] (-) TimerEvent: {}
[0.299596] (-) TimerEvent: {}
[0.400061] (-) TimerEvent: {}
[0.500560] (-) TimerEvent: {}
[0.601089] (-) TimerEvent: {}
[0.701602] (-) TimerEvent: {}
[0.802106] (-) TimerEvent: {}
[0.902630] (-) TimerEvent: {}
[1.003082] (-) TimerEvent: {}
[1.103566] (-) TimerEvent: {}
[1.204063] (-) TimerEvent: {}
[1.304523] (-) TimerEvent: {}
[1.404964] (-) TimerEvent: {}
[1.505401] (-) TimerEvent: {}
[1.605823] (-) TimerEvent: {}
[1.706238] (-) TimerEvent: {}
[1.806684] (-) TimerEvent: {}
[1.907144] (-) TimerEvent: {}
[2.007607] (-) TimerEvent: {}
[2.108074] (-) TimerEvent: {}
[2.208788] (-) TimerEvent: {}
[2.309502] (-) TimerEvent: {}
[2.409944] (-) TimerEvent: {}
[2.510430] (-) TimerEvent: {}
[2.610888] (-) TimerEvent: {}
[2.711331] (-) TimerEvent: {}
[2.811799] (-) TimerEvent: {}
[2.912259] (-) TimerEvent: {}
[3.012730] (-) TimerEvent: {}
[3.113170] (-) TimerEvent: {}
[3.213612] (-) TimerEvent: {}
[3.314053] (-) TimerEvent: {}
[3.414516] (-) TimerEvent: {}
[3.514966] (-) TimerEvent: {}
[3.615428] (-) TimerEvent: {}
[3.715892] (-) TimerEvent: {}
[3.816353] (-) TimerEvent: {}
[3.916829] (-) TimerEvent: {}
[4.017277] (-) TimerEvent: {}
[4.117752] (-) TimerEvent: {}
[4.218230] (-) TimerEvent: {}
[4.318704] (-) TimerEvent: {}
[4.419190] (-) TimerEvent: {}
[4.519640] (-) TimerEvent: {}
[4.620087] (-) TimerEvent: {}
[4.720623] (-) TimerEvent: {}
[4.821176] (-) TimerEvent: {}
[4.921728] (-) TimerEvent: {}
[4.953852] (racing_stage2_param_test) Command: {'cmd': ['/usr/bin/python3', '-W', 'ignore:setup.py install is deprecated', '-W', 'ignore:easy_install command is deprecated', 'setup.py', 'develop', '--editable', '--build-directory', '/home/sunrise/dev_ws/build/racing_stage2_param_test/build', '--no-deps', 'symlink_data'], 'cwd': '/home/sunrise/dev_ws/build/racing_stage2_param_test', 'env': {'VSCODE_CWD': '/home/sunrise', 'VSCODE_ESM_ENTRYPOINT': 'vs/workbench/api/node/extensionHostProcess', 'LANGUAGE': 'en_US.UTF-8', 'USER': 'sunrise', 'SSH_CLIENT': '10.147.109.1 50078 22', 'VSCODE_NLS_CONFIG': '{"userLocale":"en","osLocale":"en","resolvedLanguage":"en","defaultMessagesFile":"/home/sunrise/.cursor-server/bin/linux-arm64/81fcf2931d7687b4ff3f3017858d0c6dee7e2a60/out/nls.messages.json","locale":"en","availableLanguages":{}}', 'VSCODE_HANDLES_UNCAUGHT_ERRORS': 'true', 'XDG_SESSION_TYPE': 'tty', 'SHLVL': '1', 'LD_LIBRARY_PATH': '/home/sunrise/dev_ws/install/origincar_base/lib:/home/sunrise/dev_ws/install/origincar_msg/lib:/home/sunrise/dev_ws/install/lslidar_msgs/lib:/home/sunrise/dev_ws/install/ackermann_msgs/lib:/usr/hobot/lib:/app/lib:/app/pub/lib:/middleware/lib:/middleware/pub/lib:/usr/hobot/lib/sensor:/system/lib:/system/usr/lib:/lib:/home/sunrise/dev_ws/install/voice_driver/lib:/home/sunrise/dev_ws/install/serial/lib:/opt/tros/humble/lib/aarch64-linux-gnu:/opt/tros/humble/lib:/opt/ros/humble/opt/rviz_ogre_vendor/lib:/opt/ros/humble/lib/aarch64-linux-gnu:/opt/ros/humble/lib:/usr/hobot/lib:/app/lib:/app/pub/lib:/middleware/lib:/middleware/pub/lib:/usr/hobot/lib/sensor:/system/lib:/system/usr/lib:/lib:/usr/hobot/lib:/app/lib:/app/pub/lib:/middleware/lib:/middleware/pub/lib:/usr/hobot/lib/sensor:/system/lib:/system/usr/lib:/lib', 'BROWSER': '/home/sunrise/.cursor-server/bin/linux-arm64/81fcf2931d7687b4ff3f3017858d0c6dee7e2a60/bin/helpers/browser.sh', 'MOTD_SHOWN': 'pam', 'HOME': '/home/sunrise', 'OLDPWD': '/home/sunrise/dev_ws', 'VSCODE_IPC_HOOK_CLI': '/run/user/1000/vscode-ipc-f7290d0b-d8d6-46da-ac5f-da415eb5acfb.sock', 'ROS_PYTHON_VERSION': '3', 'NO_COLOR': '1', 'DBUS_SESSION_BUS_ADDRESS': 'unix:path=/run/user/1000/bus', 'TROS_DISTRO': 'humble', 'COLCON_PREFIX_PATH': '/home/sunrise/dev_ws/install', 'ROS_DISTRO': 'humble', 'OVSX_REGISTRY_URL': 'https://open-vsx.org', 'LOGNAME': 'sunrise', 'FORCE_COLOR': '0', 'VSCODE_HANDLES_SIGPIPE': 'true', '_': '/usr/bin/colcon', 'ROS_VERSION': '2', 'CURSOR_LAYOUT': 'unifiedAgent', 'XDG_SESSION_CLASS': 'user', 'TERM': 'dumb', 'XDG_SESSION_ID': '2', 'ROS_LOCALHOST_ONLY': '0', 'PATH': '/home/sunrise/.local/bin:/usr/hobot/bin/:/home/sunrise/.cursor-server/bin/linux-arm64/81fcf2931d7687b4ff3f3017858d0c6dee7e2a60:/home/sunrise/.cursor-server/bin/linux-arm64/81fcf2931d7687b4ff3f3017858d0c6dee7e2a60/bin/remote-cli:/home/sunrise/.local/bin:/opt/tros/humble/bin:/opt/ros/humble/bin:/usr/hobot/bin/:/home/sunrise/.cursor-server/bin/linux-arm64/81fcf2931d7687b4ff3f3017858d0c6dee7e2a60/bin/remote-cli:/home/sunrise/.local/bin:/usr/hobot/bin/:/usr/local/sbin:/usr/local/bin:/usr/sbin:/usr/bin:/sbin:/bin:/usr/games:/usr/local/games:/snap/bin', 'VSCODE_AGENT_FOLDER': '/home/sunrise/.cursor-server', 'XDG_RUNTIME_DIR': '/run/user/1000', 'CURSOR_AGENT': '1', 'LANG': 'en_US.UTF-8', 'LS_COLORS': '', 'AMENT_PREFIX_PATH': '/home/sunrise/dev_ws/install/racing_stage2:/home/sunrise/dev_ws/install/racing_stage1:/home/sunrise/dev_ws/install/qr_scanner:/home/sunrise/dev_ws/install/bno055:/home/sunrise/dev_ws/install/voice_driver:/home/sunrise/dev_ws/install/utils:/home/sunrise/dev_ws/install/simple_avoidance:/home/sunrise/dev_ws/install/racing_stage2_param_test:/home/sunrise/dev_ws/install/origincar_base:/home/sunrise/dev_ws/install/serial:/home/sunrise/dev_ws/install/racing_vision_ai:/home/sunrise/dev_ws/install/racing_stage3_param_test:/home/sunrise/dev_ws/install/racing_bringup:/home/sunrise/dev_ws/install/racing_stage3:/home/sunrise/dev_ws/install/origincar_msg:/home/sunrise/dev_ws/install/origincar_description:/home/sunrise/dev_ws/install/origincar_bringup:/home/sunrise/dev_ws/install/lslidar_driver:/home/sunrise/dev_ws/install/lslidar_msgs:/home/sunrise/dev_ws/install/line_follower_pkg:/home/sunrise/dev_ws/install/ackermann_msgs:/opt/tros/humble:/opt/ros/humble', 'SHELL': '/bin/bash', 'VSCODE_SERVER_SHUTDOWN_TIMEOUT': '300', 'PWD': '/home/sunrise/dev_ws/build/racing_stage2_param_test', 'SSH_CONNECTION': '10.147.109.1 50078 10.147.109.8 22', 'PYTHONPATH': '/home/sunrise/dev_ws/build/racing_stage2_param_test/prefix_override:/usr/lib/python3/dist-packages/colcon_core/task/python/colcon_distutils_commands:/home/sunrise/dev_ws/install/racing_stage2_param_test/lib/python3.10/site-packages:/home/sunrise/dev_ws/build/racing_stage2:/home/sunrise/dev_ws/install/racing_stage2/lib/python3.10/site-packages:/home/sunrise/dev_ws/build/racing_stage1:/home/sunrise/dev_ws/install/racing_stage1/lib/python3.10/site-packages:/home/sunrise/dev_ws/build/qr_scanner:/home/sunrise/dev_ws/install/qr_scanner/lib/python3.10/site-packages:/home/sunrise/dev_ws/build/bno055:/home/sunrise/dev_ws/install/bno055/lib/python3.10/site-packages:/home/sunrise/dev_ws/install/voice_driver/local/lib/python3.10/dist-packages:/home/sunrise/dev_ws/build/simple_avoidance:/home/sunrise/dev_ws/install/simple_avoidance/lib/python3.10/site-packages:/home/sunrise/dev_ws/build/racing_stage2_param_test:/home/sunrise/dev_ws/install/racing_stage2_param_test/lib/python3.10/site-packages:/home/sunrise/dev_ws/install/origincar_base/local/lib/python3.10/dist-packages:/home/sunrise/dev_ws/build/racing_vision_ai:/home/sunrise/dev_ws/install/racing_vision_ai/lib/python3.10/site-packages:/home/sunrise/dev_ws/build/racing_stage3_param_test:/home/sunrise/dev_ws/install/racing_stage3_param_test/lib/python3.10/site-packages:/home/sunrise/dev_ws/build/racing_bringup:/home/sunrise/dev_ws/install/racing_bringup/lib/python3.10/site-packages:/home/sunrise/dev_ws/build/racing_stage3:/home/sunrise/dev_ws/install/racing_stage3/lib/python3.10/site-packages:/home/sunrise/dev_ws/install/origincar_msg/local/lib/python3.10/dist-packages:/home/sunrise/dev_ws/install/lslidar_msgs/local/lib/python3.10/dist-packages:/home/sunrise/dev_ws/build/line_follower_pkg:/home/sunrise/dev_ws/install/line_follower_pkg/lib/python3.10/site-packages:/home/sunrise/dev_ws/install/ackermann_msgs/local/lib/python3.10/dist-packages:/opt/tros/humble/lib/python3.10/site-packages:/opt/tros/humble/local/lib/python3.10/dist-packages:/opt/ros/humble/lib/python3.10/site-packages:/opt/ros/humble/local/lib/python3.10/dist-packages', 'COLCON': '1', '_ZO_DOCTOR': '0', 'CMAKE_PREFIX_PATH': '/home/sunrise/dev_ws/install/origincar_base:/home/sunrise/dev_ws/install/lslidar_driver:/home/sunrise/dev_ws/install/serial:/home/sunrise/dev_ws/install/origincar_msg:/home/sunrise/dev_ws/install/origincar_description:/home/sunrise/dev_ws/install/origincar_bringup:/home/sunrise/dev_ws/install/lslidar_msgs:/home/sunrise/dev_ws/install/ackermann_msgs:/home/sunrise/dev_ws/install/voice_driver:/home/sunrise/dev_ws/install/utils'}, 'shell': False}
[5.021886] (-) TimerEvent: {}
[5.122375] (-) TimerEvent: {}
[5.222837] (-) TimerEvent: {}
[5.323316] (-) TimerEvent: {}
[5.423774] (-) TimerEvent: {}
[5.524219] (-) TimerEvent: {}
[5.624672] (-) TimerEvent: {}
[5.725098] (-) TimerEvent: {}
[5.825574] (-) TimerEvent: {}
[5.926071] (-) TimerEvent: {}
[6.026550] (-) TimerEvent: {}
[6.127012] (-) TimerEvent: {}
[6.227499] (-) TimerEvent: {}
[6.327976] (-) TimerEvent: {}
[6.428441] (-) TimerEvent: {}
[6.528916] (-) TimerEvent: {}
[6.629381] (-) TimerEvent: {}
[6.729853] (-) TimerEvent: {}
[6.830319] (-) TimerEvent: {}
[6.913075] (racing_stage2_param_test) StdoutLine: {'line': b'running develop\n'}
[6.930488] (-) TimerEvent: {}
[7.030943] (-) TimerEvent: {}
[7.131405] (-) TimerEvent: {}
[7.231879] (-) TimerEvent: {}
[7.332364] (-) TimerEvent: {}
[7.432826] (-) TimerEvent: {}
[7.533284] (-) TimerEvent: {}
[7.633742] (-) TimerEvent: {}
[7.734214] (-) TimerEvent: {}
[7.834668] (-) TimerEvent: {}
[7.935125] (-) TimerEvent: {}
[8.035583] (-) TimerEvent: {}
[8.112923] (racing_stage2_param_test) StdoutLine: {'line': b'running egg_info\n'}
[8.114183] (racing_stage2_param_test) StdoutLine: {'line': b'writing racing_stage2_param_test.egg-info/PKG-INFO\n'}
[8.115456] (racing_stage2_param_test) StdoutLine: {'line': b'writing dependency_links to racing_stage2_param_test.egg-info/dependency_links.txt\n'}
[8.116518] (racing_stage2_param_test) StdoutLine: {'line': b'writing entry points to racing_stage2_param_test.egg-info/entry_points.txt\n'}
[8.117402] (racing_stage2_param_test) StdoutLine: {'line': b'writing requirements to racing_stage2_param_test.egg-info/requires.txt\n'}
[8.118215] (racing_stage2_param_test) StdoutLine: {'line': b'writing top-level names to racing_stage2_param_test.egg-info/top_level.txt\n'}
[8.128438] (racing_stage2_param_test) StdoutLine: {'line': b"reading manifest file 'racing_stage2_param_test.egg-info/SOURCES.txt'\n"}
[8.133386] (racing_stage2_param_test) StdoutLine: {'line': b"writing manifest file 'racing_stage2_param_test.egg-info/SOURCES.txt'\n"}
[8.135679] (-) TimerEvent: {}
[8.144756] (racing_stage2_param_test) StdoutLine: {'line': b'running build_ext\n'}
[8.146025] (racing_stage2_param_test) StdoutLine: {'line': b'Creating /home/sunrise/dev_ws/install/racing_stage2_param_test/lib/python3.10/site-packages/racing-stage2-param-test.egg-link (link to .)\n'}
[8.150559] (racing_stage2_param_test) StdoutLine: {'line': b'Installing avoidance_straight_tester script to /home/sunrise/dev_ws/install/racing_stage2_param_test/lib/racing_stage2_param_test\n'}
[8.151546] (racing_stage2_param_test) StdoutLine: {'line': b'Installing camera_video_recorder script to /home/sunrise/dev_ws/install/racing_stage2_param_test/lib/racing_stage2_param_test\n'}
[8.152681] (racing_stage2_param_test) StdoutLine: {'line': b'Installing direct_inertial_tester script to /home/sunrise/dev_ws/install/racing_stage2_param_test/lib/racing_stage2_param_test\n'}
[8.153268] (racing_stage2_param_test) StdoutLine: {'line': b'Installing twist_cmd_relay script to /home/sunrise/dev_ws/install/racing_stage2_param_test/lib/racing_stage2_param_test\n'}
[8.154437] (racing_stage2_param_test) StdoutLine: {'line': b'\n'}
[8.154977] (racing_stage2_param_test) StdoutLine: {'line': b'Installed /home/sunrise/dev_ws/build/racing_stage2_param_test\n'}
[8.155470] (racing_stage2_param_test) StdoutLine: {'line': b'running symlink_data\n'}
[8.235934] (-) TimerEvent: {}
[8.336515] (-) TimerEvent: {}
[8.401907] (racing_stage2_param_test) CommandEnded: {'returncode': 0}
[8.436750] (-) TimerEvent: {}
[8.514097] (racing_stage2_param_test) JobEnded: {'identifier': 'racing_stage2_param_test', 'rc': 0}
[8.517096] (-) EventReactorShutdown: {}
