[0.000000] (-) TimerEvent: {}
[0.000670] (-) JobUnselected: {'identifier': 'ackermann_msgs'}
[0.001763] (-) JobUnselected: {'identifier': 'bno055'}
[0.002497] (-) JobUnselected: {'identifier': 'line_follower_pkg'}
[0.003236] (-) JobUnselected: {'identifier': 'lslidar_driver'}
[0.003466] (-) JobUnselected: {'identifier': 'lslidar_msgs'}
[0.003664] (-) JobUnselected: {'identifier': 'origincar_base'}
[0.003859] (-) JobUnselected: {'identifier': 'origincar_bringup'}
[0.004048] (-) JobUnselected: {'identifier': 'origincar_description'}
[0.004234] (-) JobUnselected: {'identifier': 'origincar_msg'}
[0.004419] (-) JobUnselected: {'identifier': 'qr_scanner'}
[0.004633] (-) JobUnselected: {'identifier': 'racing_bringup'}
[0.004899] (-) JobUnselected: {'identifier': 'racing_stage1'}
[0.005251] (-) JobUnselected: {'identifier': 'racing_stage2'}
[0.005426] (-) JobUnselected: {'identifier': 'racing_stage3'}
[0.005602] (-) JobUnselected: {'identifier': 'racing_stage3_param_test'}
[0.005745] (-) JobUnselected: {'identifier': 'racing_vision_ai'}
[0.006078] (-) JobUnselected: {'identifier': 'serial'}
[0.006298] (-) JobUnselected: {'identifier': 'simple_avoidance'}
[0.006435] (-) JobUnselected: {'identifier': 'utils'}
[0.006555] (-) JobUnselected: {'identifier': 'voice_driver'}
[0.006683] (racing_stage2_param_test) JobQueued: {'identifier': 'racing_stage2_param_test', 'dependencies': OrderedDict([('ackermann_msgs', '/home/sunrise/dev_ws/install/ackermann_msgs'), ('bno055', '/home/sunrise/dev_ws/install/bno055'), ('lslidar_msgs', '/home/sunrise/dev_ws/install/lslidar_msgs'), ('origincar_bringup', '/home/sunrise/dev_ws/install/origincar_bringup'), ('origincar_description', '/home/sunrise/dev_ws/install/origincar_description'), ('origincar_msg', '/home/sunrise/dev_ws/install/origincar_msg'), ('qr_scanner', '/home/sunrise/dev_ws/install/qr_scanner'), ('serial', '/home/sunrise/dev_ws/install/serial'), ('lslidar_driver', '/home/sunrise/dev_ws/install/lslidar_driver'), ('origincar_base', '/home/sunrise/dev_ws/install/origincar_base'), ('racing_stage1', '/home/sunrise/dev_ws/install/racing_stage1'), ('racing_stage2', '/home/sunrise/dev_ws/install/racing_stage2')])}
[0.007028] (racing_stage2_param_test) JobStarted: {'identifier': 'racing_stage2_param_test'}
[0.098528] (-) TimerEvent: {}
[0.199027] (-) TimerEvent: {}
[0.299500] (-) TimerEvent: {}
[0.399956] (-) TimerEvent: {}
[0.500410] (-) TimerEvent: {}
[0.600904] (-) TimerEvent: {}
[0.701372] (-) TimerEvent: {}
[0.801825] (-) TimerEvent: {}
[0.902257] (-) TimerEvent: {}
[1.002691] (-) TimerEvent: {}
[1.103142] (-) TimerEvent: {}
[1.203585] (-) TimerEvent: {}
[1.304033] (-) TimerEvent: {}
[1.404497] (-) TimerEvent: {}
[1.504916] (-) TimerEvent: {}
[1.605303] (-) TimerEvent: {}
[1.705757] (-) TimerEvent: {}
[1.806234] (-) TimerEvent: {}
[1.906751] (-) TimerEvent: {}
[2.007213] (-) TimerEvent: {}
[2.107649] (-) TimerEvent: {}
[2.208119] (-) TimerEvent: {}
[2.308566] (-) TimerEvent: {}
[2.408987] (-) TimerEvent: {}
[2.509413] (-) TimerEvent: {}
[2.609805] (-) TimerEvent: {}
[2.710184] (-) TimerEvent: {}
[2.810597] (-) TimerEvent: {}
[2.910979] (-) TimerEvent: {}
[3.011345] (-) TimerEvent: {}
[3.111701] (-) TimerEvent: {}
[3.212106] (-) TimerEvent: {}
[3.312508] (-) TimerEvent: {}
[3.412934] (-) TimerEvent: {}
[3.513344] (-) TimerEvent: {}
[3.613781] (-) TimerEvent: {}
[3.714231] (-) TimerEvent: {}
[3.814668] (-) TimerEvent: {}
[3.915092] (-) TimerEvent: {}
[4.015567] (-) TimerEvent: {}
[4.116074] (-) TimerEvent: {}
[4.216585] (-) TimerEvent: {}
[4.317235] (-) TimerEvent: {}
[4.324343] (racing_stage2_param_test) Command: {'cmd': ['/usr/bin/python3', '-W', 'ignore:setup.py install is deprecated', '-W', 'ignore:easy_install command is deprecated', 'setup.py', 'develop', '--editable', '--build-directory', '/home/sunrise/dev_ws/build/racing_stage2_param_test/build', '--no-deps', 'symlink_data'], 'cwd': '/home/sunrise/dev_ws/build/racing_stage2_param_test', 'env': {'LANGUAGE': 'en_US.UTF-8', 'USER': 'sunrise', 'SSH_CLIENT': '10.147.109.1 57197 22', 'XDG_SESSION_TYPE': 'tty', 'SHLVL': '1', 'LD_LIBRARY_PATH': '/home/sunrise/dev_ws/install/origincar_base/lib:/home/sunrise/dev_ws/install/serial/lib:/home/sunrise/dev_ws/install/origincar_msg/lib:/home/sunrise/dev_ws/install/lslidar_msgs/lib:/home/sunrise/dev_ws/install/ackermann_msgs/lib:/opt/ros/humble/opt/rviz_ogre_vendor/lib:/opt/ros/humble/lib/aarch64-linux-gnu:/opt/ros/humble/lib', 'MOTD_SHOWN': 'pam', 'HOME': '/home/sunrise', 'OLDPWD': '/home/sunrise', 'ROS_PYTHON_VERSION': '3', 'DBUS_SESSION_BUS_ADDRESS': 'unix:path=/run/user/1000/bus', 'ROS_DISTRO': 'humble', 'LOGNAME': 'sunrise', '_': '/usr/bin/colcon', 'ROS_VERSION': '2', 'XDG_SESSION_CLASS': 'user', 'XDG_SESSION_ID': '88', 'ROS_LOCALHOST_ONLY': '0', 'PATH': '/opt/ros/humble/bin:/usr/local/sbin:/usr/local/bin:/usr/sbin:/usr/bin:/sbin:/bin:/usr/games:/usr/local/games:/snap/bin', 'XDG_RUNTIME_DIR': '/run/user/1000', 'LANG': 'en_US.UTF-8', 'AMENT_PREFIX_PATH': '/home/sunrise/dev_ws/install/racing_stage2:/home/sunrise/dev_ws/install/racing_stage1:/home/sunrise/dev_ws/install/origincar_base:/home/sunrise/dev_ws/install/lslidar_driver:/home/sunrise/dev_ws/install/serial:/home/sunrise/dev_ws/install/qr_scanner:/home/sunrise/dev_ws/install/origincar_msg:/home/sunrise/dev_ws/install/origincar_description:/home/sunrise/dev_ws/install/origincar_bringup:/home/sunrise/dev_ws/install/lslidar_msgs:/home/sunrise/dev_ws/install/bno055:/home/sunrise/dev_ws/install/ackermann_msgs:/opt/ros/humble', 'SHELL': '/bin/bash', 'PWD': '/home/sunrise/dev_ws/build/racing_stage2_param_test', 'SSH_CONNECTION': '10.147.109.1 57197 10.147.109.8 22', 'PYTHONPATH': '/home/sunrise/dev_ws/build/racing_stage2_param_test/prefix_override:/usr/lib/python3/dist-packages/colcon_core/task/python/colcon_distutils_commands:/home/sunrise/dev_ws/install/racing_stage2_param_test/lib/python3.10/site-packages:/home/sunrise/dev_ws/build/racing_stage2:/home/sunrise/dev_ws/install/racing_stage2/lib/python3.10/site-packages:/home/sunrise/dev_ws/build/racing_stage1:/home/sunrise/dev_ws/install/racing_stage1/lib/python3.10/site-packages:/home/sunrise/dev_ws/install/origincar_base/local/lib/python3.10/dist-packages:/home/sunrise/dev_ws/build/qr_scanner:/home/sunrise/dev_ws/install/qr_scanner/lib/python3.10/site-packages:/home/sunrise/dev_ws/install/origincar_msg/local/lib/python3.10/dist-packages:/home/sunrise/dev_ws/install/lslidar_msgs/local/lib/python3.10/dist-packages:/home/sunrise/dev_ws/build/bno055:/home/sunrise/dev_ws/install/bno055/lib/python3.10/site-packages:/home/sunrise/dev_ws/install/ackermann_msgs/local/lib/python3.10/dist-packages:/opt/ros/humble/lib/python3.10/site-packages:/opt/ros/humble/local/lib/python3.10/dist-packages', 'COLCON': '1', 'CMAKE_PREFIX_PATH': '/home/sunrise/dev_ws/install/origincar_base:/home/sunrise/dev_ws/install/lslidar_driver:/home/sunrise/dev_ws/install/serial:/home/sunrise/dev_ws/install/origincar_msg:/home/sunrise/dev_ws/install/origincar_description:/home/sunrise/dev_ws/install/origincar_bringup:/home/sunrise/dev_ws/install/lslidar_msgs:/home/sunrise/dev_ws/install/ackermann_msgs'}, 'shell': False}
[4.417371] (-) TimerEvent: {}
[4.517866] (-) TimerEvent: {}
[4.618335] (-) TimerEvent: {}
[4.718837] (-) TimerEvent: {}
[4.819352] (-) TimerEvent: {}
[4.919830] (-) TimerEvent: {}
[5.020293] (-) TimerEvent: {}
[5.120803] (-) TimerEvent: {}
[5.221260] (-) TimerEvent: {}
[5.321717] (-) TimerEvent: {}
[5.422193] (-) TimerEvent: {}
[5.522670] (-) TimerEvent: {}
[5.623144] (-) TimerEvent: {}
[5.723612] (-) TimerEvent: {}
[5.824074] (-) TimerEvent: {}
[5.924541] (-) TimerEvent: {}
[6.025003] (-) TimerEvent: {}
[6.055119] (racing_stage2_param_test) StdoutLine: {'line': b'running develop\n'}
[6.125192] (-) TimerEvent: {}
[6.225647] (-) TimerEvent: {}
[6.326125] (-) TimerEvent: {}
[6.426600] (-) TimerEvent: {}
[6.527073] (-) TimerEvent: {}
[6.627530] (-) TimerEvent: {}
[6.727990] (-) TimerEvent: {}
[6.828453] (-) TimerEvent: {}
[6.928907] (-) TimerEvent: {}
[7.029372] (-) TimerEvent: {}
[7.129845] (-) TimerEvent: {}
[7.160885] (racing_stage2_param_test) StdoutLine: {'line': b'running egg_info\n'}
[7.161745] (racing_stage2_param_test) StdoutLine: {'line': b'creating racing_stage2_param_test.egg-info\n'}
[7.162740] (racing_stage2_param_test) StdoutLine: {'line': b'writing racing_stage2_param_test.egg-info/PKG-INFO\n'}
[7.163668] (racing_stage2_param_test) StdoutLine: {'line': b'writing dependency_links to racing_stage2_param_test.egg-info/dependency_links.txt\n'}
[7.165115] (racing_stage2_param_test) StdoutLine: {'line': b'writing entry points to racing_stage2_param_test.egg-info/entry_points.txt\n'}
[7.165686] (racing_stage2_param_test) StdoutLine: {'line': b'writing requirements to racing_stage2_param_test.egg-info/requires.txt\n'}
[7.166497] (racing_stage2_param_test) StdoutLine: {'line': b'writing top-level names to racing_stage2_param_test.egg-info/top_level.txt\n'}
[7.167018] (racing_stage2_param_test) StdoutLine: {'line': b"writing manifest file 'racing_stage2_param_test.egg-info/SOURCES.txt'\n"}
[7.176465] (racing_stage2_param_test) StdoutLine: {'line': b"reading manifest file 'racing_stage2_param_test.egg-info/SOURCES.txt'\n"}
[7.180440] (racing_stage2_param_test) StdoutLine: {'line': b"writing manifest file 'racing_stage2_param_test.egg-info/SOURCES.txt'\n"}
[7.189540] (racing_stage2_param_test) StdoutLine: {'line': b'running build_ext\n'}
[7.190820] (racing_stage2_param_test) StdoutLine: {'line': b'Creating /home/sunrise/dev_ws/install/racing_stage2_param_test/lib/python3.10/site-packages/racing-stage2-param-test.egg-link (link to .)\n'}
[7.195336] (racing_stage2_param_test) StdoutLine: {'line': b'Installing avoidance_straight_tester script to /home/sunrise/dev_ws/install/racing_stage2_param_test/lib/racing_stage2_param_test\n'}
[7.196846] (racing_stage2_param_test) StdoutLine: {'line': b'Installing camera_video_recorder script to /home/sunrise/dev_ws/install/racing_stage2_param_test/lib/racing_stage2_param_test\n'}
[7.198513] (racing_stage2_param_test) StdoutLine: {'line': b'Installing direct_inertial_tester script to /home/sunrise/dev_ws/install/racing_stage2_param_test/lib/racing_stage2_param_test\n'}
[7.199154] (racing_stage2_param_test) StdoutLine: {'line': b'Installing lane_follow script to /home/sunrise/dev_ws/install/racing_stage2_param_test/lib/racing_stage2_param_test\n'}
[7.201203] (racing_stage2_param_test) StdoutLine: {'line': b'Installing twist_cmd_relay script to /home/sunrise/dev_ws/install/racing_stage2_param_test/lib/racing_stage2_param_test\n'}
[7.202775] (racing_stage2_param_test) StdoutLine: {'line': b'Installing vision_inertial_tester script to /home/sunrise/dev_ws/install/racing_stage2_param_test/lib/racing_stage2_param_test\n'}
[7.204544] (racing_stage2_param_test) StdoutLine: {'line': b'\n'}
[7.205424] (racing_stage2_param_test) StdoutLine: {'line': b'Installed /home/sunrise/dev_ws/build/racing_stage2_param_test\n'}
[7.206044] (racing_stage2_param_test) StdoutLine: {'line': b'running symlink_data\n'}
[7.206632] (racing_stage2_param_test) StdoutLine: {'line': b'creating /home/sunrise/dev_ws/install/racing_stage2_param_test/share/ament_index\n'}
[7.207196] (racing_stage2_param_test) StdoutLine: {'line': b'creating /home/sunrise/dev_ws/install/racing_stage2_param_test/share/ament_index/resource_index\n'}
[7.207746] (racing_stage2_param_test) StdoutLine: {'line': b'creating /home/sunrise/dev_ws/install/racing_stage2_param_test/share/ament_index/resource_index/packages\n'}
[7.208293] (racing_stage2_param_test) StdoutLine: {'line': b'symbolically linking /home/sunrise/dev_ws/build/racing_stage2_param_test/resource/racing_stage2_param_test -> /home/sunrise/dev_ws/install/racing_stage2_param_test/share/ament_index/resource_index/packages\n'}
[7.208829] (racing_stage2_param_test) StdoutLine: {'line': b'symbolically linking /home/sunrise/dev_ws/build/racing_stage2_param_test/package.xml -> /home/sunrise/dev_ws/install/racing_stage2_param_test/share/racing_stage2_param_test\n'}
[7.209356] (racing_stage2_param_test) StdoutLine: {'line': b'creating /home/sunrise/dev_ws/install/racing_stage2_param_test/share/racing_stage2_param_test/launch\n'}
[7.209868] (racing_stage2_param_test) StdoutLine: {'line': b'symbolically linking /home/sunrise/dev_ws/build/racing_stage2_param_test/launch/vision_inertial_test.launch.py -> /home/sunrise/dev_ws/install/racing_stage2_param_test/share/racing_stage2_param_test/launch\n'}
[7.210447] (racing_stage2_param_test) StdoutLine: {'line': b'symbolically linking /home/sunrise/dev_ws/build/racing_stage2_param_test/launch/direct_inertial_test.launch.py -> /home/sunrise/dev_ws/install/racing_stage2_param_test/share/racing_stage2_param_test/launch\n'}
[7.211040] (racing_stage2_param_test) StdoutLine: {'line': b'symbolically linking /home/sunrise/dev_ws/build/racing_stage2_param_test/launch/avoidance_straight_test.launch.py -> /home/sunrise/dev_ws/install/racing_stage2_param_test/share/racing_stage2_param_test/launch\n'}
[7.211567] (racing_stage2_param_test) StdoutLine: {'line': b'symbolically linking /home/sunrise/dev_ws/build/racing_stage2_param_test/launch/lane_follow_test.launch.py -> /home/sunrise/dev_ws/install/racing_stage2_param_test/share/racing_stage2_param_test/launch\n'}
[7.212088] (racing_stage2_param_test) StdoutLine: {'line': b'symbolically linking /home/sunrise/dev_ws/build/racing_stage2_param_test/launch/direct_inertial_camera_record_test.launch.py -> /home/sunrise/dev_ws/install/racing_stage2_param_test/share/racing_stage2_param_test/launch\n'}
[7.212604] (racing_stage2_param_test) StdoutLine: {'line': b'creating /home/sunrise/dev_ws/install/racing_stage2_param_test/share/racing_stage2_param_test/config\n'}
[7.213111] (racing_stage2_param_test) StdoutLine: {'line': b'symbolically linking /home/sunrise/dev_ws/build/racing_stage2_param_test/config/avoidance_straight_test.yaml -> /home/sunrise/dev_ws/install/racing_stage2_param_test/share/racing_stage2_param_test/config\n'}
[7.213610] (racing_stage2_param_test) StdoutLine: {'line': b'symbolically linking /home/sunrise/dev_ws/build/racing_stage2_param_test/config/direct_inertial_test.yaml -> /home/sunrise/dev_ws/install/racing_stage2_param_test/share/racing_stage2_param_test/config\n'}
[7.230052] (-) TimerEvent: {}
[7.330623] (-) TimerEvent: {}
[7.431162] (-) TimerEvent: {}
[7.444360] (racing_stage2_param_test) CommandEnded: {'returncode': 0}
[7.532786] (-) TimerEvent: {}
[7.544601] (racing_stage2_param_test) JobEnded: {'identifier': 'racing_stage2_param_test', 'rc': 0}
[7.547539] (-) EventReactorShutdown: {}
