[0.000000] (-) TimerEvent: {}
[0.000571] (-) JobUnselected: {'identifier': 'ackermann_msgs'}
[0.001561] (-) JobUnselected: {'identifier': 'bno055'}
[0.003107] (-) JobUnselected: {'identifier': 'line_follower_pkg'}
[0.004194] (-) JobUnselected: {'identifier': 'lslidar_driver'}
[0.005190] (-) JobUnselected: {'identifier': 'lslidar_msgs'}
[0.005512] (-) JobUnselected: {'identifier': 'origincar_base'}
[0.005774] (-) JobUnselected: {'identifier': 'origincar_bringup'}
[0.006013] (-) JobUnselected: {'identifier': 'origincar_description'}
[0.006236] (-) JobUnselected: {'identifier': 'origincar_msg'}
[0.006445] (-) JobUnselected: {'identifier': 'qr_scanner'}
[0.006653] (-) JobUnselected: {'identifier': 'racing_bringup'}
[0.006864] (-) JobUnselected: {'identifier': 'racing_stage1'}
[0.007074] (-) JobUnselected: {'identifier': 'racing_stage2'}
[0.007281] (-) JobUnselected: {'identifier': 'racing_stage3'}
[0.007481] (-) JobUnselected: {'identifier': 'racing_stage3_param_test'}
[0.007678] (-) JobUnselected: {'identifier': 'racing_vision_ai'}
[0.007876] (-) JobUnselected: {'identifier': 'serial'}
[0.008076] (-) JobUnselected: {'identifier': 'simple_avoidance'}
[0.008284] (-) JobUnselected: {'identifier': 'utils'}
[0.008497] (-) JobUnselected: {'identifier': 'voice_driver'}
[0.008715] (racing_stage2_param_test) JobQueued: {'identifier': 'racing_stage2_param_test', 'dependencies': OrderedDict([('ackermann_msgs', '/home/sunrise/dev_ws/install/ackermann_msgs'), ('bno055', '/home/sunrise/dev_ws/install/bno055'), ('lslidar_msgs', '/home/sunrise/dev_ws/install/lslidar_msgs'), ('origincar_bringup', '/home/sunrise/dev_ws/install/origincar_bringup'), ('origincar_description', '/home/sunrise/dev_ws/install/origincar_description'), ('origincar_msg', '/home/sunrise/dev_ws/install/origincar_msg'), ('qr_scanner', '/home/sunrise/dev_ws/install/qr_scanner'), ('serial', '/home/sunrise/dev_ws/install/serial'), ('lslidar_driver', '/home/sunrise/dev_ws/install/lslidar_driver'), ('origincar_base', '/home/sunrise/dev_ws/install/origincar_base'), ('racing_stage1', '/home/sunrise/dev_ws/install/racing_stage1'), ('racing_stage2', '/home/sunrise/dev_ws/install/racing_stage2')])}
[0.009056] (racing_stage2_param_test) JobStarted: {'identifier': 'racing_stage2_param_test'}
[0.098403] (-) TimerEvent: {}
[0.198943] (-) TimerEvent: {}
[0.299462] (-) TimerEvent: {}
[0.399970] (-) TimerEvent: {}
[0.500498] (-) TimerEvent: {}
[0.601071] (-) TimerEvent: {}
[0.701564] (-) TimerEvent: {}
[0.802073] (-) TimerEvent: {}
[0.902597] (-) TimerEvent: {}
[1.003121] (-) TimerEvent: {}
[1.103658] (-) TimerEvent: {}
[1.204208] (-) TimerEvent: {}
[1.304726] (-) TimerEvent: {}
[1.405236] (-) TimerEvent: {}
[1.505784] (-) TimerEvent: {}
[1.606339] (-) TimerEvent: {}
[1.706886] (-) TimerEvent: {}
[1.807400] (-) TimerEvent: {}
[1.907910] (-) TimerEvent: {}
[2.008411] (-) TimerEvent: {}
[2.108910] (-) TimerEvent: {}
[2.209472] (-) TimerEvent: {}
[2.310673] (-) TimerEvent: {}
[2.411154] (-) TimerEvent: {}
[2.511671] (-) TimerEvent: {}
[2.612237] (-) TimerEvent: {}
[2.712755] (-) TimerEvent: {}
[2.813291] (-) TimerEvent: {}
[2.913842] (-) TimerEvent: {}
[3.014399] (-) TimerEvent: {}
[3.114984] (-) TimerEvent: {}
[3.215556] (-) TimerEvent: {}
[3.316130] (-) TimerEvent: {}
[3.416682] (-) TimerEvent: {}
[3.517252] (-) TimerEvent: {}
[3.617811] (-) TimerEvent: {}
[3.718366] (-) TimerEvent: {}
[3.818940] (-) TimerEvent: {}
[3.919551] (-) TimerEvent: {}
[4.020072] (-) TimerEvent: {}
[4.120575] (-) TimerEvent: {}
[4.221120] (-) TimerEvent: {}
[4.321632] (-) TimerEvent: {}
[4.422142] (-) TimerEvent: {}
[4.522684] (-) TimerEvent: {}
[4.623245] (-) TimerEvent: {}
[4.723730] (-) TimerEvent: {}
[4.824234] (-) TimerEvent: {}
[4.924784] (-) TimerEvent: {}
[5.025396] (-) TimerEvent: {}
[5.125958] (-) TimerEvent: {}
[5.226544] (-) TimerEvent: {}
[5.317372] (racing_stage2_param_test) Command: {'cmd': ['/usr/bin/python3', '-W', 'ignore:setup.py install is deprecated', '-W', 'ignore:easy_install command is deprecated', 'setup.py', 'egg_info', '--egg-base', '../../../build/racing_stage2_param_test', 'build', '--build-base', '/home/sunrise/dev_ws/build/racing_stage2_param_test/build', 'install', '--record', '/home/sunrise/dev_ws/build/racing_stage2_param_test/install.log', '--single-version-externally-managed', 'install_data'], 'cwd': '/home/sunrise/dev_ws/src/racing/racing_stage2_param_test', 'env': {'VSCODE_CWD': '/home/sunrise', 'VSCODE_ESM_ENTRYPOINT': 'vs/workbench/api/node/extensionHostProcess', 'LANGUAGE': 'en_US.UTF-8', 'USER': 'sunrise', 'SSH_CLIENT': '10.147.109.1 44581 22', 'VSCODE_NLS_CONFIG': '{"userLocale":"en","osLocale":"en","resolvedLanguage":"en","defaultMessagesFile":"/home/sunrise/.cursor-server/bin/linux-arm64/81fcf2931d7687b4ff3f3017858d0c6dee7e2a60/out/nls.messages.json","locale":"en","availableLanguages":{}}', 'VSCODE_HANDLES_UNCAUGHT_ERRORS': 'true', 'XDG_SESSION_TYPE': 'tty', 'SHLVL': '0', 'LD_LIBRARY_PATH': '/home/sunrise/dev_ws/install/origincar_base/lib:/home/sunrise/dev_ws/install/origincar_msg/lib:/home/sunrise/dev_ws/install/lslidar_msgs/lib:/home/sunrise/dev_ws/install/ackermann_msgs/lib:/usr/hobot/lib:/app/lib:/app/pub/lib:/middleware/lib:/middleware/pub/lib:/usr/hobot/lib/sensor:/system/lib:/system/usr/lib:/lib:/home/sunrise/dev_ws/install/voice_driver/lib:/home/sunrise/dev_ws/install/serial/lib:/opt/tros/humble/lib/aarch64-linux-gnu:/opt/tros/humble/lib:/opt/ros/humble/opt/rviz_ogre_vendor/lib:/opt/ros/humble/lib/aarch64-linux-gnu:/opt/ros/humble/lib:/usr/hobot/lib:/app/lib:/app/pub/lib:/middleware/lib:/middleware/pub/lib:/usr/hobot/lib/sensor:/system/lib:/system/usr/lib:/lib:/usr/hobot/lib:/app/lib:/app/pub/lib:/middleware/lib:/middleware/pub/lib:/usr/hobot/lib/sensor:/system/lib:/system/usr/lib:/lib', 'BROWSER': '/home/sunrise/.cursor-server/bin/linux-arm64/81fcf2931d7687b4ff3f3017858d0c6dee7e2a60/bin/helpers/browser.sh', 'MOTD_SHOWN': 'pam', 'HOME': '/home/sunrise', 'OLDPWD': '/home/sunrise/dev_ws', 'VSCODE_IPC_HOOK_CLI': '/run/user/1000/vscode-ipc-bb0cc402-08e7-4aa0-865c-b9502a3ee45f.sock', 'ROS_PYTHON_VERSION': '3', 'NO_COLOR': '1', 'DBUS_SESSION_BUS_ADDRESS': 'unix:path=/run/user/1000/bus', 'TROS_DISTRO': 'humble', 'VSCODE_L10N_BUNDLE_LOCATION': '', 'COLCON_PREFIX_PATH': '/home/sunrise/dev_ws/install', 'ROS_DISTRO': 'humble', 'OVSX_REGISTRY_URL': 'https://open-vsx.org', 'LOGNAME': 'sunrise', 'FORCE_COLOR': '0', 'VSCODE_HANDLES_SIGPIPE': 'true', '_': '/usr/bin/colcon', 'ROS_VERSION': '2', 'CURSOR_LAYOUT': 'unifiedAgent', 'XDG_SESSION_CLASS': 'user', 'TERM': 'dumb', 'XDG_SESSION_ID': '13', 'ROS_LOCALHOST_ONLY': '0', 'PATH': '/home/sunrise/.local/bin:/usr/hobot/bin/:/home/sunrise/.cursor-server/bin/linux-arm64/81fcf2931d7687b4ff3f3017858d0c6dee7e2a60:/home/sunrise/.cursor-server/bin/linux-arm64/81fcf2931d7687b4ff3f3017858d0c6dee7e2a60/bin/remote-cli:/home/sunrise/.local/bin:/opt/tros/humble/bin:/opt/ros/humble/bin:/usr/hobot/bin/:/home/sunrise/.cursor-server/bin/linux-arm64/81fcf2931d7687b4ff3f3017858d0c6dee7e2a60/bin/remote-cli:/home/sunrise/.local/bin:/usr/hobot/bin/:/usr/local/sbin:/usr/local/bin:/usr/sbin:/usr/bin:/sbin:/bin:/usr/games:/usr/local/games:/snap/bin', 'VSCODE_AGENT_FOLDER': '/home/sunrise/.cursor-server', 'XDG_RUNTIME_DIR': '/run/user/1000', 'CURSOR_AGENT': '1', 'LANG': 'en_US.UTF-8', 'LS_COLORS': '', 'AMENT_PREFIX_PATH': '/home/sunrise/dev_ws/install/racing_stage2:/home/sunrise/dev_ws/install/racing_stage1:/home/sunrise/dev_ws/install/qr_scanner:/home/sunrise/dev_ws/install/bno055:/home/sunrise/dev_ws/install/voice_driver:/home/sunrise/dev_ws/install/utils:/home/sunrise/dev_ws/install/simple_avoidance:/home/sunrise/dev_ws/install/racing_stage2_param_test:/home/sunrise/dev_ws/install/origincar_base:/home/sunrise/dev_ws/install/serial:/home/sunrise/dev_ws/install/racing_vision_ai:/home/sunrise/dev_ws/install/racing_stage3_param_test:/home/sunrise/dev_ws/install/racing_bringup:/home/sunrise/dev_ws/install/racing_stage3:/home/sunrise/dev_ws/install/origincar_msg:/home/sunrise/dev_ws/install/origincar_description:/home/sunrise/dev_ws/install/origincar_bringup:/home/sunrise/dev_ws/install/lslidar_driver:/home/sunrise/dev_ws/install/lslidar_msgs:/home/sunrise/dev_ws/install/line_follower_pkg:/home/sunrise/dev_ws/install/ackermann_msgs:/opt/tros/humble:/opt/ros/humble', 'SHELL': '/bin/bash', 'VSCODE_SERVER_SHUTDOWN_TIMEOUT': '300', 'PWD': '/home/sunrise/dev_ws/build/racing_stage2_param_test', 'SSH_CONNECTION': '10.147.109.1 44581 10.147.109.8 22', 'PYTHONPATH': '/home/sunrise/dev_ws/build/racing_stage2_param_test/prefix_override:/usr/lib/python3/dist-packages/colcon_core/task/python/colcon_distutils_commands:/home/sunrise/dev_ws/install/racing_stage2_param_test/lib/python3.10/site-packages:/home/sunrise/dev_ws/build/racing_stage2:/home/sunrise/dev_ws/install/racing_stage2/lib/python3.10/site-packages:/home/sunrise/dev_ws/build/racing_stage1:/home/sunrise/dev_ws/install/racing_stage1/lib/python3.10/site-packages:/home/sunrise/dev_ws/build/qr_scanner:/home/sunrise/dev_ws/install/qr_scanner/lib/python3.10/site-packages:/home/sunrise/dev_ws/build/bno055:/home/sunrise/dev_ws/install/bno055/lib/python3.10/site-packages:/home/sunrise/dev_ws/install/voice_driver/local/lib/python3.10/dist-packages:/home/sunrise/dev_ws/build/simple_avoidance:/home/sunrise/dev_ws/install/simple_avoidance/lib/python3.10/site-packages:/home/sunrise/dev_ws/install/racing_stage2_param_test/lib/python3.10/site-packages:/home/sunrise/dev_ws/install/origincar_base/local/lib/python3.10/dist-packages:/home/sunrise/dev_ws/build/racing_vision_ai:/home/sunrise/dev_ws/install/racing_vision_ai/lib/python3.10/site-packages:/home/sunrise/dev_ws/build/racing_stage3_param_test:/home/sunrise/dev_ws/install/racing_stage3_param_test/lib/python3.10/site-packages:/home/sunrise/dev_ws/build/racing_bringup:/home/sunrise/dev_ws/install/racing_bringup/lib/python3.10/site-packages:/home/sunrise/dev_ws/build/racing_stage3:/home/sunrise/dev_ws/install/racing_stage3/lib/python3.10/site-packages:/home/sunrise/dev_ws/install/origincar_msg/local/lib/python3.10/dist-packages:/home/sunrise/dev_ws/install/lslidar_msgs/local/lib/python3.10/dist-packages:/home/sunrise/dev_ws/build/line_follower_pkg:/home/sunrise/dev_ws/install/line_follower_pkg/lib/python3.10/site-packages:/home/sunrise/dev_ws/install/ackermann_msgs/local/lib/python3.10/dist-packages:/opt/tros/humble/lib/python3.10/site-packages:/opt/tros/humble/local/lib/python3.10/dist-packages:/opt/ros/humble/lib/python3.10/site-packages:/opt/ros/humble/local/lib/python3.10/dist-packages', 'COLCON': '1', '_ZO_DOCTOR': '0', 'CMAKE_PREFIX_PATH': '/home/sunrise/dev_ws/install/origincar_base:/home/sunrise/dev_ws/install/lslidar_driver:/home/sunrise/dev_ws/install/serial:/home/sunrise/dev_ws/install/origincar_msg:/home/sunrise/dev_ws/install/origincar_description:/home/sunrise/dev_ws/install/origincar_bringup:/home/sunrise/dev_ws/install/lslidar_msgs:/home/sunrise/dev_ws/install/ackermann_msgs:/home/sunrise/dev_ws/install/voice_driver:/home/sunrise/dev_ws/install/utils'}, 'shell': False}
[5.326687] (-) TimerEvent: {}
[5.428732] (-) TimerEvent: {}
[5.529258] (-) TimerEvent: {}
[5.629756] (-) TimerEvent: {}
[5.730271] (-) TimerEvent: {}
[5.830811] (-) TimerEvent: {}
[5.931349] (-) TimerEvent: {}
[6.031939] (-) TimerEvent: {}
[6.132438] (-) TimerEvent: {}
[6.232929] (-) TimerEvent: {}
[6.333454] (-) TimerEvent: {}
[6.433981] (-) TimerEvent: {}
[6.534460] (-) TimerEvent: {}
[6.634926] (-) TimerEvent: {}
[6.735398] (-) TimerEvent: {}
[6.835895] (-) TimerEvent: {}
[6.936410] (-) TimerEvent: {}
[7.036953] (-) TimerEvent: {}
[7.137507] (-) TimerEvent: {}
[7.238015] (-) TimerEvent: {}
[7.246788] (racing_stage2_param_test) StdoutLine: {'line': b'running egg_info\n'}
[7.251820] (racing_stage2_param_test) StdoutLine: {'line': b'writing ../../../build/racing_stage2_param_test/racing_stage2_param_test.egg-info/PKG-INFO\n'}
[7.253186] (racing_stage2_param_test) StdoutLine: {'line': b'writing dependency_links to ../../../build/racing_stage2_param_test/racing_stage2_param_test.egg-info/dependency_links.txt\n'}
[7.254431] (racing_stage2_param_test) StdoutLine: {'line': b'writing entry points to ../../../build/racing_stage2_param_test/racing_stage2_param_test.egg-info/entry_points.txt\n'}
[7.255537] (racing_stage2_param_test) StdoutLine: {'line': b'writing requirements to ../../../build/racing_stage2_param_test/racing_stage2_param_test.egg-info/requires.txt\n'}
[7.256553] (racing_stage2_param_test) StdoutLine: {'line': b'writing top-level names to ../../../build/racing_stage2_param_test/racing_stage2_param_test.egg-info/top_level.txt\n'}
[7.269286] (racing_stage2_param_test) StdoutLine: {'line': b"reading manifest file '../../../build/racing_stage2_param_test/racing_stage2_param_test.egg-info/SOURCES.txt'\n"}
[7.275373] (racing_stage2_param_test) StdoutLine: {'line': b"writing manifest file '../../../build/racing_stage2_param_test/racing_stage2_param_test.egg-info/SOURCES.txt'\n"}
[7.276564] (racing_stage2_param_test) StdoutLine: {'line': b'running build\n'}
[7.277154] (racing_stage2_param_test) StdoutLine: {'line': b'running build_py\n'}
[7.278116] (racing_stage2_param_test) StdoutLine: {'line': b'copying racing_stage2_param_test/session_file_log.py -> /home/sunrise/dev_ws/build/racing_stage2_param_test/build/lib/racing_stage2_param_test\n'}
[7.279083] (racing_stage2_param_test) StdoutLine: {'line': b'copying racing_stage2_param_test/direct_inertial_tester.py -> /home/sunrise/dev_ws/build/racing_stage2_param_test/build/lib/racing_stage2_param_test\n'}
[7.281447] (racing_stage2_param_test) StdoutLine: {'line': b'copying racing_stage2_param_test/avoidance_straight_tester.py -> /home/sunrise/dev_ws/build/racing_stage2_param_test/build/lib/racing_stage2_param_test\n'}
[7.283492] (racing_stage2_param_test) StdoutLine: {'line': b'running install\n'}
[7.285391] (racing_stage2_param_test) StdoutLine: {'line': b'running install_lib\n'}
[7.289905] (racing_stage2_param_test) StdoutLine: {'line': b'copying /home/sunrise/dev_ws/build/racing_stage2_param_test/build/lib/racing_stage2_param_test/session_file_log.py -> /home/sunrise/dev_ws/install/racing_stage2_param_test/lib/python3.10/site-packages/racing_stage2_param_test\n'}
[7.291076] (racing_stage2_param_test) StdoutLine: {'line': b'copying /home/sunrise/dev_ws/build/racing_stage2_param_test/build/lib/racing_stage2_param_test/direct_inertial_tester.py -> /home/sunrise/dev_ws/install/racing_stage2_param_test/lib/python3.10/site-packages/racing_stage2_param_test\n'}
[7.293542] (racing_stage2_param_test) StdoutLine: {'line': b'copying /home/sunrise/dev_ws/build/racing_stage2_param_test/build/lib/racing_stage2_param_test/avoidance_straight_tester.py -> /home/sunrise/dev_ws/install/racing_stage2_param_test/lib/python3.10/site-packages/racing_stage2_param_test\n'}
[7.298506] (racing_stage2_param_test) StdoutLine: {'line': b'byte-compiling /home/sunrise/dev_ws/install/racing_stage2_param_test/lib/python3.10/site-packages/racing_stage2_param_test/session_file_log.py to session_file_log.cpython-310.pyc\n'}
[7.302177] (racing_stage2_param_test) StdoutLine: {'line': b'byte-compiling /home/sunrise/dev_ws/install/racing_stage2_param_test/lib/python3.10/site-packages/racing_stage2_param_test/direct_inertial_tester.py to direct_inertial_tester.cpython-310.pyc\n'}
[7.338201] (-) TimerEvent: {}
[7.372026] (racing_stage2_param_test) StdoutLine: {'line': b'byte-compiling /home/sunrise/dev_ws/install/racing_stage2_param_test/lib/python3.10/site-packages/racing_stage2_param_test/avoidance_straight_tester.py to avoidance_straight_tester.cpython-310.pyc\n'}
[7.383942] (racing_stage2_param_test) StdoutLine: {'line': b'running install_data\n'}
[7.385384] (racing_stage2_param_test) StdoutLine: {'line': b'running install_egg_info\n'}
[7.397355] (racing_stage2_param_test) StdoutLine: {'line': b"removing '/home/sunrise/dev_ws/install/racing_stage2_param_test/lib/python3.10/site-packages/racing_stage2_param_test-0.0.1-py3.10.egg-info' (and everything under it)\n"}
[7.399195] (racing_stage2_param_test) StdoutLine: {'line': b'Copying ../../../build/racing_stage2_param_test/racing_stage2_param_test.egg-info to /home/sunrise/dev_ws/install/racing_stage2_param_test/lib/python3.10/site-packages/racing_stage2_param_test-0.0.1-py3.10.egg-info\n'}
[7.404356] (racing_stage2_param_test) StdoutLine: {'line': b'running install_scripts\n'}
[7.438330] (-) TimerEvent: {}
[7.537773] (racing_stage2_param_test) StdoutLine: {'line': b'Installing avoidance_straight_tester script to /home/sunrise/dev_ws/install/racing_stage2_param_test/lib/racing_stage2_param_test\n'}
[7.538943] (-) TimerEvent: {}
[7.539130] (racing_stage2_param_test) StdoutLine: {'line': b'Installing camera_video_recorder script to /home/sunrise/dev_ws/install/racing_stage2_param_test/lib/racing_stage2_param_test\n'}
[7.540282] (racing_stage2_param_test) StdoutLine: {'line': b'Installing direct_inertial_tester script to /home/sunrise/dev_ws/install/racing_stage2_param_test/lib/racing_stage2_param_test\n'}
[7.541375] (racing_stage2_param_test) StdoutLine: {'line': b'Installing twist_cmd_relay script to /home/sunrise/dev_ws/install/racing_stage2_param_test/lib/racing_stage2_param_test\n'}
[7.543578] (racing_stage2_param_test) StdoutLine: {'line': b"writing list of installed files to '/home/sunrise/dev_ws/build/racing_stage2_param_test/install.log'\n"}
[7.639209] (-) TimerEvent: {}
[7.739815] (-) TimerEvent: {}
[7.762316] (racing_stage2_param_test) CommandEnded: {'returncode': 0}
[7.834464] (racing_stage2_param_test) JobEnded: {'identifier': 'racing_stage2_param_test', 'rc': 0}
[7.837367] (-) EventReactorShutdown: {}
