[2.402s] Invoking command in '/home/sunrise/dev_ws/build/serial': CMAKE_PREFIX_PATH=${CMAKE_PREFIX_PATH}:/home/sunrise/dev_ws/install/simple_avoidance:/home/sunrise/dev_ws/install/racing_stage2_param_test:/home/sunrise/dev_ws/install/racing_vision_ai:/home/sunrise/dev_ws/install/racing_stage3_param_test:/home/sunrise/dev_ws/install/racing_bringup:/home/sunrise/dev_ws/install/racing_stage3:/home/sunrise/dev_ws/install/line_follower_pkg:/home/sunrise/dev_ws/install/racing_stage2:/home/sunrise/dev_ws/install/racing_stage1:/home/sunrise/dev_ws/install/qr_scanner:/home/sunrise/dev_ws/install/bno055:/opt/tros/humble:/opt/ros/humble /usr/bin/cmake --build /home/sunrise/dev_ws/build/serial -- -j8 -l8
[5.667s] [35m[1mConsolidate compiler generated dependencies of target serial[0m
[5.668s] [100%] Built target serial
[5.731s] Invoked command in '/home/sunrise/dev_ws/build/serial' returned '0': CMAKE_PREFIX_PATH=${CMAKE_PREFIX_PATH}:/home/sunrise/dev_ws/install/simple_avoidance:/home/sunrise/dev_ws/install/racing_stage2_param_test:/home/sunrise/dev_ws/install/racing_vision_ai:/home/sunrise/dev_ws/install/racing_stage3_param_test:/home/sunrise/dev_ws/install/racing_bringup:/home/sunrise/dev_ws/install/racing_stage3:/home/sunrise/dev_ws/install/line_follower_pkg:/home/sunrise/dev_ws/install/racing_stage2:/home/sunrise/dev_ws/install/racing_stage1:/home/sunrise/dev_ws/install/qr_scanner:/home/sunrise/dev_ws/install/bno055:/opt/tros/humble:/opt/ros/humble /usr/bin/cmake --build /home/sunrise/dev_ws/build/serial -- -j8 -l8
[5.734s] Invoking command in '/home/sunrise/dev_ws/build/serial': CMAKE_PREFIX_PATH=${CMAKE_PREFIX_PATH}:/home/sunrise/dev_ws/install/simple_avoidance:/home/sunrise/dev_ws/install/racing_stage2_param_test:/home/sunrise/dev_ws/install/racing_vision_ai:/home/sunrise/dev_ws/install/racing_stage3_param_test:/home/sunrise/dev_ws/install/racing_bringup:/home/sunrise/dev_ws/install/racing_stage3:/home/sunrise/dev_ws/install/line_follower_pkg:/home/sunrise/dev_ws/install/racing_stage2:/home/sunrise/dev_ws/install/racing_stage1:/home/sunrise/dev_ws/install/qr_scanner:/home/sunrise/dev_ws/install/bno055:/opt/tros/humble:/opt/ros/humble /usr/bin/cmake --install /home/sunrise/dev_ws/build/serial
[5.878s] -- Install configuration: ""
[5.879s] -- Execute custom install script
[5.880s] -- Up-to-date symlink: /home/sunrise/dev_ws/install/serial/lib/libserial.a
[5.880s] -- Up-to-date symlink: /home/sunrise/dev_ws/install/serial/share/serial/environment/library_path.sh
[5.881s] -- Up-to-date symlink: /home/sunrise/dev_ws/install/serial/share/serial/environment/library_path.dsv
[5.881s] -- Up-to-date symlink: /home/sunrise/dev_ws/install/serial/include/serial/impl/unix.h
[5.882s] -- Up-to-date symlink: /home/sunrise/dev_ws/install/serial/include/serial/impl/win.h
[5.883s] -- Up-to-date symlink: /home/sunrise/dev_ws/install/serial/include/serial/serial.h
[5.883s] -- Up-to-date symlink: /home/sunrise/dev_ws/install/serial/include/serial/v8stdint.h
[5.885s] -- Up-to-date symlink: /home/sunrise/dev_ws/install/serial/share/ament_index/resource_index/package_run_dependencies/serial
[5.886s] -- Up-to-date symlink: /home/sunrise/dev_ws/install/serial/share/ament_index/resource_index/parent_prefix_path/serial
[5.887s] -- Up-to-date symlink: /home/sunrise/dev_ws/install/serial/share/serial/environment/ament_prefix_path.sh
[5.887s] -- Up-to-date symlink: /home/sunrise/dev_ws/install/serial/share/serial/environment/ament_prefix_path.dsv
[5.888s] -- Up-to-date symlink: /home/sunrise/dev_ws/install/serial/share/serial/environment/path.sh
[5.889s] -- Up-to-date symlink: /home/sunrise/dev_ws/install/serial/share/serial/environment/path.dsv
[5.890s] -- Up-to-date symlink: /home/sunrise/dev_ws/install/serial/share/serial/local_setup.bash
[5.890s] -- Up-to-date symlink: /home/sunrise/dev_ws/install/serial/share/serial/local_setup.sh
[5.891s] -- Up-to-date symlink: /home/sunrise/dev_ws/install/serial/share/serial/local_setup.zsh
[5.891s] -- Up-to-date symlink: /home/sunrise/dev_ws/install/serial/share/serial/local_setup.dsv
[5.892s] -- Symlinking: /home/sunrise/dev_ws/install/serial/share/serial/package.dsv
[5.936s] -- Up-to-date symlink: /home/sunrise/dev_ws/install/serial/share/ament_index/resource_index/packages/serial
[5.937s] -- Up-to-date symlink: /home/sunrise/dev_ws/install/serial/share/serial/cmake/ament_cmake_export_include_directories-extras.cmake
[5.938s] -- Up-to-date symlink: /home/sunrise/dev_ws/install/serial/share/serial/cmake/ament_cmake_export_libraries-extras.cmake
[5.940s] -- Up-to-date symlink: /home/sunrise/dev_ws/install/serial/share/serial/cmake/ament_cmake_export_dependencies-extras.cmake
[5.941s] -- Up-to-date symlink: /home/sunrise/dev_ws/install/serial/share/serial/cmake/serialConfig.cmake
[5.942s] -- Up-to-date symlink: /home/sunrise/dev_ws/install/serial/share/serial/cmake/serialConfig-version.cmake
[5.943s] -- Up-to-date symlink: /home/sunrise/dev_ws/install/serial/share/serial/package.xml
[6.034s] Invoked command in '/home/sunrise/dev_ws/build/serial' returned '0': CMAKE_PREFIX_PATH=${CMAKE_PREFIX_PATH}:/home/sunrise/dev_ws/install/simple_avoidance:/home/sunrise/dev_ws/install/racing_stage2_param_test:/home/sunrise/dev_ws/install/racing_vision_ai:/home/sunrise/dev_ws/install/racing_stage3_param_test:/home/sunrise/dev_ws/install/racing_bringup:/home/sunrise/dev_ws/install/racing_stage3:/home/sunrise/dev_ws/install/line_follower_pkg:/home/sunrise/dev_ws/install/racing_stage2:/home/sunrise/dev_ws/install/racing_stage1:/home/sunrise/dev_ws/install/qr_scanner:/home/sunrise/dev_ws/install/bno055:/opt/tros/humble:/opt/ros/humble /usr/bin/cmake --install /home/sunrise/dev_ws/build/serial
