[0.000000] (-) TimerEvent: {}
[0.000487] (-) JobUnselected: {'identifier': 'ackermann_msgs'}
[0.001229] (-) JobUnselected: {'identifier': 'bno055'}
[0.002718] (-) JobUnselected: {'identifier': 'line_follower_pkg'}
[0.003911] (-) JobUnselected: {'identifier': 'lslidar_driver'}
[0.004923] (-) JobUnselected: {'identifier': 'lslidar_msgs'}
[0.005222] (-) JobUnselected: {'identifier': 'origincar_base'}
[0.005479] (-) JobUnselected: {'identifier': 'origincar_bringup'}
[0.005699] (-) JobUnselected: {'identifier': 'origincar_description'}
[0.006002] (-) JobUnselected: {'identifier': 'origincar_msg'}
[0.006204] (-) JobUnselected: {'identifier': 'qr_scanner'}
[0.006401] (-) JobUnselected: {'identifier': 'racing_bringup'}
[0.006660] (-) JobUnselected: {'identifier': 'racing_stage1'}
[0.006848] (-) JobUnselected: {'identifier': 'racing_stage2'}
[0.007034] (-) JobUnselected: {'identifier': 'racing_stage3'}
[0.007221] (-) JobUnselected: {'identifier': 'racing_stage3_param_test'}
[0.007414] (-) JobUnselected: {'identifier': 'racing_vision_ai'}
[0.007602] (-) JobUnselected: {'identifier': 'serial'}
[0.007793] (-) JobUnselected: {'identifier': 'simple_avoidance'}
[0.008003] (-) JobUnselected: {'identifier': 'utils'}
[0.008199] (-) JobUnselected: {'identifier': 'voice_driver'}
[0.008406] (racing_stage2_param_test) JobQueued: {'identifier': 'racing_stage2_param_test', 'dependencies': OrderedDict([('ackermann_msgs', '/home/sunrise/dev_ws/install/ackermann_msgs'), ('bno055', '/home/sunrise/dev_ws/install/bno055'), ('lslidar_msgs', '/home/sunrise/dev_ws/install/lslidar_msgs'), ('origincar_bringup', '/home/sunrise/dev_ws/install/origincar_bringup'), ('origincar_description', '/home/sunrise/dev_ws/install/origincar_description'), ('origincar_msg', '/home/sunrise/dev_ws/install/origincar_msg'), ('qr_scanner', '/home/sunrise/dev_ws/install/qr_scanner'), ('serial', '/home/sunrise/dev_ws/install/serial'), ('lslidar_driver', '/home/sunrise/dev_ws/install/lslidar_driver'), ('origincar_base', '/home/sunrise/dev_ws/install/origincar_base'), ('racing_stage1', '/home/sunrise/dev_ws/install/racing_stage1'), ('racing_stage2', '/home/sunrise/dev_ws/install/racing_stage2')])}
[0.008722] (racing_stage2_param_test) JobStarted: {'identifier': 'racing_stage2_param_test'}
[0.098579] (-) TimerEvent: {}
[0.199106] (-) TimerEvent: {}
[0.299664] (-) TimerEvent: {}
[0.400172] (-) TimerEvent: {}
[0.500679] (-) TimerEvent: {}
[0.601271] (-) TimerEvent: {}
[0.701810] (-) TimerEvent: {}
[0.802340] (-) TimerEvent: {}
[0.902894] (-) TimerEvent: {}
[1.003431] (-) TimerEvent: {}
[1.103937] (-) TimerEvent: {}
[1.204430] (-) TimerEvent: {}
[1.304999] (-) TimerEvent: {}
[1.405481] (-) TimerEvent: {}
[1.505965] (-) TimerEvent: {}
[1.606457] (-) TimerEvent: {}
[1.706961] (-) TimerEvent: {}
[1.807486] (-) TimerEvent: {}
[1.908003] (-) TimerEvent: {}
[2.008491] (-) TimerEvent: {}
[2.108985] (-) TimerEvent: {}
[2.209471] (-) TimerEvent: {}
[2.309990] (-) TimerEvent: {}
[2.410544] (-) TimerEvent: {}
[2.511041] (-) TimerEvent: {}
[2.611695] (-) TimerEvent: {}
[2.712227] (-) TimerEvent: {}
[2.812721] (-) TimerEvent: {}
[2.913191] (-) TimerEvent: {}
[3.013676] (-) TimerEvent: {}
[3.114182] (-) TimerEvent: {}
[3.214689] (-) TimerEvent: {}
[3.315220] (-) TimerEvent: {}
[3.415731] (-) TimerEvent: {}
[3.516212] (-) TimerEvent: {}
[3.616698] (-) TimerEvent: {}
[3.717198] (-) TimerEvent: {}
[3.817688] (-) TimerEvent: {}
[3.918169] (-) TimerEvent: {}
[4.018643] (-) TimerEvent: {}
[4.119122] (-) TimerEvent: {}
[4.219594] (-) TimerEvent: {}
[4.320056] (-) TimerEvent: {}
[4.420541] (-) TimerEvent: {}
[4.521040] (-) TimerEvent: {}
[4.621533] (-) TimerEvent: {}
[4.722030] (-) TimerEvent: {}
[4.822527] (-) TimerEvent: {}
[4.923112] (-) TimerEvent: {}
[5.023624] (-) TimerEvent: {}
[5.124106] (-) TimerEvent: {}
[5.224692] (-) TimerEvent: {}
[5.325271] (-) TimerEvent: {}
[5.425816] (-) TimerEvent: {}
[5.501371] (racing_stage2_param_test) Command: {'cmd': ['/usr/bin/python3', '-W', 'ignore:setup.py install is deprecated', '-W', 'ignore:easy_install command is deprecated', 'setup.py', 'develop', '--editable', '--build-directory', '/home/sunrise/dev_ws/build/racing_stage2_param_test/build', '--no-deps', 'symlink_data'], 'cwd': '/home/sunrise/dev_ws/build/racing_stage2_param_test', 'env': {'VSCODE_CWD': '/home/sunrise', 'VSCODE_ESM_ENTRYPOINT': 'vs/workbench/api/node/extensionHostProcess', 'LANGUAGE': 'en_US.UTF-8', 'USER': 'sunrise', 'SSH_CLIENT': '10.119.156.1 35775 22', 'VSCODE_NLS_CONFIG': '{"userLocale":"en","osLocale":"en","resolvedLanguage":"en","defaultMessagesFile":"/home/sunrise/.cursor-server/bin/linux-arm64/aac81804b986d739acab348ed96b8bea6e83cc50/out/nls.messages.json","locale":"en","availableLanguages":{}}', 'VSCODE_HANDLES_UNCAUGHT_ERRORS': 'true', 'XDG_SESSION_TYPE': 'tty', 'SHLVL': '0', 'LD_LIBRARY_PATH': '/home/sunrise/dev_ws/install/origincar_base/lib:/home/sunrise/dev_ws/install/origincar_msg/lib:/home/sunrise/dev_ws/install/lslidar_msgs/lib:/home/sunrise/dev_ws/install/ackermann_msgs/lib:/home/sunrise/dev_ws/install/voice_driver/lib:/usr/hobot/lib:/app/lib:/app/pub/lib:/middleware/lib:/middleware/pub/lib:/usr/hobot/lib/sensor:/system/lib:/system/usr/lib:/lib:/home/sunrise/dev_ws/install/serial/lib:/opt/tros/humble/lib/aarch64-linux-gnu:/opt/tros/humble/lib:/opt/ros/humble/opt/rviz_ogre_vendor/lib:/opt/ros/humble/lib/aarch64-linux-gnu:/opt/ros/humble/lib:/usr/hobot/lib:/app/lib:/app/pub/lib:/middleware/lib:/middleware/pub/lib:/usr/hobot/lib/sensor:/system/lib:/system/usr/lib:/lib:/usr/hobot/lib:/app/lib:/app/pub/lib:/middleware/lib:/middleware/pub/lib:/usr/hobot/lib/sensor:/system/lib:/system/usr/lib:/lib', 'BROWSER': '/home/sunrise/.cursor-server/bin/linux-arm64/aac81804b986d739acab348ed96b8bea6e83cc50/bin/helpers/browser.sh', 'MOTD_SHOWN': 'pam', 'HOME': '/home/sunrise', 'OLDPWD': '/home/sunrise/dev_ws', 'VSCODE_IPC_HOOK_CLI': '/run/user/1000/vscode-ipc-4d22c997-93ab-4d22-a85f-80a1014e6439.sock', 'ROS_PYTHON_VERSION': '3', 'NO_COLOR': '1', 'DBUS_SESSION_BUS_ADDRESS': 'unix:path=/run/user/1000/bus', 'TROS_DISTRO': 'humble', 'VSCODE_L10N_BUNDLE_LOCATION': '', 'COLCON_PREFIX_PATH': '/home/sunrise/dev_ws/install', 'ROS_DISTRO': 'humble', 'OVSX_REGISTRY_URL': 'https://open-vsx.org', 'LOGNAME': 'sunrise', 'FORCE_COLOR': '0', 'VSCODE_HANDLES_SIGPIPE': 'true', '_': '/usr/bin/colcon', 'ROS_VERSION': '2', 'CURSOR_LAYOUT': 'unifiedAgent', 'XDG_SESSION_CLASS': 'user', 'TERM': 'dumb', 'XDG_SESSION_ID': '3', 'ROS_LOCALHOST_ONLY': '0', 'PATH': '/home/sunrise/.local/bin:/usr/hobot/bin/:/home/sunrise/.cursor-server/bin/linux-arm64/aac81804b986d739acab348ed96b8bea6e83cc50:/home/sunrise/.cursor-server/bin/linux-arm64/aac81804b986d739acab348ed96b8bea6e83cc50/bin/remote-cli:/home/sunrise/.local/bin:/opt/tros/humble/bin:/opt/ros/humble/bin:/usr/hobot/bin/:/home/sunrise/.cursor-server/bin/linux-arm64/aac81804b986d739acab348ed96b8bea6e83cc50/bin/remote-cli:/home/sunrise/.local/bin:/usr/hobot/bin/:/usr/local/sbin:/usr/local/bin:/usr/sbin:/usr/bin:/sbin:/bin:/usr/games:/usr/local/games:/snap/bin', 'VSCODE_AGENT_FOLDER': '/home/sunrise/.cursor-server', 'XDG_RUNTIME_DIR': '/run/user/1000', 'CURSOR_AGENT': '1', 'LANG': 'en_US.UTF-8', 'LS_COLORS': '', 'AMENT_PREFIX_PATH': '/home/sunrise/dev_ws/install/racing_stage2:/home/sunrise/dev_ws/install/racing_stage1:/home/sunrise/dev_ws/install/qr_scanner:/home/sunrise/dev_ws/install/bno055:/home/sunrise/dev_ws/install/racing_stage2_param_test:/home/sunrise/dev_ws/install/voice_driver:/home/sunrise/dev_ws/install/utils:/home/sunrise/dev_ws/install/simple_avoidance:/home/sunrise/dev_ws/install/racing_vision_ai:/home/sunrise/dev_ws/install/racing_stage3_param_test:/home/sunrise/dev_ws/install/racing_bringup:/home/sunrise/dev_ws/install/racing_stage3:/home/sunrise/dev_ws/install/line_follower_pkg:/home/sunrise/dev_ws/install/origincar_base:/home/sunrise/dev_ws/install/serial:/home/sunrise/dev_ws/install/origincar_msg:/home/sunrise/dev_ws/install/origincar_description:/home/sunrise/dev_ws/install/origincar_bringup:/home/sunrise/dev_ws/install/lslidar_driver:/home/sunrise/dev_ws/install/lslidar_msgs:/home/sunrise/dev_ws/install/ackermann_msgs:/opt/tros/humble:/opt/ros/humble', 'SHELL': '/bin/bash', 'VSCODE_SERVER_SHUTDOWN_TIMEOUT': '300', 'PWD': '/home/sunrise/dev_ws/build/racing_stage2_param_test', 'SSH_CONNECTION': '10.119.156.1 35775 10.119.156.8 22', 'PYTHONPATH': '/home/sunrise/dev_ws/build/racing_stage2_param_test/prefix_override:/usr/lib/python3/dist-packages/colcon_core/task/python/colcon_distutils_commands:/home/sunrise/dev_ws/install/racing_stage2_param_test/lib/python3.10/site-packages:/home/sunrise/dev_ws/build/racing_stage2:/home/sunrise/dev_ws/install/racing_stage2/lib/python3.10/site-packages:/home/sunrise/dev_ws/build/racing_stage1:/home/sunrise/dev_ws/install/racing_stage1/lib/python3.10/site-packages:/home/sunrise/dev_ws/build/qr_scanner:/home/sunrise/dev_ws/install/qr_scanner/lib/python3.10/site-packages:/home/sunrise/dev_ws/build/bno055:/home/sunrise/dev_ws/install/bno055/lib/python3.10/site-packages:/home/sunrise/dev_ws/install/voice_driver/local/lib/python3.10/dist-packages:/home/sunrise/dev_ws/build/simple_avoidance:/home/sunrise/dev_ws/install/simple_avoidance/lib/python3.10/site-packages:/home/sunrise/dev_ws/build/racing_vision_ai:/home/sunrise/dev_ws/install/racing_vision_ai/lib/python3.10/site-packages:/home/sunrise/dev_ws/build/racing_stage3_param_test:/home/sunrise/dev_ws/install/racing_stage3_param_test/lib/python3.10/site-packages:/home/sunrise/dev_ws/build/racing_bringup:/home/sunrise/dev_ws/install/racing_bringup/lib/python3.10/site-packages:/home/sunrise/dev_ws/build/racing_stage3:/home/sunrise/dev_ws/install/racing_stage3/lib/python3.10/site-packages:/home/sunrise/dev_ws/build/line_follower_pkg:/home/sunrise/dev_ws/install/line_follower_pkg/lib/python3.10/site-packages:/home/sunrise/dev_ws/install/origincar_base/local/lib/python3.10/dist-packages:/home/sunrise/dev_ws/build/racing_stage2_param_test:/home/sunrise/dev_ws/install/racing_stage2_param_test/lib/python3.10/site-packages:/home/sunrise/dev_ws/install/origincar_msg/local/lib/python3.10/dist-packages:/home/sunrise/dev_ws/install/lslidar_msgs/local/lib/python3.10/dist-packages:/home/sunrise/dev_ws/install/ackermann_msgs/local/lib/python3.10/dist-packages:/opt/tros/humble/lib/python3.10/site-packages:/opt/tros/humble/local/lib/python3.10/dist-packages:/opt/ros/humble/lib/python3.10/site-packages:/opt/ros/humble/local/lib/python3.10/dist-packages', 'COLCON': '1', '_ZO_DOCTOR': '0', 'CMAKE_PREFIX_PATH': '/home/sunrise/dev_ws/install/origincar_base:/home/sunrise/dev_ws/install/lslidar_driver:/home/sunrise/dev_ws/install/serial:/home/sunrise/dev_ws/install/origincar_msg:/home/sunrise/dev_ws/install/origincar_description:/home/sunrise/dev_ws/install/origincar_bringup:/home/sunrise/dev_ws/install/lslidar_msgs:/home/sunrise/dev_ws/install/ackermann_msgs:/home/sunrise/dev_ws/install/voice_driver:/home/sunrise/dev_ws/install/utils'}, 'shell': False}
[5.525964] (-) TimerEvent: {}
[5.626417] (-) TimerEvent: {}
[5.726882] (-) TimerEvent: {}
[5.827340] (-) TimerEvent: {}
[5.927807] (-) TimerEvent: {}
[6.028268] (-) TimerEvent: {}
[6.128749] (-) TimerEvent: {}
[6.229216] (-) TimerEvent: {}
[6.329690] (-) TimerEvent: {}
[6.430171] (-) TimerEvent: {}
[6.530684] (-) TimerEvent: {}
[6.631166] (-) TimerEvent: {}
[6.731640] (-) TimerEvent: {}
[6.832116] (-) TimerEvent: {}
[6.932588] (-) TimerEvent: {}
[7.033158] (-) TimerEvent: {}
[7.133665] (-) TimerEvent: {}
[7.234162] (-) TimerEvent: {}
[7.334665] (-) TimerEvent: {}
[7.435191] (-) TimerEvent: {}
[7.535713] (-) TimerEvent: {}
[7.582698] (racing_stage2_param_test) StdoutLine: {'line': b'running develop\n'}
[7.635891] (-) TimerEvent: {}
[7.736377] (-) TimerEvent: {}
[7.836893] (-) TimerEvent: {}
[7.937382] (-) TimerEvent: {}
[8.037864] (-) TimerEvent: {}
[8.138324] (-) TimerEvent: {}
[8.238814] (-) TimerEvent: {}
[8.339293] (-) TimerEvent: {}
[8.439813] (-) TimerEvent: {}
[8.540311] (-) TimerEvent: {}
[8.640784] (-) TimerEvent: {}
[8.741280] (-) TimerEvent: {}
[8.841753] (-) TimerEvent: {}
[8.918547] (racing_stage2_param_test) StdoutLine: {'line': b'running egg_info\n'}
[8.919682] (racing_stage2_param_test) StdoutLine: {'line': b'writing racing_stage2_param_test.egg-info/PKG-INFO\n'}
[8.920985] (racing_stage2_param_test) StdoutLine: {'line': b'writing dependency_links to racing_stage2_param_test.egg-info/dependency_links.txt\n'}
[8.922141] (racing_stage2_param_test) StdoutLine: {'line': b'writing entry points to racing_stage2_param_test.egg-info/entry_points.txt\n'}
[8.923043] (racing_stage2_param_test) StdoutLine: {'line': b'writing requirements to racing_stage2_param_test.egg-info/requires.txt\n'}
[8.923896] (racing_stage2_param_test) StdoutLine: {'line': b'writing top-level names to racing_stage2_param_test.egg-info/top_level.txt\n'}
[8.934868] (racing_stage2_param_test) StdoutLine: {'line': b"reading manifest file 'racing_stage2_param_test.egg-info/SOURCES.txt'\n"}
[8.940449] (racing_stage2_param_test) StdoutLine: {'line': b"writing manifest file 'racing_stage2_param_test.egg-info/SOURCES.txt'\n"}
[8.941856] (-) TimerEvent: {}
[8.952083] (racing_stage2_param_test) StdoutLine: {'line': b'running build_ext\n'}
[8.953617] (racing_stage2_param_test) StdoutLine: {'line': b'Creating /home/sunrise/dev_ws/install/racing_stage2_param_test/lib/python3.10/site-packages/racing-stage2-param-test.egg-link (link to .)\n'}
[8.958807] (racing_stage2_param_test) StdoutLine: {'line': b'Installing avoidance_straight_tester script to /home/sunrise/dev_ws/install/racing_stage2_param_test/lib/racing_stage2_param_test\n'}
[8.959863] (racing_stage2_param_test) StdoutLine: {'line': b'Installing direct_inertial_tester script to /home/sunrise/dev_ws/install/racing_stage2_param_test/lib/racing_stage2_param_test\n'}
[8.960760] (racing_stage2_param_test) StdoutLine: {'line': b'Installing twist_cmd_relay script to /home/sunrise/dev_ws/install/racing_stage2_param_test/lib/racing_stage2_param_test\n'}
[8.961908] (racing_stage2_param_test) StdoutLine: {'line': b'\n'}
[8.962454] (racing_stage2_param_test) StdoutLine: {'line': b'Installed /home/sunrise/dev_ws/build/racing_stage2_param_test\n'}
[8.962942] (racing_stage2_param_test) StdoutLine: {'line': b'running symlink_data\n'}
[9.042088] (-) TimerEvent: {}
[9.142585] (-) TimerEvent: {}
[9.224159] (racing_stage2_param_test) CommandEnded: {'returncode': 0}
[9.242858] (-) TimerEvent: {}
[9.319486] (racing_stage2_param_test) JobEnded: {'identifier': 'racing_stage2_param_test', 'rc': 0}
[9.322313] (-) EventReactorShutdown: {}
